{
  "model_traces": [
    [
      "i1",
      "n2",
      "n3",
      "b1",
      "n5",
      "c_conv1",
      "b2",
      "n8",
      "c1",
      "n17",
      "e2"
    ],
    [
      "i1",
      "n2",
      "n3",
      "b1",
      "n5",
      "c_conv1",
      "b2",
      "b3",
      "n10",
      "n11",
      "b4",
      "n13",
      "e1"
    ],
    [
      "i1",
      "n2",
      "n3",
      "b1",
      "n5",
      "c_conv1",
      "b2",
      "b3",
      "n10",
      "n11",
      "b4",
      "c2",
      "n15",
      "b6",
      "n16",
      "n18",
      "b7",
      "n19",
      "e3"
    ],
    [
      "i1",
      "n2",
      "n3",
      "b1",
      "n5",
      "c_conv1",
      "b2",
      "b3",
      "n10",
      "n11",
      "b4",
      "c2",
      "n15",
      "b6",
      "n16",
      "n18",
      "b7",
      "n20",
      "n21",
      "n22",
      "b8",
      "n23",
      "e4"
    ],
    [
      "i1",
      "n2",
      "n3",
      "b1",
      "n5",
      "c_conv1",
      "b2",
      "b3",
      "n10",
      "n11",
      "b4",
      "c2",
      "n15",
      "b6",
      "n16",
      "n18",
      "b7",
      "n20",
      "n21",
      "n22",
      "b8",
      "c1",
      "n17",
      "e2"
    ],
    [
      "i1",
      "n2",
      "n3",
      "b1",
      "n5",
      "c_conv1",
      "b2",
      "b3",
      "n10",
      "n11",
      "b4",
      "c2",
      "n15",
      "b6",
      "c1",
      "n17",
      "e2"
    ],
    [
      "i1",
      "n2",
      "n3",
      "b1",
      "n5",
      "c_conv1",
      "b2",
      "b3",
      "c2",
      "n15",
      "b6",
      "n16",
      "n18",
      "b7",
      "n19",
      "e3"
    ],
    [
      "i1",
      "n2",
      "n3",
      "b1",
      "n5",
      "c_conv1",
      "b2",
      "b3",
      "c2",
      "n15",
      "b6",
      "n16",
      "n18",
      "b7",
      "n20",
      "n21",
      "n22",
      "b8",
      "n23",
      "e4"
    ],
    [
      "i1",
      "n2",
      "n3",
      "b1",
      "n5",
      "c_conv1",
      "b2",
      "b3",
      "c2",
      "n15",
      "b6",
      "n16",
      "n18",
      "b7",
      "n20",
      "n21",
      "n22",
      "b8",
      "c1",
      "n17",
      "e2"
    ],
    [
      "i1",
      "n2",
      "n3",
      "b1",
      "n5",
      "c_conv1",
      "b2",
      "b3",
      "c2",
      "n15",
      "b6",
      "c1",
      "n17",
      "e2"
    ],
    [
      "i1",
      "n2",
      "n3",
      "b1",
      "n6",
      "c_conv1",
      "b2",
      "n8",
      "c1",
      "n17",
      "e2"
    ],
    [
      "i1",
      "n2",
      "n3",
      "b1",
      "n6",
      "c_conv1",
      "b2",
      "b3",
      "n10",
      "n11",
      "b4",
      "n13",
      "e1"
    ],
    [
      "i1",
      "n2",
      "n3",
      "b1",
      "n6",
      "c_conv1",
      "b2",
      "b3",
      "n10",
      "n11",
      "b4",
      "c2",
      "n15",
      "b6",
      "n16",
      "n18",
      "b7",
      "n19",
      "e3"
    ],
    [
      "i1",
      "n2",
      "n3",
      "b1",
      "n6",
      "c_conv1",
      "b2",
      "b3",
      "n10",
      "n11",
      "b4",
      "c2",
      "n15",
      "b6",
      "n16",
      "n18",
      "b7",
      "n20",
      "n21",
      "n22",
      "b8",
      "n23",
      "e4"
    ],
    [
      "i1",
      "n2",
      "n3",
      "b1",
      "n6",
      "c_conv1",
      "b2",
      "b3",
      "n10",
      "n11",
      "b4",
      "c2",
      "n15",
      "b6",
      "n16",
      "n18",
      "b7",
      "n20",
      "n21",
      "n22",
      "b8",
      "c1",
      "n17",
      "e2"
    ],
    [
      "i1",
      "n2",
      "n3",
      "b1",
      "n6",
      "c_conv1",
      "b2",
      "b3",
      "n10",
      "n11",
      "b4",
      "c2",
      "n15",
      "b6",
      "c1",
      "n17",
      "e2"
    ],
    [
      "i1",
      "n2",
      "n3",
      "b1",
      "n6",
      "c_conv1",
      "b2",
      "b3",
      "c2",
      "n15",
      "b6",
      "n16",
      "n18",
      "b7",
      "n19",
      "e3"
    ],
    [
      "i1",
      "n2",
      "n3",
      "b1",
      "n6",
      "c_conv1",
      "b2",
      "b3",
      "c2",
      "n15",
      "b6",
      "n16",
      "n18",
      "b7",
      "n20",
      "n21",
      "n22",
      "b8",
      "n23",
      "e4"
    ],
    [
      "i1",
      "n2",
      "n3",
      "b1",
      "n6",
      "c_conv1",
      "b2",
      "b3",
      "c2",
      "n15",
      "b6",
      "n16",
      "n18",
      "b7",
      "n20",
      "n21",
      "n22",
      "b8",
      "c1",
      "n17",
      "e2"
    ],
    [
      "i1",
      "n2",
      "n3",
      "b1",
      "n6",
      "c_conv1",
      "b2",
      "b3",
      "c2",
      "n15",
      "b6",
      "c1",
      "n17",
      "e2"
    ]
  ],
  "source_text_traces": [
    [
      "i1",
      "i2",
      "i3",
      "i7",
      "i8",
      "i19",
      "i29"
    ],
    [
      "i1",
      "i2",
      "i3",
      "i7",
      "i9",
      "i10",
      "i11",
      "i12",
      "i15",
      "i16",
      "i17"
    ],
    [
      "i1",
      "i2",
      "i3",
      "i7",
      "i9",
      "i10",
      "i11",
      "i12",
      "i15",
      "i18",
      "i20",
      "i21",
      "i24"
    ],
    [
      "i1",
      "i2",
      "i3",
      "i7",
      "i9",
      "i10",
      "i11",
      "i12",
      "i15",
      "i18",
      "i20",
      "i21",
      "i24",
      "i25",
      "i26",
      "i27"
    ],
    [
      "i1",
      "i2",
      "i3",
      "i7",
      "i9",
      "i10",
      "i11",
      "i12",
      "i15",
      "i18",
      "i20",
      "i21",
      "i24",
      "i25",
      "i26",
      "i27",
      "i28",
      "i29"
    ],
    [
      "i1",
      "i2",
      "i3",
      "i7",
      "i9",
      "i10",
      "i11",
      "i12",
      "i15",
      "i18",
      "i22",
      "i29"
    ],
    [
      "i1",
      "i2",
      "i3",
      "i7",
      "i9",
      "i13",
      "i20",
      "i21",
      "i24"
    ],
    [
      "i1",
      "i2",
      "i3",
      "i7",
      "i9",
      "i13",
      "i20",
      "i21",
      "i24",
      "i25",
      "i26",
      "i27"
    ],
    [
      "i1",
      "i2",
      "i3",
      "i7",
      "i9",
      "i13",
      "i20",
      "i21",
      "i24",
      "i25",
      "i26",
      "i27",
      "i28",
      "i29"
    ],
    [
      "i1",
      "i2",
      "i3",
      "i7",
      "i9",
      "i13",
      "i22",
      "i29"
    ],
    [
      "i1",
      "i2",
      "i4",
      "i5",
      "i6",
      "i8",
      "i19",
      "i29"
    ],
    [
      "i1",
      "i2",
      "i4",
      "i5",
      "i6",
      "i9",
      "i10",
      "i11",
      "i12",
      "i15",
      "i16",
      "i17"
    ],
    [
      "i1",
      "i2",
      "i4",
      "i5",
      "i6",
      "i9",
      "i10",
      "i11",
      "i12",
      "i15",
      "i18",
      "i20",
      "i21",
      "i24"
    ],
    [
      "i1",
      "i2",
      "i4",
      "i5",
      "i6",
      "i9",
      "i10",
      "i11",
      "i12",
      "i15",
      "i18",
      "i20",
      "i21",
      "i24",
      "i25",
      "i26",
      "i27"
    ],
    [
      "i1",
      "i2",
      "i4",
      "i5",
      "i6",
      "i9",
      "i10",
      "i11",
      "i12",
      "i15",
      "i18",
      "i20",
      "i21",
      "i24",
      "i25",
      "i26",
      "i27",
      "i28",
      "i29"
    ],
    [
      "i1",
      "i2",
      "i4",
      "i5",
      "i6",
      "i9",
      "i10",
      "i11",
      "i12",
      "i15",
      "i18",
      "i22",
      "i29"
    ],
    [
      "i1",
      "i2",
      "i4",
      "i5",
      "i6",
      "i9",
      "i13",
      "i20",
      "i21",
      "i24"
    ],
    [
      "i1",
      "i2",
      "i4",
      "i5",
      "i6",
      "i9",
      "i13",
      "i20",
      "i21",
      "i24",
      "i25",
      "i26",
      "i27"
    ],
    [
      "i1",
      "i2",
      "i4",
      "i5",
      "i6",
      "i9",
      "i13",
      "i20",
      "i21",
      "i24",
      "i25",
      "i26",
      "i27",
      "i28",
      "i29"
    ],
    [
      "i1",
      "i2",
      "i4",
      "i5",
      "i6",
      "i9",
      "i13",
      "i22",
      "i29"
    ]
  ]
}