{
  "model_traces": [
    [
      "i1",
      "b1",
      "b2",
      "n6",
      "n8",
      "n9",
      "e1"
    ],
    [
      "i1",
      "b1",
      "b2",
      "n7",
      "n10",
      "n11",
      "e2"
    ],
    [
      "i1",
      "b1",
      "n12",
      "b3",
      "n13",
      "n16",
      "n17",
      "n18",
      "n19",
      "e3"
    ],
    [
      "i1",
      "b1",
      "n12",
      "b3",
      "n14",
      "n32",
      "n33",
      "n34",
      "n21",
      "n22",
      "n23",
      "n24",
      "n25",
      "n26",
      "e4"
    ],
    [
      "i1",
      "b1",
      "n12",
      "b3",
      "n15",
      "n35",
      "n36",
      "n37",
      "n28",
      "n29",
      "n30",
      "n31",
      "e5"
    ]
  ],
  "source_text_traces": [
    [
      "i1",
      "i6",
      "i14"
    ],
    [
      "i1",
      "i12",
      "i17"
    ],
    [
      "i1",
      "i19",
      "i27",
      "i29"
    ],
    [
      "i1",
      "i19",
      "i30",
      "i27",
      "i29"
    ],
    [
      "i1",
      "i19",
      "i26",
      "i27",
      "i29",
      "i37"
    ]
  ]
}