{
  "model_traces": [
    [
      "start",
      "n1",
      "n2",
      "b1",
      "n3",
      "n5",
      "b2",
      "n6",
      "n7",
      "n8",
      "e1"
    ],
    [
      "start",
      "n1",
      "n2",
      "b1",
      "n3",
      "n5",
      "b2",
      "n9",
      "n10",
      "n11",
      "e2"
    ],
    [
      "start",
      "n1",
      "n2",
      "b1",
      "n4",
      "n12",
      "b3",
      "n13",
      "c_i20",
      "n14",
      "i21",
      "n15",
      "i23",
      "n16",
      "i25",
      "b_after_i25",
      "n17",
      "e3"
    ],
    [
      "start",
      "n1",
      "n2",
      "b1",
      "n4",
      "n12",
      "b3",
      "n13",
      "c_i20",
      "n14",
      "i21",
      "n15",
      "i23",
      "n16",
      "i25",
      "b_after_i25",
      "i28",
      "i29",
      "i30",
      "i31",
      "i32",
      "n24",
      "e4"
    ],
    [
      "start",
      "n1",
      "n2",
      "b1",
      "n4",
      "n12",
      "b3",
      "n13",
      "c_i20",
      "n14",
      "i21",
      "n15",
      "i23",
      "n16",
      "i25",
      "b_after_i25",
      "i28_r",
      "i33",
      "i34",
      "n30",
      "e5"
    ],
    [
      "start",
      "n1",
      "n2",
      "b1",
      "n4",
      "n12",
      "b3",
      "i11",
      "n18",
      "c_i27",
      "i27",
      "c_i20",
      "n14",
      "i21",
      "n15",
      "i23",
      "n16",
      "i25",
      "b_after_i25",
      "n17",
      "e3"
    ],
    [
      "start",
      "n1",
      "n2",
      "b1",
      "n4",
      "n12",
      "b3",
      "i11",
      "n18",
      "c_i27",
      "i27",
      "c_i20",
      "n14",
      "i21",
      "n15",
      "i23",
      "n16",
      "i25",
      "b_after_i25",
      "i28",
      "i29",
      "i30",
      "i31",
      "i32",
      "n24",
      "e4"
    ],
    [
      "start",
      "n1",
      "n2",
      "b1",
      "n4",
      "n12",
      "b3",
      "i11",
      "n18",
      "c_i27",
      "i27",
      "c_i20",
      "n14",
      "i21",
      "n15",
      "i23",
      "n16",
      "i25",
      "b_after_i25",
      "i28_r",
      "i33",
      "i34",
      "n30",
      "e5"
    ],
    [
      "start",
      "n1",
      "n2",
      "b1",
      "n4",
      "n12",
      "b3",
      "n25",
      "c_i27",
      "i27",
      "c_i20",
      "n14",
      "i21",
      "n15",
      "i23",
      "n16",
      "i25",
      "b_after_i25",
      "n17",
      "e3"
    ],
    [
      "start",
      "n1",
      "n2",
      "b1",
      "n4",
      "n12",
      "b3",
      "n25",
      "c_i27",
      "i27",
      "c_i20",
      "n14",
      "i21",
      "n15",
      "i23",
      "n16",
      "i25",
      "b_after_i25",
      "i28",
      "i29",
      "i30",
      "i31",
      "i32",
      "n24",
      "e4"
    ],
    [
      "start",
      "n1",
      "n2",
      "b1",
      "n4",
      "n12",
      "b3",
      "n25",
      "c_i27",
      "i27",
      "c_i20",
      "n14",
      "i21",
      "n15",
      "i23",
      "n16",
      "i25",
      "b_after_i25",
      "i28_r",
      "i33",
      "i34",
      "n30",
      "e5"
    ]
  ],
  "source_text_traces": [
    [
      "i1",
      "i2",
      "i3",
      "i6",
      "i7",
      "i12",
      "i13"
    ],
    [
      "i1",
      "i2",
      "i3",
      "i8",
      "i14",
      "i15",
      "i13"
    ],
    [
      "i1",
      "i4",
      "i5",
      "i16",
      "i17",
      "i20",
      "i21",
      "i22",
      "i23",
      "i24",
      "i25",
      "i13"
    ],
    [
      "i1",
      "i4",
      "i5",
      "i9",
      "i11",
      "i26",
      "i27",
      "i20",
      "i21",
      "i22",
      "i23",
      "i24",
      "i25",
      "i28",
      "i29",
      "i30",
      "i31",
      "i32",
      "i13"
    ],
    [
      "i1",
      "i4",
      "i5",
      "i18",
      "i19",
      "i27",
      "i20",
      "i21",
      "i22",
      "i23",
      "i24",
      "i25",
      "i28",
      "i33",
      "i34",
      "i35"
    ]
  ]
}