{
  "model_traces": [
    [
      "i1",
      "n1",
      "n2",
      "b1",
      "n3",
      "n5",
      "n6",
      "n7",
      "n8",
      "c1",
      "n11",
      "n12",
      "n15",
      "n19",
      "n20",
      "n21",
      "n22",
      "n23",
      "n24",
      "n25",
      "n26",
      "n27",
      "n28",
      "n29",
      "n30",
      "e1"
    ],
    [
      "i1",
      "n1",
      "n2",
      "b1",
      "n4",
      "n9",
      "n10",
      "c1",
      "n11",
      "n12",
      "n15",
      "n19",
      "n20",
      "n21",
      "n22",
      "n23",
      "n24",
      "n25",
      "n26",
      "n27",
      "n28",
      "n29",
      "n30",
      "e1"
    ]
  ],
  "source_text_traces": [
    [
      "i1",
      "i3",
      "i5",
      "i6",
      "i7",
      "i8",
      "i9",
      "i10",
      "i11"
    ],
    [
      "i1",
      "i4",
      "i5",
      "i6",
      "i7",
      "i8",
      "i9",
      "i10",
      "i11"
    ]
  ]
}