{
  "model_traces": [
    [
      "i1",
      "n1",
      "n12",
      "n2",
      "n14",
      "n3",
      "b1",
      "n5",
      "e1"
    ],
    [
      "i1",
      "n1",
      "n12",
      "n2",
      "n14",
      "n3",
      "b1",
      "n6",
      "n7",
      "n8",
      "n10",
      "e2"
    ]
  ],
  "source_text_traces": [
    [
      "i1",
      "i2",
      "i3",
      "i4",
      "i5",
      "i6",
      "i7"
    ],
    [
      "i1",
      "i2",
      "i3",
      "i4",
      "i5",
      "i8",
      "i9",
      "i10",
      "i11",
      "i12"
    ]
  ]
}