{
  "model_traces": [
    [
      "i1",
      "n1",
      "n2",
      "n3",
      "b1",
      "n4",
      "b2",
      "n7",
      "e1"
    ],
    [
      "i1",
      "n1",
      "n2",
      "n3",
      "b1",
      "n4",
      "b2",
      "n8",
      "b4",
      "a12_bio",
      "a13_bio",
      "e5"
    ],
    [
      "i1",
      "n1",
      "n2",
      "n3",
      "b1",
      "n4",
      "b2",
      "n8",
      "b4",
      "a15_bio",
      "a16_bio",
      "n9",
      "e2"
    ],
    [
      "i1",
      "n1",
      "n2",
      "n3",
      "b1",
      "n5",
      "b5",
      "a8_id",
      "a9_id",
      "e6"
    ],
    [
      "i1",
      "n1",
      "n2",
      "n3",
      "b1",
      "n5",
      "b5",
      "a10_id",
      "a11_id",
      "b3",
      "n11",
      "e3"
    ],
    [
      "i1",
      "n1",
      "n2",
      "n3",
      "b1",
      "n5",
      "b5",
      "a10_id",
      "a11_id",
      "b3",
      "n12",
      "n13",
      "e4"
    ]
  ],
  "source_text_traces": [
    [
      "i1",
      "i2",
      "i3",
      "i4",
      "i5",
      "i8",
      "i9"
    ],
    [
      "i1",
      "i2",
      "i3",
      "i4",
      "i5",
      "i10",
      "i11",
      "i12",
      "i13"
    ],
    [
      "i1",
      "i2",
      "i3",
      "i4",
      "i5",
      "i10",
      "i11",
      "i15",
      "i16",
      "i14"
    ],
    [
      "i1",
      "i2",
      "i3",
      "i6",
      "i7",
      "i8",
      "i9"
    ],
    [
      "i1",
      "i2",
      "i3",
      "i6",
      "i7",
      "i10",
      "i11",
      "i12",
      "i13"
    ],
    [
      "i1",
      "i2",
      "i3",
      "i6",
      "i7",
      "i10",
      "i11",
      "i15",
      "i16",
      "i14"
    ]
  ]
}