{
  "model_traces": [
    [
      "i1",
      "n1",
      "n2",
      "n3",
      "b1",
      "n4",
      "e1"
    ],
    [
      "i1",
      "n1",
      "n2",
      "n3",
      "b1",
      "n5",
      "c1",
      "n6",
      "n7",
      "b2",
      "n23",
      "n24",
      "b3",
      "n25",
      "n27",
      "e2"
    ],
    [
      "i1",
      "n1",
      "n2",
      "n3",
      "b1",
      "n5",
      "c1",
      "n6",
      "n7",
      "b2",
      "n23",
      "n24",
      "b3",
      "n26",
      "n28",
      "e3"
    ]
  ],
  "source_text_traces": [
    [
      "i1",
      "i2",
      "i4"
    ],
    [
      "i1",
      "i2",
      "i3",
      "i5",
      "i6",
      "i8",
      "i5"
    ],
    [
      "i1",
      "i2",
      "i3",
      "i5",
      "i7",
      "i9",
      "i10",
      "i11",
      "i13"
    ],
    [
      "i1",
      "i2",
      "i3",
      "i5",
      "i7",
      "i9",
      "i10",
      "i12",
      "i14"
    ]
  ]
}