{
  "model_traces": [
    [
      "i1",
      "n1",
      "n2",
      "b1",
      "n3",
      "c1",
      "n5",
      "n6",
      "n15",
      "b7",
      "c4",
      "n17",
      "b12",
      "n18",
      "b9",
      "c5",
      "n20",
      "e3"
    ],
    [
      "i1",
      "n1",
      "n2",
      "b1",
      "n3",
      "c1",
      "n5",
      "n6",
      "n15",
      "b7",
      "c4",
      "n17",
      "b12",
      "n18",
      "b9",
      "e3"
    ],
    [
      "i1",
      "n1",
      "n2",
      "b1",
      "n3",
      "c1",
      "n5",
      "n6",
      "n15",
      "b7",
      "c4",
      "n17",
      "b12",
      "n19",
      "b10",
      "c5",
      "n20",
      "e3"
    ],
    [
      "i1",
      "n1",
      "n2",
      "b1",
      "n3",
      "c1",
      "n5",
      "n6",
      "n15",
      "b7",
      "c4",
      "n17",
      "b12",
      "n19",
      "b10",
      "e3"
    ],
    [
      "i1",
      "n1",
      "n2",
      "b1",
      "n3",
      "c1",
      "n5",
      "n6",
      "n15",
      "b7",
      "c5",
      "n20",
      "e3"
    ],
    [
      "i1",
      "n1",
      "n2",
      "b1",
      "n3",
      "c1",
      "n5",
      "n6",
      "n16",
      "b8",
      "c4",
      "n17",
      "b12",
      "n18",
      "b9",
      "c5",
      "n20",
      "e3"
    ],
    [
      "i1",
      "n1",
      "n2",
      "b1",
      "n3",
      "c1",
      "n5",
      "n6",
      "n16",
      "b8",
      "c4",
      "n17",
      "b12",
      "n18",
      "b9",
      "e3"
    ],
    [
      "i1",
      "n1",
      "n2",
      "b1",
      "n3",
      "c1",
      "n5",
      "n6",
      "n16",
      "b8",
      "c4",
      "n17",
      "b12",
      "n19",
      "b10",
      "c5",
      "n20",
      "e3"
    ],
    [
      "i1",
      "n1",
      "n2",
      "b1",
      "n3",
      "c1",
      "n5",
      "n6",
      "n16",
      "b8",
      "c4",
      "n17",
      "b12",
      "n19",
      "b10",
      "e3"
    ],
    [
      "i1",
      "n1",
      "n2",
      "b1",
      "n3",
      "c1",
      "n5",
      "n6",
      "n16",
      "b8",
      "c5",
      "n20",
      "e3"
    ],
    [
      "i1",
      "n1",
      "n2",
      "b1",
      "n3",
      "c1",
      "n5",
      "n6",
      "b3",
      "c2",
      "n10",
      "n11",
      "e2"
    ],
    [
      "i1",
      "n1",
      "n2",
      "b1",
      "n3",
      "c1",
      "n5",
      "n7",
      "b11",
      "n8",
      "b4",
      "c2",
      "n10",
      "n11",
      "e2"
    ],
    [
      "i1",
      "n1",
      "n2",
      "b1",
      "n3",
      "c1",
      "n5",
      "n7",
      "b11",
      "n8",
      "b4",
      "e2"
    ],
    [
      "i1",
      "n1",
      "n2",
      "b1",
      "n3",
      "c1",
      "n5",
      "n7",
      "b11",
      "n9",
      "b5",
      "c2",
      "n10",
      "n11",
      "e2"
    ],
    [
      "i1",
      "n1",
      "n2",
      "b1",
      "n3",
      "c1",
      "n5",
      "n7",
      "b11",
      "n9",
      "b5",
      "e2"
    ],
    [
      "i1",
      "n1",
      "n2",
      "b1",
      "n4",
      "c1",
      "n5",
      "n6",
      "n15",
      "b7",
      "c4",
      "n17",
      "b12",
      "n18",
      "b9",
      "c5",
      "n20",
      "e3"
    ],
    [
      "i1",
      "n1",
      "n2",
      "b1",
      "n4",
      "c1",
      "n5",
      "n6",
      "n15",
      "b7",
      "c4",
      "n17",
      "b12",
      "n18",
      "b9",
      "e3"
    ],
    [
      "i1",
      "n1",
      "n2",
      "b1",
      "n4",
      "c1",
      "n5",
      "n6",
      "n15",
      "b7",
      "c4",
      "n17",
      "b12",
      "n19",
      "b10",
      "c5",
      "n20",
      "e3"
    ],
    [
      "i1",
      "n1",
      "n2",
      "b1",
      "n4",
      "c1",
      "n5",
      "n6",
      "n15",
      "b7",
      "c4",
      "n17",
      "b12",
      "n19",
      "b10",
      "e3"
    ],
    [
      "i1",
      "n1",
      "n2",
      "b1",
      "n4",
      "c1",
      "n5",
      "n6",
      "n15",
      "b7",
      "c5",
      "n20",
      "e3"
    ],
    [
      "i1",
      "n1",
      "n2",
      "b1",
      "n4",
      "c1",
      "n5",
      "n6",
      "n16",
      "b8",
      "c4",
      "n17",
      "b12",
      "n18",
      "b9",
      "c5",
      "n20",
      "e3"
    ],
    [
      "i1",
      "n1",
      "n2",
      "b1",
      "n4",
      "c1",
      "n5",
      "n6",
      "n16",
      "b8",
      "c4",
      "n17",
      "b12",
      "n18",
      "b9",
      "e3"
    ],
    [
      "i1",
      "n1",
      "n2",
      "b1",
      "n4",
      "c1",
      "n5",
      "n6",
      "n16",
      "b8",
      "c4",
      "n17",
      "b12",
      "n19",
      "b10",
      "c5",
      "n20",
      "e3"
    ],
    [
      "i1",
      "n1",
      "n2",
      "b1",
      "n4",
      "c1",
      "n5",
      "n6",
      "n16",
      "b8",
      "c4",
      "n17",
      "b12",
      "n19",
      "b10",
      "e3"
    ],
    [
      "i1",
      "n1",
      "n2",
      "b1",
      "n4",
      "c1",
      "n5",
      "n6",
      "n16",
      "b8",
      "c5",
      "n20",
      "e3"
    ],
    [
      "i1",
      "n1",
      "n2",
      "b1",
      "n4",
      "c1",
      "n5",
      "n6",
      "b3",
      "c2",
      "n10",
      "n11",
      "e2"
    ],
    [
      "i1",
      "n1",
      "n2",
      "b1",
      "n4",
      "c1",
      "n5",
      "n7",
      "b11",
      "n8",
      "b4",
      "c2",
      "n10",
      "n11",
      "e2"
    ],
    [
      "i1",
      "n1",
      "n2",
      "b1",
      "n4",
      "c1",
      "n5",
      "n7",
      "b11",
      "n8",
      "b4",
      "e2"
    ],
    [
      "i1",
      "n1",
      "n2",
      "b1",
      "n4",
      "c1",
      "n5",
      "n7",
      "b11",
      "n9",
      "b5",
      "c2",
      "n10",
      "n11",
      "e2"
    ],
    [
      "i1",
      "n1",
      "n2",
      "b1",
      "n4",
      "c1",
      "n5",
      "n7",
      "b11",
      "n9",
      "b5",
      "e2"
    ]
  ],
  "source_text_traces": [
    [
      "i1",
      "i2",
      "i3",
      "i4",
      "i5",
      "i6",
      "i7",
      "i8",
      "i9",
      "i10",
      "i11",
      "i12",
      "i13",
      "i14"
    ]
  ]
}