{
  "model_traces": [
    [
      "i1",
      "n1",
      "n2",
      "n3",
      "b1",
      "n4",
      "n5",
      "e1"
    ],
    [
      "i1",
      "n1",
      "n2",
      "n3",
      "b1",
      "n6",
      "n7",
      "e2"
    ],
    [
      "i1",
      "n1",
      "n2",
      "n3",
      "b1",
      "n8",
      "n9",
      "n14",
      "b2",
      "n15",
      "n16",
      "e4"
    ],
    [
      "i1",
      "n1",
      "n2",
      "n3",
      "b1",
      "n8",
      "n9",
      "n14",
      "b2",
      "n17",
      "n18",
      "e5"
    ],
    [
      "i1",
      "n1",
      "n2",
      "n3",
      "b1",
      "n8",
      "n9",
      "n14",
      "b2",
      "n19",
      "n20",
      "e4"
    ],
    [
      "i1",
      "n1",
      "n2",
      "n3",
      "b1",
      "n8",
      "n9",
      "n14",
      "b2",
      "n21",
      "n22",
      "n23",
      "n24",
      "e6"
    ],
    [
      "i1",
      "n1",
      "n2",
      "n3",
      "b1",
      "n10",
      "n11",
      "n12",
      "n13",
      "e3"
    ]
  ],
  "source_text_traces": [
    [
      "i1",
      "i2"
    ],
    [
      "i1",
      "i3"
    ],
    [
      "i1",
      "i4",
      "i1"
    ],
    [
      "i1",
      "i5",
      "i6"
    ]
  ]
}