{
  "model_traces": [
    [
      "i1",
      "i2",
      "i3",
      "b1",
      "i4",
      "i6",
      "c3",
      "b2",
      "i7",
      "i8",
      "i19",
      "i20",
      "c2",
      "i35",
      "e4"
    ],
    [
      "i1",
      "i2",
      "i3",
      "b1",
      "i4",
      "i6",
      "c3",
      "b2",
      "i9",
      "b3",
      "i10",
      "i11",
      "i15",
      "b4",
      "i16",
      "i17",
      "e1"
    ],
    [
      "i1",
      "i2",
      "i3",
      "b1",
      "i4",
      "i6",
      "c3",
      "b2",
      "i9",
      "b3",
      "i10",
      "i11",
      "i15",
      "b4",
      "i18",
      "i13",
      "c1",
      "b5",
      "i21",
      "i22",
      "i25",
      "i26",
      "i27",
      "i28",
      "b6",
      "i16_b6",
      "i17_b6",
      "e2"
    ],
    [
      "i1",
      "i2",
      "i3",
      "b1",
      "i4",
      "i6",
      "c3",
      "b2",
      "i9",
      "b3",
      "i10",
      "i11",
      "i15",
      "b4",
      "i18",
      "i13",
      "c1",
      "b5",
      "i21",
      "i22",
      "i25",
      "i26",
      "i27",
      "i28",
      "b6",
      "i18_b6",
      "i29",
      "i30",
      "i31",
      "i32",
      "i33",
      "i27_b7",
      "i28_b7",
      "b7",
      "i16_b7",
      "i17_b7",
      "e3"
    ],
    [
      "i1",
      "i2",
      "i3",
      "b1",
      "i4",
      "i6",
      "c3",
      "b2",
      "i9",
      "b3",
      "i10",
      "i11",
      "i15",
      "b4",
      "i18",
      "i13",
      "c1",
      "b5",
      "i21",
      "i22",
      "i25",
      "i26",
      "i27",
      "i28",
      "b6",
      "i18_b6",
      "i29",
      "i30",
      "i31",
      "i32",
      "i33",
      "i27_b7",
      "i28_b7",
      "b7",
      "i18_b7",
      "i34",
      "c2",
      "i35",
      "e4"
    ],
    [
      "i1",
      "i2",
      "i3",
      "b1",
      "i4",
      "i6",
      "c3",
      "b2",
      "i9",
      "b3",
      "i10",
      "i11",
      "i15",
      "b4",
      "i18",
      "i13",
      "c1",
      "b5",
      "i23",
      "i24",
      "c2",
      "i35",
      "e4"
    ],
    [
      "i1",
      "i2",
      "i3",
      "b1",
      "i4",
      "i6",
      "c3",
      "b2",
      "i9",
      "b3",
      "i12",
      "i14",
      "c1",
      "b5",
      "i21",
      "i22",
      "i25",
      "i26",
      "i27",
      "i28",
      "b6",
      "i16_b6",
      "i17_b6",
      "e2"
    ],
    [
      "i1",
      "i2",
      "i3",
      "b1",
      "i4",
      "i6",
      "c3",
      "b2",
      "i9",
      "b3",
      "i12",
      "i14",
      "c1",
      "b5",
      "i21",
      "i22",
      "i25",
      "i26",
      "i27",
      "i28",
      "b6",
      "i18_b6",
      "i29",
      "i30",
      "i31",
      "i32",
      "i33",
      "i27_b7",
      "i28_b7",
      "b7",
      "i16_b7",
      "i17_b7",
      "e3"
    ],
    [
      "i1",
      "i2",
      "i3",
      "b1",
      "i4",
      "i6",
      "c3",
      "b2",
      "i9",
      "b3",
      "i12",
      "i14",
      "c1",
      "b5",
      "i21",
      "i22",
      "i25",
      "i26",
      "i27",
      "i28",
      "b6",
      "i18_b6",
      "i29",
      "i30",
      "i31",
      "i32",
      "i33",
      "i27_b7",
      "i28_b7",
      "b7",
      "i18_b7",
      "i34",
      "c2",
      "i35",
      "e4"
    ],
    [
      "i1",
      "i2",
      "i3",
      "b1",
      "i4",
      "i6",
      "c3",
      "b2",
      "i9",
      "b3",
      "i12",
      "i14",
      "c1",
      "b5",
      "i23",
      "i24",
      "c2",
      "i35",
      "e4"
    ],
    [
      "i1",
      "i2",
      "i3",
      "b1",
      "i5",
      "c3",
      "b2",
      "i7",
      "i8",
      "i19",
      "i20",
      "c2",
      "i35",
      "e4"
    ],
    [
      "i1",
      "i2",
      "i3",
      "b1",
      "i5",
      "c3",
      "b2",
      "i9",
      "b3",
      "i10",
      "i11",
      "i15",
      "b4",
      "i16",
      "i17",
      "e1"
    ],
    [
      "i1",
      "i2",
      "i3",
      "b1",
      "i5",
      "c3",
      "b2",
      "i9",
      "b3",
      "i10",
      "i11",
      "i15",
      "b4",
      "i18",
      "i13",
      "c1",
      "b5",
      "i21",
      "i22",
      "i25",
      "i26",
      "i27",
      "i28",
      "b6",
      "i16_b6",
      "i17_b6",
      "e2"
    ],
    [
      "i1",
      "i2",
      "i3",
      "b1",
      "i5",
      "c3",
      "b2",
      "i9",
      "b3",
      "i10",
      "i11",
      "i15",
      "b4",
      "i18",
      "i13",
      "c1",
      "b5",
      "i21",
      "i22",
      "i25",
      "i26",
      "i27",
      "i28",
      "b6",
      "i18_b6",
      "i29",
      "i30",
      "i31",
      "i32",
      "i33",
      "i27_b7",
      "i28_b7",
      "b7",
      "i16_b7",
      "i17_b7",
      "e3"
    ],
    [
      "i1",
      "i2",
      "i3",
      "b1",
      "i5",
      "c3",
      "b2",
      "i9",
      "b3",
      "i10",
      "i11",
      "i15",
      "b4",
      "i18",
      "i13",
      "c1",
      "b5",
      "i21",
      "i22",
      "i25",
      "i26",
      "i27",
      "i28",
      "b6",
      "i18_b6",
      "i29",
      "i30",
      "i31",
      "i32",
      "i33",
      "i27_b7",
      "i28_b7",
      "b7",
      "i18_b7",
      "i34",
      "c2",
      "i35",
      "e4"
    ],
    [
      "i1",
      "i2",
      "i3",
      "b1",
      "i5",
      "c3",
      "b2",
      "i9",
      "b3",
      "i10",
      "i11",
      "i15",
      "b4",
      "i18",
      "i13",
      "c1",
      "b5",
      "i23",
      "i24",
      "c2",
      "i35",
      "e4"
    ],
    [
      "i1",
      "i2",
      "i3",
      "b1",
      "i5",
      "c3",
      "b2",
      "i9",
      "b3",
      "i12",
      "i14",
      "c1",
      "b5",
      "i21",
      "i22",
      "i25",
      "i26",
      "i27",
      "i28",
      "b6",
      "i16_b6",
      "i17_b6",
      "e2"
    ],
    [
      "i1",
      "i2",
      "i3",
      "b1",
      "i5",
      "c3",
      "b2",
      "i9",
      "b3",
      "i12",
      "i14",
      "c1",
      "b5",
      "i21",
      "i22",
      "i25",
      "i26",
      "i27",
      "i28",
      "b6",
      "i18_b6",
      "i29",
      "i30",
      "i31",
      "i32",
      "i33",
      "i27_b7",
      "i28_b7",
      "b7",
      "i16_b7",
      "i17_b7",
      "e3"
    ],
    [
      "i1",
      "i2",
      "i3",
      "b1",
      "i5",
      "c3",
      "b2",
      "i9",
      "b3",
      "i12",
      "i14",
      "c1",
      "b5",
      "i21",
      "i22",
      "i25",
      "i26",
      "i27",
      "i28",
      "b6",
      "i18_b6",
      "i29",
      "i30",
      "i31",
      "i32",
      "i33",
      "i27_b7",
      "i28_b7",
      "b7",
      "i18_b7",
      "i34",
      "c2",
      "i35",
      "e4"
    ],
    [
      "i1",
      "i2",
      "i3",
      "b1",
      "i5",
      "c3",
      "b2",
      "i9",
      "b3",
      "i12",
      "i14",
      "c1",
      "b5",
      "i23",
      "i24",
      "c2",
      "i35",
      "e4"
    ]
  ],
  "source_text_traces": [
    [
      "i1",
      "i2",
      "i3",
      "i5",
      "i6",
      "i7",
      "i18",
      "i19",
      "i34"
    ],
    [
      "i1",
      "i2",
      "i3",
      "i5",
      "i8",
      "i9",
      "i10",
      "i14",
      "i15",
      "i16"
    ],
    [
      "i1",
      "i2",
      "i3",
      "i5",
      "i8",
      "i9",
      "i10",
      "i14",
      "i17",
      "i13",
      "i22",
      "i23",
      "i34"
    ],
    [
      "i1",
      "i2",
      "i3",
      "i5",
      "i8",
      "i9",
      "i10",
      "i14",
      "i17",
      "i13",
      "i20",
      "i21",
      "i24",
      "i25",
      "i26",
      "i27",
      "i15",
      "i16"
    ],
    [
      "i1",
      "i2",
      "i3",
      "i5",
      "i8",
      "i9",
      "i10",
      "i14",
      "i17",
      "i13",
      "i20",
      "i21",
      "i24",
      "i25",
      "i26",
      "i27",
      "i17"
    ],
    [
      "i1",
      "i2",
      "i3",
      "i5",
      "i8",
      "i11",
      "i12",
      "i22",
      "i23",
      "i34"
    ],
    [
      "i1",
      "i2",
      "i3",
      "i5",
      "i8",
      "i11",
      "i12",
      "i20",
      "i21",
      "i24",
      "i25",
      "i26",
      "i27",
      "i15",
      "i16"
    ],
    [
      "i1",
      "i2",
      "i3",
      "i5",
      "i8",
      "i11",
      "i12",
      "i20",
      "i21",
      "i24",
      "i25",
      "i26",
      "i27",
      "i17",
      "i28",
      "i29",
      "i30",
      "i31",
      "i32",
      "i26"
    ],
    [
      "i1",
      "i2",
      "i4",
      "i6",
      "i7",
      "i18",
      "i19",
      "i34"
    ],
    [
      "i1",
      "i2",
      "i4",
      "i8",
      "i9",
      "i10",
      "i14",
      "i15",
      "i16"
    ],
    [
      "i1",
      "i2",
      "i4",
      "i8",
      "i9",
      "i10",
      "i14",
      "i17",
      "i13",
      "i22",
      "i23",
      "i34"
    ],
    [
      "i1",
      "i2",
      "i4",
      "i8",
      "i9",
      "i10",
      "i14",
      "i17",
      "i13",
      "i20",
      "i21",
      "i24",
      "i25",
      "i26",
      "i27",
      "i15",
      "i16"
    ],
    [
      "i1",
      "i2",
      "i4",
      "i8",
      "i9",
      "i10",
      "i14",
      "i17",
      "i13",
      "i20",
      "i21",
      "i24",
      "i25",
      "i26",
      "i27",
      "i17"
    ],
    [
      "i1",
      "i2",
      "i4",
      "i8",
      "i11",
      "i12",
      "i22",
      "i23",
      "i34"
    ],
    [
      "i1",
      "i2",
      "i4",
      "i8",
      "i11",
      "i12",
      "i20",
      "i21",
      "i24",
      "i25",
      "i26",
      "i27",
      "i15",
      "i16"
    ],
    [
      "i1",
      "i2",
      "i4",
      "i8",
      "i11",
      "i12",
      "i20",
      "i21",
      "i24",
      "i25",
      "i26",
      "i27",
      "i17",
      "i28",
      "i29",
      "i30",
      "i31",
      "i32",
      "i26"
    ]
  ]
}