{
  "model_traces": [
    [
      "i1",
      "b1",
      "n3",
      "b2",
      "n4",
      "b3",
      "n6",
      "e1"
    ],
    [
      "i1",
      "b1",
      "n3",
      "b2",
      "n4",
      "b3",
      "n7",
      "e2"
    ],
    [
      "i1",
      "b1",
      "n3",
      "b2",
      "n5",
      "b4",
      "n10",
      "e3"
    ],
    [
      "i1",
      "b1",
      "n3",
      "b2",
      "n5",
      "b4",
      "n11",
      "e4"
    ],
    [
      "i1",
      "b1",
      "n14",
      "b5",
      "n15",
      "n16",
      "n19",
      "n20",
      "e5"
    ],
    [
      "i1",
      "b1",
      "n14",
      "b5",
      "n26",
      "n27",
      "n28",
      "e8"
    ],
    [
      "i1",
      "b1",
      "n14",
      "b5",
      "n30",
      "n31",
      "n32",
      "n33",
      "n34",
      "n35",
      "e9"
    ]
  ],
  "source_text_traces": [
    [
      "i2",
      "i3",
      "i4",
      "i5"
    ],
    [
      "i2",
      "i3",
      "i4",
      "i7"
    ],
    [
      "i2",
      "i3",
      "i8",
      "i9"
    ],
    [
      "i2",
      "i3",
      "i8",
      "i10"
    ],
    [
      "i2",
      "i11",
      "i12",
      "i13",
      "i14",
      "i15"
    ],
    [
      "i2",
      "i11",
      "i16",
      "i17",
      "i18"
    ],
    [
      "i2",
      "i11",
      "i19",
      "i16",
      "i17",
      "i18",
      "i20",
      "i21"
    ]
  ]
}