{
  "model_traces": [
    [
      "i1",
      "n1",
      "c_pre_n2",
      "n2",
      "n3",
      "n4",
      "b1",
      "n5",
      "n7",
      "b2",
      "n8",
      "n10",
      "e1"
    ]
  ],
  "source_text_traces": [
    [
      "i2",
      "i3",
      "i4",
      "i5",
      "i6",
      "i2"
    ],
    [
      "i2",
      "i3",
      "i4",
      "i7",
      "i8",
      "i9",
      "i10",
      "i2"
    ],
    [
      "i2",
      "i3",
      "i4",
      "i7",
      "i8",
      "i9",
      "i11",
      "i12"
    ]
  ]
}