{
  "model_traces": [],
  "source_text_traces": [
    [
      "i1",
      "i2",
      "i3",
      "i4",
      "i6",
      "i7",
      "i8",
      "i6"
    ],
    [
      "i1",
      "i2",
      "i3",
      "i4",
      "i6",
      "i7",
      "i8",
      "i9"
    ],
    [
      "i1",
      "i2",
      "i3",
      "i5",
      "i10",
      "i11",
      "i10"
    ],
    [
      "i1",
      "i2",
      "i3",
      "i5",
      "i10",
      "i12",
      "i13",
      "i12"
    ],
    [
      "i1",
      "i2",
      "i3",
      "i5",
      "i10",
      "i12",
      "i13",
      "i14"
    ]
  ]
}