{
  "model_traces": [
    [
      "i1",
      "b1",
      "b2",
      "b3",
      "n14",
      "e1"
    ],
    [
      "i1",
      "b1",
      "b2",
      "b3",
      "n16",
      "e2"
    ],
    [
      "i1",
      "b1",
      "b2",
      "b3",
      "n18",
      "e3"
    ],
    [
      "i1",
      "b1",
      "b2",
      "b3",
      "n20",
      "e4"
    ],
    [
      "i1",
      "b1",
      "b2",
      "b3",
      "n22",
      "e5"
    ],
    [
      "i1",
      "b1",
      "b2",
      "b4",
      "n24",
      "e6"
    ],
    [
      "i1",
      "b1",
      "b2",
      "b4",
      "n26",
      "e7"
    ],
    [
      "i1",
      "b1",
      "b2",
      "b4",
      "n28",
      "e8"
    ],
    [
      "i1",
      "b1",
      "b5",
      "n34",
      "n35",
      "n36",
      "e9"
    ],
    [
      "i1",
      "b1",
      "b5",
      "n42",
      "n43",
      "n44",
      "n45",
      "n46",
      "e10"
    ],
    [
      "i1",
      "b1",
      "b5",
      "n50",
      "n51",
      "n52",
      "e11"
    ]
  ],
  "source_text_traces": [
    [
      "i1",
      "i2",
      "i3",
      "i6"
    ],
    [
      "i1",
      "i2",
      "i3",
      "i7"
    ],
    [
      "i1",
      "i2",
      "i3",
      "i8"
    ],
    [
      "i1",
      "i2",
      "i3",
      "i9"
    ],
    [
      "i1",
      "i2",
      "i3",
      "i10"
    ],
    [
      "i1",
      "i2",
      "i4",
      "i11"
    ],
    [
      "i1",
      "i2",
      "i4",
      "i12"
    ],
    [
      "i1",
      "i2",
      "i4",
      "i13"
    ],
    [
      "i1",
      "i5",
      "i14"
    ],
    [
      "i1",
      "i5",
      "i15"
    ],
    [
      "i1",
      "i5",
      "i16"
    ]
  ]
}