{
  "model_traces": [
    [
      "i1",
      "n2",
      "n4",
      "n5",
      "b2",
      "n6",
      "n8",
      "n10",
      "n11",
      "n12",
      "n13",
      "n14",
      "b5",
      "n16",
      "c8",
      "n19",
      "n20",
      "n23",
      "n22",
      "e2"
    ],
    [
      "i1",
      "n2",
      "n4",
      "n5",
      "b2",
      "n6",
      "n8",
      "n10",
      "n11",
      "n12",
      "n13",
      "n14",
      "b5",
      "c8",
      "n19",
      "n20",
      "n23",
      "n22",
      "e2"
    ],
    [
      "i1",
      "n2",
      "n4",
      "n5",
      "b2",
      "n25",
      "n27",
      "n28",
      "n30",
      "n31",
      "n32",
      "n33",
      "e3"
    ]
  ],
  "source_text_traces": [
    [
      "i1",
      "i2",
      "i3",
      "i15",
      "i4",
      "i5",
      "i6",
      "i7",
      "i16",
      "i17",
      "i8",
      "i11",
      "i12",
      "i13"
    ],
    [
      "i1",
      "i2",
      "i3",
      "i15",
      "i4",
      "i5",
      "i6",
      "i7",
      "i16",
      "i17",
      "i9",
      "i11",
      "i12",
      "i13"
    ],
    [
      "i1",
      "i2",
      "i3",
      "i15",
      "i18",
      "i19",
      "i14",
      "i20"
    ]
  ]
}