{
  "model_traces": [
    [
      "i1",
      "n2",
      "n3",
      "n4",
      "b1",
      "n7",
      "n10",
      "n11",
      "b2",
      "n12",
      "n13",
      "n16",
      "n17",
      "n18",
      "e1"
    ],
    [
      "i1",
      "n2",
      "n3",
      "n4",
      "b1",
      "n7",
      "n10",
      "n11",
      "b2",
      "n14",
      "n15",
      "n16",
      "n17",
      "n18",
      "e1"
    ]
  ],
  "source_text_traces": [
    [
      "i1",
      "i2",
      "i3",
      "i4",
      "i9",
      "i11",
      "i4"
    ],
    [
      "i1",
      "i2",
      "i3",
      "i4",
      "i10",
      "i12",
      "i13",
      "i16",
      "i18",
      "i19"
    ],
    [
      "i1",
      "i2",
      "i3",
      "i4",
      "i10",
      "i12",
      "i13",
      "i17",
      "i18",
      "i19"
    ]
  ]
}