{
  "model_traces": [
    [
      "i1",
      "b1",
      "n_research_direct",
      "c_join1",
      "n_validate_sched",
      "b_sched_sat",
      "n_research_again",
      "b_sched_sat2",
      "n_provide_ind2",
      "c_write_prep",
      "n_write_ticket",
      "n_validate_tkt1",
      "b_app1",
      "e_end1"
    ],
    [
      "i1",
      "b1",
      "n_research_direct",
      "c_join1",
      "n_validate_sched",
      "b_sched_sat",
      "n_research_again",
      "b_sched_sat2",
      "n_provide_ind2",
      "c_write_prep",
      "n_write_ticket",
      "n_validate_tkt1",
      "b_app1",
      "n_validate_tkt2",
      "b_app2",
      "e_end2"
    ],
    [
      "i1",
      "b1",
      "n_research_direct",
      "c_join1",
      "n_validate_sched",
      "b_sched_sat",
      "n_research_again",
      "b_sched_sat2",
      "n_provide_ind2",
      "c_write_prep",
      "n_write_ticket",
      "n_validate_tkt1",
      "b_app1",
      "n_validate_tkt2",
      "b_app2",
      "n_validate_tkt3",
      "b_app3",
      "e_end3"
    ],
    [
      "i1",
      "b1",
      "n_research_direct",
      "c_join1",
      "n_validate_sched",
      "b_sched_sat",
      "n_research_again",
      "b_sched_sat2",
      "n_provide_ind2",
      "c_write_prep",
      "n_write_ticket",
      "n_validate_tkt1",
      "b_app1",
      "n_validate_tkt2",
      "b_app2",
      "n_validate_tkt3",
      "b_app3",
      "e_end4"
    ],
    [
      "i1",
      "b1",
      "n_research_direct",
      "c_join1",
      "n_validate_sched",
      "b_sched_sat",
      "n_research_again",
      "b_sched_sat2",
      "c_write_prep",
      "n_write_ticket",
      "n_validate_tkt1",
      "b_app1",
      "e_end1"
    ],
    [
      "i1",
      "b1",
      "n_research_direct",
      "c_join1",
      "n_validate_sched",
      "b_sched_sat",
      "n_research_again",
      "b_sched_sat2",
      "c_write_prep",
      "n_write_ticket",
      "n_validate_tkt1",
      "b_app1",
      "n_validate_tkt2",
      "b_app2",
      "e_end2"
    ],
    [
      "i1",
      "b1",
      "n_research_direct",
      "c_join1",
      "n_validate_sched",
      "b_sched_sat",
      "n_research_again",
      "b_sched_sat2",
      "c_write_prep",
      "n_write_ticket",
      "n_validate_tkt1",
      "b_app1",
      "n_validate_tkt2",
      "b_app2",
      "n_validate_tkt3",
      "b_app3",
      "e_end3"
    ],
    [
      "i1",
      "b1",
      "n_research_direct",
      "c_join1",
      "n_validate_sched",
      "b_sched_sat",
      "n_research_again",
      "b_sched_sat2",
      "c_write_prep",
      "n_write_ticket",
      "n_validate_tkt1",
      "b_app1",
      "n_validate_tkt2",
      "b_app2",
      "n_validate_tkt3",
      "b_app3",
      "e_end4"
    ],
    [
      "i1",
      "b1",
      "n_research_direct",
      "c_join1",
      "n_validate_sched",
      "b_sched_sat",
      "c_write_prep",
      "n_write_ticket",
      "n_validate_tkt1",
      "b_app1",
      "e_end1"
    ],
    [
      "i1",
      "b1",
      "n_research_direct",
      "c_join1",
      "n_validate_sched",
      "b_sched_sat",
      "c_write_prep",
      "n_write_ticket",
      "n_validate_tkt1",
      "b_app1",
      "n_validate_tkt2",
      "b_app2",
      "e_end2"
    ],
    [
      "i1",
      "b1",
      "n_research_direct",
      "c_join1",
      "n_validate_sched",
      "b_sched_sat",
      "c_write_prep",
      "n_write_ticket",
      "n_validate_tkt1",
      "b_app1",
      "n_validate_tkt2",
      "b_app2",
      "n_validate_tkt3",
      "b_app3",
      "e_end3"
    ],
    [
      "i1",
      "b1",
      "n_research_direct",
      "c_join1",
      "n_validate_sched",
      "b_sched_sat",
      "c_write_prep",
      "n_write_ticket",
      "n_validate_tkt1",
      "b_app1",
      "n_validate_tkt2",
      "b_app2",
      "n_validate_tkt3",
      "b_app3",
      "e_end4"
    ],
    [
      "i1",
      "b1",
      "n_provide_ind",
      "n_research_after_ind",
      "c_join1",
      "n_validate_sched",
      "b_sched_sat",
      "n_research_again",
      "b_sched_sat2",
      "n_provide_ind2",
      "c_write_prep",
      "n_write_ticket",
      "n_validate_tkt1",
      "b_app1",
      "e_end1"
    ],
    [
      "i1",
      "b1",
      "n_provide_ind",
      "n_research_after_ind",
      "c_join1",
      "n_validate_sched",
      "b_sched_sat",
      "n_research_again",
      "b_sched_sat2",
      "n_provide_ind2",
      "c_write_prep",
      "n_write_ticket",
      "n_validate_tkt1",
      "b_app1",
      "n_validate_tkt2",
      "b_app2",
      "e_end2"
    ],
    [
      "i1",
      "b1",
      "n_provide_ind",
      "n_research_after_ind",
      "c_join1",
      "n_validate_sched",
      "b_sched_sat",
      "n_research_again",
      "b_sched_sat2",
      "n_provide_ind2",
      "c_write_prep",
      "n_write_ticket",
      "n_validate_tkt1",
      "b_app1",
      "n_validate_tkt2",
      "b_app2",
      "n_validate_tkt3",
      "b_app3",
      "e_end3"
    ],
    [
      "i1",
      "b1",
      "n_provide_ind",
      "n_research_after_ind",
      "c_join1",
      "n_validate_sched",
      "b_sched_sat",
      "n_research_again",
      "b_sched_sat2",
      "n_provide_ind2",
      "c_write_prep",
      "n_write_ticket",
      "n_validate_tkt1",
      "b_app1",
      "n_validate_tkt2",
      "b_app2",
      "n_validate_tkt3",
      "b_app3",
      "e_end4"
    ],
    [
      "i1",
      "b1",
      "n_provide_ind",
      "n_research_after_ind",
      "c_join1",
      "n_validate_sched",
      "b_sched_sat",
      "n_research_again",
      "b_sched_sat2",
      "c_write_prep",
      "n_write_ticket",
      "n_validate_tkt1",
      "b_app1",
      "e_end1"
    ],
    [
      "i1",
      "b1",
      "n_provide_ind",
      "n_research_after_ind",
      "c_join1",
      "n_validate_sched",
      "b_sched_sat",
      "n_research_again",
      "b_sched_sat2",
      "c_write_prep",
      "n_write_ticket",
      "n_validate_tkt1",
      "b_app1",
      "n_validate_tkt2",
      "b_app2",
      "e_end2"
    ],
    [
      "i1",
      "b1",
      "n_provide_ind",
      "n_research_after_ind",
      "c_join1",
      "n_validate_sched",
      "b_sched_sat",
      "n_research_again",
      "b_sched_sat2",
      "c_write_prep",
      "n_write_ticket",
      "n_validate_tkt1",
      "b_app1",
      "n_validate_tkt2",
      "b_app2",
      "n_validate_tkt3",
      "b_app3",
      "e_end3"
    ],
    [
      "i1",
      "b1",
      "n_provide_ind",
      "n_research_after_ind",
      "c_join1",
      "n_validate_sched",
      "b_sched_sat",
      "n_research_again",
      "b_sched_sat2",
      "c_write_prep",
      "n_write_ticket",
      "n_validate_tkt1",
      "b_app1",
      "n_validate_tkt2",
      "b_app2",
      "n_validate_tkt3",
      "b_app3",
      "e_end4"
    ],
    [
      "i1",
      "b1",
      "n_provide_ind",
      "n_research_after_ind",
      "c_join1",
      "n_validate_sched",
      "b_sched_sat",
      "c_write_prep",
      "n_write_ticket",
      "n_validate_tkt1",
      "b_app1",
      "e_end1"
    ],
    [
      "i1",
      "b1",
      "n_provide_ind",
      "n_research_after_ind",
      "c_join1",
      "n_validate_sched",
      "b_sched_sat",
      "c_write_prep",
      "n_write_ticket",
      "n_validate_tkt1",
      "b_app1",
      "n_validate_tkt2",
      "b_app2",
      "e_end2"
    ],
    [
      "i1",
      "b1",
      "n_provide_ind",
      "n_research_after_ind",
      "c_join1",
      "n_validate_sched",
      "b_sched_sat",
      "c_write_prep",
      "n_write_ticket",
      "n_validate_tkt1",
      "b_app1",
      "n_validate_tkt2",
      "b_app2",
      "n_validate_tkt3",
      "b_app3",
      "e_end3"
    ],
    [
      "i1",
      "b1",
      "n_provide_ind",
      "n_research_after_ind",
      "c_join1",
      "n_validate_sched",
      "b_sched_sat",
      "c_write_prep",
      "n_write_ticket",
      "n_validate_tkt1",
      "b_app1",
      "n_validate_tkt2",
      "b_app2",
      "n_validate_tkt3",
      "b_app3",
      "e_end4"
    ]
  ],
  "source_text_traces": [
    [
      "i1",
      "i2",
      "i3",
      "i5",
      "i9",
      "i10",
      "i11"
    ],
    [
      "i1",
      "i2",
      "i3",
      "i5",
      "i9",
      "i10",
      "i12",
      "i13",
      "i14",
      "i15"
    ],
    [
      "i1",
      "i2",
      "i3",
      "i4",
      "i6",
      "i7",
      "i9",
      "i10",
      "i11"
    ],
    [
      "i1",
      "i2",
      "i3",
      "i4",
      "i6",
      "i7",
      "i9",
      "i10",
      "i12",
      "i13",
      "i14",
      "i15"
    ],
    [
      "i1",
      "i2",
      "i3",
      "i4",
      "i6",
      "i8",
      "i9",
      "i10",
      "i11"
    ],
    [
      "i1",
      "i2",
      "i3",
      "i4",
      "i6",
      "i8",
      "i9",
      "i10",
      "i12",
      "i13",
      "i14",
      "i15"
    ]
  ]
}