{
  "model_traces": [
    [
      "i1",
      "a2",
      "a3",
      "b1",
      "a5",
      "c1",
      "a9",
      "a10",
      "b3",
      "e11"
    ],
    [
      "i1",
      "a2",
      "a3",
      "b1",
      "a5",
      "c1",
      "a9",
      "a10",
      "b3",
      "a12",
      "a13",
      "a14",
      "e15"
    ],
    [
      "i1",
      "a2",
      "a3",
      "b1",
      "a4",
      "a6",
      "b2",
      "a7",
      "c1",
      "a9",
      "a10",
      "b3",
      "e11"
    ],
    [
      "i1",
      "a2",
      "a3",
      "b1",
      "a4",
      "a6",
      "b2",
      "a7",
      "c1",
      "a9",
      "a10",
      "b3",
      "a12",
      "a13",
      "a14",
      "e15"
    ],
    [
      "i1",
      "a2",
      "a3",
      "b1",
      "a4",
      "a6",
      "b2",
      "a8",
      "c1",
      "a9",
      "a10",
      "b3",
      "e11"
    ],
    [
      "i1",
      "a2",
      "a3",
      "b1",
      "a4",
      "a6",
      "b2",
      "a8",
      "c1",
      "a9",
      "a10",
      "b3",
      "a12",
      "a13",
      "a14",
      "e15"
    ]
  ],
  "source_text_traces": [
    [
      "i1",
      "i2",
      "i3",
      "i5",
      "i9",
      "i10",
      "i11"
    ],
    [
      "i1",
      "i2",
      "i3",
      "i5",
      "i9",
      "i10",
      "i12",
      "i13",
      "i14",
      "i15"
    ],
    [
      "i1",
      "i2",
      "i3",
      "i4",
      "i6",
      "i7",
      "i9",
      "i10",
      "i11"
    ],
    [
      "i1",
      "i2",
      "i3",
      "i4",
      "i6",
      "i7",
      "i9",
      "i10",
      "i12",
      "i13",
      "i14",
      "i15"
    ],
    [
      "i1",
      "i2",
      "i3",
      "i4",
      "i6",
      "i8",
      "i9",
      "i10",
      "i11"
    ],
    [
      "i1",
      "i2",
      "i3",
      "i4",
      "i6",
      "i8",
      "i9",
      "i10",
      "i12",
      "i13",
      "i14",
      "i15"
    ]
  ]
}