{
  "model_traces": [
    [
      "i1",
      "n1",
      "n2",
      "n3",
      "b1",
      "n5",
      "n8",
      "c2",
      "n17",
      "b4",
      "n13",
      "b11",
      "n18",
      "c1",
      "n24",
      "n28",
      "n32",
      "n43",
      "n44",
      "n45",
      "e2"
    ],
    [
      "i1",
      "n1",
      "n2",
      "n3",
      "b1",
      "n5",
      "n8",
      "c2",
      "n17",
      "b4",
      "n13",
      "b11",
      "n19",
      "n36",
      "c1",
      "n24",
      "n28",
      "n32",
      "n43",
      "n44",
      "n45",
      "e2"
    ],
    [
      "i1",
      "n1",
      "n2",
      "n3",
      "b1",
      "n6",
      "n9",
      "e1"
    ]
  ],
  "source_text_traces": [
    [
      "i1",
      "i2",
      "i3",
      "i4",
      "i7",
      "i8",
      "i10"
    ],
    [
      "i1",
      "i2",
      "i3",
      "i4",
      "i5",
      "i6",
      "i9",
      "i16",
      "i11",
      "i12",
      "i13",
      "i17",
      "i9"
    ],
    [
      "i1",
      "i2",
      "i3",
      "i4",
      "i5",
      "i6",
      "i9",
      "i16",
      "i11",
      "i14",
      "i15",
      "i18",
      "i20",
      "i22",
      "i23",
      "i24",
      "i25",
      "i26"
    ],
    [
      "i1",
      "i2",
      "i3",
      "i4",
      "i5",
      "i6",
      "i9",
      "i16",
      "i11",
      "i14",
      "i15",
      "i19",
      "i21",
      "i20",
      "i22",
      "i23",
      "i24",
      "i25",
      "i26"
    ]
  ]
}