{
  "model_traces": [
    [
      "i1",
      "n1",
      "b1",
      "c1",
      "n3",
      "e1"
    ],
    [
      "i1",
      "n1",
      "b1",
      "n4",
      "b2",
      "c1",
      "n3",
      "e1"
    ],
    [
      "i1",
      "n1",
      "b1",
      "n4",
      "b2",
      "n6",
      "e1"
    ]
  ],
  "source_text_traces": [
    [
      "i1",
      "i2",
      "i3",
      "i5",
      "i6"
    ],
    [
      "i1",
      "i2",
      "i3",
      "i7"
    ],
    [
      "i1",
      "i4",
      "i5",
      "i6"
    ],
    [
      "i1",
      "i4",
      "i7"
    ]
  ]
}