{
  "model_traces": [
    [
      "i1",
      "n2",
      "n3",
      "n4",
      "n5",
      "n6",
      "n7",
      "n8",
      "b1",
      "n9",
      "n10",
      "n11",
      "n12",
      "n13",
      "b2",
      "n14",
      "c_15_14",
      "n16",
      "n17",
      "n18",
      "b3",
      "n19",
      "n21",
      "b4",
      "n23",
      "n24",
      "b5",
      "n25",
      "n27",
      "b6",
      "n28",
      "b7",
      "n30",
      "b8",
      "n31",
      "c1",
      "n33",
      "b9",
      "n34",
      "c2",
      "n36",
      "b10",
      "n37",
      "n38",
      "n39",
      "n40",
      "n13b",
      "b2b",
      "n14b",
      "c_15_14b",
      "n16b",
      "n42",
      "n44",
      "n46",
      "b12",
      "n47",
      "n49",
      "b13",
      "n50",
      "n52",
      "b14",
      "n53",
      "n56",
      "n58",
      "b16",
      "n59",
      "n62",
      "e12"
    ],
    [
      "i1",
      "n2",
      "n3",
      "n4",
      "n5",
      "n6",
      "n7",
      "n8",
      "b1",
      "n9",
      "n10",
      "n11",
      "n12",
      "n13",
      "b2",
      "n14",
      "c_15_14",
      "n16",
      "n17",
      "n18",
      "b3",
      "n19",
      "n21",
      "b4",
      "n23",
      "n24",
      "b5",
      "n25",
      "n27",
      "b6",
      "n28",
      "b7",
      "n30",
      "b8",
      "n31",
      "c1",
      "n33",
      "b9",
      "n34",
      "c2",
      "n36",
      "b10",
      "n37",
      "n38",
      "n39",
      "n40",
      "n13b",
      "b2b",
      "n14b",
      "c_15_14b",
      "n16b",
      "n42",
      "n44",
      "n46",
      "b12",
      "n47",
      "n49",
      "b13",
      "n50",
      "n52",
      "b14",
      "n53",
      "n56",
      "n58",
      "b16",
      "n60",
      "e11"
    ],
    [
      "i1",
      "n2",
      "n3",
      "n4",
      "n5",
      "n6",
      "n7",
      "n8",
      "b1",
      "n9",
      "n10",
      "n11",
      "n12",
      "n13",
      "b2",
      "n14",
      "c_15_14",
      "n16",
      "n17",
      "n18",
      "b3",
      "n19",
      "n21",
      "b4",
      "n23",
      "n24",
      "b5",
      "n25",
      "n27",
      "b6",
      "n28",
      "b7",
      "n30",
      "b8",
      "n31",
      "c1",
      "n33",
      "b9",
      "n34",
      "c2",
      "n36",
      "b10",
      "n37",
      "n38",
      "n39",
      "n40",
      "n13b",
      "b2b",
      "n14b",
      "c_15_14b",
      "n16b",
      "n42",
      "n44",
      "n46",
      "b12",
      "n47",
      "n49",
      "b13",
      "n50",
      "n52",
      "b14",
      "n54",
      "e9"
    ],
    [
      "i1",
      "n2",
      "n3",
      "n4",
      "n5",
      "n6",
      "n7",
      "n8",
      "b1",
      "n9",
      "n10",
      "n11",
      "n12",
      "n13",
      "b2",
      "n14",
      "c_15_14",
      "n16",
      "n17",
      "n18",
      "b3",
      "n19",
      "n21",
      "b4",
      "n23",
      "n24",
      "b5",
      "n25",
      "n27",
      "b6",
      "n28",
      "b7",
      "n30",
      "b8",
      "n31",
      "c1",
      "n33",
      "b9",
      "n34",
      "c2",
      "n36",
      "b10",
      "n37",
      "n38",
      "n39",
      "n40",
      "n13b",
      "b2b",
      "n14b",
      "c_15_14b",
      "n16b",
      "n42",
      "n44",
      "n46",
      "b12",
      "n47",
      "n49",
      "b13",
      "n51",
      "e8"
    ],
    [
      "i1",
      "n2",
      "n3",
      "n4",
      "n5",
      "n6",
      "n7",
      "n8",
      "b1",
      "n9",
      "n10",
      "n11",
      "n12",
      "n13",
      "b2",
      "n14",
      "c_15_14",
      "n16",
      "n17",
      "n18",
      "b3",
      "n19",
      "n21",
      "b4",
      "n23",
      "n24",
      "b5",
      "n25",
      "n27",
      "b6",
      "n28",
      "b7",
      "n30",
      "b8",
      "n31",
      "c1",
      "n33",
      "b9",
      "n34",
      "c2",
      "n36",
      "b10",
      "n37",
      "n38",
      "n39",
      "n40",
      "n13b",
      "b2b",
      "n14b",
      "c_15_14b",
      "n16b",
      "n42",
      "n44",
      "n46",
      "b12",
      "n48",
      "e7"
    ],
    [
      "i1",
      "n2",
      "n3",
      "n4",
      "n5",
      "n6",
      "n7",
      "n8",
      "b1",
      "n9",
      "n10",
      "n11",
      "n12",
      "n13",
      "b2",
      "n14",
      "c_15_14",
      "n16",
      "n17",
      "n18",
      "b3",
      "n19",
      "n21",
      "b4",
      "n23",
      "n24",
      "b5",
      "n25",
      "n27",
      "b6",
      "n28",
      "b7",
      "n30",
      "b8",
      "n31",
      "c1",
      "n33",
      "b9",
      "n34",
      "c2",
      "n36",
      "b10",
      "n37",
      "n38",
      "n39",
      "n40",
      "n13b",
      "b2b",
      "n15b",
      "c_15_14b",
      "n16b",
      "n42",
      "n44",
      "n46",
      "b12",
      "n47",
      "n49",
      "b13",
      "n50",
      "n52",
      "b14",
      "n53",
      "n56",
      "n58",
      "b16",
      "n59",
      "n62",
      "e12"
    ],
    [
      "i1",
      "n2",
      "n3",
      "n4",
      "n5",
      "n6",
      "n7",
      "n8",
      "b1",
      "n9",
      "n10",
      "n11",
      "n12",
      "n13",
      "b2",
      "n14",
      "c_15_14",
      "n16",
      "n17",
      "n18",
      "b3",
      "n19",
      "n21",
      "b4",
      "n23",
      "n24",
      "b5",
      "n25",
      "n27",
      "b6",
      "n28",
      "b7",
      "n30",
      "b8",
      "n31",
      "c1",
      "n33",
      "b9",
      "n34",
      "c2",
      "n36",
      "b10",
      "n37",
      "n38",
      "n39",
      "n40",
      "n13b",
      "b2b",
      "n15b",
      "c_15_14b",
      "n16b",
      "n42",
      "n44",
      "n46",
      "b12",
      "n47",
      "n49",
      "b13",
      "n50",
      "n52",
      "b14",
      "n53",
      "n56",
      "n58",
      "b16",
      "n60",
      "e11"
    ],
    [
      "i1",
      "n2",
      "n3",
      "n4",
      "n5",
      "n6",
      "n7",
      "n8",
      "b1",
      "n9",
      "n10",
      "n11",
      "n12",
      "n13",
      "b2",
      "n14",
      "c_15_14",
      "n16",
      "n17",
      "n18",
      "b3",
      "n19",
      "n21",
      "b4",
      "n23",
      "n24",
      "b5",
      "n25",
      "n27",
      "b6",
      "n28",
      "b7",
      "n30",
      "b8",
      "n31",
      "c1",
      "n33",
      "b9",
      "n34",
      "c2",
      "n36",
      "b10",
      "n37",
      "n38",
      "n39",
      "n40",
      "n13b",
      "b2b",
      "n15b",
      "c_15_14b",
      "n16b",
      "n42",
      "n44",
      "n46",
      "b12",
      "n47",
      "n49",
      "b13",
      "n50",
      "n52",
      "b14",
      "n54",
      "e9"
    ],
    [
      "i1",
      "n2",
      "n3",
      "n4",
      "n5",
      "n6",
      "n7",
      "n8",
      "b1",
      "n9",
      "n10",
      "n11",
      "n12",
      "n13",
      "b2",
      "n14",
      "c_15_14",
      "n16",
      "n17",
      "n18",
      "b3",
      "n19",
      "n21",
      "b4",
      "n23",
      "n24",
      "b5",
      "n25",
      "n27",
      "b6",
      "n28",
      "b7",
      "n30",
      "b8",
      "n31",
      "c1",
      "n33",
      "b9",
      "n34",
      "c2",
      "n36",
      "b10",
      "n37",
      "n38",
      "n39",
      "n40",
      "n13b",
      "b2b",
      "n15b",
      "c_15_14b",
      "n16b",
      "n42",
      "n44",
      "n46",
      "b12",
      "n47",
      "n49",
      "b13",
      "n51",
      "e8"
    ],
    [
      "i1",
      "n2",
      "n3",
      "n4",
      "n5",
      "n6",
      "n7",
      "n8",
      "b1",
      "n9",
      "n10",
      "n11",
      "n12",
      "n13",
      "b2",
      "n14",
      "c_15_14",
      "n16",
      "n17",
      "n18",
      "b3",
      "n19",
      "n21",
      "b4",
      "n23",
      "n24",
      "b5",
      "n25",
      "n27",
      "b6",
      "n28",
      "b7",
      "n30",
      "b8",
      "n31",
      "c1",
      "n33",
      "b9",
      "n34",
      "c2",
      "n36",
      "b10",
      "n37",
      "n38",
      "n39",
      "n40",
      "n13b",
      "b2b",
      "n15b",
      "c_15_14b",
      "n16b",
      "n42",
      "n44",
      "n46",
      "b12",
      "n48",
      "e7"
    ],
    [
      "i1",
      "n2",
      "n3",
      "n4",
      "n5",
      "n6",
      "n7",
      "n8",
      "b1",
      "n9",
      "n10",
      "n11",
      "n12",
      "n13",
      "b2",
      "n14",
      "c_15_14",
      "n16",
      "n17",
      "n18",
      "b3",
      "n19",
      "n21",
      "b4",
      "n23",
      "n24",
      "b5",
      "n25",
      "n27",
      "b6",
      "n28",
      "b7",
      "n30",
      "b8",
      "n31",
      "c1",
      "n33",
      "b9",
      "n34",
      "c2",
      "n36",
      "b10",
      "n41",
      "n_i34",
      "c_15_14b",
      "n16b",
      "n42",
      "n44",
      "n46",
      "b12",
      "n47",
      "n49",
      "b13",
      "n50",
      "n52",
      "b14",
      "n53",
      "n56",
      "n58",
      "b16",
      "n59",
      "n62",
      "e12"
    ],
    [
      "i1",
      "n2",
      "n3",
      "n4",
      "n5",
      "n6",
      "n7",
      "n8",
      "b1",
      "n9",
      "n10",
      "n11",
      "n12",
      "n13",
      "b2",
      "n14",
      "c_15_14",
      "n16",
      "n17",
      "n18",
      "b3",
      "n19",
      "n21",
      "b4",
      "n23",
      "n24",
      "b5",
      "n25",
      "n27",
      "b6",
      "n28",
      "b7",
      "n30",
      "b8",
      "n31",
      "c1",
      "n33",
      "b9",
      "n34",
      "c2",
      "n36",
      "b10",
      "n41",
      "n_i34",
      "c_15_14b",
      "n16b",
      "n42",
      "n44",
      "n46",
      "b12",
      "n47",
      "n49",
      "b13",
      "n50",
      "n52",
      "b14",
      "n53",
      "n56",
      "n58",
      "b16",
      "n60",
      "e11"
    ],
    [
      "i1",
      "n2",
      "n3",
      "n4",
      "n5",
      "n6",
      "n7",
      "n8",
      "b1",
      "n9",
      "n10",
      "n11",
      "n12",
      "n13",
      "b2",
      "n14",
      "c_15_14",
      "n16",
      "n17",
      "n18",
      "b3",
      "n19",
      "n21",
      "b4",
      "n23",
      "n24",
      "b5",
      "n25",
      "n27",
      "b6",
      "n28",
      "b7",
      "n30",
      "b8",
      "n31",
      "c1",
      "n33",
      "b9",
      "n34",
      "c2",
      "n36",
      "b10",
      "n41",
      "n_i34",
      "c_15_14b",
      "n16b",
      "n42",
      "n44",
      "n46",
      "b12",
      "n47",
      "n49",
      "b13",
      "n50",
      "n52",
      "b14",
      "n54",
      "e9"
    ],
    [
      "i1",
      "n2",
      "n3",
      "n4",
      "n5",
      "n6",
      "n7",
      "n8",
      "b1",
      "n9",
      "n10",
      "n11",
      "n12",
      "n13",
      "b2",
      "n14",
      "c_15_14",
      "n16",
      "n17",
      "n18",
      "b3",
      "n19",
      "n21",
      "b4",
      "n23",
      "n24",
      "b5",
      "n25",
      "n27",
      "b6",
      "n28",
      "b7",
      "n30",
      "b8",
      "n31",
      "c1",
      "n33",
      "b9",
      "n34",
      "c2",
      "n36",
      "b10",
      "n41",
      "n_i34",
      "c_15_14b",
      "n16b",
      "n42",
      "n44",
      "n46",
      "b12",
      "n47",
      "n49",
      "b13",
      "n51",
      "e8"
    ],
    [
      "i1",
      "n2",
      "n3",
      "n4",
      "n5",
      "n6",
      "n7",
      "n8",
      "b1",
      "n9",
      "n10",
      "n11",
      "n12",
      "n13",
      "b2",
      "n14",
      "c_15_14",
      "n16",
      "n17",
      "n18",
      "b3",
      "n19",
      "n21",
      "b4",
      "n23",
      "n24",
      "b5",
      "n25",
      "n27",
      "b6",
      "n28",
      "b7",
      "n30",
      "b8",
      "n31",
      "c1",
      "n33",
      "b9",
      "n34",
      "c2",
      "n36",
      "b10",
      "n41",
      "n_i34",
      "c_15_14b",
      "n16b",
      "n42",
      "n44",
      "n46",
      "b12",
      "n48",
      "e7"
    ],
    [
      "i1",
      "n2",
      "n3",
      "n4",
      "n5",
      "n6",
      "n7",
      "n8",
      "b1",
      "n9",
      "n10",
      "n11",
      "n12",
      "n13",
      "b2",
      "n14",
      "c_15_14",
      "n16",
      "n17",
      "n18",
      "b3",
      "n19",
      "n21",
      "b4",
      "n23",
      "n24",
      "b5",
      "n25",
      "n27",
      "b6",
      "n28",
      "b7",
      "n30",
      "b8",
      "n31",
      "c1",
      "n33",
      "b9",
      "n35",
      "e5"
    ],
    [
      "i1",
      "n2",
      "n3",
      "n4",
      "n5",
      "n6",
      "n7",
      "n8",
      "b1",
      "n9",
      "n10",
      "n11",
      "n12",
      "n13",
      "b2",
      "n14",
      "c_15_14",
      "n16",
      "n17",
      "n18",
      "b3",
      "n19",
      "n21",
      "b4",
      "n23",
      "n24",
      "b5",
      "n25",
      "n27",
      "b6",
      "n28",
      "b7",
      "n30",
      "b8",
      "n32",
      "c1",
      "n33",
      "b9",
      "n34",
      "c2",
      "n36",
      "b10",
      "n37",
      "n38",
      "n39",
      "n40",
      "n13b",
      "b2b",
      "n14b",
      "c_15_14b",
      "n16b",
      "n42",
      "n44",
      "n46",
      "b12",
      "n47",
      "n49",
      "b13",
      "n50",
      "n52",
      "b14",
      "n53",
      "n56",
      "n58",
      "b16",
      "n59",
      "n62",
      "e12"
    ],
    [
      "i1",
      "n2",
      "n3",
      "n4",
      "n5",
      "n6",
      "n7",
      "n8",
      "b1",
      "n9",
      "n10",
      "n11",
      "n12",
      "n13",
      "b2",
      "n14",
      "c_15_14",
      "n16",
      "n17",
      "n18",
      "b3",
      "n19",
      "n21",
      "b4",
      "n23",
      "n24",
      "b5",
      "n25",
      "n27",
      "b6",
      "n28",
      "b7",
      "n30",
      "b8",
      "n32",
      "c1",
      "n33",
      "b9",
      "n34",
      "c2",
      "n36",
      "b10",
      "n37",
      "n38",
      "n39",
      "n40",
      "n13b",
      "b2b",
      "n14b",
      "c_15_14b",
      "n16b",
      "n42",
      "n44",
      "n46",
      "b12",
      "n47",
      "n49",
      "b13",
      "n50",
      "n52",
      "b14",
      "n53",
      "n56",
      "n58",
      "b16",
      "n60",
      "e11"
    ],
    [
      "i1",
      "n2",
      "n3",
      "n4",
      "n5",
      "n6",
      "n7",
      "n8",
      "b1",
      "n9",
      "n10",
      "n11",
      "n12",
      "n13",
      "b2",
      "n14",
      "c_15_14",
      "n16",
      "n17",
      "n18",
      "b3",
      "n19",
      "n21",
      "b4",
      "n23",
      "n24",
      "b5",
      "n25",
      "n27",
      "b6",
      "n28",
      "b7",
      "n30",
      "b8",
      "n32",
      "c1",
      "n33",
      "b9",
      "n34",
      "c2",
      "n36",
      "b10",
      "n37",
      "n38",
      "n39",
      "n40",
      "n13b",
      "b2b",
      "n14b",
      "c_15_14b",
      "n16b",
      "n42",
      "n44",
      "n46",
      "b12",
      "n47",
      "n49",
      "b13",
      "n50",
      "n52",
      "b14",
      "n54",
      "e9"
    ],
    [
      "i1",
      "n2",
      "n3",
      "n4",
      "n5",
      "n6",
      "n7",
      "n8",
      "b1",
      "n9",
      "n10",
      "n11",
      "n12",
      "n13",
      "b2",
      "n14",
      "c_15_14",
      "n16",
      "n17",
      "n18",
      "b3",
      "n19",
      "n21",
      "b4",
      "n23",
      "n24",
      "b5",
      "n25",
      "n27",
      "b6",
      "n28",
      "b7",
      "n30",
      "b8",
      "n32",
      "c1",
      "n33",
      "b9",
      "n34",
      "c2",
      "n36",
      "b10",
      "n37",
      "n38",
      "n39",
      "n40",
      "n13b",
      "b2b",
      "n14b",
      "c_15_14b",
      "n16b",
      "n42",
      "n44",
      "n46",
      "b12",
      "n47",
      "n49",
      "b13",
      "n51",
      "e8"
    ],
    [
      "i1",
      "n2",
      "n3",
      "n4",
      "n5",
      "n6",
      "n7",
      "n8",
      "b1",
      "n9",
      "n10",
      "n11",
      "n12",
      "n13",
      "b2",
      "n14",
      "c_15_14",
      "n16",
      "n17",
      "n18",
      "b3",
      "n19",
      "n21",
      "b4",
      "n23",
      "n24",
      "b5",
      "n25",
      "n27",
      "b6",
      "n28",
      "b7",
      "n30",
      "b8",
      "n32",
      "c1",
      "n33",
      "b9",
      "n34",
      "c2",
      "n36",
      "b10",
      "n37",
      "n38",
      "n39",
      "n40",
      "n13b",
      "b2b",
      "n14b",
      "c_15_14b",
      "n16b",
      "n42",
      "n44",
      "n46",
      "b12",
      "n48",
      "e7"
    ],
    [
      "i1",
      "n2",
      "n3",
      "n4",
      "n5",
      "n6",
      "n7",
      "n8",
      "b1",
      "n9",
      "n10",
      "n11",
      "n12",
      "n13",
      "b2",
      "n14",
      "c_15_14",
      "n16",
      "n17",
      "n18",
      "b3",
      "n19",
      "n21",
      "b4",
      "n23",
      "n24",
      "b5",
      "n25",
      "n27",
      "b6",
      "n28",
      "b7",
      "n30",
      "b8",
      "n32",
      "c1",
      "n33",
      "b9",
      "n34",
      "c2",
      "n36",
      "b10",
      "n37",
      "n38",
      "n39",
      "n40",
      "n13b",
      "b2b",
      "n15b",
      "c_15_14b",
      "n16b",
      "n42",
      "n44",
      "n46",
      "b12",
      "n47",
      "n49",
      "b13",
      "n50",
      "n52",
      "b14",
      "n53",
      "n56",
      "n58",
      "b16",
      "n59",
      "n62",
      "e12"
    ],
    [
      "i1",
      "n2",
      "n3",
      "n4",
      "n5",
      "n6",
      "n7",
      "n8",
      "b1",
      "n9",
      "n10",
      "n11",
      "n12",
      "n13",
      "b2",
      "n14",
      "c_15_14",
      "n16",
      "n17",
      "n18",
      "b3",
      "n19",
      "n21",
      "b4",
      "n23",
      "n24",
      "b5",
      "n25",
      "n27",
      "b6",
      "n28",
      "b7",
      "n30",
      "b8",
      "n32",
      "c1",
      "n33",
      "b9",
      "n34",
      "c2",
      "n36",
      "b10",
      "n37",
      "n38",
      "n39",
      "n40",
      "n13b",
      "b2b",
      "n15b",
      "c_15_14b",
      "n16b",
      "n42",
      "n44",
      "n46",
      "b12",
      "n47",
      "n49",
      "b13",
      "n50",
      "n52",
      "b14",
      "n53",
      "n56",
      "n58",
      "b16",
      "n60",
      "e11"
    ],
    [
      "i1",
      "n2",
      "n3",
      "n4",
      "n5",
      "n6",
      "n7",
      "n8",
      "b1",
      "n9",
      "n10",
      "n11",
      "n12",
      "n13",
      "b2",
      "n14",
      "c_15_14",
      "n16",
      "n17",
      "n18",
      "b3",
      "n19",
      "n21",
      "b4",
      "n23",
      "n24",
      "b5",
      "n25",
      "n27",
      "b6",
      "n28",
      "b7",
      "n30",
      "b8",
      "n32",
      "c1",
      "n33",
      "b9",
      "n34",
      "c2",
      "n36",
      "b10",
      "n37",
      "n38",
      "n39",
      "n40",
      "n13b",
      "b2b",
      "n15b",
      "c_15_14b",
      "n16b",
      "n42",
      "n44",
      "n46",
      "b12",
      "n47",
      "n49",
      "b13",
      "n50",
      "n52",
      "b14",
      "n54",
      "e9"
    ],
    [
      "i1",
      "n2",
      "n3",
      "n4",
      "n5",
      "n6",
      "n7",
      "n8",
      "b1",
      "n9",
      "n10",
      "n11",
      "n12",
      "n13",
      "b2",
      "n14",
      "c_15_14",
      "n16",
      "n17",
      "n18",
      "b3",
      "n19",
      "n21",
      "b4",
      "n23",
      "n24",
      "b5",
      "n25",
      "n27",
      "b6",
      "n28",
      "b7",
      "n30",
      "b8",
      "n32",
      "c1",
      "n33",
      "b9",
      "n34",
      "c2",
      "n36",
      "b10",
      "n37",
      "n38",
      "n39",
      "n40",
      "n13b",
      "b2b",
      "n15b",
      "c_15_14b",
      "n16b",
      "n42",
      "n44",
      "n46",
      "b12",
      "n47",
      "n49",
      "b13",
      "n51",
      "e8"
    ],
    [
      "i1",
      "n2",
      "n3",
      "n4",
      "n5",
      "n6",
      "n7",
      "n8",
      "b1",
      "n9",
      "n10",
      "n11",
      "n12",
      "n13",
      "b2",
      "n14",
      "c_15_14",
      "n16",
      "n17",
      "n18",
      "b3",
      "n19",
      "n21",
      "b4",
      "n23",
      "n24",
      "b5",
      "n25",
      "n27",
      "b6",
      "n28",
      "b7",
      "n30",
      "b8",
      "n32",
      "c1",
      "n33",
      "b9",
      "n34",
      "c2",
      "n36",
      "b10",
      "n37",
      "n38",
      "n39",
      "n40",
      "n13b",
      "b2b",
      "n15b",
      "c_15_14b",
      "n16b",
      "n42",
      "n44",
      "n46",
      "b12",
      "n48",
      "e7"
    ],
    [
      "i1",
      "n2",
      "n3",
      "n4",
      "n5",
      "n6",
      "n7",
      "n8",
      "b1",
      "n9",
      "n10",
      "n11",
      "n12",
      "n13",
      "b2",
      "n14",
      "c_15_14",
      "n16",
      "n17",
      "n18",
      "b3",
      "n19",
      "n21",
      "b4",
      "n23",
      "n24",
      "b5",
      "n25",
      "n27",
      "b6",
      "n28",
      "b7",
      "n30",
      "b8",
      "n32",
      "c1",
      "n33",
      "b9",
      "n34",
      "c2",
      "n36",
      "b10",
      "n41",
      "n_i34",
      "c_15_14b",
      "n16b",
      "n42",
      "n44",
      "n46",
      "b12",
      "n47",
      "n49",
      "b13",
      "n50",
      "n52",
      "b14",
      "n53",
      "n56",
      "n58",
      "b16",
      "n59",
      "n62",
      "e12"
    ],
    [
      "i1",
      "n2",
      "n3",
      "n4",
      "n5",
      "n6",
      "n7",
      "n8",
      "b1",
      "n9",
      "n10",
      "n11",
      "n12",
      "n13",
      "b2",
      "n14",
      "c_15_14",
      "n16",
      "n17",
      "n18",
      "b3",
      "n19",
      "n21",
      "b4",
      "n23",
      "n24",
      "b5",
      "n25",
      "n27",
      "b6",
      "n28",
      "b7",
      "n30",
      "b8",
      "n32",
      "c1",
      "n33",
      "b9",
      "n34",
      "c2",
      "n36",
      "b10",
      "n41",
      "n_i34",
      "c_15_14b",
      "n16b",
      "n42",
      "n44",
      "n46",
      "b12",
      "n47",
      "n49",
      "b13",
      "n50",
      "n52",
      "b14",
      "n53",
      "n56",
      "n58",
      "b16",
      "n60",
      "e11"
    ],
    [
      "i1",
      "n2",
      "n3",
      "n4",
      "n5",
      "n6",
      "n7",
      "n8",
      "b1",
      "n9",
      "n10",
      "n11",
      "n12",
      "n13",
      "b2",
      "n14",
      "c_15_14",
      "n16",
      "n17",
      "n18",
      "b3",
      "n19",
      "n21",
      "b4",
      "n23",
      "n24",
      "b5",
      "n25",
      "n27",
      "b6",
      "n28",
      "b7",
      "n30",
      "b8",
      "n32",
      "c1",
      "n33",
      "b9",
      "n34",
      "c2",
      "n36",
      "b10",
      "n41",
      "n_i34",
      "c_15_14b",
      "n16b",
      "n42",
      "n44",
      "n46",
      "b12",
      "n47",
      "n49",
      "b13",
      "n50",
      "n52",
      "b14",
      "n54",
      "e9"
    ],
    [
      "i1",
      "n2",
      "n3",
      "n4",
      "n5",
      "n6",
      "n7",
      "n8",
      "b1",
      "n9",
      "n10",
      "n11",
      "n12",
      "n13",
      "b2",
      "n14",
      "c_15_14",
      "n16",
      "n17",
      "n18",
      "b3",
      "n19",
      "n21",
      "b4",
      "n23",
      "n24",
      "b5",
      "n25",
      "n27",
      "b6",
      "n28",
      "b7",
      "n30",
      "b8",
      "n32",
      "c1",
      "n33",
      "b9",
      "n34",
      "c2",
      "n36",
      "b10",
      "n41",
      "n_i34",
      "c_15_14b",
      "n16b",
      "n42",
      "n44",
      "n46",
      "b12",
      "n47",
      "n49",
      "b13",
      "n51",
      "e8"
    ],
    [
      "i1",
      "n2",
      "n3",
      "n4",
      "n5",
      "n6",
      "n7",
      "n8",
      "b1",
      "n9",
      "n10",
      "n11",
      "n12",
      "n13",
      "b2",
      "n14",
      "c_15_14",
      "n16",
      "n17",
      "n18",
      "b3",
      "n19",
      "n21",
      "b4",
      "n23",
      "n24",
      "b5",
      "n25",
      "n27",
      "b6",
      "n28",
      "b7",
      "n30",
      "b8",
      "n32",
      "c1",
      "n33",
      "b9",
      "n34",
      "c2",
      "n36",
      "b10",
      "n41",
      "n_i34",
      "c_15_14b",
      "n16b",
      "n42",
      "n44",
      "n46",
      "b12",
      "n48",
      "e7"
    ],
    [
      "i1",
      "n2",
      "n3",
      "n4",
      "n5",
      "n6",
      "n7",
      "n8",
      "b1",
      "n9",
      "n10",
      "n11",
      "n12",
      "n13",
      "b2",
      "n14",
      "c_15_14",
      "n16",
      "n17",
      "n18",
      "b3",
      "n19",
      "n21",
      "b4",
      "n23",
      "n24",
      "b5",
      "n25",
      "n27",
      "b6",
      "n28",
      "b7",
      "n30",
      "b8",
      "n32",
      "c1",
      "n33",
      "b9",
      "n35",
      "e5"
    ],
    [
      "i1",
      "n2",
      "n3",
      "n4",
      "n5",
      "n6",
      "n7",
      "n8",
      "b1",
      "n9",
      "n10",
      "n11",
      "n12",
      "n13",
      "b2",
      "n14",
      "c_15_14",
      "n16",
      "n17",
      "n18",
      "b3",
      "n19",
      "n21",
      "b4",
      "n23",
      "n24",
      "b5",
      "n25",
      "n27",
      "b6",
      "n28",
      "b7",
      "c1",
      "n33",
      "b9",
      "n34",
      "c2",
      "n36",
      "b10",
      "n37",
      "n38",
      "n39",
      "n40",
      "n13b",
      "b2b",
      "n14b",
      "c_15_14b",
      "n16b",
      "n42",
      "n44",
      "n46",
      "b12",
      "n47",
      "n49",
      "b13",
      "n50",
      "n52",
      "b14",
      "n53",
      "n56",
      "n58",
      "b16",
      "n59",
      "n62",
      "e12"
    ],
    [
      "i1",
      "n2",
      "n3",
      "n4",
      "n5",
      "n6",
      "n7",
      "n8",
      "b1",
      "n9",
      "n10",
      "n11",
      "n12",
      "n13",
      "b2",
      "n14",
      "c_15_14",
      "n16",
      "n17",
      "n18",
      "b3",
      "n19",
      "n21",
      "b4",
      "n23",
      "n24",
      "b5",
      "n25",
      "n27",
      "b6",
      "n28",
      "b7",
      "c1",
      "n33",
      "b9",
      "n34",
      "c2",
      "n36",
      "b10",
      "n37",
      "n38",
      "n39",
      "n40",
      "n13b",
      "b2b",
      "n14b",
      "c_15_14b",
      "n16b",
      "n42",
      "n44",
      "n46",
      "b12",
      "n47",
      "n49",
      "b13",
      "n50",
      "n52",
      "b14",
      "n53",
      "n56",
      "n58",
      "b16",
      "n60",
      "e11"
    ],
    [
      "i1",
      "n2",
      "n3",
      "n4",
      "n5",
      "n6",
      "n7",
      "n8",
      "b1",
      "n9",
      "n10",
      "n11",
      "n12",
      "n13",
      "b2",
      "n14",
      "c_15_14",
      "n16",
      "n17",
      "n18",
      "b3",
      "n19",
      "n21",
      "b4",
      "n23",
      "n24",
      "b5",
      "n25",
      "n27",
      "b6",
      "n28",
      "b7",
      "c1",
      "n33",
      "b9",
      "n34",
      "c2",
      "n36",
      "b10",
      "n37",
      "n38",
      "n39",
      "n40",
      "n13b",
      "b2b",
      "n14b",
      "c_15_14b",
      "n16b",
      "n42",
      "n44",
      "n46",
      "b12",
      "n47",
      "n49",
      "b13",
      "n50",
      "n52",
      "b14",
      "n54",
      "e9"
    ],
    [
      "i1",
      "n2",
      "n3",
      "n4",
      "n5",
      "n6",
      "n7",
      "n8",
      "b1",
      "n9",
      "n10",
      "n11",
      "n12",
      "n13",
      "b2",
      "n14",
      "c_15_14",
      "n16",
      "n17",
      "n18",
      "b3",
      "n19",
      "n21",
      "b4",
      "n23",
      "n24",
      "b5",
      "n25",
      "n27",
      "b6",
      "n28",
      "b7",
      "c1",
      "n33",
      "b9",
      "n34",
      "c2",
      "n36",
      "b10",
      "n37",
      "n38",
      "n39",
      "n40",
      "n13b",
      "b2b",
      "n14b",
      "c_15_14b",
      "n16b",
      "n42",
      "n44",
      "n46",
      "b12",
      "n47",
      "n49",
      "b13",
      "n51",
      "e8"
    ],
    [
      "i1",
      "n2",
      "n3",
      "n4",
      "n5",
      "n6",
      "n7",
      "n8",
      "b1",
      "n9",
      "n10",
      "n11",
      "n12",
      "n13",
      "b2",
      "n14",
      "c_15_14",
      "n16",
      "n17",
      "n18",
      "b3",
      "n19",
      "n21",
      "b4",
      "n23",
      "n24",
      "b5",
      "n25",
      "n27",
      "b6",
      "n28",
      "b7",
      "c1",
      "n33",
      "b9",
      "n34",
      "c2",
      "n36",
      "b10",
      "n37",
      "n38",
      "n39",
      "n40",
      "n13b",
      "b2b",
      "n14b",
      "c_15_14b",
      "n16b",
      "n42",
      "n44",
      "n46",
      "b12",
      "n48",
      "e7"
    ],
    [
      "i1",
      "n2",
      "n3",
      "n4",
      "n5",
      "n6",
      "n7",
      "n8",
      "b1",
      "n9",
      "n10",
      "n11",
      "n12",
      "n13",
      "b2",
      "n14",
      "c_15_14",
      "n16",
      "n17",
      "n18",
      "b3",
      "n19",
      "n21",
      "b4",
      "n23",
      "n24",
      "b5",
      "n25",
      "n27",
      "b6",
      "n28",
      "b7",
      "c1",
      "n33",
      "b9",
      "n34",
      "c2",
      "n36",
      "b10",
      "n37",
      "n38",
      "n39",
      "n40",
      "n13b",
      "b2b",
      "n15b",
      "c_15_14b",
      "n16b",
      "n42",
      "n44",
      "n46",
      "b12",
      "n47",
      "n49",
      "b13",
      "n50",
      "n52",
      "b14",
      "n53",
      "n56",
      "n58",
      "b16",
      "n59",
      "n62",
      "e12"
    ],
    [
      "i1",
      "n2",
      "n3",
      "n4",
      "n5",
      "n6",
      "n7",
      "n8",
      "b1",
      "n9",
      "n10",
      "n11",
      "n12",
      "n13",
      "b2",
      "n14",
      "c_15_14",
      "n16",
      "n17",
      "n18",
      "b3",
      "n19",
      "n21",
      "b4",
      "n23",
      "n24",
      "b5",
      "n25",
      "n27",
      "b6",
      "n28",
      "b7",
      "c1",
      "n33",
      "b9",
      "n34",
      "c2",
      "n36",
      "b10",
      "n37",
      "n38",
      "n39",
      "n40",
      "n13b",
      "b2b",
      "n15b",
      "c_15_14b",
      "n16b",
      "n42",
      "n44",
      "n46",
      "b12",
      "n47",
      "n49",
      "b13",
      "n50",
      "n52",
      "b14",
      "n53",
      "n56",
      "n58",
      "b16",
      "n60",
      "e11"
    ],
    [
      "i1",
      "n2",
      "n3",
      "n4",
      "n5",
      "n6",
      "n7",
      "n8",
      "b1",
      "n9",
      "n10",
      "n11",
      "n12",
      "n13",
      "b2",
      "n14",
      "c_15_14",
      "n16",
      "n17",
      "n18",
      "b3",
      "n19",
      "n21",
      "b4",
      "n23",
      "n24",
      "b5",
      "n25",
      "n27",
      "b6",
      "n28",
      "b7",
      "c1",
      "n33",
      "b9",
      "n34",
      "c2",
      "n36",
      "b10",
      "n37",
      "n38",
      "n39",
      "n40",
      "n13b",
      "b2b",
      "n15b",
      "c_15_14b",
      "n16b",
      "n42",
      "n44",
      "n46",
      "b12",
      "n47",
      "n49",
      "b13",
      "n50",
      "n52",
      "b14",
      "n54",
      "e9"
    ],
    [
      "i1",
      "n2",
      "n3",
      "n4",
      "n5",
      "n6",
      "n7",
      "n8",
      "b1",
      "n9",
      "n10",
      "n11",
      "n12",
      "n13",
      "b2",
      "n14",
      "c_15_14",
      "n16",
      "n17",
      "n18",
      "b3",
      "n19",
      "n21",
      "b4",
      "n23",
      "n24",
      "b5",
      "n25",
      "n27",
      "b6",
      "n28",
      "b7",
      "c1",
      "n33",
      "b9",
      "n34",
      "c2",
      "n36",
      "b10",
      "n37",
      "n38",
      "n39",
      "n40",
      "n13b",
      "b2b",
      "n15b",
      "c_15_14b",
      "n16b",
      "n42",
      "n44",
      "n46",
      "b12",
      "n47",
      "n49",
      "b13",
      "n51",
      "e8"
    ],
    [
      "i1",
      "n2",
      "n3",
      "n4",
      "n5",
      "n6",
      "n7",
      "n8",
      "b1",
      "n9",
      "n10",
      "n11",
      "n12",
      "n13",
      "b2",
      "n14",
      "c_15_14",
      "n16",
      "n17",
      "n18",
      "b3",
      "n19",
      "n21",
      "b4",
      "n23",
      "n24",
      "b5",
      "n25",
      "n27",
      "b6",
      "n28",
      "b7",
      "c1",
      "n33",
      "b9",
      "n34",
      "c2",
      "n36",
      "b10",
      "n37",
      "n38",
      "n39",
      "n40",
      "n13b",
      "b2b",
      "n15b",
      "c_15_14b",
      "n16b",
      "n42",
      "n44",
      "n46",
      "b12",
      "n48",
      "e7"
    ],
    [
      "i1",
      "n2",
      "n3",
      "n4",
      "n5",
      "n6",
      "n7",
      "n8",
      "b1",
      "n9",
      "n10",
      "n11",
      "n12",
      "n13",
      "b2",
      "n14",
      "c_15_14",
      "n16",
      "n17",
      "n18",
      "b3",
      "n19",
      "n21",
      "b4",
      "n23",
      "n24",
      "b5",
      "n25",
      "n27",
      "b6",
      "n28",
      "b7",
      "c1",
      "n33",
      "b9",
      "n34",
      "c2",
      "n36",
      "b10",
      "n41",
      "n_i34",
      "c_15_14b",
      "n16b",
      "n42",
      "n44",
      "n46",
      "b12",
      "n47",
      "n49",
      "b13",
      "n50",
      "n52",
      "b14",
      "n53",
      "n56",
      "n58",
      "b16",
      "n59",
      "n62",
      "e12"
    ],
    [
      "i1",
      "n2",
      "n3",
      "n4",
      "n5",
      "n6",
      "n7",
      "n8",
      "b1",
      "n9",
      "n10",
      "n11",
      "n12",
      "n13",
      "b2",
      "n14",
      "c_15_14",
      "n16",
      "n17",
      "n18",
      "b3",
      "n19",
      "n21",
      "b4",
      "n23",
      "n24",
      "b5",
      "n25",
      "n27",
      "b6",
      "n28",
      "b7",
      "c1",
      "n33",
      "b9",
      "n34",
      "c2",
      "n36",
      "b10",
      "n41",
      "n_i34",
      "c_15_14b",
      "n16b",
      "n42",
      "n44",
      "n46",
      "b12",
      "n47",
      "n49",
      "b13",
      "n50",
      "n52",
      "b14",
      "n53",
      "n56",
      "n58",
      "b16",
      "n60",
      "e11"
    ],
    [
      "i1",
      "n2",
      "n3",
      "n4",
      "n5",
      "n6",
      "n7",
      "n8",
      "b1",
      "n9",
      "n10",
      "n11",
      "n12",
      "n13",
      "b2",
      "n14",
      "c_15_14",
      "n16",
      "n17",
      "n18",
      "b3",
      "n19",
      "n21",
      "b4",
      "n23",
      "n24",
      "b5",
      "n25",
      "n27",
      "b6",
      "n28",
      "b7",
      "c1",
      "n33",
      "b9",
      "n34",
      "c2",
      "n36",
      "b10",
      "n41",
      "n_i34",
      "c_15_14b",
      "n16b",
      "n42",
      "n44",
      "n46",
      "b12",
      "n47",
      "n49",
      "b13",
      "n50",
      "n52",
      "b14",
      "n54",
      "e9"
    ],
    [
      "i1",
      "n2",
      "n3",
      "n4",
      "n5",
      "n6",
      "n7",
      "n8",
      "b1",
      "n9",
      "n10",
      "n11",
      "n12",
      "n13",
      "b2",
      "n14",
      "c_15_14",
      "n16",
      "n17",
      "n18",
      "b3",
      "n19",
      "n21",
      "b4",
      "n23",
      "n24",
      "b5",
      "n25",
      "n27",
      "b6",
      "n28",
      "b7",
      "c1",
      "n33",
      "b9",
      "n34",
      "c2",
      "n36",
      "b10",
      "n41",
      "n_i34",
      "c_15_14b",
      "n16b",
      "n42",
      "n44",
      "n46",
      "b12",
      "n47",
      "n49",
      "b13",
      "n51",
      "e8"
    ],
    [
      "i1",
      "n2",
      "n3",
      "n4",
      "n5",
      "n6",
      "n7",
      "n8",
      "b1",
      "n9",
      "n10",
      "n11",
      "n12",
      "n13",
      "b2",
      "n14",
      "c_15_14",
      "n16",
      "n17",
      "n18",
      "b3",
      "n19",
      "n21",
      "b4",
      "n23",
      "n24",
      "b5",
      "n25",
      "n27",
      "b6",
      "n28",
      "b7",
      "c1",
      "n33",
      "b9",
      "n34",
      "c2",
      "n36",
      "b10",
      "n41",
      "n_i34",
      "c_15_14b",
      "n16b",
      "n42",
      "n44",
      "n46",
      "b12",
      "n48",
      "e7"
    ],
    [
      "i1",
      "n2",
      "n3",
      "n4",
      "n5",
      "n6",
      "n7",
      "n8",
      "b1",
      "n9",
      "n10",
      "n11",
      "n12",
      "n13",
      "b2",
      "n14",
      "c_15_14",
      "n16",
      "n17",
      "n18",
      "b3",
      "n19",
      "n21",
      "b4",
      "n23",
      "n24",
      "b5",
      "n25",
      "n27",
      "b6",
      "n28",
      "b7",
      "c1",
      "n33",
      "b9",
      "n35",
      "e5"
    ],
    [
      "i1",
      "n2",
      "n3",
      "n4",
      "n5",
      "n6",
      "n7",
      "n8",
      "b1",
      "n9",
      "n10",
      "n11",
      "n12",
      "n13",
      "b2",
      "n14",
      "c_15_14",
      "n16",
      "n17",
      "n18",
      "b3",
      "n19",
      "n21",
      "b4",
      "n23",
      "n24",
      "b5",
      "n25",
      "n27",
      "b6",
      "n29",
      "e4"
    ],
    [
      "i1",
      "n2",
      "n3",
      "n4",
      "n5",
      "n6",
      "n7",
      "n8",
      "b1",
      "n9",
      "n10",
      "n11",
      "n12",
      "n13",
      "b2",
      "n14",
      "c_15_14",
      "n16",
      "n17",
      "n18",
      "b3",
      "n19",
      "n21",
      "b4",
      "n23",
      "n24",
      "b5",
      "n26",
      "e3"
    ],
    [
      "i1",
      "n2",
      "n3",
      "n4",
      "n5",
      "n6",
      "n7",
      "n8",
      "b1",
      "n9",
      "n10",
      "n11",
      "n12",
      "n13",
      "b2",
      "n14",
      "c_15_14",
      "n16",
      "n17",
      "n18",
      "b3",
      "n19",
      "n21",
      "b4",
      "n22",
      "e2"
    ],
    [
      "i1",
      "n2",
      "n3",
      "n4",
      "n5",
      "n6",
      "n7",
      "n8",
      "b1",
      "n9",
      "n10",
      "n11",
      "n12",
      "n13",
      "b2",
      "n14",
      "c_15_14",
      "n16",
      "n17",
      "n18",
      "b3",
      "n20",
      "e1"
    ],
    [
      "i1",
      "n2",
      "n3",
      "n4",
      "n5",
      "n6",
      "n7",
      "n8",
      "b1",
      "n9",
      "n10",
      "n11",
      "n12",
      "n13",
      "b2",
      "n15",
      "c_15_14",
      "n16",
      "n17",
      "n18",
      "b3",
      "n19",
      "n21",
      "b4",
      "n23",
      "n24",
      "b5",
      "n25",
      "n27",
      "b6",
      "n28",
      "b7",
      "n30",
      "b8",
      "n31",
      "c1",
      "n33",
      "b9",
      "n34",
      "c2",
      "n36",
      "b10",
      "n37",
      "n38",
      "n39",
      "n40",
      "n13b",
      "b2b",
      "n14b",
      "c_15_14b",
      "n16b",
      "n42",
      "n44",
      "n46",
      "b12",
      "n47",
      "n49",
      "b13",
      "n50",
      "n52",
      "b14",
      "n53",
      "n56",
      "n58",
      "b16",
      "n59",
      "n62",
      "e12"
    ],
    [
      "i1",
      "n2",
      "n3",
      "n4",
      "n5",
      "n6",
      "n7",
      "n8",
      "b1",
      "n9",
      "n10",
      "n11",
      "n12",
      "n13",
      "b2",
      "n15",
      "c_15_14",
      "n16",
      "n17",
      "n18",
      "b3",
      "n19",
      "n21",
      "b4",
      "n23",
      "n24",
      "b5",
      "n25",
      "n27",
      "b6",
      "n28",
      "b7",
      "n30",
      "b8",
      "n31",
      "c1",
      "n33",
      "b9",
      "n34",
      "c2",
      "n36",
      "b10",
      "n37",
      "n38",
      "n39",
      "n40",
      "n13b",
      "b2b",
      "n14b",
      "c_15_14b",
      "n16b",
      "n42",
      "n44",
      "n46",
      "b12",
      "n47",
      "n49",
      "b13",
      "n50",
      "n52",
      "b14",
      "n53",
      "n56",
      "n58",
      "b16",
      "n60",
      "e11"
    ],
    [
      "i1",
      "n2",
      "n3",
      "n4",
      "n5",
      "n6",
      "n7",
      "n8",
      "b1",
      "n9",
      "n10",
      "n11",
      "n12",
      "n13",
      "b2",
      "n15",
      "c_15_14",
      "n16",
      "n17",
      "n18",
      "b3",
      "n19",
      "n21",
      "b4",
      "n23",
      "n24",
      "b5",
      "n25",
      "n27",
      "b6",
      "n28",
      "b7",
      "n30",
      "b8",
      "n31",
      "c1",
      "n33",
      "b9",
      "n34",
      "c2",
      "n36",
      "b10",
      "n37",
      "n38",
      "n39",
      "n40",
      "n13b",
      "b2b",
      "n14b",
      "c_15_14b",
      "n16b",
      "n42",
      "n44",
      "n46",
      "b12",
      "n47",
      "n49",
      "b13",
      "n50",
      "n52",
      "b14",
      "n54",
      "e9"
    ],
    [
      "i1",
      "n2",
      "n3",
      "n4",
      "n5",
      "n6",
      "n7",
      "n8",
      "b1",
      "n9",
      "n10",
      "n11",
      "n12",
      "n13",
      "b2",
      "n15",
      "c_15_14",
      "n16",
      "n17",
      "n18",
      "b3",
      "n19",
      "n21",
      "b4",
      "n23",
      "n24",
      "b5",
      "n25",
      "n27",
      "b6",
      "n28",
      "b7",
      "n30",
      "b8",
      "n31",
      "c1",
      "n33",
      "b9",
      "n34",
      "c2",
      "n36",
      "b10",
      "n37",
      "n38",
      "n39",
      "n40",
      "n13b",
      "b2b",
      "n14b",
      "c_15_14b",
      "n16b",
      "n42",
      "n44",
      "n46",
      "b12",
      "n47",
      "n49",
      "b13",
      "n51",
      "e8"
    ],
    [
      "i1",
      "n2",
      "n3",
      "n4",
      "n5",
      "n6",
      "n7",
      "n8",
      "b1",
      "n9",
      "n10",
      "n11",
      "n12",
      "n13",
      "b2",
      "n15",
      "c_15_14",
      "n16",
      "n17",
      "n18",
      "b3",
      "n19",
      "n21",
      "b4",
      "n23",
      "n24",
      "b5",
      "n25",
      "n27",
      "b6",
      "n28",
      "b7",
      "n30",
      "b8",
      "n31",
      "c1",
      "n33",
      "b9",
      "n34",
      "c2",
      "n36",
      "b10",
      "n37",
      "n38",
      "n39",
      "n40",
      "n13b",
      "b2b",
      "n14b",
      "c_15_14b",
      "n16b",
      "n42",
      "n44",
      "n46",
      "b12",
      "n48",
      "e7"
    ],
    [
      "i1",
      "n2",
      "n3",
      "n4",
      "n5",
      "n6",
      "n7",
      "n8",
      "b1",
      "n9",
      "n10",
      "n11",
      "n12",
      "n13",
      "b2",
      "n15",
      "c_15_14",
      "n16",
      "n17",
      "n18",
      "b3",
      "n19",
      "n21",
      "b4",
      "n23",
      "n24",
      "b5",
      "n25",
      "n27",
      "b6",
      "n28",
      "b7",
      "n30",
      "b8",
      "n31",
      "c1",
      "n33",
      "b9",
      "n34",
      "c2",
      "n36",
      "b10",
      "n37",
      "n38",
      "n39",
      "n40",
      "n13b",
      "b2b",
      "n15b",
      "c_15_14b",
      "n16b",
      "n42",
      "n44",
      "n46",
      "b12",
      "n47",
      "n49",
      "b13",
      "n50",
      "n52",
      "b14",
      "n53",
      "n56",
      "n58",
      "b16",
      "n59",
      "n62",
      "e12"
    ],
    [
      "i1",
      "n2",
      "n3",
      "n4",
      "n5",
      "n6",
      "n7",
      "n8",
      "b1",
      "n9",
      "n10",
      "n11",
      "n12",
      "n13",
      "b2",
      "n15",
      "c_15_14",
      "n16",
      "n17",
      "n18",
      "b3",
      "n19",
      "n21",
      "b4",
      "n23",
      "n24",
      "b5",
      "n25",
      "n27",
      "b6",
      "n28",
      "b7",
      "n30",
      "b8",
      "n31",
      "c1",
      "n33",
      "b9",
      "n34",
      "c2",
      "n36",
      "b10",
      "n37",
      "n38",
      "n39",
      "n40",
      "n13b",
      "b2b",
      "n15b",
      "c_15_14b",
      "n16b",
      "n42",
      "n44",
      "n46",
      "b12",
      "n47",
      "n49",
      "b13",
      "n50",
      "n52",
      "b14",
      "n53",
      "n56",
      "n58",
      "b16",
      "n60",
      "e11"
    ],
    [
      "i1",
      "n2",
      "n3",
      "n4",
      "n5",
      "n6",
      "n7",
      "n8",
      "b1",
      "n9",
      "n10",
      "n11",
      "n12",
      "n13",
      "b2",
      "n15",
      "c_15_14",
      "n16",
      "n17",
      "n18",
      "b3",
      "n19",
      "n21",
      "b4",
      "n23",
      "n24",
      "b5",
      "n25",
      "n27",
      "b6",
      "n28",
      "b7",
      "n30",
      "b8",
      "n31",
      "c1",
      "n33",
      "b9",
      "n34",
      "c2",
      "n36",
      "b10",
      "n37",
      "n38",
      "n39",
      "n40",
      "n13b",
      "b2b",
      "n15b",
      "c_15_14b",
      "n16b",
      "n42",
      "n44",
      "n46",
      "b12",
      "n47",
      "n49",
      "b13",
      "n50",
      "n52",
      "b14",
      "n54",
      "e9"
    ],
    [
      "i1",
      "n2",
      "n3",
      "n4",
      "n5",
      "n6",
      "n7",
      "n8",
      "b1",
      "n9",
      "n10",
      "n11",
      "n12",
      "n13",
      "b2",
      "n15",
      "c_15_14",
      "n16",
      "n17",
      "n18",
      "b3",
      "n19",
      "n21",
      "b4",
      "n23",
      "n24",
      "b5",
      "n25",
      "n27",
      "b6",
      "n28",
      "b7",
      "n30",
      "b8",
      "n31",
      "c1",
      "n33",
      "b9",
      "n34",
      "c2",
      "n36",
      "b10",
      "n37",
      "n38",
      "n39",
      "n40",
      "n13b",
      "b2b",
      "n15b",
      "c_15_14b",
      "n16b",
      "n42",
      "n44",
      "n46",
      "b12",
      "n47",
      "n49",
      "b13",
      "n51",
      "e8"
    ],
    [
      "i1",
      "n2",
      "n3",
      "n4",
      "n5",
      "n6",
      "n7",
      "n8",
      "b1",
      "n9",
      "n10",
      "n11",
      "n12",
      "n13",
      "b2",
      "n15",
      "c_15_14",
      "n16",
      "n17",
      "n18",
      "b3",
      "n19",
      "n21",
      "b4",
      "n23",
      "n24",
      "b5",
      "n25",
      "n27",
      "b6",
      "n28",
      "b7",
      "n30",
      "b8",
      "n31",
      "c1",
      "n33",
      "b9",
      "n34",
      "c2",
      "n36",
      "b10",
      "n37",
      "n38",
      "n39",
      "n40",
      "n13b",
      "b2b",
      "n15b",
      "c_15_14b",
      "n16b",
      "n42",
      "n44",
      "n46",
      "b12",
      "n48",
      "e7"
    ],
    [
      "i1",
      "n2",
      "n3",
      "n4",
      "n5",
      "n6",
      "n7",
      "n8",
      "b1",
      "n9",
      "n10",
      "n11",
      "n12",
      "n13",
      "b2",
      "n15",
      "c_15_14",
      "n16",
      "n17",
      "n18",
      "b3",
      "n19",
      "n21",
      "b4",
      "n23",
      "n24",
      "b5",
      "n25",
      "n27",
      "b6",
      "n28",
      "b7",
      "n30",
      "b8",
      "n31",
      "c1",
      "n33",
      "b9",
      "n34",
      "c2",
      "n36",
      "b10",
      "n41",
      "n_i34",
      "c_15_14b",
      "n16b",
      "n42",
      "n44",
      "n46",
      "b12",
      "n47",
      "n49",
      "b13",
      "n50",
      "n52",
      "b14",
      "n53",
      "n56",
      "n58",
      "b16",
      "n59",
      "n62",
      "e12"
    ],
    [
      "i1",
      "n2",
      "n3",
      "n4",
      "n5",
      "n6",
      "n7",
      "n8",
      "b1",
      "n9",
      "n10",
      "n11",
      "n12",
      "n13",
      "b2",
      "n15",
      "c_15_14",
      "n16",
      "n17",
      "n18",
      "b3",
      "n19",
      "n21",
      "b4",
      "n23",
      "n24",
      "b5",
      "n25",
      "n27",
      "b6",
      "n28",
      "b7",
      "n30",
      "b8",
      "n31",
      "c1",
      "n33",
      "b9",
      "n34",
      "c2",
      "n36",
      "b10",
      "n41",
      "n_i34",
      "c_15_14b",
      "n16b",
      "n42",
      "n44",
      "n46",
      "b12",
      "n47",
      "n49",
      "b13",
      "n50",
      "n52",
      "b14",
      "n53",
      "n56",
      "n58",
      "b16",
      "n60",
      "e11"
    ],
    [
      "i1",
      "n2",
      "n3",
      "n4",
      "n5",
      "n6",
      "n7",
      "n8",
      "b1",
      "n9",
      "n10",
      "n11",
      "n12",
      "n13",
      "b2",
      "n15",
      "c_15_14",
      "n16",
      "n17",
      "n18",
      "b3",
      "n19",
      "n21",
      "b4",
      "n23",
      "n24",
      "b5",
      "n25",
      "n27",
      "b6",
      "n28",
      "b7",
      "n30",
      "b8",
      "n31",
      "c1",
      "n33",
      "b9",
      "n34",
      "c2",
      "n36",
      "b10",
      "n41",
      "n_i34",
      "c_15_14b",
      "n16b",
      "n42",
      "n44",
      "n46",
      "b12",
      "n47",
      "n49",
      "b13",
      "n50",
      "n52",
      "b14",
      "n54",
      "e9"
    ],
    [
      "i1",
      "n2",
      "n3",
      "n4",
      "n5",
      "n6",
      "n7",
      "n8",
      "b1",
      "n9",
      "n10",
      "n11",
      "n12",
      "n13",
      "b2",
      "n15",
      "c_15_14",
      "n16",
      "n17",
      "n18",
      "b3",
      "n19",
      "n21",
      "b4",
      "n23",
      "n24",
      "b5",
      "n25",
      "n27",
      "b6",
      "n28",
      "b7",
      "n30",
      "b8",
      "n31",
      "c1",
      "n33",
      "b9",
      "n34",
      "c2",
      "n36",
      "b10",
      "n41",
      "n_i34",
      "c_15_14b",
      "n16b",
      "n42",
      "n44",
      "n46",
      "b12",
      "n47",
      "n49",
      "b13",
      "n51",
      "e8"
    ],
    [
      "i1",
      "n2",
      "n3",
      "n4",
      "n5",
      "n6",
      "n7",
      "n8",
      "b1",
      "n9",
      "n10",
      "n11",
      "n12",
      "n13",
      "b2",
      "n15",
      "c_15_14",
      "n16",
      "n17",
      "n18",
      "b3",
      "n19",
      "n21",
      "b4",
      "n23",
      "n24",
      "b5",
      "n25",
      "n27",
      "b6",
      "n28",
      "b7",
      "n30",
      "b8",
      "n31",
      "c1",
      "n33",
      "b9",
      "n34",
      "c2",
      "n36",
      "b10",
      "n41",
      "n_i34",
      "c_15_14b",
      "n16b",
      "n42",
      "n44",
      "n46",
      "b12",
      "n48",
      "e7"
    ],
    [
      "i1",
      "n2",
      "n3",
      "n4",
      "n5",
      "n6",
      "n7",
      "n8",
      "b1",
      "n9",
      "n10",
      "n11",
      "n12",
      "n13",
      "b2",
      "n15",
      "c_15_14",
      "n16",
      "n17",
      "n18",
      "b3",
      "n19",
      "n21",
      "b4",
      "n23",
      "n24",
      "b5",
      "n25",
      "n27",
      "b6",
      "n28",
      "b7",
      "n30",
      "b8",
      "n31",
      "c1",
      "n33",
      "b9",
      "n35",
      "e5"
    ],
    [
      "i1",
      "n2",
      "n3",
      "n4",
      "n5",
      "n6",
      "n7",
      "n8",
      "b1",
      "n9",
      "n10",
      "n11",
      "n12",
      "n13",
      "b2",
      "n15",
      "c_15_14",
      "n16",
      "n17",
      "n18",
      "b3",
      "n19",
      "n21",
      "b4",
      "n23",
      "n24",
      "b5",
      "n25",
      "n27",
      "b6",
      "n28",
      "b7",
      "n30",
      "b8",
      "n32",
      "c1",
      "n33",
      "b9",
      "n34",
      "c2",
      "n36",
      "b10",
      "n37",
      "n38",
      "n39",
      "n40",
      "n13b",
      "b2b",
      "n14b",
      "c_15_14b",
      "n16b",
      "n42",
      "n44",
      "n46",
      "b12",
      "n47",
      "n49",
      "b13",
      "n50",
      "n52",
      "b14",
      "n53",
      "n56",
      "n58",
      "b16",
      "n59",
      "n62",
      "e12"
    ],
    [
      "i1",
      "n2",
      "n3",
      "n4",
      "n5",
      "n6",
      "n7",
      "n8",
      "b1",
      "n9",
      "n10",
      "n11",
      "n12",
      "n13",
      "b2",
      "n15",
      "c_15_14",
      "n16",
      "n17",
      "n18",
      "b3",
      "n19",
      "n21",
      "b4",
      "n23",
      "n24",
      "b5",
      "n25",
      "n27",
      "b6",
      "n28",
      "b7",
      "n30",
      "b8",
      "n32",
      "c1",
      "n33",
      "b9",
      "n34",
      "c2",
      "n36",
      "b10",
      "n37",
      "n38",
      "n39",
      "n40",
      "n13b",
      "b2b",
      "n14b",
      "c_15_14b",
      "n16b",
      "n42",
      "n44",
      "n46",
      "b12",
      "n47",
      "n49",
      "b13",
      "n50",
      "n52",
      "b14",
      "n53",
      "n56",
      "n58",
      "b16",
      "n60",
      "e11"
    ],
    [
      "i1",
      "n2",
      "n3",
      "n4",
      "n5",
      "n6",
      "n7",
      "n8",
      "b1",
      "n9",
      "n10",
      "n11",
      "n12",
      "n13",
      "b2",
      "n15",
      "c_15_14",
      "n16",
      "n17",
      "n18",
      "b3",
      "n19",
      "n21",
      "b4",
      "n23",
      "n24",
      "b5",
      "n25",
      "n27",
      "b6",
      "n28",
      "b7",
      "n30",
      "b8",
      "n32",
      "c1",
      "n33",
      "b9",
      "n34",
      "c2",
      "n36",
      "b10",
      "n37",
      "n38",
      "n39",
      "n40",
      "n13b",
      "b2b",
      "n14b",
      "c_15_14b",
      "n16b",
      "n42",
      "n44",
      "n46",
      "b12",
      "n47",
      "n49",
      "b13",
      "n50",
      "n52",
      "b14",
      "n54",
      "e9"
    ],
    [
      "i1",
      "n2",
      "n3",
      "n4",
      "n5",
      "n6",
      "n7",
      "n8",
      "b1",
      "n9",
      "n10",
      "n11",
      "n12",
      "n13",
      "b2",
      "n15",
      "c_15_14",
      "n16",
      "n17",
      "n18",
      "b3",
      "n19",
      "n21",
      "b4",
      "n23",
      "n24",
      "b5",
      "n25",
      "n27",
      "b6",
      "n28",
      "b7",
      "n30",
      "b8",
      "n32",
      "c1",
      "n33",
      "b9",
      "n34",
      "c2",
      "n36",
      "b10",
      "n37",
      "n38",
      "n39",
      "n40",
      "n13b",
      "b2b",
      "n14b",
      "c_15_14b",
      "n16b",
      "n42",
      "n44",
      "n46",
      "b12",
      "n47",
      "n49",
      "b13",
      "n51",
      "e8"
    ],
    [
      "i1",
      "n2",
      "n3",
      "n4",
      "n5",
      "n6",
      "n7",
      "n8",
      "b1",
      "n9",
      "n10",
      "n11",
      "n12",
      "n13",
      "b2",
      "n15",
      "c_15_14",
      "n16",
      "n17",
      "n18",
      "b3",
      "n19",
      "n21",
      "b4",
      "n23",
      "n24",
      "b5",
      "n25",
      "n27",
      "b6",
      "n28",
      "b7",
      "n30",
      "b8",
      "n32",
      "c1",
      "n33",
      "b9",
      "n34",
      "c2",
      "n36",
      "b10",
      "n37",
      "n38",
      "n39",
      "n40",
      "n13b",
      "b2b",
      "n14b",
      "c_15_14b",
      "n16b",
      "n42",
      "n44",
      "n46",
      "b12",
      "n48",
      "e7"
    ],
    [
      "i1",
      "n2",
      "n3",
      "n4",
      "n5",
      "n6",
      "n7",
      "n8",
      "b1",
      "n9",
      "n10",
      "n11",
      "n12",
      "n13",
      "b2",
      "n15",
      "c_15_14",
      "n16",
      "n17",
      "n18",
      "b3",
      "n19",
      "n21",
      "b4",
      "n23",
      "n24",
      "b5",
      "n25",
      "n27",
      "b6",
      "n28",
      "b7",
      "n30",
      "b8",
      "n32",
      "c1",
      "n33",
      "b9",
      "n34",
      "c2",
      "n36",
      "b10",
      "n37",
      "n38",
      "n39",
      "n40",
      "n13b",
      "b2b",
      "n15b",
      "c_15_14b",
      "n16b",
      "n42",
      "n44",
      "n46",
      "b12",
      "n47",
      "n49",
      "b13",
      "n50",
      "n52",
      "b14",
      "n53",
      "n56",
      "n58",
      "b16",
      "n59",
      "n62",
      "e12"
    ],
    [
      "i1",
      "n2",
      "n3",
      "n4",
      "n5",
      "n6",
      "n7",
      "n8",
      "b1",
      "n9",
      "n10",
      "n11",
      "n12",
      "n13",
      "b2",
      "n15",
      "c_15_14",
      "n16",
      "n17",
      "n18",
      "b3",
      "n19",
      "n21",
      "b4",
      "n23",
      "n24",
      "b5",
      "n25",
      "n27",
      "b6",
      "n28",
      "b7",
      "n30",
      "b8",
      "n32",
      "c1",
      "n33",
      "b9",
      "n34",
      "c2",
      "n36",
      "b10",
      "n37",
      "n38",
      "n39",
      "n40",
      "n13b",
      "b2b",
      "n15b",
      "c_15_14b",
      "n16b",
      "n42",
      "n44",
      "n46",
      "b12",
      "n47",
      "n49",
      "b13",
      "n50",
      "n52",
      "b14",
      "n53",
      "n56",
      "n58",
      "b16",
      "n60",
      "e11"
    ],
    [
      "i1",
      "n2",
      "n3",
      "n4",
      "n5",
      "n6",
      "n7",
      "n8",
      "b1",
      "n9",
      "n10",
      "n11",
      "n12",
      "n13",
      "b2",
      "n15",
      "c_15_14",
      "n16",
      "n17",
      "n18",
      "b3",
      "n19",
      "n21",
      "b4",
      "n23",
      "n24",
      "b5",
      "n25",
      "n27",
      "b6",
      "n28",
      "b7",
      "n30",
      "b8",
      "n32",
      "c1",
      "n33",
      "b9",
      "n34",
      "c2",
      "n36",
      "b10",
      "n37",
      "n38",
      "n39",
      "n40",
      "n13b",
      "b2b",
      "n15b",
      "c_15_14b",
      "n16b",
      "n42",
      "n44",
      "n46",
      "b12",
      "n47",
      "n49",
      "b13",
      "n50",
      "n52",
      "b14",
      "n54",
      "e9"
    ],
    [
      "i1",
      "n2",
      "n3",
      "n4",
      "n5",
      "n6",
      "n7",
      "n8",
      "b1",
      "n9",
      "n10",
      "n11",
      "n12",
      "n13",
      "b2",
      "n15",
      "c_15_14",
      "n16",
      "n17",
      "n18",
      "b3",
      "n19",
      "n21",
      "b4",
      "n23",
      "n24",
      "b5",
      "n25",
      "n27",
      "b6",
      "n28",
      "b7",
      "n30",
      "b8",
      "n32",
      "c1",
      "n33",
      "b9",
      "n34",
      "c2",
      "n36",
      "b10",
      "n37",
      "n38",
      "n39",
      "n40",
      "n13b",
      "b2b",
      "n15b",
      "c_15_14b",
      "n16b",
      "n42",
      "n44",
      "n46",
      "b12",
      "n47",
      "n49",
      "b13",
      "n51",
      "e8"
    ],
    [
      "i1",
      "n2",
      "n3",
      "n4",
      "n5",
      "n6",
      "n7",
      "n8",
      "b1",
      "n9",
      "n10",
      "n11",
      "n12",
      "n13",
      "b2",
      "n15",
      "c_15_14",
      "n16",
      "n17",
      "n18",
      "b3",
      "n19",
      "n21",
      "b4",
      "n23",
      "n24",
      "b5",
      "n25",
      "n27",
      "b6",
      "n28",
      "b7",
      "n30",
      "b8",
      "n32",
      "c1",
      "n33",
      "b9",
      "n34",
      "c2",
      "n36",
      "b10",
      "n37",
      "n38",
      "n39",
      "n40",
      "n13b",
      "b2b",
      "n15b",
      "c_15_14b",
      "n16b",
      "n42",
      "n44",
      "n46",
      "b12",
      "n48",
      "e7"
    ],
    [
      "i1",
      "n2",
      "n3",
      "n4",
      "n5",
      "n6",
      "n7",
      "n8",
      "b1",
      "n9",
      "n10",
      "n11",
      "n12",
      "n13",
      "b2",
      "n15",
      "c_15_14",
      "n16",
      "n17",
      "n18",
      "b3",
      "n19",
      "n21",
      "b4",
      "n23",
      "n24",
      "b5",
      "n25",
      "n27",
      "b6",
      "n28",
      "b7",
      "n30",
      "b8",
      "n32",
      "c1",
      "n33",
      "b9",
      "n34",
      "c2",
      "n36",
      "b10",
      "n41",
      "n_i34",
      "c_15_14b",
      "n16b",
      "n42",
      "n44",
      "n46",
      "b12",
      "n47",
      "n49",
      "b13",
      "n50",
      "n52",
      "b14",
      "n53",
      "n56",
      "n58",
      "b16",
      "n59",
      "n62",
      "e12"
    ],
    [
      "i1",
      "n2",
      "n3",
      "n4",
      "n5",
      "n6",
      "n7",
      "n8",
      "b1",
      "n9",
      "n10",
      "n11",
      "n12",
      "n13",
      "b2",
      "n15",
      "c_15_14",
      "n16",
      "n17",
      "n18",
      "b3",
      "n19",
      "n21",
      "b4",
      "n23",
      "n24",
      "b5",
      "n25",
      "n27",
      "b6",
      "n28",
      "b7",
      "n30",
      "b8",
      "n32",
      "c1",
      "n33",
      "b9",
      "n34",
      "c2",
      "n36",
      "b10",
      "n41",
      "n_i34",
      "c_15_14b",
      "n16b",
      "n42",
      "n44",
      "n46",
      "b12",
      "n47",
      "n49",
      "b13",
      "n50",
      "n52",
      "b14",
      "n53",
      "n56",
      "n58",
      "b16",
      "n60",
      "e11"
    ],
    [
      "i1",
      "n2",
      "n3",
      "n4",
      "n5",
      "n6",
      "n7",
      "n8",
      "b1",
      "n9",
      "n10",
      "n11",
      "n12",
      "n13",
      "b2",
      "n15",
      "c_15_14",
      "n16",
      "n17",
      "n18",
      "b3",
      "n19",
      "n21",
      "b4",
      "n23",
      "n24",
      "b5",
      "n25",
      "n27",
      "b6",
      "n28",
      "b7",
      "n30",
      "b8",
      "n32",
      "c1",
      "n33",
      "b9",
      "n34",
      "c2",
      "n36",
      "b10",
      "n41",
      "n_i34",
      "c_15_14b",
      "n16b",
      "n42",
      "n44",
      "n46",
      "b12",
      "n47",
      "n49",
      "b13",
      "n50",
      "n52",
      "b14",
      "n54",
      "e9"
    ],
    [
      "i1",
      "n2",
      "n3",
      "n4",
      "n5",
      "n6",
      "n7",
      "n8",
      "b1",
      "n9",
      "n10",
      "n11",
      "n12",
      "n13",
      "b2",
      "n15",
      "c_15_14",
      "n16",
      "n17",
      "n18",
      "b3",
      "n19",
      "n21",
      "b4",
      "n23",
      "n24",
      "b5",
      "n25",
      "n27",
      "b6",
      "n28",
      "b7",
      "n30",
      "b8",
      "n32",
      "c1",
      "n33",
      "b9",
      "n34",
      "c2",
      "n36",
      "b10",
      "n41",
      "n_i34",
      "c_15_14b",
      "n16b",
      "n42",
      "n44",
      "n46",
      "b12",
      "n47",
      "n49",
      "b13",
      "n51",
      "e8"
    ],
    [
      "i1",
      "n2",
      "n3",
      "n4",
      "n5",
      "n6",
      "n7",
      "n8",
      "b1",
      "n9",
      "n10",
      "n11",
      "n12",
      "n13",
      "b2",
      "n15",
      "c_15_14",
      "n16",
      "n17",
      "n18",
      "b3",
      "n19",
      "n21",
      "b4",
      "n23",
      "n24",
      "b5",
      "n25",
      "n27",
      "b6",
      "n28",
      "b7",
      "n30",
      "b8",
      "n32",
      "c1",
      "n33",
      "b9",
      "n34",
      "c2",
      "n36",
      "b10",
      "n41",
      "n_i34",
      "c_15_14b",
      "n16b",
      "n42",
      "n44",
      "n46",
      "b12",
      "n48",
      "e7"
    ],
    [
      "i1",
      "n2",
      "n3",
      "n4",
      "n5",
      "n6",
      "n7",
      "n8",
      "b1",
      "n9",
      "n10",
      "n11",
      "n12",
      "n13",
      "b2",
      "n15",
      "c_15_14",
      "n16",
      "n17",
      "n18",
      "b3",
      "n19",
      "n21",
      "b4",
      "n23",
      "n24",
      "b5",
      "n25",
      "n27",
      "b6",
      "n28",
      "b7",
      "n30",
      "b8",
      "n32",
      "c1",
      "n33",
      "b9",
      "n35",
      "e5"
    ],
    [
      "i1",
      "n2",
      "n3",
      "n4",
      "n5",
      "n6",
      "n7",
      "n8",
      "b1",
      "n9",
      "n10",
      "n11",
      "n12",
      "n13",
      "b2",
      "n15",
      "c_15_14",
      "n16",
      "n17",
      "n18",
      "b3",
      "n19",
      "n21",
      "b4",
      "n23",
      "n24",
      "b5",
      "n25",
      "n27",
      "b6",
      "n28",
      "b7",
      "c1",
      "n33",
      "b9",
      "n34",
      "c2",
      "n36",
      "b10",
      "n37",
      "n38",
      "n39",
      "n40",
      "n13b",
      "b2b",
      "n14b",
      "c_15_14b",
      "n16b",
      "n42",
      "n44",
      "n46",
      "b12",
      "n47",
      "n49",
      "b13",
      "n50",
      "n52",
      "b14",
      "n53",
      "n56",
      "n58",
      "b16",
      "n59",
      "n62",
      "e12"
    ],
    [
      "i1",
      "n2",
      "n3",
      "n4",
      "n5",
      "n6",
      "n7",
      "n8",
      "b1",
      "n9",
      "n10",
      "n11",
      "n12",
      "n13",
      "b2",
      "n15",
      "c_15_14",
      "n16",
      "n17",
      "n18",
      "b3",
      "n19",
      "n21",
      "b4",
      "n23",
      "n24",
      "b5",
      "n25",
      "n27",
      "b6",
      "n28",
      "b7",
      "c1",
      "n33",
      "b9",
      "n34",
      "c2",
      "n36",
      "b10",
      "n37",
      "n38",
      "n39",
      "n40",
      "n13b",
      "b2b",
      "n14b",
      "c_15_14b",
      "n16b",
      "n42",
      "n44",
      "n46",
      "b12",
      "n47",
      "n49",
      "b13",
      "n50",
      "n52",
      "b14",
      "n53",
      "n56",
      "n58",
      "b16",
      "n60",
      "e11"
    ],
    [
      "i1",
      "n2",
      "n3",
      "n4",
      "n5",
      "n6",
      "n7",
      "n8",
      "b1",
      "n9",
      "n10",
      "n11",
      "n12",
      "n13",
      "b2",
      "n15",
      "c_15_14",
      "n16",
      "n17",
      "n18",
      "b3",
      "n19",
      "n21",
      "b4",
      "n23",
      "n24",
      "b5",
      "n25",
      "n27",
      "b6",
      "n28",
      "b7",
      "c1",
      "n33",
      "b9",
      "n34",
      "c2",
      "n36",
      "b10",
      "n37",
      "n38",
      "n39",
      "n40",
      "n13b",
      "b2b",
      "n14b",
      "c_15_14b",
      "n16b",
      "n42",
      "n44",
      "n46",
      "b12",
      "n47",
      "n49",
      "b13",
      "n50",
      "n52",
      "b14",
      "n54",
      "e9"
    ],
    [
      "i1",
      "n2",
      "n3",
      "n4",
      "n5",
      "n6",
      "n7",
      "n8",
      "b1",
      "n9",
      "n10",
      "n11",
      "n12",
      "n13",
      "b2",
      "n15",
      "c_15_14",
      "n16",
      "n17",
      "n18",
      "b3",
      "n19",
      "n21",
      "b4",
      "n23",
      "n24",
      "b5",
      "n25",
      "n27",
      "b6",
      "n28",
      "b7",
      "c1",
      "n33",
      "b9",
      "n34",
      "c2",
      "n36",
      "b10",
      "n37",
      "n38",
      "n39",
      "n40",
      "n13b",
      "b2b",
      "n14b",
      "c_15_14b",
      "n16b",
      "n42",
      "n44",
      "n46",
      "b12",
      "n47",
      "n49",
      "b13",
      "n51",
      "e8"
    ],
    [
      "i1",
      "n2",
      "n3",
      "n4",
      "n5",
      "n6",
      "n7",
      "n8",
      "b1",
      "n9",
      "n10",
      "n11",
      "n12",
      "n13",
      "b2",
      "n15",
      "c_15_14",
      "n16",
      "n17",
      "n18",
      "b3",
      "n19",
      "n21",
      "b4",
      "n23",
      "n24",
      "b5",
      "n25",
      "n27",
      "b6",
      "n28",
      "b7",
      "c1",
      "n33",
      "b9",
      "n34",
      "c2",
      "n36",
      "b10",
      "n37",
      "n38",
      "n39",
      "n40",
      "n13b",
      "b2b",
      "n14b",
      "c_15_14b",
      "n16b",
      "n42",
      "n44",
      "n46",
      "b12",
      "n48",
      "e7"
    ],
    [
      "i1",
      "n2",
      "n3",
      "n4",
      "n5",
      "n6",
      "n7",
      "n8",
      "b1",
      "n9",
      "n10",
      "n11",
      "n12",
      "n13",
      "b2",
      "n15",
      "c_15_14",
      "n16",
      "n17",
      "n18",
      "b3",
      "n19",
      "n21",
      "b4",
      "n23",
      "n24",
      "b5",
      "n25",
      "n27",
      "b6",
      "n28",
      "b7",
      "c1",
      "n33",
      "b9",
      "n34",
      "c2",
      "n36",
      "b10",
      "n37",
      "n38",
      "n39",
      "n40",
      "n13b",
      "b2b",
      "n15b",
      "c_15_14b",
      "n16b",
      "n42",
      "n44",
      "n46",
      "b12",
      "n47",
      "n49",
      "b13",
      "n50",
      "n52",
      "b14",
      "n53",
      "n56",
      "n58",
      "b16",
      "n59",
      "n62",
      "e12"
    ],
    [
      "i1",
      "n2",
      "n3",
      "n4",
      "n5",
      "n6",
      "n7",
      "n8",
      "b1",
      "n9",
      "n10",
      "n11",
      "n12",
      "n13",
      "b2",
      "n15",
      "c_15_14",
      "n16",
      "n17",
      "n18",
      "b3",
      "n19",
      "n21",
      "b4",
      "n23",
      "n24",
      "b5",
      "n25",
      "n27",
      "b6",
      "n28",
      "b7",
      "c1",
      "n33",
      "b9",
      "n34",
      "c2",
      "n36",
      "b10",
      "n37",
      "n38",
      "n39",
      "n40",
      "n13b",
      "b2b",
      "n15b",
      "c_15_14b",
      "n16b",
      "n42",
      "n44",
      "n46",
      "b12",
      "n47",
      "n49",
      "b13",
      "n50",
      "n52",
      "b14",
      "n53",
      "n56",
      "n58",
      "b16",
      "n60",
      "e11"
    ],
    [
      "i1",
      "n2",
      "n3",
      "n4",
      "n5",
      "n6",
      "n7",
      "n8",
      "b1",
      "n9",
      "n10",
      "n11",
      "n12",
      "n13",
      "b2",
      "n15",
      "c_15_14",
      "n16",
      "n17",
      "n18",
      "b3",
      "n19",
      "n21",
      "b4",
      "n23",
      "n24",
      "b5",
      "n25",
      "n27",
      "b6",
      "n28",
      "b7",
      "c1",
      "n33",
      "b9",
      "n34",
      "c2",
      "n36",
      "b10",
      "n37",
      "n38",
      "n39",
      "n40",
      "n13b",
      "b2b",
      "n15b",
      "c_15_14b",
      "n16b",
      "n42",
      "n44",
      "n46",
      "b12",
      "n47",
      "n49",
      "b13",
      "n50",
      "n52",
      "b14",
      "n54",
      "e9"
    ],
    [
      "i1",
      "n2",
      "n3",
      "n4",
      "n5",
      "n6",
      "n7",
      "n8",
      "b1",
      "n9",
      "n10",
      "n11",
      "n12",
      "n13",
      "b2",
      "n15",
      "c_15_14",
      "n16",
      "n17",
      "n18",
      "b3",
      "n19",
      "n21",
      "b4",
      "n23",
      "n24",
      "b5",
      "n25",
      "n27",
      "b6",
      "n28",
      "b7",
      "c1",
      "n33",
      "b9",
      "n34",
      "c2",
      "n36",
      "b10",
      "n37",
      "n38",
      "n39",
      "n40",
      "n13b",
      "b2b",
      "n15b",
      "c_15_14b",
      "n16b",
      "n42",
      "n44",
      "n46",
      "b12",
      "n47",
      "n49",
      "b13",
      "n51",
      "e8"
    ],
    [
      "i1",
      "n2",
      "n3",
      "n4",
      "n5",
      "n6",
      "n7",
      "n8",
      "b1",
      "n9",
      "n10",
      "n11",
      "n12",
      "n13",
      "b2",
      "n15",
      "c_15_14",
      "n16",
      "n17",
      "n18",
      "b3",
      "n19",
      "n21",
      "b4",
      "n23",
      "n24",
      "b5",
      "n25",
      "n27",
      "b6",
      "n28",
      "b7",
      "c1",
      "n33",
      "b9",
      "n34",
      "c2",
      "n36",
      "b10",
      "n37",
      "n38",
      "n39",
      "n40",
      "n13b",
      "b2b",
      "n15b",
      "c_15_14b",
      "n16b",
      "n42",
      "n44",
      "n46",
      "b12",
      "n48",
      "e7"
    ],
    [
      "i1",
      "n2",
      "n3",
      "n4",
      "n5",
      "n6",
      "n7",
      "n8",
      "b1",
      "n9",
      "n10",
      "n11",
      "n12",
      "n13",
      "b2",
      "n15",
      "c_15_14",
      "n16",
      "n17",
      "n18",
      "b3",
      "n19",
      "n21",
      "b4",
      "n23",
      "n24",
      "b5",
      "n25",
      "n27",
      "b6",
      "n28",
      "b7",
      "c1",
      "n33",
      "b9",
      "n34",
      "c2",
      "n36",
      "b10",
      "n41",
      "n_i34",
      "c_15_14b",
      "n16b",
      "n42",
      "n44",
      "n46",
      "b12",
      "n47",
      "n49",
      "b13",
      "n50",
      "n52",
      "b14",
      "n53",
      "n56",
      "n58",
      "b16",
      "n59",
      "n62",
      "e12"
    ],
    [
      "i1",
      "n2",
      "n3",
      "n4",
      "n5",
      "n6",
      "n7",
      "n8",
      "b1",
      "n9",
      "n10",
      "n11",
      "n12",
      "n13",
      "b2",
      "n15",
      "c_15_14",
      "n16",
      "n17",
      "n18",
      "b3",
      "n19",
      "n21",
      "b4",
      "n23",
      "n24",
      "b5",
      "n25",
      "n27",
      "b6",
      "n28",
      "b7",
      "c1",
      "n33",
      "b9",
      "n34",
      "c2",
      "n36",
      "b10",
      "n41",
      "n_i34",
      "c_15_14b",
      "n16b",
      "n42",
      "n44",
      "n46",
      "b12",
      "n47",
      "n49",
      "b13",
      "n50",
      "n52",
      "b14",
      "n53",
      "n56",
      "n58",
      "b16",
      "n60",
      "e11"
    ],
    [
      "i1",
      "n2",
      "n3",
      "n4",
      "n5",
      "n6",
      "n7",
      "n8",
      "b1",
      "n9",
      "n10",
      "n11",
      "n12",
      "n13",
      "b2",
      "n15",
      "c_15_14",
      "n16",
      "n17",
      "n18",
      "b3",
      "n19",
      "n21",
      "b4",
      "n23",
      "n24",
      "b5",
      "n25",
      "n27",
      "b6",
      "n28",
      "b7",
      "c1",
      "n33",
      "b9",
      "n34",
      "c2",
      "n36",
      "b10",
      "n41",
      "n_i34",
      "c_15_14b",
      "n16b",
      "n42",
      "n44",
      "n46",
      "b12",
      "n47",
      "n49",
      "b13",
      "n50",
      "n52",
      "b14",
      "n54",
      "e9"
    ],
    [
      "i1",
      "n2",
      "n3",
      "n4",
      "n5",
      "n6",
      "n7",
      "n8",
      "b1",
      "n9",
      "n10",
      "n11",
      "n12",
      "n13",
      "b2",
      "n15",
      "c_15_14",
      "n16",
      "n17",
      "n18",
      "b3",
      "n19",
      "n21",
      "b4",
      "n23",
      "n24",
      "b5",
      "n25",
      "n27",
      "b6",
      "n28",
      "b7",
      "c1",
      "n33",
      "b9",
      "n34",
      "c2",
      "n36",
      "b10",
      "n41",
      "n_i34",
      "c_15_14b",
      "n16b",
      "n42",
      "n44",
      "n46",
      "b12",
      "n47",
      "n49",
      "b13",
      "n51",
      "e8"
    ],
    [
      "i1",
      "n2",
      "n3",
      "n4",
      "n5",
      "n6",
      "n7",
      "n8",
      "b1",
      "n9",
      "n10",
      "n11",
      "n12",
      "n13",
      "b2",
      "n15",
      "c_15_14",
      "n16",
      "n17",
      "n18",
      "b3",
      "n19",
      "n21",
      "b4",
      "n23",
      "n24",
      "b5",
      "n25",
      "n27",
      "b6",
      "n28",
      "b7",
      "c1",
      "n33",
      "b9",
      "n34",
      "c2",
      "n36",
      "b10",
      "n41",
      "n_i34",
      "c_15_14b",
      "n16b",
      "n42",
      "n44",
      "n46",
      "b12",
      "n48",
      "e7"
    ],
    [
      "i1",
      "n2",
      "n3",
      "n4",
      "n5",
      "n6",
      "n7",
      "n8",
      "b1",
      "n9",
      "n10",
      "n11",
      "n12",
      "n13",
      "b2",
      "n15",
      "c_15_14",
      "n16",
      "n17",
      "n18",
      "b3",
      "n19",
      "n21",
      "b4",
      "n23",
      "n24",
      "b5",
      "n25",
      "n27",
      "b6",
      "n28",
      "b7",
      "c1",
      "n33",
      "b9",
      "n35",
      "e5"
    ],
    [
      "i1",
      "n2",
      "n3",
      "n4",
      "n5",
      "n6",
      "n7",
      "n8",
      "b1",
      "n9",
      "n10",
      "n11",
      "n12",
      "n13",
      "b2",
      "n15",
      "c_15_14",
      "n16",
      "n17",
      "n18",
      "b3",
      "n19",
      "n21",
      "b4",
      "n23",
      "n24",
      "b5",
      "n25",
      "n27",
      "b6",
      "n29",
      "e4"
    ],
    [
      "i1",
      "n2",
      "n3",
      "n4",
      "n5",
      "n6",
      "n7",
      "n8",
      "b1",
      "n9",
      "n10",
      "n11",
      "n12",
      "n13",
      "b2",
      "n15",
      "c_15_14",
      "n16",
      "n17",
      "n18",
      "b3",
      "n19",
      "n21",
      "b4",
      "n23",
      "n24",
      "b5",
      "n26",
      "e3"
    ],
    [
      "i1",
      "n2",
      "n3",
      "n4",
      "n5",
      "n6",
      "n7",
      "n8",
      "b1",
      "n9",
      "n10",
      "n11",
      "n12",
      "n13",
      "b2",
      "n15",
      "c_15_14",
      "n16",
      "n17",
      "n18",
      "b3",
      "n19",
      "n21",
      "b4",
      "n22",
      "e2"
    ],
    [
      "i1",
      "n2",
      "n3",
      "n4",
      "n5",
      "n6",
      "n7",
      "n8",
      "b1",
      "n9",
      "n10",
      "n11",
      "n12",
      "n13",
      "b2",
      "n15",
      "c_15_14",
      "n16",
      "n17",
      "n18",
      "b3",
      "n20",
      "e1"
    ],
    [
      "i1",
      "n2",
      "n3",
      "n4",
      "n5",
      "n6",
      "n7",
      "n8",
      "b1",
      "c2",
      "n36",
      "b10",
      "n37",
      "n38",
      "n39",
      "n40",
      "n13b",
      "b2b",
      "n14b",
      "c_15_14b",
      "n16b",
      "n42",
      "n44",
      "n46",
      "b12",
      "n47",
      "n49",
      "b13",
      "n50",
      "n52",
      "b14",
      "n53",
      "n56",
      "n58",
      "b16",
      "n59",
      "n62",
      "e12"
    ],
    [
      "i1",
      "n2",
      "n3",
      "n4",
      "n5",
      "n6",
      "n7",
      "n8",
      "b1",
      "c2",
      "n36",
      "b10",
      "n37",
      "n38",
      "n39",
      "n40",
      "n13b",
      "b2b",
      "n14b",
      "c_15_14b",
      "n16b",
      "n42",
      "n44",
      "n46",
      "b12",
      "n47",
      "n49",
      "b13",
      "n50",
      "n52",
      "b14",
      "n53",
      "n56",
      "n58",
      "b16",
      "n60",
      "e11"
    ],
    [
      "i1",
      "n2",
      "n3",
      "n4",
      "n5",
      "n6",
      "n7",
      "n8",
      "b1",
      "c2",
      "n36",
      "b10",
      "n37",
      "n38",
      "n39",
      "n40",
      "n13b",
      "b2b",
      "n14b",
      "c_15_14b",
      "n16b",
      "n42",
      "n44",
      "n46",
      "b12",
      "n47",
      "n49",
      "b13",
      "n50",
      "n52",
      "b14",
      "n54",
      "e9"
    ],
    [
      "i1",
      "n2",
      "n3",
      "n4",
      "n5",
      "n6",
      "n7",
      "n8",
      "b1",
      "c2",
      "n36",
      "b10",
      "n37",
      "n38",
      "n39",
      "n40",
      "n13b",
      "b2b",
      "n14b",
      "c_15_14b",
      "n16b",
      "n42",
      "n44",
      "n46",
      "b12",
      "n47",
      "n49",
      "b13",
      "n51",
      "e8"
    ],
    [
      "i1",
      "n2",
      "n3",
      "n4",
      "n5",
      "n6",
      "n7",
      "n8",
      "b1",
      "c2",
      "n36",
      "b10",
      "n37",
      "n38",
      "n39",
      "n40",
      "n13b",
      "b2b",
      "n14b",
      "c_15_14b",
      "n16b",
      "n42",
      "n44",
      "n46",
      "b12",
      "n48",
      "e7"
    ],
    [
      "i1",
      "n2",
      "n3",
      "n4",
      "n5",
      "n6",
      "n7",
      "n8",
      "b1",
      "c2",
      "n36",
      "b10",
      "n37",
      "n38",
      "n39",
      "n40",
      "n13b",
      "b2b",
      "n15b",
      "c_15_14b",
      "n16b",
      "n42",
      "n44",
      "n46",
      "b12",
      "n47",
      "n49",
      "b13",
      "n50",
      "n52",
      "b14",
      "n53",
      "n56",
      "n58",
      "b16",
      "n59",
      "n62",
      "e12"
    ],
    [
      "i1",
      "n2",
      "n3",
      "n4",
      "n5",
      "n6",
      "n7",
      "n8",
      "b1",
      "c2",
      "n36",
      "b10",
      "n37",
      "n38",
      "n39",
      "n40",
      "n13b",
      "b2b",
      "n15b",
      "c_15_14b",
      "n16b",
      "n42",
      "n44",
      "n46",
      "b12",
      "n47",
      "n49",
      "b13",
      "n50",
      "n52",
      "b14",
      "n53",
      "n56",
      "n58",
      "b16",
      "n60",
      "e11"
    ],
    [
      "i1",
      "n2",
      "n3",
      "n4",
      "n5",
      "n6",
      "n7",
      "n8",
      "b1",
      "c2",
      "n36",
      "b10",
      "n37",
      "n38",
      "n39",
      "n40",
      "n13b",
      "b2b",
      "n15b",
      "c_15_14b",
      "n16b",
      "n42",
      "n44",
      "n46",
      "b12",
      "n47",
      "n49",
      "b13",
      "n50",
      "n52",
      "b14",
      "n54",
      "e9"
    ],
    [
      "i1",
      "n2",
      "n3",
      "n4",
      "n5",
      "n6",
      "n7",
      "n8",
      "b1",
      "c2",
      "n36",
      "b10",
      "n37",
      "n38",
      "n39",
      "n40",
      "n13b",
      "b2b",
      "n15b",
      "c_15_14b",
      "n16b",
      "n42",
      "n44",
      "n46",
      "b12",
      "n47",
      "n49",
      "b13",
      "n51",
      "e8"
    ],
    [
      "i1",
      "n2",
      "n3",
      "n4",
      "n5",
      "n6",
      "n7",
      "n8",
      "b1",
      "c2",
      "n36",
      "b10",
      "n37",
      "n38",
      "n39",
      "n40",
      "n13b",
      "b2b",
      "n15b",
      "c_15_14b",
      "n16b",
      "n42",
      "n44",
      "n46",
      "b12",
      "n48",
      "e7"
    ],
    [
      "i1",
      "n2",
      "n3",
      "n4",
      "n5",
      "n6",
      "n7",
      "n8",
      "b1",
      "c2",
      "n36",
      "b10",
      "n41",
      "n_i34",
      "c_15_14b",
      "n16b",
      "n42",
      "n44",
      "n46",
      "b12",
      "n47",
      "n49",
      "b13",
      "n50",
      "n52",
      "b14",
      "n53",
      "n56",
      "n58",
      "b16",
      "n59",
      "n62",
      "e12"
    ],
    [
      "i1",
      "n2",
      "n3",
      "n4",
      "n5",
      "n6",
      "n7",
      "n8",
      "b1",
      "c2",
      "n36",
      "b10",
      "n41",
      "n_i34",
      "c_15_14b",
      "n16b",
      "n42",
      "n44",
      "n46",
      "b12",
      "n47",
      "n49",
      "b13",
      "n50",
      "n52",
      "b14",
      "n53",
      "n56",
      "n58",
      "b16",
      "n60",
      "e11"
    ],
    [
      "i1",
      "n2",
      "n3",
      "n4",
      "n5",
      "n6",
      "n7",
      "n8",
      "b1",
      "c2",
      "n36",
      "b10",
      "n41",
      "n_i34",
      "c_15_14b",
      "n16b",
      "n42",
      "n44",
      "n46",
      "b12",
      "n47",
      "n49",
      "b13",
      "n50",
      "n52",
      "b14",
      "n54",
      "e9"
    ],
    [
      "i1",
      "n2",
      "n3",
      "n4",
      "n5",
      "n6",
      "n7",
      "n8",
      "b1",
      "c2",
      "n36",
      "b10",
      "n41",
      "n_i34",
      "c_15_14b",
      "n16b",
      "n42",
      "n44",
      "n46",
      "b12",
      "n47",
      "n49",
      "b13",
      "n51",
      "e8"
    ],
    [
      "i1",
      "n2",
      "n3",
      "n4",
      "n5",
      "n6",
      "n7",
      "n8",
      "b1",
      "c2",
      "n36",
      "b10",
      "n41",
      "n_i34",
      "c_15_14b",
      "n16b",
      "n42",
      "n44",
      "n46",
      "b12",
      "n48",
      "e7"
    ]
  ],
  "source_text_traces": [
    [
      "i1",
      "i2",
      "i3",
      "i4",
      "i5",
      "i6",
      "i8",
      "i28",
      "i29",
      "i30",
      "i31",
      "i32",
      "i13",
      "i14",
      "i35",
      "i36",
      "i37",
      "i38",
      "i39",
      "i40",
      "i41",
      "i42",
      "i43",
      "i44"
    ],
    [
      "i1",
      "i2",
      "i3",
      "i4",
      "i5",
      "i6",
      "i8",
      "i28",
      "i29",
      "i30",
      "i31",
      "i32",
      "i13",
      "i14",
      "i35",
      "i36",
      "i37",
      "i38",
      "i39",
      "i40",
      "i41",
      "i42",
      "i43",
      "i18"
    ],
    [
      "i1",
      "i2",
      "i3",
      "i4",
      "i5",
      "i6",
      "i8",
      "i28",
      "i29",
      "i30",
      "i31",
      "i32",
      "i15",
      "i14",
      "i35",
      "i36",
      "i37",
      "i38",
      "i39",
      "i40",
      "i41",
      "i42",
      "i43",
      "i44"
    ],
    [
      "i1",
      "i2",
      "i3",
      "i4",
      "i5",
      "i6",
      "i8",
      "i28",
      "i29",
      "i30",
      "i31",
      "i32",
      "i15",
      "i14",
      "i35",
      "i36",
      "i37",
      "i38",
      "i39",
      "i40",
      "i41",
      "i42",
      "i43",
      "i18"
    ],
    [
      "i1",
      "i2",
      "i3",
      "i4",
      "i5",
      "i6",
      "i8",
      "i33",
      "i34",
      "i14",
      "i35",
      "i36",
      "i37",
      "i38",
      "i39",
      "i40",
      "i41",
      "i42",
      "i43",
      "i44"
    ],
    [
      "i1",
      "i2",
      "i3",
      "i4",
      "i5",
      "i6",
      "i8",
      "i33",
      "i34",
      "i14",
      "i35",
      "i36",
      "i37",
      "i38",
      "i39",
      "i40",
      "i41",
      "i42",
      "i43",
      "i18"
    ],
    [
      "i1",
      "i2",
      "i3",
      "i4",
      "i5",
      "i6",
      "i7",
      "i9",
      "i10",
      "i11",
      "i12",
      "i13",
      "i14",
      "i16",
      "i17",
      "i19",
      "i20",
      "i21",
      "i22",
      "i23",
      "i24",
      "i25",
      "i26",
      "i24"
    ],
    [
      "i1",
      "i2",
      "i3",
      "i4",
      "i5",
      "i6",
      "i7",
      "i9",
      "i10",
      "i11",
      "i12",
      "i15",
      "i14",
      "i16",
      "i17",
      "i19",
      "i20",
      "i21",
      "i22",
      "i23",
      "i24",
      "i25",
      "i26",
      "i24"
    ],
    [
      "i1",
      "i2",
      "i3",
      "i4",
      "i5",
      "i6",
      "i7",
      "i9",
      "i10",
      "i11",
      "i12",
      "i13",
      "i14",
      "i16",
      "i17",
      "i19",
      "i20",
      "i21",
      "i22",
      "i23",
      "i24",
      "i18"
    ],
    [
      "i1",
      "i2",
      "i3",
      "i4",
      "i5",
      "i6",
      "i7",
      "i9",
      "i10",
      "i11",
      "i12",
      "i15",
      "i14",
      "i16",
      "i17",
      "i19",
      "i20",
      "i21",
      "i22",
      "i23",
      "i24",
      "i18"
    ],
    [
      "i1",
      "i2",
      "i3",
      "i4",
      "i5",
      "i6",
      "i7",
      "i9",
      "i10",
      "i11",
      "i12",
      "i13",
      "i14",
      "i16",
      "i17",
      "i19",
      "i20",
      "i21",
      "i22",
      "i23",
      "i24",
      "i27",
      "i28",
      "i29",
      "i30",
      "i31",
      "i32",
      "i13"
    ],
    [
      "i1",
      "i2",
      "i3",
      "i4",
      "i5",
      "i6",
      "i7",
      "i9",
      "i10",
      "i11",
      "i12",
      "i15",
      "i14",
      "i16",
      "i17",
      "i19",
      "i20",
      "i21",
      "i22",
      "i23",
      "i24",
      "i27",
      "i28",
      "i29",
      "i30",
      "i31",
      "i32",
      "i15"
    ],
    [
      "i1",
      "i2",
      "i3",
      "i4",
      "i5",
      "i6",
      "i7",
      "i9",
      "i10",
      "i11",
      "i12",
      "i13",
      "i14",
      "i16",
      "i17",
      "i19",
      "i20",
      "i21",
      "i22",
      "i23",
      "i24",
      "i27",
      "i33",
      "i34",
      "i14"
    ],
    [
      "i1",
      "i2",
      "i3",
      "i4",
      "i5",
      "i6",
      "i7",
      "i9",
      "i10",
      "i11",
      "i12",
      "i15",
      "i14",
      "i16",
      "i17",
      "i19",
      "i20",
      "i21",
      "i22",
      "i23",
      "i24",
      "i27",
      "i33",
      "i34",
      "i14"
    ]
  ]
}