{
  "model_traces": [],
  "source_text_traces": [
    [
      "i1",
      "i2",
      "i12",
      "i3",
      "i4",
      "i5",
      "i6",
      "i13",
      "i14",
      "i8",
      "i15",
      "i9"
    ],
    [
      "i1",
      "i2",
      "i12",
      "i3",
      "i4",
      "i5",
      "i6",
      "i13",
      "i14",
      "i7",
      "i13"
    ],
    [
      "i1",
      "i2",
      "i12",
      "i16",
      "i18",
      "i10",
      "i11",
      "i17"
    ],
    [
      "i1",
      "i2",
      "i12",
      "i16",
      "i10",
      "i11",
      "i17"
    ]
  ]
}