{
  "model_traces": [
    [
      "i1",
      "n2",
      "n3",
      "b1",
      "c_loop2",
      "n8",
      "n9",
      "b3",
      "e1"
    ],
    [
      "i1",
      "n2",
      "n3",
      "b1",
      "c_clear",
      "n15",
      "b5",
      "c_clean2",
      "n22",
      "n23",
      "b8",
      "e2"
    ]
  ],
  "source_text_traces": [
    [
      "i1",
      "i2",
      "i4",
      "i5",
      "i6",
      "i7"
    ],
    [
      "i1",
      "i2",
      "i4",
      "i5",
      "i6",
      "i7",
      "i5"
    ],
    [
      "i1",
      "i2",
      "i4",
      "i8",
      "i9",
      "i10",
      "i8"
    ],
    [
      "i1",
      "i2",
      "i4",
      "i8",
      "i9",
      "i11",
      "i12",
      "i13"
    ],
    [
      "i1",
      "i2",
      "i4",
      "i8",
      "i9",
      "i11",
      "i12",
      "i13",
      "i11"
    ]
  ]
}