{
  "model_traces": [
    [
      "i1",
      "n1",
      "n2",
      "b1",
      "n4",
      "e2"
    ],
    [
      "i1",
      "n1",
      "n2",
      "b1",
      "n5",
      "b2",
      "n7",
      "e3"
    ],
    [
      "i1",
      "n1",
      "n2",
      "b1",
      "n5",
      "b2",
      "n8",
      "n9",
      "e1"
    ],
    [
      "i1",
      "n13",
      "n14",
      "e4"
    ],
    [
      "i1",
      "n16",
      "n17",
      "e5"
    ]
  ],
  "source_text_traces": [
    [
      "i1",
      "i2",
      "i3",
      "i4"
    ],
    [
      "i1",
      "i2",
      "i5",
      "i6",
      "i7",
      "i3",
      "i4"
    ],
    [
      "i1",
      "i2",
      "i5",
      "i6",
      "i7",
      "i8",
      "i9",
      "i10",
      "i11",
      "i12",
      "i13",
      "i14",
      "i15"
    ]
  ]
}