{
  "model_traces": [
    [
      "i1",
      "n_bill",
      "n_rec",
      "b1",
      "n_ret_inc",
      "e1"
    ],
    [
      "i1",
      "n_bill",
      "n_rec",
      "b1",
      "b2",
      "n_checks",
      "b3",
      "n_phone",
      "c1",
      "n_pay",
      "n_bill_cli",
      "b4",
      "n_wait",
      "n_remind",
      "e3"
    ],
    [
      "i1",
      "n_bill",
      "n_rec",
      "b1",
      "b2",
      "n_checks",
      "b3",
      "n_phone",
      "c1",
      "n_pay",
      "n_bill_cli",
      "b4",
      "n_notify",
      "b5",
      "n_unsat",
      "e4"
    ],
    [
      "i1",
      "n_bill",
      "n_rec",
      "b1",
      "b2",
      "n_checks",
      "b3",
      "n_phone",
      "c1",
      "n_pay",
      "n_bill_cli",
      "b4",
      "n_notify",
      "b5",
      "n_sat",
      "e5"
    ],
    [
      "i1",
      "n_bill",
      "n_rec",
      "b1",
      "b2",
      "n_checks",
      "b3",
      "n_mail",
      "e2"
    ],
    [
      "i1",
      "n_bill",
      "n_rec",
      "b1",
      "b2",
      "c1",
      "n_pay",
      "n_bill_cli",
      "b4",
      "n_wait",
      "n_remind",
      "e3"
    ],
    [
      "i1",
      "n_bill",
      "n_rec",
      "b1",
      "b2",
      "c1",
      "n_pay",
      "n_bill_cli",
      "b4",
      "n_notify",
      "b5",
      "n_unsat",
      "e4"
    ],
    [
      "i1",
      "n_bill",
      "n_rec",
      "b1",
      "b2",
      "c1",
      "n_pay",
      "n_bill_cli",
      "b4",
      "n_notify",
      "b5",
      "n_sat",
      "e5"
    ]
  ],
  "source_text_traces": [
    [
      "i1",
      "i2",
      "i3",
      "i5"
    ],
    [
      "i1",
      "i2",
      "i3",
      "i6",
      "i9",
      "i13",
      "i17",
      "i18",
      "i20"
    ],
    [
      "i1",
      "i2",
      "i3",
      "i6",
      "i9",
      "i13",
      "i17",
      "i19",
      "i22"
    ],
    [
      "i1",
      "i2",
      "i3",
      "i6",
      "i9",
      "i13",
      "i17",
      "i19",
      "i23",
      "i20"
    ],
    [
      "i1",
      "i2",
      "i3",
      "i6",
      "i9",
      "i14"
    ],
    [
      "i1",
      "i2",
      "i3",
      "i6",
      "i10",
      "i17",
      "i18",
      "i20"
    ],
    [
      "i1",
      "i2",
      "i3",
      "i6",
      "i10",
      "i17",
      "i19",
      "i22"
    ],
    [
      "i1",
      "i2",
      "i3",
      "i6",
      "i10",
      "i17",
      "i19",
      "i23",
      "i20"
    ]
  ]
}