{
  "model_traces": [
    [
      "i1",
      "n1",
      "b4",
      "n2",
      "n13",
      "n14",
      "n15",
      "n16",
      "b6",
      "n17",
      "e5"
    ],
    [
      "i1",
      "n1",
      "b4",
      "n2",
      "n13",
      "n14",
      "n15",
      "n16",
      "b6",
      "n18",
      "b3",
      "n19",
      "n21",
      "e6"
    ],
    [
      "i1",
      "n1",
      "b4",
      "n2",
      "n13",
      "n14",
      "n15",
      "n16",
      "b6",
      "n18",
      "b3",
      "n20",
      "n22",
      "e7"
    ],
    [
      "i1",
      "n1",
      "b4",
      "n3",
      "b5",
      "n4",
      "b1",
      "n5",
      "e1"
    ],
    [
      "i1",
      "n1",
      "b4",
      "n3",
      "b5",
      "n4",
      "b1",
      "n6",
      "b2",
      "n7",
      "n9",
      "n11",
      "e3"
    ],
    [
      "i1",
      "n1",
      "b4",
      "n3",
      "b5",
      "n4",
      "b1",
      "n6",
      "b2",
      "n8",
      "n10",
      "e3"
    ],
    [
      "i1",
      "n1",
      "b4",
      "n3",
      "b5",
      "e1"
    ],
    [
      "i1",
      "n1",
      "b4",
      "n12",
      "e4"
    ]
  ],
  "source_text_traces": [
    [
      "i1",
      "i2"
    ],
    [
      "i1",
      "i2",
      "i3",
      "i4",
      "i5"
    ],
    [
      "i1",
      "i2",
      "i3",
      "i6",
      "i7",
      "i8",
      "i10"
    ],
    [
      "i1",
      "i2",
      "i3",
      "i6",
      "i7",
      "i8",
      "i9",
      "i11"
    ],
    [
      "i1",
      "i2",
      "i3",
      "i4",
      "i5",
      "i6",
      "i7",
      "i8",
      "i10"
    ],
    [
      "i1",
      "i2",
      "i3",
      "i4",
      "i5",
      "i6",
      "i7",
      "i8",
      "i9",
      "i11"
    ]
  ]
}