{
  "model_traces": [
    [
      "i1",
      "n1",
      "b1",
      "n4",
      "n5",
      "e1"
    ],
    [
      "i1",
      "n1",
      "b1",
      "n2",
      "n3",
      "b2",
      "n7",
      "n10",
      "c1",
      "n18",
      "n12",
      "b3",
      "n13",
      "e2"
    ],
    [
      "i1",
      "n1",
      "b1",
      "n2",
      "n3",
      "b2",
      "n7",
      "n10",
      "c1",
      "n18",
      "n12",
      "b3",
      "n15",
      "n17",
      "e3"
    ],
    [
      "i1",
      "n1",
      "b1",
      "n2",
      "n3",
      "b2",
      "n7",
      "n10",
      "c1",
      "n18",
      "n12",
      "b3",
      "n16",
      "e3"
    ],
    [
      "i1",
      "n1",
      "b1",
      "n2",
      "n3",
      "b2",
      "n8",
      "n9",
      "c1",
      "n18",
      "n12",
      "b3",
      "n13",
      "e2"
    ],
    [
      "i1",
      "n1",
      "b1",
      "n2",
      "n3",
      "b2",
      "n8",
      "n9",
      "c1",
      "n18",
      "n12",
      "b3",
      "n15",
      "n17",
      "e3"
    ],
    [
      "i1",
      "n1",
      "b1",
      "n2",
      "n3",
      "b2",
      "n8",
      "n9",
      "c1",
      "n18",
      "n12",
      "b3",
      "n16",
      "e3"
    ]
  ],
  "source_text_traces": [
    [
      "i1",
      "i4"
    ],
    [
      "i1",
      "i2",
      "i3",
      "i5",
      "i7",
      "i8",
      "i9",
      "i11"
    ],
    [
      "i1",
      "i2",
      "i3",
      "i5",
      "i7",
      "i8",
      "i9",
      "i12",
      "i13"
    ],
    [
      "i1",
      "i2",
      "i3",
      "i5",
      "i7",
      "i8",
      "i9",
      "i15"
    ],
    [
      "i1",
      "i2",
      "i3",
      "i6",
      "i8",
      "i9",
      "i11"
    ],
    [
      "i1",
      "i2",
      "i3",
      "i6",
      "i8",
      "i9",
      "i12",
      "i13"
    ],
    [
      "i1",
      "i2",
      "i3",
      "i6",
      "i8",
      "i9",
      "i15"
    ]
  ]
}