{
  "model_traces": [
    [
      "i1",
      "n1",
      "n2",
      "n3",
      "b1",
      "n4",
      "n6",
      "n7",
      "b2",
      "c3",
      "c4",
      "n8",
      "b3",
      "n12",
      "c2",
      "n14",
      "e1"
    ],
    [
      "i1",
      "n1",
      "n2",
      "n3",
      "b1",
      "n4",
      "n6",
      "n7",
      "b2",
      "c3",
      "c4",
      "n8",
      "b3",
      "n13",
      "c2",
      "n14",
      "e1"
    ],
    [
      "i1",
      "n1",
      "n2",
      "n3",
      "b1",
      "n4",
      "n6",
      "n7",
      "b2",
      "c3_1",
      "c4",
      "n8",
      "b3",
      "n12",
      "c2",
      "n14",
      "e1"
    ],
    [
      "i1",
      "n1",
      "n2",
      "n3",
      "b1",
      "n4",
      "n6",
      "n7",
      "b2",
      "c3_1",
      "c4",
      "n8",
      "b3",
      "n13",
      "c2",
      "n14",
      "e1"
    ],
    [
      "i1",
      "n1",
      "n2",
      "n3",
      "b1",
      "n5",
      "n9",
      "n10",
      "c4",
      "n8",
      "b3",
      "n12",
      "c2",
      "n14",
      "e1"
    ],
    [
      "i1",
      "n1",
      "n2",
      "n3",
      "b1",
      "n5",
      "n9",
      "n10",
      "c4",
      "n8",
      "b3",
      "n13",
      "c2",
      "n14",
      "e1"
    ]
  ],
  "source_text_traces": [
    [
      "i1",
      "i2",
      "i3",
      "i4",
      "i5",
      "i8",
      "i12",
      "i13",
      "i16",
      "i17",
      "i15"
    ],
    [
      "i1",
      "i2",
      "i3",
      "i4",
      "i5",
      "i8",
      "i12",
      "i13",
      "i16",
      "i18",
      "i15"
    ],
    [
      "i1",
      "i2",
      "i3",
      "i4",
      "i5",
      "i8",
      "i14",
      "i13",
      "i16",
      "i17",
      "i15"
    ],
    [
      "i1",
      "i2",
      "i3",
      "i4",
      "i5",
      "i8",
      "i14",
      "i13",
      "i16",
      "i18",
      "i15"
    ],
    [
      "i1",
      "i2",
      "i3",
      "i6",
      "i7",
      "i10",
      "i11",
      "i16",
      "i17",
      "i15"
    ],
    [
      "i1",
      "i2",
      "i3",
      "i6",
      "i7",
      "i10",
      "i11",
      "i16",
      "i18",
      "i15"
    ]
  ]
}