{
  "model_traces": [
    [
      "i1",
      "n1",
      "n2",
      "b1",
      "n3",
      "n5",
      "b2",
      "n8",
      "n9",
      "e1"
    ],
    [
      "i1",
      "n1",
      "n2",
      "b1",
      "n3",
      "n5",
      "b2",
      "n10",
      "e1"
    ],
    [
      "i1",
      "n1",
      "n2",
      "b1",
      "n3",
      "n5",
      "b2",
      "n11",
      "b3",
      "n12",
      "n13",
      "e2"
    ],
    [
      "i1",
      "n1",
      "n2",
      "b1",
      "n3",
      "n5",
      "b2",
      "n11",
      "b3",
      "n14",
      "n15",
      "e3"
    ],
    [
      "i1",
      "n1",
      "n2",
      "b1",
      "n4",
      "n16",
      "b4",
      "n17",
      "n18",
      "n19",
      "b_tab1",
      "a_inv",
      "a_inv_data",
      "c_tab1",
      "b_tab2",
      "a_front",
      "c_tab2",
      "n21",
      "n22",
      "n23",
      "e4"
    ],
    [
      "i1",
      "n1",
      "n2",
      "b1",
      "n4",
      "n16",
      "b4",
      "n17",
      "n18",
      "n19",
      "b_tab1",
      "a_inv",
      "a_inv_data",
      "c_tab1",
      "b_tab2",
      "a_rear",
      "c_tab2",
      "n21",
      "n22",
      "n23",
      "e4"
    ],
    [
      "i1",
      "n1",
      "n2",
      "b1",
      "n4",
      "n16",
      "b4",
      "n17",
      "n18",
      "n19",
      "b_tab1",
      "a_inv",
      "a_inv_data",
      "c_tab1",
      "b_tab2",
      "a_other",
      "c_tab2",
      "n21",
      "n22",
      "n23",
      "e4"
    ],
    [
      "i1",
      "n1",
      "n2",
      "b1",
      "n4",
      "n16",
      "b4",
      "n17",
      "n18",
      "n19",
      "b_tab1",
      "a_prov",
      "a_prov_data",
      "c_tab1",
      "b_tab2",
      "a_front",
      "c_tab2",
      "n21",
      "n22",
      "n23",
      "e4"
    ],
    [
      "i1",
      "n1",
      "n2",
      "b1",
      "n4",
      "n16",
      "b4",
      "n17",
      "n18",
      "n19",
      "b_tab1",
      "a_prov",
      "a_prov_data",
      "c_tab1",
      "b_tab2",
      "a_rear",
      "c_tab2",
      "n21",
      "n22",
      "n23",
      "e4"
    ],
    [
      "i1",
      "n1",
      "n2",
      "b1",
      "n4",
      "n16",
      "b4",
      "n17",
      "n18",
      "n19",
      "b_tab1",
      "a_prov",
      "a_prov_data",
      "c_tab1",
      "b_tab2",
      "a_other",
      "c_tab2",
      "n21",
      "n22",
      "n23",
      "e4"
    ],
    [
      "i1",
      "n1",
      "n2",
      "b1",
      "n4",
      "n16",
      "b4",
      "n24",
      "n25",
      "n26",
      "n27",
      "n28",
      "n29",
      "e5"
    ],
    [
      "i1",
      "n1",
      "n2",
      "b1",
      "n4",
      "n16",
      "b4",
      "n30",
      "n31",
      "n32",
      "n33",
      "e6"
    ]
  ],
  "source_text_traces": [
    [
      "i1",
      "i2",
      "i3",
      "i4",
      "i5"
    ],
    [
      "i1",
      "i2",
      "i3",
      "i4",
      "i6"
    ],
    [
      "i1",
      "i2",
      "i3",
      "i7",
      "i8"
    ],
    [
      "i1",
      "i2",
      "i3",
      "i7",
      "i9"
    ],
    [
      "i1",
      "i10",
      "i11",
      "i14",
      "i15",
      "i16",
      "i17"
    ],
    [
      "i1",
      "i10",
      "i12",
      "i18"
    ],
    [
      "i1",
      "i10",
      "i13",
      "i19"
    ]
  ]
}