{
  "model_traces": [
    [
      "i1",
      "n2",
      "n4",
      "b2",
      "n7",
      "n8",
      "n9",
      "n10",
      "n11",
      "n12",
      "n13",
      "n14",
      "n15",
      "n18",
      "n19",
      "e2"
    ],
    [
      "i1",
      "n2",
      "n4",
      "b2",
      "n20",
      "n21",
      "n22",
      "n23",
      "n24",
      "n25",
      "e3"
    ]
  ],
  "source_text_traces": [
    [
      "i1",
      "i3",
      "i5",
      "i6",
      "i7",
      "i8",
      "i9",
      "i10",
      "i11",
      "i12",
      "i13",
      "i14",
      "i16",
      "i17"
    ],
    [
      "i1",
      "i3",
      "i5",
      "i18",
      "i19",
      "i20",
      "i21",
      "i22",
      "i23"
    ]
  ]
}