{
  "model_traces": [
    [
      "i1",
      "n_cont",
      "n_i3",
      "n_pri1",
      "n_lookup",
      "b2",
      "n_master",
      "e1"
    ],
    [
      "i1",
      "n_cont",
      "n_i3",
      "n_pri1",
      "n_lookup",
      "b2",
      "n_inv1",
      "n_inv2",
      "n_out",
      "e2"
    ]
  ],
  "source_text_traces": [
    [
      "i1",
      "i2",
      "i3",
      "i4",
      "i5",
      "i6"
    ],
    [
      "i1",
      "i2",
      "i3",
      "i4",
      "i5",
      "i7",
      "i8",
      "i9"
    ]
  ]
}