{
  "model_traces": [
    [
      "start",
      "i1",
      "i2",
      "i3",
      "n_prepare",
      "c_parallel",
      "b_availability",
      "n_check_again",
      "i4"
    ],
    [
      "start",
      "i1",
      "i2",
      "i3",
      "n_prepare",
      "c_parallel",
      "b_availability",
      "i5",
      "i6",
      "e_final"
    ],
    [
      "start",
      "i1",
      "i2",
      "i3",
      "n_check_avail",
      "c_parallel",
      "b_availability",
      "n_check_again",
      "i4"
    ],
    [
      "start",
      "i1",
      "i2",
      "i3",
      "n_check_avail",
      "c_parallel",
      "b_availability",
      "i5",
      "i6",
      "e_final"
    ]
  ],
  "source_text_traces": [
    [
      "i1",
      "i2",
      "i3",
      "i4"
    ],
    [
      "i1",
      "i2",
      "i3",
      "i5",
      "i6"
    ]
  ]
}