{
  "model_traces": [
    [
      "i1",
      "n2",
      "n3",
      "b1",
      "n7",
      "b2",
      "n9",
      "b3",
      "n13",
      "c1",
      "n15",
      "b6",
      "n16",
      "c2",
      "n18",
      "b4",
      "n20",
      "n21",
      "e3"
    ],
    [
      "i1",
      "n2",
      "n3",
      "b1",
      "n7",
      "b2",
      "n9",
      "b3",
      "n13",
      "c1",
      "n15",
      "b6",
      "n16",
      "c2",
      "n18",
      "b4",
      "b5",
      "n23",
      "n24",
      "n25",
      "n26",
      "e4"
    ],
    [
      "i1",
      "n2",
      "n3",
      "b1",
      "n7",
      "b2",
      "n9",
      "b3",
      "n13",
      "c1",
      "n15",
      "b6",
      "n17",
      "c2",
      "n18",
      "b4",
      "n20",
      "n21",
      "e3"
    ],
    [
      "i1",
      "n2",
      "n3",
      "b1",
      "n7",
      "b2",
      "n9",
      "b3",
      "n13",
      "c1",
      "n15",
      "b6",
      "n17",
      "c2",
      "n18",
      "b4",
      "b5",
      "n23",
      "n24",
      "n25",
      "n26",
      "e4"
    ],
    [
      "i1",
      "n2",
      "n3",
      "b1",
      "n7",
      "b2",
      "n9",
      "b3",
      "n14",
      "c1",
      "n15",
      "b6",
      "n16",
      "c2",
      "n18",
      "b4",
      "n20",
      "n21",
      "e3"
    ],
    [
      "i1",
      "n2",
      "n3",
      "b1",
      "n7",
      "b2",
      "n9",
      "b3",
      "n14",
      "c1",
      "n15",
      "b6",
      "n16",
      "c2",
      "n18",
      "b4",
      "b5",
      "n23",
      "n24",
      "n25",
      "n26",
      "e4"
    ],
    [
      "i1",
      "n2",
      "n3",
      "b1",
      "n7",
      "b2",
      "n9",
      "b3",
      "n14",
      "c1",
      "n15",
      "b6",
      "n17",
      "c2",
      "n18",
      "b4",
      "n20",
      "n21",
      "e3"
    ],
    [
      "i1",
      "n2",
      "n3",
      "b1",
      "n7",
      "b2",
      "n9",
      "b3",
      "n14",
      "c1",
      "n15",
      "b6",
      "n17",
      "c2",
      "n18",
      "b4",
      "b5",
      "n23",
      "n24",
      "n25",
      "n26",
      "e4"
    ]
  ],
  "source_text_traces": [
    [
      "i1",
      "i2",
      "i3",
      "i5"
    ],
    [
      "i1",
      "i2",
      "i3",
      "i4",
      "i7"
    ],
    [
      "i1",
      "i2",
      "i3",
      "i4",
      "i6",
      "i8",
      "i10",
      "i11",
      "i12",
      "i13"
    ],
    [
      "i1",
      "i2",
      "i3",
      "i4",
      "i6",
      "i9",
      "i10",
      "i11",
      "i12",
      "i13"
    ],
    [
      "i1",
      "i2",
      "i3",
      "i4",
      "i6",
      "i8",
      "i10",
      "i11",
      "i12",
      "i14",
      "i15",
      "i17"
    ],
    [
      "i1",
      "i2",
      "i3",
      "i4",
      "i6",
      "i9",
      "i10",
      "i11",
      "i12",
      "i14",
      "i15",
      "i17"
    ],
    [
      "i1",
      "i2",
      "i3",
      "i4",
      "i6",
      "i8",
      "i10",
      "i11",
      "i12",
      "i14",
      "i16"
    ],
    [
      "i1",
      "i2",
      "i3",
      "i4",
      "i6",
      "i9",
      "i10",
      "i11",
      "i12",
      "i14",
      "i16"
    ]
  ]
}