{
  "model_traces": [
    [
      "i1",
      "n2",
      "b_strap",
      "n34",
      "c_strap",
      "n3",
      "b1",
      "n4",
      "n7",
      "n8",
      "n10",
      "n11",
      "n12",
      "n35",
      "n36",
      "n13",
      "n14",
      "b_lock",
      "n16",
      "c_lock",
      "b_plug",
      "n18",
      "c_plug",
      "n19",
      "n20",
      "b_sra",
      "n22",
      "c_sra",
      "e3"
    ],
    [
      "i1",
      "n2",
      "b_strap",
      "n34",
      "c_strap",
      "n3",
      "b1",
      "n4",
      "n7",
      "n8",
      "n10",
      "n11",
      "n12",
      "n35",
      "n36",
      "n13",
      "n14",
      "b_lock",
      "n16",
      "c_lock",
      "b_plug",
      "n18",
      "c_plug",
      "n19",
      "n20",
      "b_sra",
      "c_sra",
      "e3"
    ],
    [
      "i1",
      "n2",
      "b_strap",
      "n34",
      "c_strap",
      "n3",
      "b1",
      "n4",
      "n7",
      "n8",
      "n10",
      "n11",
      "n12",
      "n35",
      "n36",
      "n13",
      "n14",
      "b_lock",
      "n16",
      "c_lock",
      "b_plug",
      "c_plug",
      "n19",
      "n20",
      "b_sra",
      "n22",
      "c_sra",
      "e3"
    ],
    [
      "i1",
      "n2",
      "b_strap",
      "n34",
      "c_strap",
      "n3",
      "b1",
      "n4",
      "n7",
      "n8",
      "n10",
      "n11",
      "n12",
      "n35",
      "n36",
      "n13",
      "n14",
      "b_lock",
      "n16",
      "c_lock",
      "b_plug",
      "c_plug",
      "n19",
      "n20",
      "b_sra",
      "c_sra",
      "e3"
    ],
    [
      "i1",
      "n2",
      "b_strap",
      "n34",
      "c_strap",
      "n3",
      "b1",
      "n4",
      "n7",
      "n8",
      "n10",
      "n11",
      "n12",
      "n35",
      "n36",
      "n13",
      "n14",
      "b_lock",
      "c_lock",
      "b_plug",
      "n18",
      "c_plug",
      "n19",
      "n20",
      "b_sra",
      "n22",
      "c_sra",
      "e3"
    ],
    [
      "i1",
      "n2",
      "b_strap",
      "n34",
      "c_strap",
      "n3",
      "b1",
      "n4",
      "n7",
      "n8",
      "n10",
      "n11",
      "n12",
      "n35",
      "n36",
      "n13",
      "n14",
      "b_lock",
      "c_lock",
      "b_plug",
      "n18",
      "c_plug",
      "n19",
      "n20",
      "b_sra",
      "c_sra",
      "e3"
    ],
    [
      "i1",
      "n2",
      "b_strap",
      "n34",
      "c_strap",
      "n3",
      "b1",
      "n4",
      "n7",
      "n8",
      "n10",
      "n11",
      "n12",
      "n35",
      "n36",
      "n13",
      "n14",
      "b_lock",
      "c_lock",
      "b_plug",
      "c_plug",
      "n19",
      "n20",
      "b_sra",
      "n22",
      "c_sra",
      "e3"
    ],
    [
      "i1",
      "n2",
      "b_strap",
      "n34",
      "c_strap",
      "n3",
      "b1",
      "n4",
      "n7",
      "n8",
      "n10",
      "n11",
      "n12",
      "n35",
      "n36",
      "n13",
      "n14",
      "b_lock",
      "c_lock",
      "b_plug",
      "c_plug",
      "n19",
      "n20",
      "b_sra",
      "c_sra",
      "e3"
    ],
    [
      "i1",
      "n2",
      "b_strap",
      "n34",
      "c_strap",
      "n3",
      "b1",
      "n5",
      "b_led",
      "n25",
      "c_led",
      "b_cables",
      "n28",
      "c_cables",
      "n29",
      "n30",
      "n31",
      "n32",
      "e2"
    ],
    [
      "i1",
      "n2",
      "b_strap",
      "n34",
      "c_strap",
      "n3",
      "b1",
      "n5",
      "b_led",
      "n25",
      "c_led",
      "b_cables",
      "c_cables",
      "n29",
      "n30",
      "n31",
      "n32",
      "e2"
    ],
    [
      "i1",
      "n2",
      "b_strap",
      "n34",
      "c_strap",
      "n3",
      "b1",
      "n5",
      "b_led",
      "n26",
      "c_led",
      "b_cables",
      "n28",
      "c_cables",
      "n29",
      "n30",
      "n31",
      "n32",
      "e2"
    ],
    [
      "i1",
      "n2",
      "b_strap",
      "n34",
      "c_strap",
      "n3",
      "b1",
      "n5",
      "b_led",
      "n26",
      "c_led",
      "b_cables",
      "c_cables",
      "n29",
      "n30",
      "n31",
      "n32",
      "e2"
    ],
    [
      "i1",
      "n2",
      "b_strap",
      "n34",
      "c_strap",
      "n3",
      "b1",
      "n5",
      "b_led",
      "c_led",
      "b_cables",
      "n28",
      "c_cables",
      "n29",
      "n30",
      "n31",
      "n32",
      "e2"
    ],
    [
      "i1",
      "n2",
      "b_strap",
      "n34",
      "c_strap",
      "n3",
      "b1",
      "n5",
      "b_led",
      "c_led",
      "b_cables",
      "c_cables",
      "n29",
      "n30",
      "n31",
      "n32",
      "e2"
    ],
    [
      "i1",
      "n2",
      "b_strap",
      "c_strap",
      "n3",
      "b1",
      "n4",
      "n7",
      "n8",
      "n10",
      "n11",
      "n12",
      "n35",
      "n36",
      "n13",
      "n14",
      "b_lock",
      "n16",
      "c_lock",
      "b_plug",
      "n18",
      "c_plug",
      "n19",
      "n20",
      "b_sra",
      "n22",
      "c_sra",
      "e3"
    ],
    [
      "i1",
      "n2",
      "b_strap",
      "c_strap",
      "n3",
      "b1",
      "n4",
      "n7",
      "n8",
      "n10",
      "n11",
      "n12",
      "n35",
      "n36",
      "n13",
      "n14",
      "b_lock",
      "n16",
      "c_lock",
      "b_plug",
      "n18",
      "c_plug",
      "n19",
      "n20",
      "b_sra",
      "c_sra",
      "e3"
    ],
    [
      "i1",
      "n2",
      "b_strap",
      "c_strap",
      "n3",
      "b1",
      "n4",
      "n7",
      "n8",
      "n10",
      "n11",
      "n12",
      "n35",
      "n36",
      "n13",
      "n14",
      "b_lock",
      "n16",
      "c_lock",
      "b_plug",
      "c_plug",
      "n19",
      "n20",
      "b_sra",
      "n22",
      "c_sra",
      "e3"
    ],
    [
      "i1",
      "n2",
      "b_strap",
      "c_strap",
      "n3",
      "b1",
      "n4",
      "n7",
      "n8",
      "n10",
      "n11",
      "n12",
      "n35",
      "n36",
      "n13",
      "n14",
      "b_lock",
      "n16",
      "c_lock",
      "b_plug",
      "c_plug",
      "n19",
      "n20",
      "b_sra",
      "c_sra",
      "e3"
    ],
    [
      "i1",
      "n2",
      "b_strap",
      "c_strap",
      "n3",
      "b1",
      "n4",
      "n7",
      "n8",
      "n10",
      "n11",
      "n12",
      "n35",
      "n36",
      "n13",
      "n14",
      "b_lock",
      "c_lock",
      "b_plug",
      "n18",
      "c_plug",
      "n19",
      "n20",
      "b_sra",
      "n22",
      "c_sra",
      "e3"
    ],
    [
      "i1",
      "n2",
      "b_strap",
      "c_strap",
      "n3",
      "b1",
      "n4",
      "n7",
      "n8",
      "n10",
      "n11",
      "n12",
      "n35",
      "n36",
      "n13",
      "n14",
      "b_lock",
      "c_lock",
      "b_plug",
      "n18",
      "c_plug",
      "n19",
      "n20",
      "b_sra",
      "c_sra",
      "e3"
    ],
    [
      "i1",
      "n2",
      "b_strap",
      "c_strap",
      "n3",
      "b1",
      "n4",
      "n7",
      "n8",
      "n10",
      "n11",
      "n12",
      "n35",
      "n36",
      "n13",
      "n14",
      "b_lock",
      "c_lock",
      "b_plug",
      "c_plug",
      "n19",
      "n20",
      "b_sra",
      "n22",
      "c_sra",
      "e3"
    ],
    [
      "i1",
      "n2",
      "b_strap",
      "c_strap",
      "n3",
      "b1",
      "n4",
      "n7",
      "n8",
      "n10",
      "n11",
      "n12",
      "n35",
      "n36",
      "n13",
      "n14",
      "b_lock",
      "c_lock",
      "b_plug",
      "c_plug",
      "n19",
      "n20",
      "b_sra",
      "c_sra",
      "e3"
    ],
    [
      "i1",
      "n2",
      "b_strap",
      "c_strap",
      "n3",
      "b1",
      "n5",
      "b_led",
      "n25",
      "c_led",
      "b_cables",
      "n28",
      "c_cables",
      "n29",
      "n30",
      "n31",
      "n32",
      "e2"
    ],
    [
      "i1",
      "n2",
      "b_strap",
      "c_strap",
      "n3",
      "b1",
      "n5",
      "b_led",
      "n25",
      "c_led",
      "b_cables",
      "c_cables",
      "n29",
      "n30",
      "n31",
      "n32",
      "e2"
    ],
    [
      "i1",
      "n2",
      "b_strap",
      "c_strap",
      "n3",
      "b1",
      "n5",
      "b_led",
      "n26",
      "c_led",
      "b_cables",
      "n28",
      "c_cables",
      "n29",
      "n30",
      "n31",
      "n32",
      "e2"
    ],
    [
      "i1",
      "n2",
      "b_strap",
      "c_strap",
      "n3",
      "b1",
      "n5",
      "b_led",
      "n26",
      "c_led",
      "b_cables",
      "c_cables",
      "n29",
      "n30",
      "n31",
      "n32",
      "e2"
    ],
    [
      "i1",
      "n2",
      "b_strap",
      "c_strap",
      "n3",
      "b1",
      "n5",
      "b_led",
      "c_led",
      "b_cables",
      "n28",
      "c_cables",
      "n29",
      "n30",
      "n31",
      "n32",
      "e2"
    ],
    [
      "i1",
      "n2",
      "b_strap",
      "c_strap",
      "n3",
      "b1",
      "n5",
      "b_led",
      "c_led",
      "b_cables",
      "c_cables",
      "n29",
      "n30",
      "n31",
      "n32",
      "e2"
    ]
  ],
  "source_text_traces": [
    [
      "i1",
      "i2",
      "i4",
      "i5",
      "i7",
      "i9",
      "i12",
      "i13",
      "i14",
      "i16",
      "i17",
      "i18",
      "i19",
      "i20",
      "i21",
      "i22",
      "i23",
      "i25"
    ],
    [
      "i1",
      "i2",
      "i4",
      "i5",
      "i7",
      "i9",
      "i12",
      "i13",
      "i14",
      "i16",
      "i17",
      "i18",
      "i19",
      "i20",
      "i21",
      "i22",
      "i26",
      "i28",
      "i29",
      "i30",
      "i31",
      "i33"
    ],
    [
      "i1",
      "i5",
      "i7",
      "i9",
      "i13",
      "i17",
      "i18",
      "i19",
      "i20",
      "i21",
      "i22",
      "i29",
      "i30"
    ],
    [
      "i1",
      "i2",
      "i4",
      "i5",
      "i8",
      "i34",
      "i35",
      "i37",
      "i38",
      "i41",
      "i43",
      "i44",
      "i45",
      "i46",
      "i47"
    ],
    [
      "i1",
      "i2",
      "i4",
      "i5",
      "i8",
      "i34",
      "i35",
      "i39",
      "i40",
      "i41",
      "i43",
      "i44",
      "i45",
      "i46",
      "i47"
    ],
    [
      "i1",
      "i5",
      "i8",
      "i34",
      "i44",
      "i45",
      "i46",
      "i47"
    ]
  ]
}