{
  "model_traces": [
    [
      "i1",
      "n1",
      "n21",
      "n2",
      "b1",
      "n4",
      "n17",
      "n18",
      "n19",
      "n20",
      "n22",
      "e3"
    ]
  ],
  "source_text_traces": [
    [
      "i1",
      "i2",
      "i3",
      "i4",
      "i5",
      "i8",
      "i9",
      "i10",
      "i11",
      "i12",
      "i13",
      "i14",
      "i15",
      "i16",
      "i17",
      "i18"
    ],
    [
      "i1",
      "i2",
      "i3",
      "i6",
      "i7",
      "i19",
      "i20",
      "i21",
      "i22",
      "i23"
    ]
  ]
}