{
  "model_traces": [
    [
      "i1",
      "n1",
      "n2",
      "n3",
      "b1",
      "n4",
      "n12",
      "e1"
    ],
    [
      "i1",
      "n1",
      "n2",
      "n3",
      "b1",
      "n5",
      "b2",
      "n7",
      "n8",
      "b3",
      "n9",
      "c_pay_in",
      "n18",
      "b8",
      "n20",
      "c_pay_out",
      "n21",
      "b9",
      "n23",
      "c_end_merge",
      "n29",
      "e1"
    ],
    [
      "i1",
      "n1",
      "n2",
      "n3",
      "b1",
      "n5",
      "b2",
      "n7",
      "n8",
      "b3",
      "n9",
      "c_pay_in",
      "n18",
      "b8",
      "n20",
      "c_pay_out",
      "n21",
      "b9",
      "b12",
      "n32",
      "c_end_merge",
      "n29",
      "e1"
    ],
    [
      "i1",
      "n1",
      "n2",
      "n3",
      "b1",
      "n5",
      "b2",
      "n7",
      "n8",
      "b3",
      "n9",
      "c_pay_in",
      "n18",
      "b8",
      "n20",
      "c_pay_out",
      "n21",
      "b9",
      "b12",
      "n28",
      "n33",
      "c_end_merge",
      "n29",
      "e1"
    ],
    [
      "i1",
      "n1",
      "n2",
      "n3",
      "b1",
      "n5",
      "b2",
      "n7",
      "n8",
      "b3",
      "n9",
      "c_pay_in",
      "n18",
      "b8",
      "c_pay_out",
      "n21",
      "b9",
      "n23",
      "c_end_merge",
      "n29",
      "e1"
    ],
    [
      "i1",
      "n1",
      "n2",
      "n3",
      "b1",
      "n5",
      "b2",
      "n7",
      "n8",
      "b3",
      "n9",
      "c_pay_in",
      "n18",
      "b8",
      "c_pay_out",
      "n21",
      "b9",
      "b12",
      "n32",
      "c_end_merge",
      "n29",
      "e1"
    ],
    [
      "i1",
      "n1",
      "n2",
      "n3",
      "b1",
      "n5",
      "b2",
      "n7",
      "n8",
      "b3",
      "n9",
      "c_pay_in",
      "n18",
      "b8",
      "c_pay_out",
      "n21",
      "b9",
      "b12",
      "n28",
      "n33",
      "c_end_merge",
      "n29",
      "e1"
    ],
    [
      "i1",
      "n1",
      "n2",
      "n3",
      "b1",
      "n5",
      "b2",
      "n7",
      "n8",
      "b3",
      "n10",
      "b4",
      "n11",
      "c_pay_in",
      "n18",
      "b8",
      "n20",
      "c_pay_out",
      "n21",
      "b9",
      "n23",
      "c_end_merge",
      "n29",
      "e1"
    ],
    [
      "i1",
      "n1",
      "n2",
      "n3",
      "b1",
      "n5",
      "b2",
      "n7",
      "n8",
      "b3",
      "n10",
      "b4",
      "n11",
      "c_pay_in",
      "n18",
      "b8",
      "n20",
      "c_pay_out",
      "n21",
      "b9",
      "b12",
      "n32",
      "c_end_merge",
      "n29",
      "e1"
    ],
    [
      "i1",
      "n1",
      "n2",
      "n3",
      "b1",
      "n5",
      "b2",
      "n7",
      "n8",
      "b3",
      "n10",
      "b4",
      "n11",
      "c_pay_in",
      "n18",
      "b8",
      "n20",
      "c_pay_out",
      "n21",
      "b9",
      "b12",
      "n28",
      "n33",
      "c_end_merge",
      "n29",
      "e1"
    ],
    [
      "i1",
      "n1",
      "n2",
      "n3",
      "b1",
      "n5",
      "b2",
      "n7",
      "n8",
      "b3",
      "n10",
      "b4",
      "n11",
      "c_pay_in",
      "n18",
      "b8",
      "c_pay_out",
      "n21",
      "b9",
      "n23",
      "c_end_merge",
      "n29",
      "e1"
    ],
    [
      "i1",
      "n1",
      "n2",
      "n3",
      "b1",
      "n5",
      "b2",
      "n7",
      "n8",
      "b3",
      "n10",
      "b4",
      "n11",
      "c_pay_in",
      "n18",
      "b8",
      "c_pay_out",
      "n21",
      "b9",
      "b12",
      "n32",
      "c_end_merge",
      "n29",
      "e1"
    ],
    [
      "i1",
      "n1",
      "n2",
      "n3",
      "b1",
      "n5",
      "b2",
      "n7",
      "n8",
      "b3",
      "n10",
      "b4",
      "n11",
      "c_pay_in",
      "n18",
      "b8",
      "c_pay_out",
      "n21",
      "b9",
      "b12",
      "n28",
      "n33",
      "c_end_merge",
      "n29",
      "e1"
    ],
    [
      "i1",
      "n1",
      "n2",
      "n3",
      "b1",
      "n5",
      "b2",
      "n7",
      "n8",
      "b3",
      "n10",
      "b4",
      "c_pay_in",
      "n18",
      "b8",
      "n20",
      "c_pay_out",
      "n21",
      "b9",
      "n23",
      "c_end_merge",
      "n29",
      "e1"
    ],
    [
      "i1",
      "n1",
      "n2",
      "n3",
      "b1",
      "n5",
      "b2",
      "n7",
      "n8",
      "b3",
      "n10",
      "b4",
      "c_pay_in",
      "n18",
      "b8",
      "n20",
      "c_pay_out",
      "n21",
      "b9",
      "b12",
      "n32",
      "c_end_merge",
      "n29",
      "e1"
    ],
    [
      "i1",
      "n1",
      "n2",
      "n3",
      "b1",
      "n5",
      "b2",
      "n7",
      "n8",
      "b3",
      "n10",
      "b4",
      "c_pay_in",
      "n18",
      "b8",
      "n20",
      "c_pay_out",
      "n21",
      "b9",
      "b12",
      "n28",
      "n33",
      "c_end_merge",
      "n29",
      "e1"
    ],
    [
      "i1",
      "n1",
      "n2",
      "n3",
      "b1",
      "n5",
      "b2",
      "n7",
      "n8",
      "b3",
      "n10",
      "b4",
      "c_pay_in",
      "n18",
      "b8",
      "c_pay_out",
      "n21",
      "b9",
      "n23",
      "c_end_merge",
      "n29",
      "e1"
    ],
    [
      "i1",
      "n1",
      "n2",
      "n3",
      "b1",
      "n5",
      "b2",
      "n7",
      "n8",
      "b3",
      "n10",
      "b4",
      "c_pay_in",
      "n18",
      "b8",
      "c_pay_out",
      "n21",
      "b9",
      "b12",
      "n32",
      "c_end_merge",
      "n29",
      "e1"
    ],
    [
      "i1",
      "n1",
      "n2",
      "n3",
      "b1",
      "n5",
      "b2",
      "n7",
      "n8",
      "b3",
      "n10",
      "b4",
      "c_pay_in",
      "n18",
      "b8",
      "c_pay_out",
      "n21",
      "b9",
      "b12",
      "n28",
      "n33",
      "c_end_merge",
      "n29",
      "e1"
    ],
    [
      "i1",
      "n1",
      "n2",
      "n3",
      "b1",
      "n5",
      "b2",
      "n6",
      "c_pay_in",
      "n18",
      "b8",
      "n20",
      "c_pay_out",
      "n21",
      "b9",
      "n23",
      "c_end_merge",
      "n29",
      "e1"
    ],
    [
      "i1",
      "n1",
      "n2",
      "n3",
      "b1",
      "n5",
      "b2",
      "n6",
      "c_pay_in",
      "n18",
      "b8",
      "n20",
      "c_pay_out",
      "n21",
      "b9",
      "b12",
      "n32",
      "c_end_merge",
      "n29",
      "e1"
    ],
    [
      "i1",
      "n1",
      "n2",
      "n3",
      "b1",
      "n5",
      "b2",
      "n6",
      "c_pay_in",
      "n18",
      "b8",
      "n20",
      "c_pay_out",
      "n21",
      "b9",
      "b12",
      "n28",
      "n33",
      "c_end_merge",
      "n29",
      "e1"
    ],
    [
      "i1",
      "n1",
      "n2",
      "n3",
      "b1",
      "n5",
      "b2",
      "n6",
      "c_pay_in",
      "n18",
      "b8",
      "c_pay_out",
      "n21",
      "b9",
      "n23",
      "c_end_merge",
      "n29",
      "e1"
    ],
    [
      "i1",
      "n1",
      "n2",
      "n3",
      "b1",
      "n5",
      "b2",
      "n6",
      "c_pay_in",
      "n18",
      "b8",
      "c_pay_out",
      "n21",
      "b9",
      "b12",
      "n32",
      "c_end_merge",
      "n29",
      "e1"
    ],
    [
      "i1",
      "n1",
      "n2",
      "n3",
      "b1",
      "n5",
      "b2",
      "n6",
      "c_pay_in",
      "n18",
      "b8",
      "c_pay_out",
      "n21",
      "b9",
      "b12",
      "n28",
      "n33",
      "c_end_merge",
      "n29",
      "e1"
    ]
  ],
  "source_text_traces": [
    [
      "i1",
      "i2",
      "i12"
    ],
    [
      "i1",
      "i3",
      "i4",
      "i6",
      "i9",
      "i10",
      "i11",
      "i14"
    ],
    [
      "i1",
      "i3",
      "i4",
      "i7",
      "i9",
      "i10",
      "i15",
      "i14"
    ],
    [
      "i1",
      "i3",
      "i5",
      "i9",
      "i10",
      "i16",
      "i14"
    ]
  ]
}