{
  "model_traces": [
    [
      "i1",
      "n2",
      "n3",
      "n4",
      "b1",
      "n6",
      "c1",
      "n12",
      "n13",
      "b4",
      "n15",
      "e1"
    ]
  ],
  "source_text_traces": [
    [
      "i1",
      "i2",
      "i3",
      "i12",
      "i4",
      "i5",
      "i6"
    ],
    [
      "i1",
      "i2",
      "i3",
      "i12",
      "i7",
      "i13",
      "i8"
    ],
    [
      "i1",
      "i2",
      "i3",
      "i12",
      "i7",
      "i13",
      "i9",
      "i10",
      "i11"
    ]
  ]
}