{
  "model_traces": [
    [
      "i1",
      "b1",
      "c1",
      "n3",
      "b2",
      "n6",
      "n8",
      "e1"
    ],
    [
      "i1",
      "b1",
      "c1",
      "n3",
      "b2",
      "n7",
      "n9",
      "e2"
    ],
    [
      "i1",
      "b1",
      "n4",
      "c1",
      "n3",
      "b2",
      "n6",
      "n8",
      "e1"
    ],
    [
      "i1",
      "b1",
      "n4",
      "c1",
      "n3",
      "b2",
      "n7",
      "n9",
      "e2"
    ]
  ],
  "source_text_traces": [
    [
      "i1",
      "i3",
      "i6",
      "i7",
      "i9"
    ],
    [
      "i1",
      "i3",
      "i6",
      "i8",
      "i9"
    ],
    [
      "i1",
      "i5",
      "i6",
      "i7",
      "i9"
    ],
    [
      "i1",
      "i5",
      "i6",
      "i8",
      "i9"
    ]
  ]
}