{
  "model_traces": [
    [
      "start",
      "i1",
      "i2",
      "b1",
      "i3",
      "b2",
      "i5",
      "b3",
      "i7",
      "c1",
      "i9",
      "i10",
      "c_pay",
      "i11",
      "b5",
      "i12",
      "e3"
    ],
    [
      "start",
      "i1",
      "i2",
      "b1",
      "i3",
      "b2",
      "i5",
      "b3",
      "i7",
      "c1",
      "i9",
      "i10",
      "c_pay",
      "i11",
      "b5",
      "i14",
      "b6",
      "i15",
      "i17",
      "e4"
    ],
    [
      "start",
      "i1",
      "i2",
      "b1",
      "i3",
      "b2",
      "i5",
      "b3",
      "i8",
      "c1",
      "i9",
      "i10",
      "c_pay",
      "i11",
      "b5",
      "i12",
      "e3"
    ],
    [
      "start",
      "i1",
      "i2",
      "b1",
      "i3",
      "b2",
      "i5",
      "b3",
      "i8",
      "c1",
      "i9",
      "i10",
      "c_pay",
      "i11",
      "b5",
      "i14",
      "b6",
      "i15",
      "i17",
      "e4"
    ],
    [
      "start",
      "i1",
      "i2",
      "b1",
      "i3",
      "b2",
      "i6",
      "e2"
    ],
    [
      "start",
      "i1",
      "i2",
      "b1",
      "i4",
      "e1"
    ]
  ],
  "source_text_traces": [
    [
      "i1",
      "i2",
      "i4"
    ],
    [
      "i1",
      "i2",
      "i3",
      "i6"
    ],
    [
      "i1",
      "i2",
      "i3",
      "i5",
      "i7",
      "i9",
      "i10",
      "i11",
      "i12"
    ],
    [
      "i1",
      "i2",
      "i3",
      "i5",
      "i8",
      "i9",
      "i10",
      "i11",
      "i12"
    ],
    [
      "i1",
      "i2",
      "i3",
      "i5",
      "i7",
      "i9",
      "i10",
      "i11",
      "i14",
      "i15",
      "i17"
    ],
    [
      "i1",
      "i2",
      "i3",
      "i5",
      "i8",
      "i9",
      "i10",
      "i11",
      "i14",
      "i15",
      "i17"
    ],
    [
      "i1",
      "i2",
      "i3",
      "i5",
      "i7",
      "i9",
      "i10",
      "i11",
      "i14",
      "i16",
      "i11"
    ],
    [
      "i1",
      "i2",
      "i3",
      "i5",
      "i8",
      "i9",
      "i10",
      "i11",
      "i14",
      "i16",
      "i11"
    ]
  ]
}