{
  "model_traces": [
    [
      "i1",
      "n2",
      "n3",
      "n4",
      "n5",
      "b1",
      "n6",
      "n7",
      "c_loop2",
      "n8",
      "n9",
      "n10",
      "b3",
      "n11",
      "e1"
    ],
    [
      "i1",
      "n2",
      "n3",
      "n4",
      "n5",
      "b1",
      "n13",
      "n14",
      "n15",
      "n16",
      "b5",
      "n17",
      "n18",
      "n19",
      "c_loop1",
      "n22",
      "n23",
      "n24",
      "b8",
      "n25",
      "e2"
    ],
    [
      "i1",
      "n2",
      "n3",
      "n4",
      "n5",
      "b1",
      "n13",
      "n14",
      "n15",
      "n16",
      "b5",
      "n21",
      "c_loop1",
      "n22",
      "n23",
      "n24",
      "b8",
      "n25",
      "e2"
    ]
  ],
  "source_text_traces": [
    [
      "i1",
      "i2",
      "i3",
      "i4",
      "i5",
      "i6",
      "i7"
    ],
    [
      "i1",
      "i2",
      "i3",
      "i4",
      "i5",
      "i6",
      "i7",
      "i5"
    ],
    [
      "i1",
      "i2",
      "i3",
      "i4",
      "i8",
      "i9",
      "i10",
      "i8"
    ],
    [
      "i1",
      "i2",
      "i3",
      "i4",
      "i8",
      "i9",
      "i11",
      "i12",
      "i13"
    ],
    [
      "i1",
      "i2",
      "i3",
      "i4",
      "i8",
      "i9",
      "i11",
      "i12",
      "i13",
      "i11"
    ]
  ]
}