{
  "model_traces": [
    [
      "i1",
      "n2",
      "n3",
      "b1",
      "n5",
      "c1",
      "n6",
      "b2",
      "n_s4",
      "n_s5",
      "n_s6",
      "n10",
      "e1"
    ],
    [
      "i1",
      "n2",
      "n3",
      "b1",
      "n5",
      "c1",
      "n6",
      "b2",
      "n11",
      "n12",
      "n13",
      "n14",
      "n15",
      "n16",
      "n17",
      "n_s12b",
      "e2"
    ],
    [
      "i1",
      "n2",
      "n3",
      "b1",
      "n5",
      "c1",
      "n6",
      "b2",
      "n18",
      "n19",
      "e3"
    ],
    [
      "i1",
      "n2",
      "n3",
      "b1",
      "n5",
      "c1",
      "n6",
      "b2",
      "n20",
      "n21",
      "b3",
      "n22",
      "c_rem",
      "n24",
      "e4"
    ],
    [
      "i1",
      "n2",
      "n3",
      "b1",
      "n5",
      "c1",
      "n6",
      "b2",
      "n20",
      "n21",
      "b3",
      "c_rem",
      "n24",
      "e4"
    ],
    [
      "i1",
      "n2",
      "n3",
      "b1",
      "c1",
      "n6",
      "b2",
      "n_s4",
      "n_s5",
      "n_s6",
      "n10",
      "e1"
    ],
    [
      "i1",
      "n2",
      "n3",
      "b1",
      "c1",
      "n6",
      "b2",
      "n11",
      "n12",
      "n13",
      "n14",
      "n15",
      "n16",
      "n17",
      "n_s12b",
      "e2"
    ],
    [
      "i1",
      "n2",
      "n3",
      "b1",
      "c1",
      "n6",
      "b2",
      "n18",
      "n19",
      "e3"
    ],
    [
      "i1",
      "n2",
      "n3",
      "b1",
      "c1",
      "n6",
      "b2",
      "n20",
      "n21",
      "b3",
      "n22",
      "c_rem",
      "n24",
      "e4"
    ],
    [
      "i1",
      "n2",
      "n3",
      "b1",
      "c1",
      "n6",
      "b2",
      "n20",
      "n21",
      "b3",
      "c_rem",
      "n24",
      "e4"
    ]
  ],
  "source_text_traces": [
    [
      "i1",
      "i2",
      "i3",
      "i4",
      "i5",
      "i6",
      "i10",
      "i11",
      "i12",
      "i13",
      "i14"
    ],
    [
      "i1",
      "i2",
      "i3",
      "i4",
      "i5",
      "i7",
      "i15",
      "i16",
      "i17",
      "i18",
      "i19",
      "i20"
    ],
    [
      "i1",
      "i2",
      "i3",
      "i4",
      "i5",
      "i8",
      "i23",
      "i24"
    ],
    [
      "i1",
      "i2",
      "i3",
      "i4",
      "i5",
      "i9",
      "i25",
      "i26",
      "i27"
    ]
  ]
}