{
  "model_traces": [
    [
      "i1",
      "b1",
      "b2",
      "n4",
      "n5",
      "e1"
    ],
    [
      "i1",
      "b1",
      "b2",
      "n6",
      "n7",
      "e2"
    ],
    [
      "i1",
      "b1",
      "n9",
      "n10",
      "n11",
      "n12",
      "n13",
      "n14",
      "b3",
      "n15",
      "c1",
      "n16",
      "e3"
    ],
    [
      "i1",
      "b1",
      "n9",
      "n10",
      "n11",
      "n12",
      "n13",
      "n14",
      "b3",
      "nc1",
      "nc2",
      "nc3",
      "nc4",
      "nc5",
      "nc6",
      "c1",
      "n16",
      "e3"
    ],
    [
      "i1",
      "b1",
      "n9",
      "n10",
      "n11",
      "n12",
      "n13",
      "n14",
      "b3",
      "nr1",
      "nr2",
      "nr3",
      "nr4",
      "nr5",
      "e5"
    ]
  ],
  "source_text_traces": [
    [
      "i1",
      "i4",
      "i7",
      "i8"
    ],
    [
      "i1",
      "i5",
      "i9",
      "i8"
    ],
    [
      "i2",
      "i10",
      "i12",
      "i13",
      "i14",
      "i15",
      "i16",
      "i17",
      "i18",
      "i8"
    ],
    [
      "i2",
      "i6",
      "i19",
      "i12",
      "i13",
      "i14",
      "i15",
      "i16",
      "i17",
      "i20",
      "i21",
      "i22",
      "i23",
      "i24",
      "i8"
    ],
    [
      "i2",
      "i11",
      "i19",
      "i12",
      "i13",
      "i14",
      "i15",
      "i16",
      "i17",
      "i20",
      "i25",
      "i26",
      "i27"
    ]
  ]
}