{
  "model_traces": [
    [
      "i1",
      "n2",
      "b1",
      "n3",
      "n5",
      "b4",
      "n6",
      "n8",
      "b5",
      "n9",
      "n10",
      "e1"
    ],
    [
      "i1",
      "n2",
      "b1",
      "n3",
      "n5",
      "b4",
      "n6",
      "n8",
      "b5",
      "n11",
      "e1"
    ],
    [
      "i1",
      "n2",
      "b1",
      "n3",
      "n5",
      "b4",
      "n7",
      "n12",
      "b6",
      "n13",
      "n14",
      "e2"
    ],
    [
      "i1",
      "n2",
      "b1",
      "n3",
      "n5",
      "b4",
      "n7",
      "n12",
      "b6",
      "n15",
      "n16",
      "e3"
    ],
    [
      "i1",
      "n2",
      "b1",
      "n4",
      "n17",
      "b7",
      "n18",
      "n21",
      "b11",
      "n23",
      "c1",
      "n31",
      "n32",
      "e4"
    ],
    [
      "i1",
      "n2",
      "b1",
      "n4",
      "n17",
      "b7",
      "n18",
      "n21",
      "b11",
      "n24",
      "c1",
      "n31",
      "n32",
      "e4"
    ],
    [
      "i1",
      "n2",
      "b1",
      "n4",
      "n17",
      "b7",
      "n18",
      "n21",
      "b11",
      "n28",
      "c1",
      "n31",
      "n32",
      "e4"
    ],
    [
      "i1",
      "n2",
      "b1",
      "n4",
      "n17",
      "b7",
      "n18",
      "n21",
      "b11",
      "n29",
      "c1",
      "n31",
      "n32",
      "e4"
    ],
    [
      "i1",
      "n2",
      "b1",
      "n4",
      "n17",
      "b7",
      "n18",
      "n21",
      "b11",
      "n30",
      "c1",
      "n31",
      "n32",
      "e4"
    ],
    [
      "i1",
      "n2",
      "b1",
      "n4",
      "n17",
      "b7",
      "n19",
      "n33",
      "n34",
      "n35",
      "n36",
      "n37",
      "n38",
      "n39",
      "e5"
    ],
    [
      "i1",
      "n2",
      "b1",
      "n4",
      "n17",
      "b7",
      "n20",
      "n40",
      "n41",
      "n42",
      "n43",
      "e6"
    ]
  ],
  "source_text_traces": [
    [
      "i1",
      "i3",
      "i4",
      "i30",
      "i6"
    ],
    [
      "i1",
      "i3",
      "i5",
      "i31",
      "i6"
    ],
    [
      "i1",
      "i3",
      "i7",
      "i32",
      "i6"
    ],
    [
      "i1",
      "i3",
      "i8",
      "i33",
      "i6"
    ],
    [
      "i1",
      "i2",
      "i9",
      "i12",
      "i13",
      "i20",
      "i6"
    ],
    [
      "i1",
      "i2",
      "i9",
      "i12",
      "i14",
      "i20",
      "i6"
    ],
    [
      "i1",
      "i2",
      "i9",
      "i12",
      "i17",
      "i20",
      "i6"
    ],
    [
      "i1",
      "i2",
      "i9",
      "i12",
      "i18",
      "i20",
      "i6"
    ],
    [
      "i1",
      "i2",
      "i9",
      "i12",
      "i19",
      "i20",
      "i6"
    ],
    [
      "i1",
      "i2",
      "i10",
      "i21",
      "i22",
      "i23",
      "i24",
      "i25",
      "i26",
      "i6"
    ],
    [
      "i1",
      "i2",
      "i11",
      "i27",
      "i28",
      "i29",
      "i6"
    ]
  ]
}