{
  "model_traces": [
    [
      "i1",
      "n1",
      "n2",
      "n3",
      "b1",
      "n4",
      "b2",
      "n6",
      "n7",
      "e2"
    ],
    [
      "i1",
      "n1",
      "n2",
      "n3",
      "b1",
      "n4",
      "b2",
      "n8",
      "b3",
      "n10",
      "e3"
    ],
    [
      "i1",
      "n1",
      "n2",
      "n3",
      "b1",
      "n4",
      "b2",
      "n8",
      "b3",
      "n11",
      "n12",
      "e4"
    ],
    [
      "i1",
      "n1",
      "n2",
      "n3",
      "b1",
      "n_flight",
      "b2_f",
      "n6_f",
      "n7_f",
      "e2_f"
    ],
    [
      "i1",
      "n1",
      "n2",
      "n3",
      "b1",
      "n_flight",
      "b2_f",
      "n8_f",
      "b3_f",
      "n10_f",
      "e3_f"
    ],
    [
      "i1",
      "n1",
      "n2",
      "n3",
      "b1",
      "n_flight",
      "b2_f",
      "n8_f",
      "b3_f",
      "n11_f",
      "n12_f",
      "e4_f"
    ]
  ],
  "source_text_traces": [
    [
      "i1",
      "i2",
      "i3",
      "i4",
      "i5",
      "i8",
      "i10"
    ],
    [
      "i1",
      "i2",
      "i3",
      "i4",
      "i5",
      "i11",
      "i12",
      "i9",
      "i13"
    ],
    [
      "i1",
      "i2",
      "i3",
      "i4",
      "i5",
      "i11",
      "i12",
      "i14",
      "i15",
      "i16"
    ],
    [
      "i1",
      "i2",
      "i3",
      "i6",
      "i7",
      "i8",
      "i10"
    ],
    [
      "i1",
      "i2",
      "i3",
      "i6",
      "i7",
      "i11",
      "i12",
      "i9",
      "i13"
    ],
    [
      "i1",
      "i2",
      "i3",
      "i6",
      "i7",
      "i11",
      "i12",
      "i14",
      "i15",
      "i16"
    ]
  ]
}