{
  "model_traces": [
    [
      "i1",
      "n2",
      "n3",
      "n5",
      "n6",
      "b2",
      "n7",
      "n9",
      "n10",
      "n12",
      "n13",
      "n14",
      "n15",
      "n16",
      "n17",
      "n18",
      "n19",
      "n37",
      "n20",
      "n21",
      "n22",
      "n38",
      "e1"
    ],
    [
      "i1",
      "n2",
      "n3",
      "n5",
      "n6",
      "b2",
      "n8",
      "b8",
      "n24",
      "n25",
      "n26",
      "n27",
      "b6",
      "n28",
      "c2",
      "n33",
      "n34",
      "n35",
      "n36",
      "e2"
    ],
    [
      "i1",
      "n2",
      "n3",
      "n5",
      "n6",
      "b2",
      "n8",
      "b8",
      "n24",
      "n25",
      "n26",
      "n27",
      "b6",
      "n29",
      "c2",
      "n33",
      "n34",
      "n35",
      "n36",
      "e2"
    ],
    [
      "i1",
      "n2",
      "n3",
      "n5",
      "n6",
      "b2",
      "n8",
      "b8",
      "n30",
      "n31",
      "c2",
      "n33",
      "n34",
      "n35",
      "n36",
      "e2"
    ]
  ],
  "source_text_traces": [
    [
      "i1",
      "i2",
      "i3",
      "i4",
      "i6",
      "i7",
      "i8",
      "i9",
      "i10",
      "i11",
      "i12",
      "i13",
      "i14",
      "i15"
    ],
    [
      "i1",
      "i2",
      "i3",
      "i4",
      "i6",
      "i7",
      "i8",
      "i9",
      "i10",
      "i11",
      "i12",
      "i13",
      "i16",
      "i17",
      "i18",
      "i19",
      "i20"
    ],
    [
      "i1",
      "i2",
      "i3",
      "i5",
      "i21",
      "i26",
      "i27",
      "i28",
      "i29",
      "i30",
      "i31",
      "i32"
    ],
    [
      "i1",
      "i2",
      "i3",
      "i5",
      "i21",
      "i22",
      "i23",
      "i24",
      "i26",
      "i27",
      "i28",
      "i29",
      "i30",
      "i31",
      "i32"
    ],
    [
      "i1",
      "i2",
      "i3",
      "i5",
      "i21",
      "i22",
      "i23",
      "i25",
      "i26",
      "i27",
      "i28",
      "i29",
      "i30",
      "i31",
      "i32"
    ]
  ]
}