{
  "model_traces": [
    [
      "i1",
      "n2",
      "b1",
      "n3",
      "b2",
      "n4",
      "b3",
      "n7",
      "e1"
    ],
    [
      "i1",
      "n2",
      "b1",
      "n3",
      "b2",
      "n4",
      "b3",
      "n9",
      "e2"
    ],
    [
      "i1",
      "n2",
      "b1",
      "n3",
      "b2",
      "n4",
      "b3",
      "n11",
      "e3"
    ],
    [
      "i1",
      "n2",
      "b1",
      "n3",
      "b2",
      "n4",
      "b3",
      "n13",
      "e4"
    ],
    [
      "i1",
      "n2",
      "b1",
      "n3",
      "b2",
      "n4",
      "b3",
      "n15",
      "e5"
    ],
    [
      "i1",
      "n2",
      "b1",
      "n3",
      "b2",
      "n5",
      "b4",
      "n17",
      "e6"
    ],
    [
      "i1",
      "n2",
      "b1",
      "n3",
      "b2",
      "n5",
      "b4",
      "n19",
      "e7"
    ],
    [
      "i1",
      "n2",
      "b1",
      "n3",
      "b2",
      "n5",
      "b4",
      "n21",
      "e8"
    ],
    [
      "i1",
      "n2",
      "b1",
      "n6",
      "b5",
      "n28",
      "n29",
      "n30",
      "n31",
      "n32",
      "e10"
    ],
    [
      "i1",
      "n2",
      "b1",
      "n6",
      "b5",
      "n35",
      "n36",
      "e11"
    ],
    [
      "i1",
      "n2",
      "b1",
      "n6",
      "b5",
      "n23",
      "n24",
      "n25",
      "e9"
    ]
  ],
  "source_text_traces": [
    [
      "i1",
      "i3",
      "i6",
      "i12",
      "i13"
    ],
    [
      "i1",
      "i3",
      "i7",
      "i15",
      "i13"
    ],
    [
      "i1",
      "i3",
      "i8",
      "i17",
      "i13"
    ],
    [
      "i1",
      "i3",
      "i9",
      "i19",
      "i13"
    ],
    [
      "i1",
      "i3",
      "i10",
      "i21",
      "i13"
    ],
    [
      "i1",
      "i3",
      "i22",
      "i26",
      "i13"
    ],
    [
      "i1",
      "i3",
      "i23",
      "i30",
      "i13"
    ],
    [
      "i1",
      "i3",
      "i24",
      "i32",
      "i13"
    ],
    [
      "i1",
      "i2",
      "i35",
      "i38",
      "i39",
      "i40"
    ],
    [
      "i1",
      "i2",
      "i36",
      "i42",
      "i43",
      "i44",
      "i45",
      "i46"
    ],
    [
      "i1",
      "i2",
      "i37",
      "i48",
      "i49"
    ]
  ]
}