{
  "model_traces": [
    [
      "i1",
      "n1",
      "n2",
      "b1",
      "i3",
      "n5",
      "c1",
      "n23",
      "n24",
      "e2"
    ],
    [
      "i1",
      "n1",
      "n2",
      "b1",
      "i5",
      "n7",
      "c1",
      "n23",
      "n24",
      "e2"
    ],
    [
      "i1",
      "n1",
      "n2",
      "b1",
      "i7",
      "n9",
      "c1",
      "n23",
      "n24",
      "e2"
    ],
    [
      "i1",
      "n1",
      "n2",
      "b1",
      "i9",
      "n11",
      "c1",
      "n23",
      "n24",
      "e2"
    ]
  ],
  "source_text_traces": [
    [
      "i1",
      "i2",
      "i3",
      "i4",
      "i11",
      "i12",
      "i13"
    ],
    [
      "i1",
      "i2",
      "i5",
      "i6",
      "i11",
      "i12",
      "i13"
    ],
    [
      "i1",
      "i2",
      "i7",
      "i8",
      "i11",
      "i12",
      "i13"
    ],
    [
      "i1",
      "i2",
      "i9",
      "i10",
      "i11",
      "i12",
      "i13"
    ]
  ]
}