{
  "model_traces": [
    [
      "i1",
      "n1",
      "n2",
      "n3",
      "b1",
      "n4",
      "e1"
    ],
    [
      "i1",
      "n1",
      "n2",
      "n3",
      "b1",
      "n5",
      "b2",
      "n6",
      "e1"
    ],
    [
      "i1",
      "n1",
      "n2",
      "n3",
      "b1",
      "n5",
      "b2",
      "n7",
      "e2"
    ]
  ],
  "source_text_traces": [
    [
      "i1",
      "i2",
      "i3"
    ],
    [
      "i1",
      "i2",
      "i4",
      "i5",
      "i6",
      "i2"
    ],
    [
      "i1",
      "i2",
      "i4",
      "i7"
    ],
    [
      "i1",
      "i2",
      "i4",
      "i8",
      "i2"
    ],
    [
      "i1",
      "i2",
      "i4",
      "i9"
    ]
  ]
}