{
  "model_traces": [
    [
      "i1",
      "n2",
      "n3",
      "n4",
      "b1",
      "n5",
      "n7",
      "n9",
      "n10",
      "n11",
      "n12",
      "n13",
      "n14",
      "n18",
      "n19",
      "n20",
      "n21",
      "e1"
    ],
    [
      "i1",
      "n2",
      "n3",
      "n4",
      "b1",
      "n38",
      "n23",
      "n25",
      "n26",
      "b7",
      "n27",
      "c7",
      "n30",
      "n31",
      "n32",
      "n33",
      "n36",
      "e2"
    ],
    [
      "i1",
      "n2",
      "n3",
      "n4",
      "b1",
      "n38",
      "n23",
      "n25",
      "n26",
      "b7",
      "n28",
      "c7",
      "n30",
      "n31",
      "n32",
      "n33",
      "n36",
      "e2"
    ]
  ],
  "source_text_traces": [
    [
      "i1",
      "i20",
      "i2",
      "i3",
      "i4",
      "i5",
      "i6",
      "i7",
      "i8",
      "i9",
      "i11",
      "i12",
      "i13",
      "i14"
    ],
    [
      "i1",
      "i20",
      "i16",
      "i17",
      "i18",
      "i22",
      "i19"
    ]
  ]
}