{
  "model_traces": [
    [
      "i1",
      "n1",
      "b1",
      "n2",
      "b2",
      "c1",
      "n3",
      "b3",
      "c2",
      "n4",
      "b4",
      "c3",
      "n5",
      "c4",
      "n6",
      "n7",
      "e1"
    ],
    [
      "i1",
      "n1",
      "b1",
      "n2",
      "b2",
      "c1",
      "n3",
      "b3",
      "c2",
      "n4",
      "b4",
      "c4",
      "n6",
      "n7",
      "e1"
    ],
    [
      "i1",
      "n1",
      "b1",
      "n2",
      "b2",
      "c1",
      "n3",
      "b3",
      "c3",
      "n5",
      "c4",
      "n6",
      "n7",
      "e1"
    ],
    [
      "i1",
      "n1",
      "b1",
      "n2",
      "b2",
      "c2",
      "n4",
      "b4",
      "c3",
      "n5",
      "c4",
      "n6",
      "n7",
      "e1"
    ],
    [
      "i1",
      "n1",
      "b1",
      "n2",
      "b2",
      "c2",
      "n4",
      "b4",
      "c4",
      "n6",
      "n7",
      "e1"
    ],
    [
      "i1",
      "n1",
      "b1",
      "c1",
      "n3",
      "b3",
      "c2",
      "n4",
      "b4",
      "c3",
      "n5",
      "c4",
      "n6",
      "n7",
      "e1"
    ],
    [
      "i1",
      "n1",
      "b1",
      "c1",
      "n3",
      "b3",
      "c2",
      "n4",
      "b4",
      "c4",
      "n6",
      "n7",
      "e1"
    ],
    [
      "i1",
      "n1",
      "b1",
      "c1",
      "n3",
      "b3",
      "c3",
      "n5",
      "c4",
      "n6",
      "n7",
      "e1"
    ]
  ],
  "source_text_traces": [
    [
      "i1",
      "i2",
      "i3",
      "i4",
      "i5",
      "i6",
      "i7"
    ]
  ]
}