{
  "model_traces": [
    [
      "i1",
      "n1",
      "n2",
      "n3",
      "n4",
      "n5",
      "n6",
      "n7",
      "b_monitor",
      "n8",
      "n9",
      "n10",
      "n11",
      "n12",
      "n13",
      "n14",
      "n15",
      "n16",
      "n17",
      "n18",
      "c_mon_done",
      "b_login",
      "n19",
      "n20",
      "n21",
      "n22",
      "n23",
      "c_log_done",
      "n25",
      "n26",
      "n27",
      "n28",
      "n29",
      "n30",
      "n31",
      "n32",
      "e_end"
    ],
    [
      "i1",
      "n1",
      "n2",
      "n3",
      "n4",
      "n5",
      "n6",
      "n7",
      "b_monitor",
      "n8",
      "n9",
      "n10",
      "n11",
      "n12",
      "n13",
      "n14",
      "n15",
      "n16",
      "n17",
      "n18",
      "c_mon_done",
      "b_login",
      "n24",
      "c_log_done",
      "n25",
      "n26",
      "n27",
      "n28",
      "n29",
      "n30",
      "n31",
      "n32",
      "e_end"
    ],
    [
      "i1",
      "n1",
      "n2",
      "n3",
      "n4",
      "n5",
      "n6",
      "n7",
      "b_monitor",
      "n_skip",
      "c_mon_done",
      "b_login",
      "n19",
      "n20",
      "n21",
      "n22",
      "n23",
      "c_log_done",
      "n25",
      "n26",
      "n27",
      "n28",
      "n29",
      "n30",
      "n31",
      "n32",
      "e_end"
    ],
    [
      "i1",
      "n1",
      "n2",
      "n3",
      "n4",
      "n5",
      "n6",
      "n7",
      "b_monitor",
      "n_skip",
      "c_mon_done",
      "b_login",
      "n24",
      "c_log_done",
      "n25",
      "n26",
      "n27",
      "n28",
      "n29",
      "n30",
      "n31",
      "n32",
      "e_end"
    ]
  ],
  "source_text_traces": [
    [
      "i2",
      "i3",
      "i4",
      "i5",
      "i6",
      "i7",
      "i8",
      "i11",
      "i24",
      "i26",
      "i14",
      "i15",
      "i16",
      "i17",
      "i30",
      "i31",
      "i36",
      "i37",
      "i38",
      "i39",
      "i40",
      "i29"
    ],
    [
      "i2",
      "i3",
      "i4",
      "i5",
      "i6",
      "i7",
      "i8",
      "i11",
      "i25",
      "i35",
      "i30",
      "i31",
      "i36",
      "i37",
      "i38",
      "i39",
      "i40",
      "i29"
    ],
    [
      "i2",
      "i3",
      "i4",
      "i5",
      "i6",
      "i7",
      "i8",
      "i10",
      "i12",
      "i14",
      "i15",
      "i16",
      "i17",
      "i30",
      "i18",
      "i31",
      "i20",
      "i21",
      "i33",
      "i34",
      "i23",
      "i24",
      "i26",
      "i14"
    ],
    [
      "i2",
      "i3",
      "i4",
      "i5",
      "i6",
      "i7",
      "i8",
      "i10",
      "i12",
      "i14",
      "i15",
      "i16",
      "i17",
      "i30",
      "i18",
      "i31",
      "i20",
      "i21",
      "i33",
      "i34",
      "i23",
      "i25",
      "i35",
      "i30"
    ]
  ]
}