{
  "model_traces": [
    [
      "i1",
      "n2",
      "n2_esd",
      "n3",
      "b1",
      "n4",
      "n5",
      "n6",
      "n7",
      "n8",
      "n9",
      "n10",
      "n11",
      "b_post_seat",
      "n13",
      "e2"
    ],
    [
      "i1",
      "n2",
      "n2_esd",
      "n3",
      "b1",
      "n4",
      "n5",
      "n6",
      "n7",
      "n8",
      "n9",
      "n10",
      "n11",
      "b_post_seat",
      "n14",
      "n14a",
      "n15",
      "n16_check",
      "n16",
      "e2"
    ],
    [
      "i1",
      "n2",
      "n2_esd",
      "n3",
      "b1",
      "n17",
      "b_led_check",
      "c2",
      "n22",
      "n25",
      "n26",
      "e1"
    ],
    [
      "i1",
      "n2",
      "n2_esd",
      "n3",
      "b1",
      "n17",
      "b_led_check",
      "b_method",
      "n18",
      "c1",
      "c2",
      "n22",
      "n25",
      "n26",
      "e1"
    ],
    [
      "i1",
      "n2",
      "n2_esd",
      "n3",
      "b1",
      "n17",
      "b_led_check",
      "b_method",
      "n19",
      "c1",
      "c2",
      "n22",
      "n25",
      "n26",
      "e1"
    ]
  ],
  "source_text_traces": [
    [
      "i1",
      "i2",
      "i3",
      "i4",
      "i6",
      "i7",
      "i8",
      "i9",
      "i10",
      "i11",
      "i12",
      "i28",
      "i13"
    ],
    [
      "i1",
      "i2",
      "i3",
      "i4",
      "i6",
      "i7",
      "i8",
      "i9",
      "i10",
      "i11",
      "i12",
      "i28",
      "i14",
      "i16",
      "i17",
      "i18"
    ],
    [
      "i1",
      "i2",
      "i3",
      "i5",
      "i19",
      "i24",
      "i25",
      "i26",
      "i27"
    ],
    [
      "i1",
      "i2",
      "i3",
      "i5",
      "i19",
      "i21",
      "i22",
      "i24",
      "i25",
      "i26",
      "i27"
    ],
    [
      "i1",
      "i2",
      "i3",
      "i5",
      "i19",
      "i21",
      "i23",
      "i24",
      "i25",
      "i26",
      "i27"
    ]
  ]
}