{
  "model_traces": [
    [
      "i1",
      "n1",
      "n2",
      "b2",
      "n3",
      "n5",
      "n6",
      "n7",
      "n8",
      "e1"
    ],
    [
      "i1",
      "n1",
      "n2",
      "b2",
      "n4",
      "b3",
      "n9",
      "c1",
      "n15",
      "n16",
      "n17",
      "c3",
      "n20",
      "e2"
    ],
    [
      "i1",
      "n1",
      "n2",
      "b2",
      "n4",
      "b3",
      "n10",
      "n11",
      "n12",
      "b1",
      "n13",
      "b4",
      "c1",
      "n15",
      "n16",
      "n17",
      "c3",
      "n20",
      "e2"
    ],
    [
      "i1",
      "n1",
      "n2",
      "b2",
      "n4",
      "b3",
      "n10",
      "n11",
      "n12",
      "b1",
      "n13",
      "b4",
      "c2",
      "n18",
      "n19",
      "c3",
      "n20",
      "e2"
    ],
    [
      "i1",
      "n1",
      "n2",
      "b2",
      "n4",
      "b3",
      "n10",
      "n11",
      "n12",
      "b1",
      "n14",
      "b5",
      "c1",
      "n15",
      "n16",
      "n17",
      "c3",
      "n20",
      "e2"
    ],
    [
      "i1",
      "n1",
      "n2",
      "b2",
      "n4",
      "b3",
      "n10",
      "n11",
      "n12",
      "b1",
      "n14",
      "b5",
      "c2",
      "n18",
      "n19",
      "c3",
      "n20",
      "e2"
    ]
  ],
  "source_text_traces": [
    [
      "i1",
      "i3",
      "i4",
      "i5"
    ],
    [
      "i1",
      "i2",
      "i6",
      "i7",
      "i8",
      "i9",
      "i11",
      "i12",
      "i13"
    ],
    [
      "i1",
      "i2",
      "i6",
      "i7",
      "i8",
      "i10",
      "i11",
      "i12",
      "i13"
    ]
  ]
}