{
  "model_traces": [
    [
      "i1",
      "n2",
      "n4",
      "n5",
      "b2",
      "n7",
      "n9",
      "n10",
      "n11",
      "n12",
      "n13",
      "n15",
      "e1"
    ],
    [
      "i1",
      "n2",
      "n4",
      "n5",
      "b2",
      "n17",
      "n18",
      "n19",
      "n20",
      "n21",
      "e2"
    ]
  ],
  "source_text_traces": [
    [
      "i1",
      "i3",
      "i4",
      "i5",
      "i7",
      "i8",
      "i10",
      "i11",
      "i12",
      "i15",
      "i18"
    ],
    [
      "i1",
      "i3",
      "i4",
      "i5",
      "i7",
      "i8",
      "i10",
      "i11",
      "i12",
      "i15",
      "i17"
    ],
    [
      "i1",
      "i3",
      "i4",
      "i6",
      "i19",
      "i20",
      "i21",
      "i22"
    ]
  ]
}