{
  "model_traces": [
    [
      "i1",
      "n1",
      "n2",
      "b1",
      "n5",
      "b2",
      "n8",
      "e1"
    ],
    [
      "i1",
      "n1",
      "n2",
      "b1",
      "n5",
      "b2",
      "n10",
      "e2"
    ],
    [
      "i1",
      "n1",
      "n2",
      "b1",
      "n12",
      "b3",
      "n16",
      "n17",
      "n18",
      "e3"
    ],
    [
      "i1",
      "n1",
      "n2",
      "b1",
      "n12",
      "b3",
      "n20",
      "n20_2",
      "n20_3",
      "n21",
      "n22",
      "n23",
      "n24",
      "e4"
    ],
    [
      "i1",
      "n1",
      "n2",
      "b1",
      "n12",
      "b3",
      "n26",
      "n26_2",
      "n26_3",
      "n27",
      "n28",
      "n29",
      "e5"
    ]
  ],
  "source_text_traces": [
    [
      "i1",
      "i2",
      "i5",
      "i9",
      "i10"
    ],
    [
      "i1",
      "i2",
      "i7",
      "i11",
      "i10"
    ],
    [
      "i1",
      "i3",
      "i4",
      "i12",
      "i15",
      "i16",
      "i17",
      "i18",
      "i19",
      "i20",
      "i10"
    ],
    [
      "i1",
      "i3",
      "i4",
      "i8",
      "i21",
      "i15",
      "i16",
      "i17",
      "i18",
      "i19",
      "i20",
      "i22",
      "i23",
      "i24",
      "i25",
      "i26",
      "i10"
    ],
    [
      "i1",
      "i3",
      "i4",
      "i14",
      "i21",
      "i15",
      "i16",
      "i17",
      "i18",
      "i19",
      "i20",
      "i27",
      "i28",
      "i29"
    ]
  ]
}