{
  "model_traces": [
    [
      "i1",
      "n1",
      "n2",
      "n3",
      "n4",
      "n5",
      "n7",
      "n8",
      "b2",
      "n10",
      "n11",
      "n12",
      "n13",
      "n14",
      "n15",
      "e1"
    ],
    [
      "i1",
      "n1",
      "n2",
      "n3",
      "n4",
      "n5",
      "n7",
      "n8",
      "b2",
      "n17",
      "n18",
      "n19",
      "n21",
      "n22",
      "n50",
      "n23",
      "n24",
      "n25",
      "e2"
    ],
    [
      "i1",
      "n1",
      "n2",
      "n3",
      "n4",
      "n5",
      "n7",
      "n8",
      "b2",
      "n27",
      "n28",
      "e3"
    ],
    [
      "i1",
      "n1",
      "n2",
      "n3",
      "n4",
      "n5",
      "n7",
      "n8",
      "b2",
      "n30",
      "n31",
      "n32",
      "n34",
      "e4"
    ]
  ],
  "source_text_traces": [
    [
      "i1",
      "i2",
      "i3",
      "i4",
      "i5",
      "i6",
      "i12",
      "i13",
      "i14",
      "i15"
    ],
    [
      "i1",
      "i2",
      "i3",
      "i4",
      "i5",
      "i6",
      "i17",
      "i18",
      "i19",
      "i30",
      "i20",
      "i21",
      "i22"
    ],
    [
      "i1",
      "i2",
      "i3",
      "i4",
      "i5",
      "i6",
      "i24",
      "i25"
    ],
    [
      "i1",
      "i2",
      "i3",
      "i4",
      "i5",
      "i6",
      "i27",
      "i28",
      "i29"
    ]
  ]
}