{
  "model_traces": [
    [
      "i1",
      "n1",
      "c_loop",
      "n2",
      "n3",
      "b1",
      "b2",
      "n7",
      "n9",
      "c1",
      "n10",
      "b3",
      "n13",
      "b4",
      "n14",
      "n16",
      "n17",
      "b5",
      "n19",
      "n20",
      "c2",
      "b6",
      "n23",
      "c3",
      "n25",
      "n26",
      "b7",
      "n29",
      "b8",
      "n31",
      "n32",
      "n33",
      "c5",
      "n34",
      "b9",
      "n36",
      "n37",
      "b10",
      "e1"
    ],
    [
      "i1",
      "n1",
      "c_loop",
      "n2",
      "n3",
      "b1",
      "b2",
      "n7",
      "n9",
      "c1",
      "n10",
      "b3",
      "n13",
      "b4",
      "n14",
      "n16",
      "n17",
      "b5",
      "n19",
      "n20",
      "c2",
      "b6",
      "n24",
      "c3",
      "n25",
      "n26",
      "b7",
      "n29",
      "b8",
      "n31",
      "n32",
      "n33",
      "c5",
      "n34",
      "b9",
      "n36",
      "n37",
      "b10",
      "e1"
    ],
    [
      "i1",
      "n1",
      "c_loop",
      "n2",
      "n3",
      "b1",
      "b2",
      "n7",
      "n9",
      "c1",
      "n10",
      "b3",
      "n13",
      "b4",
      "n14",
      "n16",
      "n17",
      "b5",
      "n21",
      "c2",
      "b6",
      "n23",
      "c3",
      "n25",
      "n26",
      "b7",
      "n29",
      "b8",
      "n31",
      "n32",
      "n33",
      "c5",
      "n34",
      "b9",
      "n36",
      "n37",
      "b10",
      "e1"
    ],
    [
      "i1",
      "n1",
      "c_loop",
      "n2",
      "n3",
      "b1",
      "b2",
      "n7",
      "n9",
      "c1",
      "n10",
      "b3",
      "n13",
      "b4",
      "n14",
      "n16",
      "n17",
      "b5",
      "n21",
      "c2",
      "b6",
      "n24",
      "c3",
      "n25",
      "n26",
      "b7",
      "n29",
      "b8",
      "n31",
      "n32",
      "n33",
      "c5",
      "n34",
      "b9",
      "n36",
      "n37",
      "b10",
      "e1"
    ],
    [
      "i1",
      "n1",
      "c_loop",
      "n2",
      "n3",
      "b1",
      "b2",
      "n8",
      "c1",
      "n10",
      "b3",
      "n13",
      "b4",
      "n14",
      "n16",
      "n17",
      "b5",
      "n19",
      "n20",
      "c2",
      "b6",
      "n23",
      "c3",
      "n25",
      "n26",
      "b7",
      "n29",
      "b8",
      "n31",
      "n32",
      "n33",
      "c5",
      "n34",
      "b9",
      "n36",
      "n37",
      "b10",
      "e1"
    ],
    [
      "i1",
      "n1",
      "c_loop",
      "n2",
      "n3",
      "b1",
      "b2",
      "n8",
      "c1",
      "n10",
      "b3",
      "n13",
      "b4",
      "n14",
      "n16",
      "n17",
      "b5",
      "n19",
      "n20",
      "c2",
      "b6",
      "n24",
      "c3",
      "n25",
      "n26",
      "b7",
      "n29",
      "b8",
      "n31",
      "n32",
      "n33",
      "c5",
      "n34",
      "b9",
      "n36",
      "n37",
      "b10",
      "e1"
    ],
    [
      "i1",
      "n1",
      "c_loop",
      "n2",
      "n3",
      "b1",
      "b2",
      "n8",
      "c1",
      "n10",
      "b3",
      "n13",
      "b4",
      "n14",
      "n16",
      "n17",
      "b5",
      "n21",
      "c2",
      "b6",
      "n23",
      "c3",
      "n25",
      "n26",
      "b7",
      "n29",
      "b8",
      "n31",
      "n32",
      "n33",
      "c5",
      "n34",
      "b9",
      "n36",
      "n37",
      "b10",
      "e1"
    ],
    [
      "i1",
      "n1",
      "c_loop",
      "n2",
      "n3",
      "b1",
      "b2",
      "n8",
      "c1",
      "n10",
      "b3",
      "n13",
      "b4",
      "n14",
      "n16",
      "n17",
      "b5",
      "n21",
      "c2",
      "b6",
      "n24",
      "c3",
      "n25",
      "n26",
      "b7",
      "n29",
      "b8",
      "n31",
      "n32",
      "n33",
      "c5",
      "n34",
      "b9",
      "n36",
      "n37",
      "b10",
      "e1"
    ]
  ],
  "source_text_traces": [
    [
      "i1",
      "i2",
      "i3"
    ],
    [
      "i1",
      "i4",
      "i5",
      "i7",
      "i8"
    ],
    [
      "i1",
      "i4",
      "i6",
      "i7",
      "i8"
    ],
    [
      "i1",
      "i4",
      "i5",
      "i7",
      "i9",
      "i10",
      "i11",
      "i12",
      "i13"
    ],
    [
      "i1",
      "i4",
      "i6",
      "i7",
      "i9",
      "i10",
      "i11",
      "i12",
      "i13"
    ],
    [
      "i1",
      "i4",
      "i5",
      "i7",
      "i9",
      "i10",
      "i11",
      "i12",
      "i14",
      "i15",
      "i17",
      "i18"
    ],
    [
      "i1",
      "i4",
      "i6",
      "i7",
      "i9",
      "i10",
      "i11",
      "i12",
      "i14",
      "i16",
      "i17",
      "i18"
    ],
    [
      "i1",
      "i4",
      "i5",
      "i7",
      "i9",
      "i10",
      "i11",
      "i12",
      "i14",
      "i15",
      "i17",
      "i19",
      "i20",
      "i21",
      "i24",
      "i25"
    ],
    [
      "i1",
      "i4",
      "i5",
      "i7",
      "i9",
      "i10",
      "i11",
      "i12",
      "i14",
      "i15",
      "i17",
      "i19",
      "i20",
      "i21",
      "i24",
      "i26"
    ],
    [
      "i1",
      "i4",
      "i5",
      "i7",
      "i9",
      "i10",
      "i11",
      "i12",
      "i14",
      "i15",
      "i17",
      "i19",
      "i20",
      "i21",
      "i24",
      "i27"
    ],
    [
      "i1",
      "i4",
      "i5",
      "i7",
      "i9",
      "i10",
      "i11",
      "i12",
      "i14",
      "i15",
      "i17",
      "i19",
      "i20",
      "i22",
      "i24",
      "i25"
    ],
    [
      "i1",
      "i4",
      "i5",
      "i7",
      "i9",
      "i10",
      "i11",
      "i12",
      "i14",
      "i15",
      "i17",
      "i19",
      "i20",
      "i22",
      "i24",
      "i26"
    ],
    [
      "i1",
      "i4",
      "i5",
      "i7",
      "i9",
      "i10",
      "i11",
      "i12",
      "i14",
      "i15",
      "i17",
      "i19",
      "i20",
      "i22",
      "i24",
      "i27"
    ],
    [
      "i1",
      "i4",
      "i5",
      "i7",
      "i9",
      "i10",
      "i11",
      "i12",
      "i14",
      "i15",
      "i17",
      "i19",
      "i20",
      "i23",
      "i24",
      "i25"
    ],
    [
      "i1",
      "i4",
      "i5",
      "i7",
      "i9",
      "i10",
      "i11",
      "i12",
      "i14",
      "i15",
      "i17",
      "i19",
      "i20",
      "i23",
      "i24",
      "i26"
    ],
    [
      "i1",
      "i4",
      "i5",
      "i7",
      "i9",
      "i10",
      "i11",
      "i12",
      "i14",
      "i15",
      "i17",
      "i19",
      "i20",
      "i23",
      "i24",
      "i27"
    ]
  ]
}