{
  "model_traces": [
    [
      "i1",
      "n1",
      "n2",
      "b1",
      "n3",
      "b2_t",
      "n7_t",
      "e1"
    ],
    [
      "i1",
      "n1",
      "n2",
      "b1",
      "n3",
      "b2_t",
      "n8_t",
      "c2",
      "n5",
      "n10",
      "e1"
    ],
    [
      "i1",
      "n1",
      "n2",
      "b1",
      "n4",
      "b2_b",
      "n7_b",
      "c2",
      "n5",
      "n10",
      "e1"
    ],
    [
      "i1",
      "n1",
      "n2",
      "b1",
      "n4",
      "b2_b",
      "n8_b",
      "e1"
    ]
  ],
  "source_text_traces": [
    [
      "i1",
      "i2",
      "i3",
      "i5",
      "i3"
    ],
    [
      "i1",
      "i2",
      "i3",
      "i5",
      "i4",
      "i6",
      "i7"
    ],
    [
      "i1",
      "i2",
      "i4",
      "i5",
      "i3",
      "i6",
      "i7"
    ],
    [
      "i1",
      "i2",
      "i4",
      "i5",
      "i4"
    ]
  ]
}