{
  "model_traces": [
    [
      "i1",
      "n2",
      "n3",
      "n4",
      "n5",
      "n6",
      "n7",
      "n8",
      "n9",
      "n11",
      "n12",
      "n13",
      "n14",
      "n15",
      "n16",
      "n17",
      "n18",
      "n19",
      "n20",
      "n21",
      "b2",
      "n22",
      "n23",
      "c2",
      "n26",
      "n27",
      "n28",
      "n29",
      "n30",
      "n31",
      "b3",
      "n32",
      "n33",
      "c3",
      "n36",
      "b4",
      "n37",
      "c4",
      "n40",
      "n41",
      "n43",
      "n44",
      "n45",
      "n46",
      "e1"
    ],
    [
      "i1",
      "n2",
      "n3",
      "n4",
      "n5",
      "n6",
      "n7",
      "n8",
      "n9",
      "n11",
      "n12",
      "n13",
      "n14",
      "n15",
      "n16",
      "n17",
      "n18",
      "n19",
      "n20",
      "n21",
      "b2",
      "n22",
      "n23",
      "c2",
      "n26",
      "n27",
      "n28",
      "n29",
      "n30",
      "n31",
      "b3",
      "n32",
      "n33",
      "c3",
      "n36",
      "b4",
      "n39",
      "c4",
      "n40",
      "n41",
      "n43",
      "n44",
      "n45",
      "n46",
      "e1"
    ],
    [
      "i1",
      "n2",
      "n3",
      "n4",
      "n5",
      "n6",
      "n7",
      "n8",
      "n9",
      "n11",
      "n12",
      "n13",
      "n14",
      "n15",
      "n16",
      "n17",
      "n18",
      "n19",
      "n20",
      "n21",
      "b2",
      "n22",
      "n23",
      "c2",
      "n26",
      "n27",
      "n28",
      "n29",
      "n30",
      "n31",
      "b3",
      "n34",
      "n35",
      "c3",
      "n36",
      "b4",
      "n37",
      "c4",
      "n40",
      "n41",
      "n43",
      "n44",
      "n45",
      "n46",
      "e1"
    ],
    [
      "i1",
      "n2",
      "n3",
      "n4",
      "n5",
      "n6",
      "n7",
      "n8",
      "n9",
      "n11",
      "n12",
      "n13",
      "n14",
      "n15",
      "n16",
      "n17",
      "n18",
      "n19",
      "n20",
      "n21",
      "b2",
      "n22",
      "n23",
      "c2",
      "n26",
      "n27",
      "n28",
      "n29",
      "n30",
      "n31",
      "b3",
      "n34",
      "n35",
      "c3",
      "n36",
      "b4",
      "n39",
      "c4",
      "n40",
      "n41",
      "n43",
      "n44",
      "n45",
      "n46",
      "e1"
    ],
    [
      "i1",
      "n2",
      "n3",
      "n4",
      "n5",
      "n6",
      "n7",
      "n8",
      "n9",
      "n11",
      "n12",
      "n13",
      "n14",
      "n15",
      "n16",
      "n17",
      "n18",
      "n19",
      "n20",
      "n21",
      "b2",
      "n24",
      "n25",
      "c2",
      "n26",
      "n27",
      "n28",
      "n29",
      "n30",
      "n31",
      "b3",
      "n32",
      "n33",
      "c3",
      "n36",
      "b4",
      "n37",
      "c4",
      "n40",
      "n41",
      "n43",
      "n44",
      "n45",
      "n46",
      "e1"
    ],
    [
      "i1",
      "n2",
      "n3",
      "n4",
      "n5",
      "n6",
      "n7",
      "n8",
      "n9",
      "n11",
      "n12",
      "n13",
      "n14",
      "n15",
      "n16",
      "n17",
      "n18",
      "n19",
      "n20",
      "n21",
      "b2",
      "n24",
      "n25",
      "c2",
      "n26",
      "n27",
      "n28",
      "n29",
      "n30",
      "n31",
      "b3",
      "n32",
      "n33",
      "c3",
      "n36",
      "b4",
      "n39",
      "c4",
      "n40",
      "n41",
      "n43",
      "n44",
      "n45",
      "n46",
      "e1"
    ],
    [
      "i1",
      "n2",
      "n3",
      "n4",
      "n5",
      "n6",
      "n7",
      "n8",
      "n9",
      "n11",
      "n12",
      "n13",
      "n14",
      "n15",
      "n16",
      "n17",
      "n18",
      "n19",
      "n20",
      "n21",
      "b2",
      "n24",
      "n25",
      "c2",
      "n26",
      "n27",
      "n28",
      "n29",
      "n30",
      "n31",
      "b3",
      "n34",
      "n35",
      "c3",
      "n36",
      "b4",
      "n37",
      "c4",
      "n40",
      "n41",
      "n43",
      "n44",
      "n45",
      "n46",
      "e1"
    ],
    [
      "i1",
      "n2",
      "n3",
      "n4",
      "n5",
      "n6",
      "n7",
      "n8",
      "n9",
      "n11",
      "n12",
      "n13",
      "n14",
      "n15",
      "n16",
      "n17",
      "n18",
      "n19",
      "n20",
      "n21",
      "b2",
      "n24",
      "n25",
      "c2",
      "n26",
      "n27",
      "n28",
      "n29",
      "n30",
      "n31",
      "b3",
      "n34",
      "n35",
      "c3",
      "n36",
      "b4",
      "n39",
      "c4",
      "n40",
      "n41",
      "n43",
      "n44",
      "n45",
      "n46",
      "e1"
    ]
  ],
  "source_text_traces": [
    [
      "i1",
      "i2",
      "i3",
      "i4",
      "i5",
      "i10",
      "i11",
      "i37",
      "i12",
      "i13",
      "i14",
      "i15",
      "i16",
      "i17",
      "i18",
      "i38",
      "i21",
      "i22",
      "i23",
      "i24",
      "i41",
      "i25",
      "i26",
      "i30",
      "i33",
      "i34",
      "i35",
      "i36"
    ],
    [
      "i1",
      "i2",
      "i3",
      "i4",
      "i5",
      "i10",
      "i11",
      "i37",
      "i12",
      "i13",
      "i14",
      "i15",
      "i16",
      "i17",
      "i18",
      "i38",
      "i21",
      "i22",
      "i23",
      "i24",
      "i42",
      "i26",
      "i30",
      "i33",
      "i34",
      "i35",
      "i36"
    ],
    [
      "i1",
      "i2",
      "i3",
      "i4",
      "i5",
      "i10",
      "i11",
      "i37",
      "i12",
      "i13",
      "i14",
      "i15",
      "i16",
      "i17",
      "i18",
      "i39",
      "i22",
      "i23",
      "i24",
      "i41",
      "i25",
      "i26",
      "i30",
      "i33",
      "i34",
      "i35",
      "i36"
    ],
    [
      "i1",
      "i2",
      "i3",
      "i4",
      "i5",
      "i10",
      "i11",
      "i37",
      "i12",
      "i13",
      "i14",
      "i15",
      "i16",
      "i17",
      "i18",
      "i39",
      "i22",
      "i23",
      "i24",
      "i42",
      "i26",
      "i30",
      "i33",
      "i34",
      "i35",
      "i36"
    ]
  ]
}