{
  "model_traces": [
    [
      "i1",
      "n1",
      "n2",
      "n3",
      "n4",
      "b1",
      "n7",
      "n8",
      "n9",
      "b2",
      "n10",
      "n11",
      "n24",
      "n25",
      "n44",
      "n46",
      "e4"
    ],
    [
      "i1",
      "n1",
      "n2",
      "n3",
      "n4",
      "b1",
      "n7",
      "n8",
      "n9",
      "b2",
      "n12",
      "n13",
      "n14",
      "b3",
      "n15",
      "n16",
      "n17",
      "n18",
      "b4",
      "n19",
      "e1"
    ],
    [
      "i1",
      "n1",
      "n2",
      "n3",
      "n4",
      "b1",
      "n7",
      "n8",
      "n9",
      "b2",
      "n12",
      "n13",
      "n14",
      "b3",
      "n22",
      "n23",
      "n26",
      "b5",
      "n27",
      "n28",
      "n31",
      "n32",
      "n33",
      "b6",
      "n34",
      "e2"
    ],
    [
      "i1",
      "n1",
      "n2",
      "n3",
      "n4",
      "b1",
      "n7",
      "n8",
      "n9",
      "b2",
      "n12",
      "n13",
      "n14",
      "b3",
      "n22",
      "n23",
      "n26",
      "b5",
      "n27",
      "n28",
      "n31",
      "n32",
      "n33",
      "b6",
      "n35",
      "n36",
      "n37",
      "n38",
      "n39",
      "n40",
      "b7",
      "n41",
      "e3"
    ],
    [
      "i1",
      "n1",
      "n2",
      "n3",
      "n4",
      "b1",
      "n7",
      "n8",
      "n9",
      "b2",
      "n12",
      "n13",
      "n14",
      "b3",
      "n22",
      "n23",
      "n26",
      "b5",
      "n27",
      "n28",
      "n31",
      "n32",
      "n33",
      "b6",
      "n35",
      "n36",
      "n37",
      "n38",
      "n39",
      "n40",
      "b7",
      "n42",
      "n43",
      "n45",
      "n47",
      "e5"
    ]
  ],
  "source_text_traces": [
    [
      "i1",
      "i2",
      "i3",
      "i4",
      "i38",
      "i39",
      "i22",
      "i23",
      "i37"
    ],
    [
      "i1",
      "i2",
      "i3",
      "i6",
      "i39",
      "i22",
      "i23",
      "i37"
    ],
    [
      "i1",
      "i2",
      "i3",
      "i4",
      "i38",
      "i39",
      "i40",
      "i14",
      "i17",
      "i19",
      "i20"
    ],
    [
      "i1",
      "i2",
      "i3",
      "i6",
      "i39",
      "i40",
      "i14",
      "i17",
      "i19",
      "i20"
    ],
    [
      "i1",
      "i2",
      "i3",
      "i4",
      "i38",
      "i39",
      "i40",
      "i14",
      "i17",
      "i19",
      "i41",
      "i28",
      "i29",
      "i30",
      "i20"
    ],
    [
      "i1",
      "i2",
      "i3",
      "i6",
      "i39",
      "i40",
      "i14",
      "i17",
      "i19",
      "i41",
      "i28",
      "i29",
      "i30",
      "i20"
    ],
    [
      "i1",
      "i2",
      "i3",
      "i4",
      "i38",
      "i39",
      "i40",
      "i14",
      "i17",
      "i19",
      "i41",
      "i28",
      "i29",
      "i30",
      "i32",
      "i33",
      "i34",
      "i35",
      "i20"
    ],
    [
      "i1",
      "i2",
      "i3",
      "i6",
      "i39",
      "i40",
      "i14",
      "i17",
      "i19",
      "i41",
      "i28",
      "i29",
      "i30",
      "i32",
      "i33",
      "i34",
      "i35",
      "i20"
    ],
    [
      "i1",
      "i2",
      "i3",
      "i4",
      "i38",
      "i39",
      "i40",
      "i14",
      "i17",
      "i19",
      "i41",
      "i28",
      "i29",
      "i30",
      "i32",
      "i33",
      "i34",
      "i35",
      "i37"
    ],
    [
      "i1",
      "i2",
      "i3",
      "i6",
      "i39",
      "i40",
      "i14",
      "i17",
      "i19",
      "i41",
      "i28",
      "i29",
      "i30",
      "i32",
      "i33",
      "i34",
      "i35",
      "i37"
    ],
    [
      "i1",
      "i2",
      "i3",
      "i4",
      "i38",
      "i39",
      "i40",
      "i14",
      "i17",
      "i19",
      "i41",
      "i37"
    ],
    [
      "i1",
      "i2",
      "i3",
      "i6",
      "i39",
      "i40",
      "i14",
      "i17",
      "i19",
      "i41",
      "i37"
    ],
    [
      "i1",
      "i2",
      "i3",
      "i4",
      "i38",
      "i39",
      "i40",
      "i41",
      "i28",
      "i29",
      "i30",
      "i20"
    ],
    [
      "i1",
      "i2",
      "i3",
      "i6",
      "i39",
      "i40",
      "i41",
      "i28",
      "i29",
      "i30",
      "i20"
    ],
    [
      "i1",
      "i2",
      "i3",
      "i4",
      "i38",
      "i39",
      "i40",
      "i41",
      "i28",
      "i29",
      "i30",
      "i32",
      "i33",
      "i34",
      "i35",
      "i20"
    ],
    [
      "i1",
      "i2",
      "i3",
      "i6",
      "i39",
      "i40",
      "i41",
      "i28",
      "i29",
      "i30",
      "i32",
      "i33",
      "i34",
      "i35",
      "i20"
    ],
    [
      "i1",
      "i2",
      "i3",
      "i4",
      "i38",
      "i39",
      "i40",
      "i41",
      "i28",
      "i29",
      "i30",
      "i32",
      "i33",
      "i34",
      "i35",
      "i37"
    ],
    [
      "i1",
      "i2",
      "i3",
      "i6",
      "i39",
      "i40",
      "i41",
      "i28",
      "i29",
      "i30",
      "i32",
      "i33",
      "i34",
      "i35",
      "i37"
    ],
    [
      "i1",
      "i2",
      "i3",
      "i4",
      "i38",
      "i39",
      "i40",
      "i41",
      "i37"
    ],
    [
      "i1",
      "i2",
      "i3",
      "i6",
      "i39",
      "i40",
      "i41",
      "i37"
    ]
  ]
}