{
  "model_traces": [
    [
      "i1",
      "b1",
      "i3",
      "b2",
      "i4",
      "i6",
      "i7",
      "e1"
    ],
    [
      "i1",
      "b1",
      "i3",
      "b2",
      "i5",
      "i8",
      "e1"
    ],
    [
      "i1",
      "b1",
      "i3",
      "b2",
      "b3",
      "i9",
      "i11",
      "e1"
    ],
    [
      "i1",
      "b1",
      "i3",
      "b2",
      "b3",
      "i10",
      "i12",
      "e1"
    ],
    [
      "i1",
      "b1",
      "i2",
      "b4",
      "i13",
      "i16",
      "i17",
      "b5",
      "i18",
      "i20",
      "c1",
      "b6",
      "i22",
      "c2",
      "i25",
      "i26",
      "i27",
      "e1"
    ],
    [
      "i1",
      "b1",
      "i2",
      "b4",
      "i13",
      "i16",
      "i17",
      "b5",
      "i18",
      "i20",
      "c1",
      "b6",
      "i23",
      "c2",
      "i25",
      "i26",
      "i27",
      "e1"
    ],
    [
      "i1",
      "b1",
      "i2",
      "b4",
      "i13",
      "i16",
      "i17",
      "b5",
      "i18",
      "i20",
      "c1",
      "b6",
      "i24",
      "c2",
      "i25",
      "i26",
      "i27",
      "e1"
    ],
    [
      "i1",
      "b1",
      "i2",
      "b4",
      "i13",
      "i16",
      "i17",
      "b5",
      "i19",
      "i21",
      "c1",
      "b6",
      "i22",
      "c2",
      "i25",
      "i26",
      "i27",
      "e1"
    ],
    [
      "i1",
      "b1",
      "i2",
      "b4",
      "i13",
      "i16",
      "i17",
      "b5",
      "i19",
      "i21",
      "c1",
      "b6",
      "i23",
      "c2",
      "i25",
      "i26",
      "i27",
      "e1"
    ],
    [
      "i1",
      "b1",
      "i2",
      "b4",
      "i13",
      "i16",
      "i17",
      "b5",
      "i19",
      "i21",
      "c1",
      "b6",
      "i24",
      "c2",
      "i25",
      "i26",
      "i27",
      "e1"
    ],
    [
      "i1",
      "b1",
      "i2",
      "b4",
      "i14",
      "c_fac",
      "i28",
      "i29",
      "i30",
      "i31",
      "i32",
      "i33",
      "b_after_i33",
      "e1"
    ],
    [
      "i1",
      "b1",
      "i2",
      "b4",
      "i14",
      "c_fac",
      "i28",
      "i29",
      "i30",
      "i31",
      "i32",
      "i33",
      "b_after_i33",
      "i35",
      "i36",
      "e6"
    ],
    [
      "i1",
      "b1",
      "i2",
      "b4",
      "i15",
      "i34",
      "c_fac",
      "i28",
      "i29",
      "i30",
      "i31",
      "i32",
      "i33",
      "b_after_i33",
      "e1"
    ],
    [
      "i1",
      "b1",
      "i2",
      "b4",
      "i15",
      "i34",
      "c_fac",
      "i28",
      "i29",
      "i30",
      "i31",
      "i32",
      "i33",
      "b_after_i33",
      "i35",
      "i36",
      "e6"
    ]
  ],
  "source_text_traces": [
    [
      "i1",
      "i3",
      "i4",
      "i6",
      "i7"
    ],
    [
      "i1",
      "i3",
      "i5",
      "i8"
    ],
    [
      "i1",
      "i3",
      "i9",
      "i11"
    ],
    [
      "i1",
      "i3",
      "i10",
      "i12"
    ],
    [
      "i1",
      "i2",
      "i13",
      "i16",
      "i17",
      "i18",
      "i20",
      "i22",
      "i25",
      "i26",
      "i27"
    ],
    [
      "i1",
      "i2",
      "i13",
      "i16",
      "i17",
      "i18",
      "i20",
      "i23",
      "i25",
      "i26",
      "i27"
    ],
    [
      "i1",
      "i2",
      "i13",
      "i16",
      "i17",
      "i18",
      "i20",
      "i24",
      "i25",
      "i26",
      "i27"
    ],
    [
      "i1",
      "i2",
      "i13",
      "i16",
      "i17",
      "i19",
      "i21",
      "i22",
      "i25",
      "i26",
      "i27"
    ],
    [
      "i1",
      "i2",
      "i13",
      "i16",
      "i17",
      "i19",
      "i21",
      "i23",
      "i25",
      "i26",
      "i27"
    ],
    [
      "i1",
      "i2",
      "i13",
      "i16",
      "i17",
      "i19",
      "i21",
      "i24",
      "i25",
      "i26",
      "i27"
    ],
    [
      "i1",
      "i2",
      "i14",
      "i28",
      "i29",
      "i30",
      "i31",
      "i32",
      "i33"
    ],
    [
      "i1",
      "i2",
      "i15",
      "i34",
      "i28",
      "i29",
      "i30",
      "i31",
      "i32",
      "i33",
      "i35",
      "i36"
    ]
  ]
}