{
  "model_traces": [
    [
      "i1",
      "n1",
      "b1",
      "n3",
      "c1",
      "n7",
      "b3",
      "n11",
      "b6",
      "n15",
      "n16",
      "n17",
      "b9",
      "n19",
      "e1"
    ],
    [
      "i1",
      "n1",
      "b1",
      "b2",
      "n5",
      "c1",
      "n7",
      "b3",
      "n11",
      "b6",
      "n15",
      "n16",
      "n17",
      "b9",
      "n19",
      "e1"
    ],
    [
      "i1",
      "n1",
      "b1",
      "b2",
      "n6",
      "c1",
      "n7",
      "b3",
      "n11",
      "b6",
      "n15",
      "n16",
      "n17",
      "b9",
      "n19",
      "e1"
    ]
  ],
  "source_text_traces": [
    [
      "i1",
      "i2",
      "i5",
      "i6"
    ],
    [
      "i1",
      "i3",
      "i4",
      "i5",
      "i3"
    ],
    [
      "i1",
      "i3",
      "i4",
      "i5",
      "i6"
    ],
    [
      "i1",
      "i2",
      "i5",
      "i3",
      "i4",
      "i8",
      "i7"
    ],
    [
      "i1",
      "i2",
      "i5",
      "i3",
      "i4",
      "i8",
      "i9",
      "i10",
      "i11",
      "i13"
    ],
    [
      "i1",
      "i2",
      "i5",
      "i3",
      "i4",
      "i8",
      "i9",
      "i10",
      "i12"
    ]
  ]
}