{
  "model_traces": [
    [
      "i1",
      "n2",
      "b1",
      "n3",
      "b2",
      "n4",
      "b3",
      "n5",
      "n6",
      "e1"
    ],
    [
      "i1",
      "n2",
      "b1",
      "n3",
      "b2",
      "n4",
      "b3",
      "n7",
      "n8",
      "e2"
    ],
    [
      "i1",
      "n2",
      "b1",
      "n3",
      "b2",
      "b4",
      "n10",
      "n11",
      "e3"
    ],
    [
      "i1",
      "n2",
      "b1",
      "n3",
      "b2",
      "b4",
      "n12",
      "n13",
      "e4"
    ],
    [
      "i1",
      "n2",
      "b1",
      "n14",
      "b5",
      "n15",
      "n25",
      "n26",
      "e5"
    ],
    [
      "i1",
      "n2",
      "b1",
      "n14",
      "b5",
      "n16",
      "n27",
      "n28",
      "n29",
      "e6"
    ],
    [
      "i1",
      "n2",
      "b1",
      "n14",
      "b5",
      "n17",
      "n30",
      "n31",
      "e7"
    ]
  ],
  "source_text_traces": [
    [
      "i1",
      "i4",
      "i11",
      "i32"
    ],
    [
      "i1",
      "i4",
      "i11",
      "i33"
    ],
    [
      "i1",
      "i4",
      "i7",
      "i30"
    ],
    [
      "i1",
      "i4",
      "i7",
      "i31"
    ],
    [
      "i1",
      "i12",
      "i16",
      "i37"
    ],
    [
      "i1",
      "i12",
      "i26",
      "i27"
    ],
    [
      "i1",
      "i12",
      "i29",
      "i38"
    ]
  ]
}