{
  "model_traces": [
    [
      "i1",
      "n1",
      "n2",
      "b1",
      "n4",
      "c2",
      "n7",
      "n8",
      "n9",
      "b2",
      "n10",
      "b3",
      "n12",
      "c3",
      "n14",
      "n16",
      "n17",
      "n18",
      "n19",
      "n20",
      "n21",
      "e2"
    ],
    [
      "i1",
      "n1",
      "n2",
      "b1",
      "n4",
      "c2",
      "n7",
      "n8",
      "n9",
      "b2",
      "n10",
      "b3",
      "n13",
      "n15",
      "c3",
      "n14",
      "n16",
      "n17",
      "n18",
      "n19",
      "n20",
      "n21",
      "e2"
    ],
    [
      "i1",
      "n1",
      "n2",
      "b1",
      "n5",
      "n6",
      "e1"
    ]
  ],
  "source_text_traces": [
    [
      "i1",
      "i2",
      "i7",
      "i9"
    ],
    [
      "i1",
      "i2",
      "i3",
      "i5",
      "i8",
      "i15",
      "i10",
      "i12",
      "i8"
    ],
    [
      "i1",
      "i2",
      "i3",
      "i5",
      "i8",
      "i15",
      "i10",
      "i14",
      "i17",
      "i19",
      "i21",
      "i22",
      "i23",
      "i24",
      "i25"
    ],
    [
      "i1",
      "i2",
      "i3",
      "i5",
      "i8",
      "i15",
      "i10",
      "i14",
      "i18",
      "i20",
      "i19",
      "i21",
      "i22",
      "i23",
      "i24",
      "i25"
    ]
  ]
}