{
  "model_traces": [
    [
      "i1",
      "n2",
      "b1",
      "n3",
      "n5",
      "b2",
      "n6",
      "b3",
      "n7",
      "n8",
      "e1"
    ],
    [
      "i1",
      "n2",
      "b1",
      "n3",
      "n5",
      "b2",
      "n6",
      "b3",
      "n9",
      "e2"
    ],
    [
      "i1",
      "n2",
      "b1",
      "n3",
      "n5",
      "b2",
      "n11",
      "b4",
      "n12",
      "n13",
      "e3"
    ],
    [
      "i1",
      "n2",
      "b1",
      "n3",
      "n5",
      "b2",
      "n11",
      "b4",
      "n14",
      "n15",
      "e4"
    ],
    [
      "i1",
      "n2",
      "b1",
      "n4",
      "n16",
      "b5",
      "n17",
      "b6",
      "n21",
      "c_tabs",
      "n27",
      "n28",
      "e5"
    ],
    [
      "i1",
      "n2",
      "b1",
      "n4",
      "n16",
      "b5",
      "n17",
      "b6",
      "n22",
      "c_tabs",
      "n27",
      "n28",
      "e5"
    ],
    [
      "i1",
      "n2",
      "b1",
      "n4",
      "n16",
      "b5",
      "n17",
      "b6",
      "n24",
      "c_tabs",
      "n27",
      "n28",
      "e5"
    ],
    [
      "i1",
      "n2",
      "b1",
      "n4",
      "n16",
      "b5",
      "n17",
      "b6",
      "n25",
      "c_tabs",
      "n27",
      "n28",
      "e5"
    ],
    [
      "i1",
      "n2",
      "b1",
      "n4",
      "n16",
      "b5",
      "n17",
      "b6",
      "n26",
      "c_tabs",
      "n27",
      "n28",
      "e5"
    ],
    [
      "i1",
      "n2",
      "b1",
      "n4",
      "n16",
      "b5",
      "c_fac_ent",
      "n18",
      "n29",
      "n30",
      "n31",
      "n32",
      "b_dr",
      "n33",
      "e6"
    ],
    [
      "i1",
      "n2",
      "b1",
      "n4",
      "n16",
      "b5",
      "c_fac_ent",
      "n18",
      "n29",
      "n30",
      "n31",
      "n32",
      "b_dr",
      "n34",
      "n35",
      "n36",
      "e7"
    ],
    [
      "i1",
      "n2",
      "b1",
      "n4",
      "n16",
      "b5",
      "n19",
      "c_fac_ent",
      "n18",
      "n29",
      "n30",
      "n31",
      "n32",
      "b_dr",
      "n33",
      "e6"
    ],
    [
      "i1",
      "n2",
      "b1",
      "n4",
      "n16",
      "b5",
      "n19",
      "c_fac_ent",
      "n18",
      "n29",
      "n30",
      "n31",
      "n32",
      "b_dr",
      "n34",
      "n35",
      "n36",
      "e7"
    ]
  ],
  "source_text_traces": [
    [
      "i1",
      "i4",
      "i5",
      "i8",
      "i43",
      "i11"
    ],
    [
      "i1",
      "i4",
      "i5",
      "i8",
      "i44",
      "i11"
    ],
    [
      "i1",
      "i4",
      "i5",
      "i12",
      "i45",
      "i11"
    ],
    [
      "i1",
      "i4",
      "i5",
      "i12",
      "i46",
      "i11"
    ],
    [
      "i1",
      "i15",
      "i16",
      "i20",
      "i21",
      "i27",
      "i34",
      "i11"
    ],
    [
      "i1",
      "i15",
      "i16",
      "i35",
      "i36",
      "i37",
      "i38",
      "i39",
      "i11"
    ],
    [
      "i1",
      "i15",
      "i16",
      "i40",
      "i35",
      "i36",
      "i37",
      "i38",
      "i39",
      "i41",
      "i42",
      "i11"
    ]
  ]
}