{
  "model_traces": [
    [
      "i1",
      "n2",
      "n3",
      "n4",
      "b1",
      "n6",
      "n10",
      "n11",
      "n12",
      "n14",
      "n15",
      "e1"
    ],
    [
      "i1",
      "n2",
      "n3",
      "n4",
      "b1",
      "n7",
      "n18",
      "n19",
      "n26",
      "n27",
      "n28",
      "n31",
      "e2"
    ]
  ],
  "source_text_traces": [
    [
      "i1",
      "i2",
      "i3",
      "i4",
      "i12",
      "i13",
      "i14",
      "i16"
    ],
    [
      "i1",
      "i2",
      "i3",
      "i9",
      "i17",
      "i20"
    ],
    [
      "i1",
      "i2",
      "i3",
      "i9",
      "i17",
      "i21",
      "i22",
      "i23",
      "i25"
    ]
  ]
}