{
  "model_traces": [
    [
      "i1",
      "n2",
      "n2c",
      "n3",
      "b1",
      "n4",
      "n5",
      "b2",
      "n6",
      "c_pkg",
      "n7",
      "b3",
      "n9",
      "c_prot",
      "n10",
      "n11",
      "c_retry",
      "n12",
      "n13",
      "b4",
      "n14_ref",
      "n15",
      "n16",
      "n17",
      "n17_note",
      "e1"
    ],
    [
      "i1",
      "n2",
      "n2c",
      "n3",
      "b1",
      "n4",
      "n5",
      "b2",
      "n6",
      "c_pkg",
      "n7",
      "b3",
      "c_prot",
      "n10",
      "n11",
      "c_retry",
      "n12",
      "n13",
      "b4",
      "n14_ref",
      "n15",
      "n16",
      "n17",
      "n17_note",
      "e1"
    ],
    [
      "i1",
      "n2",
      "n2c",
      "n3",
      "b1",
      "n4",
      "n5",
      "b2",
      "c_pkg",
      "n7",
      "b3",
      "n9",
      "c_prot",
      "n10",
      "n11",
      "c_retry",
      "n12",
      "n13",
      "b4",
      "n14_ref",
      "n15",
      "n16",
      "n17",
      "n17_note",
      "e1"
    ],
    [
      "i1",
      "n2",
      "n2c",
      "n3",
      "b1",
      "n4",
      "n5",
      "b2",
      "c_pkg",
      "n7",
      "b3",
      "c_prot",
      "n10",
      "n11",
      "c_retry",
      "n12",
      "n13",
      "b4",
      "n14_ref",
      "n15",
      "n16",
      "n17",
      "n17_note",
      "e1"
    ],
    [
      "i1",
      "n2",
      "n2c",
      "n3",
      "b1",
      "n19",
      "n20",
      "b5",
      "n21",
      "c_led",
      "n25",
      "n26",
      "n27",
      "n23_return",
      "e2"
    ],
    [
      "i1",
      "n2",
      "n2c",
      "n3",
      "b1",
      "n19",
      "n20",
      "b5",
      "n22",
      "c_led",
      "n25",
      "n26",
      "n27",
      "n23_return",
      "e2"
    ]
  ],
  "source_text_traces": [
    [
      "i1",
      "i2",
      "i3",
      "i5",
      "i6",
      "i7",
      "i8",
      "i9",
      "i10",
      "i11",
      "i12",
      "i13",
      "i14",
      "i15",
      "i16",
      "i17",
      "i18",
      "i19",
      "i20",
      "i21",
      "i22",
      "i23",
      "i24",
      "i25",
      "i26",
      "i27",
      "i28"
    ],
    [
      "i1",
      "i2",
      "i4",
      "i29",
      "i30",
      "i31",
      "i32",
      "i33",
      "i36",
      "i37",
      "i38",
      "i39",
      "i40"
    ],
    [
      "i1",
      "i2",
      "i4",
      "i29",
      "i30",
      "i31",
      "i34",
      "i35",
      "i36",
      "i37",
      "i38",
      "i39",
      "i40"
    ]
  ]
}