{
  "model_traces": [
    [
      "i1",
      "n1",
      "n2",
      "b1",
      "n3",
      "n_simult",
      "b_and",
      "n5",
      "c_and",
      "n7",
      "n8",
      "n9",
      "n10",
      "n12",
      "e3"
    ],
    [
      "i1",
      "n1",
      "n2",
      "b1",
      "n3",
      "n_simult",
      "b_and",
      "n6",
      "c_and",
      "n7",
      "n8",
      "n9",
      "n10",
      "n12",
      "e3"
    ],
    [
      "i1",
      "n1",
      "n2",
      "b1",
      "n4",
      "e1"
    ]
  ],
  "source_text_traces": [
    [
      "i1",
      "i2",
      "i3",
      "i6",
      "i7"
    ],
    [
      "i1",
      "i2",
      "i3",
      "i4",
      "i5",
      "i8",
      "i9",
      "i11",
      "i12",
      "i13",
      "i14",
      "i15"
    ],
    [
      "i1",
      "i2",
      "i3",
      "i4",
      "i5",
      "i8",
      "i10",
      "i11",
      "i12",
      "i13",
      "i14",
      "i15"
    ]
  ]
}