{
  "model_traces": [
    [
      "i1",
      "n1",
      "n2",
      "n3",
      "n4",
      "b1",
      "n5",
      "c1",
      "n7",
      "n8",
      "b2",
      "n9",
      "n10",
      "n11",
      "n12",
      "n13",
      "e1"
    ],
    [
      "i1",
      "n1",
      "n2",
      "n3",
      "n4",
      "b1",
      "n5",
      "c1",
      "n7",
      "n8",
      "b2",
      "n14",
      "n15",
      "b3",
      "n16",
      "c2",
      "n18",
      "n19",
      "n20",
      "n21",
      "n22",
      "e2"
    ],
    [
      "i1",
      "n1",
      "n2",
      "n3",
      "n4",
      "b1",
      "n5",
      "c1",
      "n7",
      "n8",
      "b2",
      "n14",
      "n15",
      "b3",
      "n17",
      "c2",
      "n18",
      "n19",
      "n20",
      "n21",
      "n22",
      "e2"
    ],
    [
      "i1",
      "n1",
      "n2",
      "n3",
      "n4",
      "b1",
      "n5",
      "c1",
      "n7",
      "n8",
      "b2",
      "n28",
      "n29",
      "n30",
      "e3"
    ],
    [
      "i1",
      "n1",
      "n2",
      "n3",
      "n4",
      "b1",
      "n5",
      "c1",
      "n7",
      "n8",
      "b2",
      "n31",
      "n32",
      "b5",
      "n33",
      "c4",
      "n35",
      "n36",
      "e4"
    ],
    [
      "i1",
      "n1",
      "n2",
      "n3",
      "n4",
      "b1",
      "n5",
      "c1",
      "n7",
      "n8",
      "b2",
      "n31",
      "n32",
      "b5",
      "n34",
      "c4",
      "n35",
      "n36",
      "e4"
    ],
    [
      "i1",
      "n1",
      "n2",
      "n3",
      "n4",
      "b1",
      "n6",
      "c1",
      "n7",
      "n8",
      "b2",
      "n9",
      "n10",
      "n11",
      "n12",
      "n13",
      "e1"
    ],
    [
      "i1",
      "n1",
      "n2",
      "n3",
      "n4",
      "b1",
      "n6",
      "c1",
      "n7",
      "n8",
      "b2",
      "n14",
      "n15",
      "b3",
      "n16",
      "c2",
      "n18",
      "n19",
      "n20",
      "n21",
      "n22",
      "e2"
    ],
    [
      "i1",
      "n1",
      "n2",
      "n3",
      "n4",
      "b1",
      "n6",
      "c1",
      "n7",
      "n8",
      "b2",
      "n14",
      "n15",
      "b3",
      "n17",
      "c2",
      "n18",
      "n19",
      "n20",
      "n21",
      "n22",
      "e2"
    ],
    [
      "i1",
      "n1",
      "n2",
      "n3",
      "n4",
      "b1",
      "n6",
      "c1",
      "n7",
      "n8",
      "b2",
      "n28",
      "n29",
      "n30",
      "e3"
    ],
    [
      "i1",
      "n1",
      "n2",
      "n3",
      "n4",
      "b1",
      "n6",
      "c1",
      "n7",
      "n8",
      "b2",
      "n31",
      "n32",
      "b5",
      "n33",
      "c4",
      "n35",
      "n36",
      "e4"
    ],
    [
      "i1",
      "n1",
      "n2",
      "n3",
      "n4",
      "b1",
      "n6",
      "c1",
      "n7",
      "n8",
      "b2",
      "n31",
      "n32",
      "b5",
      "n34",
      "c4",
      "n35",
      "n36",
      "e4"
    ]
  ],
  "source_text_traces": [
    [
      "i1",
      "i2",
      "i3",
      "i4",
      "i5",
      "i7"
    ],
    [
      "i1",
      "i2",
      "i3",
      "i4",
      "i5",
      "i8",
      "i9"
    ],
    [
      "i1",
      "i2",
      "i3",
      "i4",
      "i5",
      "i10"
    ],
    [
      "i1",
      "i2",
      "i3",
      "i4",
      "i5",
      "i11"
    ]
  ]
}