{
  "model_traces": [
    [
      "i1",
      "b1",
      "n3",
      "c1",
      "n6",
      "b2",
      "c2",
      "n8",
      "n13",
      "b4",
      "e2"
    ],
    [
      "i1",
      "b1",
      "n3",
      "c1",
      "n6",
      "b2",
      "c2",
      "n8",
      "n13",
      "b4",
      "n16",
      "b5",
      "e3"
    ],
    [
      "i1",
      "b1",
      "n3",
      "c1",
      "n6",
      "b2",
      "c2",
      "n8",
      "n13",
      "b4",
      "n16",
      "b5",
      "n19",
      "b6",
      "e4"
    ],
    [
      "i1",
      "b1",
      "n3",
      "c1",
      "n6",
      "b2",
      "c2",
      "n8",
      "n13",
      "b4",
      "n16",
      "b5",
      "n19",
      "b6",
      "e5"
    ],
    [
      "i1",
      "b1",
      "n3",
      "c1",
      "n6",
      "b2",
      "n9",
      "b3",
      "c2",
      "n8",
      "n13",
      "b4",
      "e2"
    ],
    [
      "i1",
      "b1",
      "n3",
      "c1",
      "n6",
      "b2",
      "n9",
      "b3",
      "c2",
      "n8",
      "n13",
      "b4",
      "n16",
      "b5",
      "e3"
    ],
    [
      "i1",
      "b1",
      "n3",
      "c1",
      "n6",
      "b2",
      "n9",
      "b3",
      "c2",
      "n8",
      "n13",
      "b4",
      "n16",
      "b5",
      "n19",
      "b6",
      "e4"
    ],
    [
      "i1",
      "b1",
      "n3",
      "c1",
      "n6",
      "b2",
      "n9",
      "b3",
      "c2",
      "n8",
      "n13",
      "b4",
      "n16",
      "b5",
      "n19",
      "b6",
      "e5"
    ],
    [
      "i1",
      "b1",
      "n4",
      "n5",
      "c1",
      "n6",
      "b2",
      "c2",
      "n8",
      "n13",
      "b4",
      "e2"
    ],
    [
      "i1",
      "b1",
      "n4",
      "n5",
      "c1",
      "n6",
      "b2",
      "c2",
      "n8",
      "n13",
      "b4",
      "n16",
      "b5",
      "e3"
    ],
    [
      "i1",
      "b1",
      "n4",
      "n5",
      "c1",
      "n6",
      "b2",
      "c2",
      "n8",
      "n13",
      "b4",
      "n16",
      "b5",
      "n19",
      "b6",
      "e4"
    ],
    [
      "i1",
      "b1",
      "n4",
      "n5",
      "c1",
      "n6",
      "b2",
      "c2",
      "n8",
      "n13",
      "b4",
      "n16",
      "b5",
      "n19",
      "b6",
      "e5"
    ],
    [
      "i1",
      "b1",
      "n4",
      "n5",
      "c1",
      "n6",
      "b2",
      "n9",
      "b3",
      "c2",
      "n8",
      "n13",
      "b4",
      "e2"
    ],
    [
      "i1",
      "b1",
      "n4",
      "n5",
      "c1",
      "n6",
      "b2",
      "n9",
      "b3",
      "c2",
      "n8",
      "n13",
      "b4",
      "n16",
      "b5",
      "e3"
    ],
    [
      "i1",
      "b1",
      "n4",
      "n5",
      "c1",
      "n6",
      "b2",
      "n9",
      "b3",
      "c2",
      "n8",
      "n13",
      "b4",
      "n16",
      "b5",
      "n19",
      "b6",
      "e4"
    ],
    [
      "i1",
      "b1",
      "n4",
      "n5",
      "c1",
      "n6",
      "b2",
      "n9",
      "b3",
      "c2",
      "n8",
      "n13",
      "b4",
      "n16",
      "b5",
      "n19",
      "b6",
      "e5"
    ]
  ],
  "source_text_traces": []
}