{
  "model_traces": [
    [
      "i1",
      "n2",
      "n3",
      "n7",
      "n13",
      "n14",
      "n15",
      "n16",
      "n17",
      "n18",
      "n19",
      "n20",
      "n21",
      "b3",
      "n23",
      "c1",
      "n30",
      "n32",
      "n33",
      "n34",
      "b6",
      "n36",
      "c2",
      "n44",
      "n47",
      "n50",
      "n51",
      "n52",
      "n53",
      "e1"
    ],
    [
      "i1",
      "n2",
      "n3",
      "n7",
      "n13",
      "n14",
      "n15",
      "n16",
      "n17",
      "n18",
      "n19",
      "n20",
      "n21",
      "b3",
      "n23",
      "c1",
      "n30",
      "n32",
      "n33",
      "n34",
      "b6",
      "n40",
      "c2",
      "n44",
      "n47",
      "n50",
      "n51",
      "n52",
      "n53",
      "e1"
    ],
    [
      "i1",
      "n2",
      "n3",
      "n7",
      "n13",
      "n14",
      "n15",
      "n16",
      "n17",
      "n18",
      "n19",
      "n20",
      "n21",
      "b3",
      "n27",
      "c1",
      "n30",
      "n32",
      "n33",
      "n34",
      "b6",
      "n36",
      "c2",
      "n44",
      "n47",
      "n50",
      "n51",
      "n52",
      "n53",
      "e1"
    ],
    [
      "i1",
      "n2",
      "n3",
      "n7",
      "n13",
      "n14",
      "n15",
      "n16",
      "n17",
      "n18",
      "n19",
      "n20",
      "n21",
      "b3",
      "n27",
      "c1",
      "n30",
      "n32",
      "n33",
      "n34",
      "b6",
      "n40",
      "c2",
      "n44",
      "n47",
      "n50",
      "n51",
      "n52",
      "n53",
      "e1"
    ]
  ],
  "source_text_traces": [
    [
      "i1",
      "i2",
      "i3",
      "i4",
      "i5",
      "i30",
      "i6",
      "i7",
      "i8",
      "i9",
      "i10",
      "i11",
      "i12",
      "i14",
      "i15",
      "i17",
      "i18",
      "i19",
      "i20",
      "i21",
      "i22",
      "i24",
      "i25",
      "i26",
      "i27",
      "i28",
      "i29"
    ],
    [
      "i1",
      "i2",
      "i3",
      "i4",
      "i5",
      "i30",
      "i6",
      "i7",
      "i8",
      "i9",
      "i10",
      "i11",
      "i12",
      "i14",
      "i15",
      "i17",
      "i18",
      "i19",
      "i20",
      "i23",
      "i24",
      "i25",
      "i26",
      "i27",
      "i28",
      "i29"
    ],
    [
      "i1",
      "i2",
      "i3",
      "i4",
      "i5",
      "i30",
      "i6",
      "i7",
      "i8",
      "i9",
      "i10",
      "i11",
      "i13",
      "i16",
      "i17",
      "i18",
      "i19",
      "i20",
      "i21",
      "i22",
      "i24",
      "i25",
      "i26",
      "i27",
      "i28",
      "i29"
    ],
    [
      "i1",
      "i2",
      "i3",
      "i4",
      "i5",
      "i30",
      "i6",
      "i7",
      "i8",
      "i9",
      "i10",
      "i11",
      "i13",
      "i16",
      "i17",
      "i18",
      "i19",
      "i20",
      "i23",
      "i24",
      "i25",
      "i26",
      "i27",
      "i28",
      "i29"
    ]
  ]
}