{
  "model_traces": [
    [
      "s",
      "n1",
      "n2",
      "n3",
      "n4",
      "b1",
      "c1",
      "e2"
    ],
    [
      "s",
      "n1",
      "n2",
      "n3",
      "n4",
      "b1",
      "n8",
      "b2",
      "c1",
      "e2"
    ],
    [
      "s",
      "n1",
      "n2",
      "n3",
      "n4",
      "b1",
      "n8",
      "b2",
      "n10",
      "n11",
      "n12",
      "n13",
      "n14",
      "e2"
    ]
  ],
  "source_text_traces": [
    [
      "i1",
      "i2",
      "i3"
    ],
    [
      "i1",
      "i2",
      "i5",
      "i7",
      "i8"
    ],
    [
      "i1",
      "i2",
      "i5",
      "i7",
      "i10",
      "i12",
      "i13",
      "i14"
    ]
  ]
}