{
  "model_traces": [
    [
      "i1",
      "n2",
      "n3",
      "n4",
      "b1",
      "n5",
      "c1",
      "b2",
      "n7",
      "c2",
      "n20",
      "e2"
    ],
    [
      "i1",
      "n2",
      "n3",
      "n4",
      "b1",
      "n5",
      "c1",
      "b2",
      "b3",
      "n9",
      "n10",
      "b4",
      "c3",
      "b5",
      "n13",
      "b6",
      "n15",
      "n17",
      "b8",
      "c4",
      "n19",
      "e1"
    ],
    [
      "i1",
      "n2",
      "n3",
      "n4",
      "b1",
      "n5",
      "c1",
      "b2",
      "b3",
      "n9",
      "n10",
      "b4",
      "c3",
      "b5",
      "n13",
      "b6",
      "n15",
      "n17",
      "b8",
      "c5",
      "c2",
      "n20",
      "e2"
    ],
    [
      "i1",
      "n2",
      "n3",
      "n4",
      "b1",
      "n5",
      "c1",
      "b2",
      "b3",
      "n9",
      "n10",
      "b4",
      "c3",
      "b5",
      "n13",
      "b6",
      "c4",
      "n19",
      "e1"
    ],
    [
      "i1",
      "n2",
      "n3",
      "n4",
      "b1",
      "n5",
      "c1",
      "b2",
      "b3",
      "n9",
      "n10",
      "b4",
      "c3",
      "b5",
      "c5",
      "c2",
      "n20",
      "e2"
    ],
    [
      "i1",
      "n2",
      "n3",
      "n4",
      "b1",
      "n5",
      "c1",
      "b2",
      "b3",
      "n9",
      "n10",
      "b4",
      "c4",
      "n19",
      "e1"
    ],
    [
      "i1",
      "n2",
      "n3",
      "n4",
      "b1",
      "n5",
      "c1",
      "b2",
      "b3",
      "c3",
      "b5",
      "n13",
      "b6",
      "n15",
      "n17",
      "b8",
      "c4",
      "n19",
      "e1"
    ],
    [
      "i1",
      "n2",
      "n3",
      "n4",
      "b1",
      "n5",
      "c1",
      "b2",
      "b3",
      "c3",
      "b5",
      "n13",
      "b6",
      "n15",
      "n17",
      "b8",
      "c5",
      "c2",
      "n20",
      "e2"
    ],
    [
      "i1",
      "n2",
      "n3",
      "n4",
      "b1",
      "n5",
      "c1",
      "b2",
      "b3",
      "c3",
      "b5",
      "n13",
      "b6",
      "c4",
      "n19",
      "e1"
    ],
    [
      "i1",
      "n2",
      "n3",
      "n4",
      "b1",
      "n5",
      "c1",
      "b2",
      "b3",
      "c3",
      "b5",
      "c5",
      "c2",
      "n20",
      "e2"
    ],
    [
      "i1",
      "n2",
      "n3",
      "n4",
      "b1",
      "c1",
      "b2",
      "n7",
      "c2",
      "n20",
      "e2"
    ],
    [
      "i1",
      "n2",
      "n3",
      "n4",
      "b1",
      "c1",
      "b2",
      "b3",
      "n9",
      "n10",
      "b4",
      "c3",
      "b5",
      "n13",
      "b6",
      "n15",
      "n17",
      "b8",
      "c4",
      "n19",
      "e1"
    ],
    [
      "i1",
      "n2",
      "n3",
      "n4",
      "b1",
      "c1",
      "b2",
      "b3",
      "n9",
      "n10",
      "b4",
      "c3",
      "b5",
      "n13",
      "b6",
      "n15",
      "n17",
      "b8",
      "c5",
      "c2",
      "n20",
      "e2"
    ],
    [
      "i1",
      "n2",
      "n3",
      "n4",
      "b1",
      "c1",
      "b2",
      "b3",
      "n9",
      "n10",
      "b4",
      "c3",
      "b5",
      "n13",
      "b6",
      "c4",
      "n19",
      "e1"
    ],
    [
      "i1",
      "n2",
      "n3",
      "n4",
      "b1",
      "c1",
      "b2",
      "b3",
      "n9",
      "n10",
      "b4",
      "c3",
      "b5",
      "c5",
      "c2",
      "n20",
      "e2"
    ],
    [
      "i1",
      "n2",
      "n3",
      "n4",
      "b1",
      "c1",
      "b2",
      "b3",
      "n9",
      "n10",
      "b4",
      "c4",
      "n19",
      "e1"
    ],
    [
      "i1",
      "n2",
      "n3",
      "n4",
      "b1",
      "c1",
      "b2",
      "b3",
      "c3",
      "b5",
      "n13",
      "b6",
      "n15",
      "n17",
      "b8",
      "c4",
      "n19",
      "e1"
    ],
    [
      "i1",
      "n2",
      "n3",
      "n4",
      "b1",
      "c1",
      "b2",
      "b3",
      "c3",
      "b5",
      "n13",
      "b6",
      "n15",
      "n17",
      "b8",
      "c5",
      "c2",
      "n20",
      "e2"
    ],
    [
      "i1",
      "n2",
      "n3",
      "n4",
      "b1",
      "c1",
      "b2",
      "b3",
      "c3",
      "b5",
      "n13",
      "b6",
      "c4",
      "n19",
      "e1"
    ],
    [
      "i1",
      "n2",
      "n3",
      "n4",
      "b1",
      "c1",
      "b2",
      "b3",
      "c3",
      "b5",
      "c5",
      "c2",
      "n20",
      "e2"
    ]
  ],
  "source_text_traces": [
    [
      "i1",
      "i2",
      "i3",
      "i14",
      "i15",
      "i7",
      "i13"
    ],
    [
      "i1",
      "i2",
      "i3",
      "i15",
      "i7",
      "i13"
    ],
    [
      "i1",
      "i2",
      "i3",
      "i14",
      "i15",
      "i16",
      "i17",
      "i13"
    ],
    [
      "i1",
      "i2",
      "i3",
      "i15",
      "i16",
      "i17",
      "i13"
    ],
    [
      "i1",
      "i2",
      "i3",
      "i14",
      "i15",
      "i16",
      "i4",
      "i5",
      "i6"
    ],
    [
      "i1",
      "i2",
      "i3",
      "i15",
      "i16",
      "i4",
      "i5",
      "i6"
    ],
    [
      "i1",
      "i2",
      "i3",
      "i14",
      "i15",
      "i16",
      "i4",
      "i5",
      "i17",
      "i13"
    ],
    [
      "i1",
      "i2",
      "i3",
      "i15",
      "i16",
      "i4",
      "i5",
      "i17",
      "i13"
    ],
    [
      "i1",
      "i2",
      "i3",
      "i14",
      "i15",
      "i16",
      "i17",
      "i8",
      "i9",
      "i6"
    ],
    [
      "i1",
      "i2",
      "i3",
      "i15",
      "i16",
      "i17",
      "i8",
      "i9",
      "i6"
    ],
    [
      "i1",
      "i2",
      "i3",
      "i14",
      "i15",
      "i16",
      "i4",
      "i5",
      "i17",
      "i8",
      "i9",
      "i6"
    ],
    [
      "i1",
      "i2",
      "i3",
      "i15",
      "i16",
      "i4",
      "i5",
      "i17",
      "i8",
      "i9",
      "i6"
    ],
    [
      "i1",
      "i2",
      "i3",
      "i14",
      "i15",
      "i16",
      "i17",
      "i8",
      "i9",
      "i10",
      "i11",
      "i12",
      "i6"
    ],
    [
      "i1",
      "i2",
      "i3",
      "i15",
      "i16",
      "i17",
      "i8",
      "i9",
      "i10",
      "i11",
      "i12",
      "i6"
    ],
    [
      "i1",
      "i2",
      "i3",
      "i14",
      "i15",
      "i16",
      "i4",
      "i5",
      "i17",
      "i8",
      "i9",
      "i10",
      "i11",
      "i12",
      "i6"
    ],
    [
      "i1",
      "i2",
      "i3",
      "i15",
      "i16",
      "i4",
      "i5",
      "i17",
      "i8",
      "i9",
      "i10",
      "i11",
      "i12",
      "i6"
    ],
    [
      "i1",
      "i2",
      "i3",
      "i14",
      "i15",
      "i16",
      "i17",
      "i8",
      "i9",
      "i10",
      "i11",
      "i12",
      "i13"
    ],
    [
      "i1",
      "i2",
      "i3",
      "i15",
      "i16",
      "i17",
      "i8",
      "i9",
      "i10",
      "i11",
      "i12",
      "i13"
    ],
    [
      "i1",
      "i2",
      "i3",
      "i14",
      "i15",
      "i16",
      "i4",
      "i5",
      "i17",
      "i8",
      "i9",
      "i10",
      "i11",
      "i12",
      "i13"
    ],
    [
      "i1",
      "i2",
      "i3",
      "i15",
      "i16",
      "i4",
      "i5",
      "i17",
      "i8",
      "i9",
      "i10",
      "i11",
      "i12",
      "i13"
    ]
  ]
}