{
  "model_traces": [
    [
      "i1",
      "n2",
      "n3",
      "b1",
      "n5",
      "n_forms",
      "n12",
      "n13",
      "b3",
      "n15",
      "n17",
      "e2"
    ],
    [
      "i1",
      "n2",
      "n3",
      "b1",
      "n5",
      "n_forms",
      "n12",
      "n13",
      "b3",
      "n16",
      "e2"
    ],
    [
      "i1",
      "n2",
      "n3",
      "b1",
      "n6",
      "n7",
      "n8",
      "e1"
    ]
  ],
  "source_text_traces": [
    [
      "i1",
      "i3",
      "i4"
    ],
    [
      "i1",
      "i2",
      "i5",
      "i6",
      "i8"
    ],
    [
      "i1",
      "i2",
      "i5",
      "i6",
      "i7",
      "i9"
    ]
  ]
}