{
  "model_traces": [
    [
      "i1",
      "n1",
      "b1",
      "n5",
      "b2",
      "b4",
      "n18",
      "n19",
      "e6"
    ],
    [
      "i1",
      "n1",
      "b1",
      "n5",
      "b2",
      "b4",
      "n20",
      "n21",
      "e7"
    ],
    [
      "i1",
      "n1",
      "b1",
      "n5",
      "b2",
      "b4",
      "n22",
      "n23",
      "e8"
    ],
    [
      "i1",
      "n1",
      "b1",
      "n5",
      "b2",
      "n6",
      "b3",
      "n8",
      "n9",
      "e1"
    ],
    [
      "i1",
      "n1",
      "b1",
      "n5",
      "b2",
      "n6",
      "b3",
      "n10",
      "n11",
      "e2"
    ],
    [
      "i1",
      "n1",
      "b1",
      "n5",
      "b2",
      "n6",
      "b3",
      "n12",
      "n13",
      "e3"
    ],
    [
      "i1",
      "n1",
      "b1",
      "n5",
      "b2",
      "n6",
      "b3",
      "n14",
      "n15",
      "e4"
    ],
    [
      "i1",
      "n1",
      "b1",
      "n5",
      "b2",
      "n6",
      "b3",
      "n16",
      "n17",
      "e5"
    ],
    [
      "i1",
      "n1",
      "b1",
      "n24",
      "b5",
      "n25",
      "n26",
      "n27",
      "n28",
      "e9"
    ],
    [
      "i1",
      "n1",
      "b1",
      "n24",
      "b5",
      "n41",
      "n42",
      "n43",
      "n30",
      "n31",
      "n32",
      "n33",
      "n34",
      "n35",
      "e10"
    ],
    [
      "i1",
      "n1",
      "b1",
      "n24",
      "b5",
      "n44",
      "n45",
      "n46",
      "n37",
      "n38",
      "n39",
      "n40",
      "e11"
    ]
  ],
  "source_text_traces": [
    [
      "i1",
      "i5",
      "i6",
      "i16",
      "i17"
    ],
    [
      "i1",
      "i5",
      "i8",
      "i18",
      "i17"
    ],
    [
      "i1",
      "i5",
      "i10",
      "i19",
      "i17"
    ],
    [
      "i1",
      "i5",
      "i12",
      "i20",
      "i17"
    ],
    [
      "i1",
      "i5",
      "i14"
    ],
    [
      "i1",
      "i5",
      "i22",
      "i25",
      "i17"
    ],
    [
      "i1",
      "i5",
      "i23",
      "i26",
      "i17"
    ],
    [
      "i1",
      "i5",
      "i24",
      "i27"
    ],
    [
      "i1",
      "i3",
      "i28",
      "i31",
      "i32",
      "i33",
      "i17"
    ],
    [
      "i1",
      "i3",
      "i29",
      "i31",
      "i32",
      "i33",
      "i35",
      "i36",
      "i37",
      "i38",
      "i39",
      "i17"
    ],
    [
      "i1",
      "i3",
      "i30",
      "i31",
      "i32",
      "i33",
      "i35",
      "i40",
      "i41"
    ]
  ]
}