{
  "model_traces": [
    [
      "i1",
      "n1",
      "n2",
      "b1",
      "n3",
      "b2",
      "n4",
      "b3",
      "n6",
      "n7",
      "e1"
    ],
    [
      "i1",
      "n1",
      "n2",
      "b1",
      "n3",
      "b2",
      "n4",
      "b3",
      "n8",
      "n9",
      "e2"
    ],
    [
      "i1",
      "n1",
      "n2",
      "b1",
      "n3",
      "b2",
      "n4",
      "b3",
      "n10",
      "n11",
      "e3"
    ],
    [
      "i1",
      "n1",
      "n2",
      "b1",
      "n3",
      "b2",
      "n4",
      "b3",
      "n12",
      "n13",
      "e4"
    ],
    [
      "i1",
      "n1",
      "n2",
      "b1",
      "n3",
      "b2",
      "n4",
      "b3",
      "n14",
      "n15",
      "e5"
    ],
    [
      "i1",
      "n1",
      "n2",
      "b1",
      "n3",
      "b2",
      "n5",
      "b4",
      "n16",
      "n17",
      "e6"
    ],
    [
      "i1",
      "n1",
      "n2",
      "b1",
      "n3",
      "b2",
      "n5",
      "b4",
      "n18",
      "n19",
      "e7"
    ],
    [
      "i1",
      "n1",
      "n2",
      "b1",
      "n3",
      "b2",
      "n5",
      "b4",
      "n20",
      "n21",
      "e8"
    ],
    [
      "i1",
      "n1",
      "n2",
      "b1",
      "n22",
      "n23",
      "n24",
      "n25",
      "n26",
      "n27",
      "n28",
      "b6",
      "n29",
      "e9"
    ],
    [
      "i1",
      "n1",
      "n2",
      "b1",
      "n22",
      "n23",
      "n24",
      "n25",
      "n26",
      "n27",
      "n28",
      "b6",
      "n36",
      "n37",
      "n38",
      "n39",
      "n40",
      "n41",
      "n42",
      "e10"
    ],
    [
      "i1",
      "n1",
      "n2",
      "b1",
      "n22",
      "n23",
      "n24",
      "n25",
      "n26",
      "n27",
      "n28",
      "b6",
      "n49",
      "n50",
      "n51",
      "n52",
      "e11"
    ]
  ],
  "source_text_traces": [
    [
      "i1",
      "i5",
      "i6",
      "i12",
      "i13"
    ],
    [
      "i1",
      "i5",
      "i6",
      "i14",
      "i13"
    ],
    [
      "i1",
      "i5",
      "i6",
      "i15",
      "i13"
    ],
    [
      "i1",
      "i5",
      "i6",
      "i16",
      "i13"
    ],
    [
      "i1",
      "i5",
      "i6",
      "i17"
    ],
    [
      "i1",
      "i5",
      "i18",
      "i21",
      "i13"
    ],
    [
      "i1",
      "i5",
      "i18",
      "i22",
      "i13"
    ],
    [
      "i1",
      "i5",
      "i18",
      "i23"
    ],
    [
      "i1",
      "i28",
      "i29",
      "i30",
      "i31",
      "i32",
      "i33",
      "i13"
    ],
    [
      "i1",
      "i28",
      "i29",
      "i30",
      "i31",
      "i32",
      "i33",
      "i35",
      "i36",
      "i37",
      "i38",
      "i39",
      "i40",
      "i13"
    ],
    [
      "i1",
      "i28",
      "i29",
      "i30",
      "i31",
      "i32",
      "i33",
      "i35",
      "i42",
      "i43",
      "i44"
    ]
  ]
}