{
  "model_traces": [
    [
      "i1",
      "n1",
      "b1",
      "n2",
      "c1",
      "n7",
      "n8",
      "n10",
      "n13",
      "b6",
      "n15",
      "e2"
    ],
    [
      "i1",
      "n1",
      "b1",
      "n2",
      "c1",
      "n7",
      "n8",
      "n10",
      "n13",
      "b6",
      "n17",
      "e3"
    ],
    [
      "i1",
      "n1",
      "b1",
      "n4",
      "c1",
      "n7",
      "n8",
      "n10",
      "n13",
      "b6",
      "n15",
      "e2"
    ],
    [
      "i1",
      "n1",
      "b1",
      "n4",
      "c1",
      "n7",
      "n8",
      "n10",
      "n13",
      "b6",
      "n17",
      "e3"
    ]
  ],
  "source_text_traces": [
    [
      "i1",
      "i2",
      "i3",
      "i4",
      "i5",
      "i6",
      "i7",
      "i8"
    ]
  ]
}