{
  "model_traces": [
    [
      "i1",
      "n2",
      "n3",
      "b1",
      "n4",
      "c1",
      "n5",
      "b2",
      "n6",
      "n8",
      "n10",
      "n11",
      "n12",
      "n13",
      "n16",
      "n17",
      "n18",
      "n30",
      "n31",
      "n19",
      "e1"
    ],
    [
      "i1",
      "n2",
      "n3",
      "b1",
      "n4",
      "c1",
      "n5",
      "b2",
      "n20",
      "n21",
      "b8",
      "n22",
      "c6",
      "n24",
      "n25",
      "n26",
      "n27",
      "n28",
      "n29",
      "e2"
    ],
    [
      "i1",
      "n2",
      "n3",
      "b1",
      "n4",
      "c1",
      "n5",
      "b2",
      "n20",
      "n21",
      "b8",
      "n23",
      "c6",
      "n24",
      "n25",
      "n26",
      "n27",
      "n28",
      "n29",
      "e2"
    ],
    [
      "i1",
      "n2",
      "n3",
      "b1",
      "c1",
      "n5",
      "b2",
      "n6",
      "n8",
      "n10",
      "n11",
      "n12",
      "n13",
      "n16",
      "n17",
      "n18",
      "n30",
      "n31",
      "n19",
      "e1"
    ],
    [
      "i1",
      "n2",
      "n3",
      "b1",
      "c1",
      "n5",
      "b2",
      "n20",
      "n21",
      "b8",
      "n22",
      "c6",
      "n24",
      "n25",
      "n26",
      "n27",
      "n28",
      "n29",
      "e2"
    ],
    [
      "i1",
      "n2",
      "n3",
      "b1",
      "c1",
      "n5",
      "b2",
      "n20",
      "n21",
      "b8",
      "n23",
      "c6",
      "n24",
      "n25",
      "n26",
      "n27",
      "n28",
      "n29",
      "e2"
    ]
  ],
  "source_text_traces": [
    [
      "i1",
      "i2",
      "i3",
      "i4",
      "i5",
      "i6",
      "i12",
      "i8",
      "i9"
    ],
    [
      "i1",
      "i2",
      "i3",
      "i13",
      "i10",
      "i11",
      "i14"
    ]
  ]
}