{
  "model_traces": [
    [
      "i1",
      "n1",
      "n2",
      "b1",
      "n3",
      "e1"
    ],
    [
      "i1",
      "n1",
      "n2",
      "b1",
      "n4",
      "b_sb",
      "b6",
      "n5",
      "c1",
      "n7",
      "n8",
      "b2",
      "n9",
      "e2"
    ],
    [
      "i1",
      "n1",
      "n2",
      "b1",
      "n4",
      "b_sb",
      "b6",
      "n5",
      "c1",
      "n7",
      "n8",
      "b2",
      "n10",
      "b3",
      "n11",
      "e3"
    ],
    [
      "i1",
      "n1",
      "n2",
      "b1",
      "n4",
      "b_sb",
      "b6",
      "n5",
      "c1",
      "n7",
      "n8",
      "b2",
      "n10",
      "b3",
      "n12",
      "b4",
      "n14",
      "e4"
    ],
    [
      "i1",
      "n1",
      "n2",
      "b1",
      "n4",
      "b_sb",
      "b6",
      "n5",
      "c1",
      "n7",
      "n8",
      "b2",
      "n10",
      "b3",
      "n12",
      "b4",
      "n17",
      "e_ra"
    ],
    [
      "i1",
      "n1",
      "n2",
      "b1",
      "n4",
      "b_sb",
      "b6",
      "n6",
      "c1",
      "n7",
      "n8",
      "b2",
      "n9",
      "e2"
    ],
    [
      "i1",
      "n1",
      "n2",
      "b1",
      "n4",
      "b_sb",
      "b6",
      "n6",
      "c1",
      "n7",
      "n8",
      "b2",
      "n10",
      "b3",
      "n11",
      "e3"
    ],
    [
      "i1",
      "n1",
      "n2",
      "b1",
      "n4",
      "b_sb",
      "b6",
      "n6",
      "c1",
      "n7",
      "n8",
      "b2",
      "n10",
      "b3",
      "n12",
      "b4",
      "n14",
      "e4"
    ],
    [
      "i1",
      "n1",
      "n2",
      "b1",
      "n4",
      "b_sb",
      "b6",
      "n6",
      "c1",
      "n7",
      "n8",
      "b2",
      "n10",
      "b3",
      "n12",
      "b4",
      "n17",
      "e_ra"
    ],
    [
      "i1",
      "n1",
      "n2",
      "b1",
      "n4",
      "b_sb",
      "e_sb_fail"
    ]
  ],
  "source_text_traces": [
    [
      "i1",
      "i4"
    ],
    [
      "i1",
      "i2",
      "i3",
      "i5",
      "i6",
      "i7",
      "i8",
      "i9",
      "i10",
      "i11"
    ],
    [
      "i1",
      "i2",
      "i3",
      "i5",
      "i6",
      "i7",
      "i8",
      "i9",
      "i10",
      "i12",
      "i13"
    ],
    [
      "i1",
      "i2",
      "i3",
      "i5",
      "i6",
      "i7",
      "i8",
      "i9",
      "i10",
      "i12",
      "i14"
    ]
  ]
}