{
  "model_traces": [
    [
      "i1",
      "n1",
      "n2",
      "b1",
      "n3",
      "n4",
      "b2",
      "n5",
      "b3",
      "n15",
      "n14",
      "b6",
      "n16",
      "e1"
    ],
    [
      "i1",
      "n1",
      "n2",
      "b1",
      "n3",
      "n4",
      "b2",
      "n5",
      "b3",
      "n15",
      "n14",
      "b6",
      "n16_alt",
      "e1"
    ],
    [
      "i1",
      "n1",
      "n2",
      "b1",
      "n3",
      "n4",
      "b2",
      "n5",
      "b3",
      "n15_alt",
      "n14",
      "b6",
      "n16",
      "e1"
    ],
    [
      "i1",
      "n1",
      "n2",
      "b1",
      "n3",
      "n4",
      "b2",
      "n5",
      "b3",
      "n15_alt",
      "n14",
      "b6",
      "n16_alt",
      "e1"
    ],
    [
      "i1",
      "n1",
      "n2",
      "b1",
      "n3",
      "n4",
      "b2",
      "n6",
      "n7",
      "b4",
      "n8",
      "n14",
      "b6",
      "n16",
      "e1"
    ],
    [
      "i1",
      "n1",
      "n2",
      "b1",
      "n3",
      "n4",
      "b2",
      "n6",
      "n7",
      "b4",
      "n8",
      "n14",
      "b6",
      "n16_alt",
      "e1"
    ],
    [
      "i1",
      "n1",
      "n2",
      "b1",
      "n3",
      "n4",
      "b2",
      "n6",
      "n7",
      "b4",
      "n8_alt",
      "n14",
      "b6",
      "n16",
      "e1"
    ],
    [
      "i1",
      "n1",
      "n2",
      "b1",
      "n3",
      "n4",
      "b2",
      "n6",
      "n7",
      "b4",
      "n8_alt",
      "n14",
      "b6",
      "n16_alt",
      "e1"
    ],
    [
      "i1",
      "n1",
      "n2",
      "b1",
      "n3",
      "n4",
      "b2",
      "n9",
      "n10",
      "n11",
      "b5",
      "n12",
      "n_i13",
      "n_i14",
      "n_i16",
      "n14",
      "b6",
      "n16",
      "e1"
    ],
    [
      "i1",
      "n1",
      "n2",
      "b1",
      "n3",
      "n4",
      "b2",
      "n9",
      "n10",
      "n11",
      "b5",
      "n12",
      "n_i13",
      "n_i14",
      "n_i16",
      "n14",
      "b6",
      "n16_alt",
      "e1"
    ],
    [
      "i1",
      "n1",
      "n2",
      "b1",
      "n3",
      "n4",
      "b2",
      "n9",
      "n10",
      "n11",
      "b5",
      "n13",
      "n14",
      "b6",
      "n16",
      "e1"
    ],
    [
      "i1",
      "n1",
      "n2",
      "b1",
      "n3",
      "n4",
      "b2",
      "n9",
      "n10",
      "n11",
      "b5",
      "n13",
      "n14",
      "b6",
      "n16_alt",
      "e1"
    ],
    [
      "i1",
      "n1",
      "n2",
      "b1",
      "n3_alt",
      "n4",
      "b2",
      "n5",
      "b3",
      "n15",
      "n14",
      "b6",
      "n16",
      "e1"
    ],
    [
      "i1",
      "n1",
      "n2",
      "b1",
      "n3_alt",
      "n4",
      "b2",
      "n5",
      "b3",
      "n15",
      "n14",
      "b6",
      "n16_alt",
      "e1"
    ],
    [
      "i1",
      "n1",
      "n2",
      "b1",
      "n3_alt",
      "n4",
      "b2",
      "n5",
      "b3",
      "n15_alt",
      "n14",
      "b6",
      "n16",
      "e1"
    ],
    [
      "i1",
      "n1",
      "n2",
      "b1",
      "n3_alt",
      "n4",
      "b2",
      "n5",
      "b3",
      "n15_alt",
      "n14",
      "b6",
      "n16_alt",
      "e1"
    ],
    [
      "i1",
      "n1",
      "n2",
      "b1",
      "n3_alt",
      "n4",
      "b2",
      "n6",
      "n7",
      "b4",
      "n8",
      "n14",
      "b6",
      "n16",
      "e1"
    ],
    [
      "i1",
      "n1",
      "n2",
      "b1",
      "n3_alt",
      "n4",
      "b2",
      "n6",
      "n7",
      "b4",
      "n8",
      "n14",
      "b6",
      "n16_alt",
      "e1"
    ],
    [
      "i1",
      "n1",
      "n2",
      "b1",
      "n3_alt",
      "n4",
      "b2",
      "n6",
      "n7",
      "b4",
      "n8_alt",
      "n14",
      "b6",
      "n16",
      "e1"
    ],
    [
      "i1",
      "n1",
      "n2",
      "b1",
      "n3_alt",
      "n4",
      "b2",
      "n6",
      "n7",
      "b4",
      "n8_alt",
      "n14",
      "b6",
      "n16_alt",
      "e1"
    ],
    [
      "i1",
      "n1",
      "n2",
      "b1",
      "n3_alt",
      "n4",
      "b2",
      "n9",
      "n10",
      "n11",
      "b5",
      "n12",
      "n_i13",
      "n_i14",
      "n_i16",
      "n14",
      "b6",
      "n16",
      "e1"
    ],
    [
      "i1",
      "n1",
      "n2",
      "b1",
      "n3_alt",
      "n4",
      "b2",
      "n9",
      "n10",
      "n11",
      "b5",
      "n12",
      "n_i13",
      "n_i14",
      "n_i16",
      "n14",
      "b6",
      "n16_alt",
      "e1"
    ],
    [
      "i1",
      "n1",
      "n2",
      "b1",
      "n3_alt",
      "n4",
      "b2",
      "n9",
      "n10",
      "n11",
      "b5",
      "n13",
      "n14",
      "b6",
      "n16",
      "e1"
    ],
    [
      "i1",
      "n1",
      "n2",
      "b1",
      "n3_alt",
      "n4",
      "b2",
      "n9",
      "n10",
      "n11",
      "b5",
      "n13",
      "n14",
      "b6",
      "n16_alt",
      "e1"
    ]
  ],
  "source_text_traces": [
    [
      "i1",
      "i2",
      "i5",
      "i6",
      "i13",
      "i14",
      "i15",
      "i16",
      "i18",
      "i23"
    ]
  ]
}