{
  "model_traces": [
    [
      "i1",
      "n1",
      "n2",
      "n3",
      "b1",
      "n4a",
      "n4b",
      "c2",
      "n6",
      "b2",
      "n8a",
      "n8b",
      "n9",
      "b3",
      "n10",
      "n11",
      "c1",
      "n12",
      "n15",
      "e2"
    ],
    [
      "i1",
      "n1",
      "n2",
      "n3",
      "b1",
      "n4a",
      "n4b",
      "c2",
      "n6",
      "b2",
      "n8a",
      "n8b",
      "n9",
      "b3",
      "n13",
      "n14",
      "c1",
      "n12",
      "n15",
      "e2"
    ],
    [
      "i1",
      "n1",
      "n2",
      "n3",
      "b1",
      "n5",
      "e1"
    ]
  ],
  "source_text_traces": [
    [
      "i1",
      "i2",
      "i3",
      "i7",
      "i8",
      "i10"
    ],
    [
      "i1",
      "i2",
      "i3",
      "i5",
      "i6",
      "i9",
      "i12",
      "i14"
    ],
    [
      "i1",
      "i2",
      "i3",
      "i5",
      "i6",
      "i9",
      "i12",
      "i15",
      "i16",
      "i18",
      "i19",
      "i20",
      "i22",
      "i23"
    ],
    [
      "i1",
      "i2",
      "i3",
      "i5",
      "i6",
      "i9",
      "i12",
      "i15",
      "i16",
      "i18",
      "i19",
      "i21",
      "i22",
      "i23"
    ]
  ]
}