{
  "model_traces": [
    [
      "i1",
      "b1",
      "n_cli_start",
      "b2",
      "n_cli_disp",
      "n_cli_cmd",
      "n_cli_comp",
      "e1"
    ],
    [
      "i1",
      "b1",
      "n_cli_start",
      "b2",
      "n_cli_chg",
      "n_cli_cmd2",
      "n_cli_comp2",
      "e2"
    ],
    [
      "i1",
      "b1",
      "n_ne_start",
      "b3",
      "n_ne_disp",
      "n_ne_nav1",
      "n_ne_nav2",
      "n_ne_nav3",
      "n_ne_comp1",
      "e3"
    ],
    [
      "i1",
      "b1",
      "n_ne_start",
      "b3",
      "n_ne_chg",
      "n_ne_use_steps",
      "n_ne_sel_row",
      "n_ne_edit_icon",
      "n_ne_dropdown",
      "n_ne_confirm_btn",
      "n_ne_comp2",
      "e4"
    ],
    [
      "i1",
      "b1",
      "n_ne_start",
      "b3",
      "n_ne_ref",
      "n_ne_use_steps2",
      "n_ne_sel_row2",
      "n_ne_refresh_icon",
      "n_ne_refreshed",
      "n_ne_comp3",
      "e5"
    ]
  ],
  "source_text_traces": [
    [
      "i1",
      "i3",
      "i5",
      "i6"
    ],
    [
      "i1",
      "i4",
      "i7",
      "i6"
    ],
    [
      "i2",
      "i8",
      "i11",
      "i12",
      "i13",
      "i21"
    ],
    [
      "i2",
      "i9",
      "i14",
      "i11",
      "i12",
      "i13",
      "i15",
      "i16",
      "i17",
      "i18",
      "i21"
    ],
    [
      "i2",
      "i10",
      "i14",
      "i11",
      "i12",
      "i13",
      "i15",
      "i19",
      "i20",
      "i21"
    ]
  ]
}