{
  "model_traces": [
    [
      "i1",
      "n2",
      "n3",
      "n4",
      "b1",
      "c1",
      "n6",
      "n7",
      "b2",
      "n9",
      "e1"
    ],
    [
      "i1",
      "n2",
      "n3",
      "n4",
      "b1",
      "c3",
      "n10",
      "b3",
      "c2",
      "n14",
      "n15",
      "b4",
      "n17",
      "e2"
    ]
  ],
  "source_text_traces": [
    [
      "i1",
      "i2",
      "i3",
      "i4",
      "i5",
      "i7",
      "i8",
      "i9",
      "i10",
      "i11"
    ],
    [
      "i1",
      "i2",
      "i3",
      "i4",
      "i6",
      "i12",
      "i13",
      "i14",
      "i15",
      "i16",
      "i17",
      "i18"
    ]
  ]
}