{
  "model_traces": [
    [
      "i1",
      "n2",
      "n3",
      "b1",
      "n5",
      "n6",
      "c1",
      "n9",
      "n11",
      "b2",
      "e1"
    ],
    [
      "i1",
      "n2",
      "n3",
      "b1",
      "n5",
      "n6",
      "c1",
      "n9",
      "n11",
      "b2",
      "n13",
      "n14",
      "b3",
      "e2"
    ],
    [
      "i1",
      "n2",
      "n3",
      "b1",
      "n5",
      "n6",
      "c1",
      "n9",
      "n11",
      "b2",
      "n13",
      "n14",
      "b3",
      "n16",
      "e3"
    ],
    [
      "i1",
      "n2",
      "n3",
      "b1",
      "n7",
      "n8",
      "c1",
      "n9",
      "n11",
      "b2",
      "e1"
    ],
    [
      "i1",
      "n2",
      "n3",
      "b1",
      "n7",
      "n8",
      "c1",
      "n9",
      "n11",
      "b2",
      "n13",
      "n14",
      "b3",
      "e2"
    ],
    [
      "i1",
      "n2",
      "n3",
      "b1",
      "n7",
      "n8",
      "c1",
      "n9",
      "n11",
      "b2",
      "n13",
      "n14",
      "b3",
      "n16",
      "e3"
    ]
  ],
  "source_text_traces": [
    [
      "i1",
      "i2",
      "i3",
      "i4",
      "i14",
      "i6",
      "i15",
      "i9",
      "i11"
    ],
    [
      "i1",
      "i2",
      "i3",
      "i5",
      "i7",
      "i8",
      "i15",
      "i9",
      "i11"
    ]
  ]
}