{
  "model_traces": [
    [
      "i1",
      "n1",
      "n2",
      "b1",
      "n3",
      "n5",
      "b2",
      "n6",
      "n7",
      "e1"
    ],
    [
      "i1",
      "n1",
      "n2",
      "b1",
      "n3",
      "n5",
      "b2",
      "n8",
      "n9",
      "e2"
    ],
    [
      "i1",
      "n1",
      "n2",
      "b1",
      "n4",
      "n10",
      "n14",
      "n15",
      "n16",
      "b3",
      "n11",
      "n17",
      "e3"
    ],
    [
      "i1",
      "n1",
      "n2",
      "b1",
      "n4",
      "n10",
      "n14",
      "n15",
      "n16",
      "b3",
      "n12",
      "n18",
      "n19",
      "n20",
      "n21",
      "n22",
      "e4"
    ],
    [
      "i1",
      "n1",
      "n2",
      "b1",
      "n4",
      "n10",
      "n14",
      "n15",
      "n16",
      "b3",
      "n13",
      "n23",
      "n24",
      "n25",
      "e5"
    ]
  ],
  "source_text_traces": [
    [
      "i1",
      "i2",
      "i4"
    ],
    [
      "i1",
      "i2",
      "i5"
    ],
    [
      "i1",
      "i3",
      "i6"
    ],
    [
      "i1",
      "i3",
      "i7"
    ],
    [
      "i1",
      "i3",
      "i8"
    ]
  ]
}