{
  "model_traces": [
    [
      "start",
      "n1",
      "n2",
      "b1",
      "n3",
      "b2",
      "n4",
      "c2",
      "b5",
      "n11",
      "c1",
      "n13",
      "n14",
      "n15",
      "b6",
      "n16",
      "e_paid"
    ],
    [
      "start",
      "n1",
      "n2",
      "b1",
      "n3",
      "b2",
      "n4",
      "c2",
      "b5",
      "n11",
      "c1",
      "n13",
      "n14",
      "n15",
      "b6",
      "n17",
      "b7",
      "n18",
      "e_cont"
    ],
    [
      "start",
      "n1",
      "n2",
      "b1",
      "n3",
      "b2",
      "n4",
      "c2",
      "b5",
      "n11",
      "c1",
      "n13",
      "n14",
      "n15",
      "b6",
      "n17",
      "b7",
      "n19",
      "e_donning"
    ],
    [
      "start",
      "n1",
      "n2",
      "b1",
      "n3",
      "b2",
      "n4",
      "c2",
      "b5",
      "n12",
      "c1",
      "n13",
      "n14",
      "n15",
      "b6",
      "n16",
      "e_paid"
    ],
    [
      "start",
      "n1",
      "n2",
      "b1",
      "n3",
      "b2",
      "n4",
      "c2",
      "b5",
      "n12",
      "c1",
      "n13",
      "n14",
      "n15",
      "b6",
      "n17",
      "b7",
      "n18",
      "e_cont"
    ],
    [
      "start",
      "n1",
      "n2",
      "b1",
      "n3",
      "b2",
      "n4",
      "c2",
      "b5",
      "n12",
      "c1",
      "n13",
      "n14",
      "n15",
      "b6",
      "n17",
      "b7",
      "n19",
      "e_donning"
    ],
    [
      "start",
      "n1",
      "n2",
      "b1",
      "n3",
      "b2",
      "e_bad_payment"
    ],
    [
      "start",
      "n1",
      "n2",
      "b1",
      "n5",
      "b3",
      "n6",
      "e_private"
    ],
    [
      "start",
      "n1",
      "n2",
      "b1",
      "n5",
      "b3",
      "n7",
      "n8",
      "b4",
      "n10",
      "c2",
      "b5",
      "n11",
      "c1",
      "n13",
      "n14",
      "n15",
      "b6",
      "n16",
      "e_paid"
    ],
    [
      "start",
      "n1",
      "n2",
      "b1",
      "n5",
      "b3",
      "n7",
      "n8",
      "b4",
      "n10",
      "c2",
      "b5",
      "n11",
      "c1",
      "n13",
      "n14",
      "n15",
      "b6",
      "n17",
      "b7",
      "n18",
      "e_cont"
    ],
    [
      "start",
      "n1",
      "n2",
      "b1",
      "n5",
      "b3",
      "n7",
      "n8",
      "b4",
      "n10",
      "c2",
      "b5",
      "n11",
      "c1",
      "n13",
      "n14",
      "n15",
      "b6",
      "n17",
      "b7",
      "n19",
      "e_donning"
    ],
    [
      "start",
      "n1",
      "n2",
      "b1",
      "n5",
      "b3",
      "n7",
      "n8",
      "b4",
      "n10",
      "c2",
      "b5",
      "n12",
      "c1",
      "n13",
      "n14",
      "n15",
      "b6",
      "n16",
      "e_paid"
    ],
    [
      "start",
      "n1",
      "n2",
      "b1",
      "n5",
      "b3",
      "n7",
      "n8",
      "b4",
      "n10",
      "c2",
      "b5",
      "n12",
      "c1",
      "n13",
      "n14",
      "n15",
      "b6",
      "n17",
      "b7",
      "n18",
      "e_cont"
    ],
    [
      "start",
      "n1",
      "n2",
      "b1",
      "n5",
      "b3",
      "n7",
      "n8",
      "b4",
      "n10",
      "c2",
      "b5",
      "n12",
      "c1",
      "n13",
      "n14",
      "n15",
      "b6",
      "n17",
      "b7",
      "n19",
      "e_donning"
    ]
  ],
  "source_text_traces": [
    [
      "i1",
      "i2",
      "i3",
      "i5",
      "i12",
      "i13",
      "i14",
      "i15"
    ],
    [
      "i1",
      "i2",
      "i4",
      "i7"
    ],
    [
      "i1",
      "i2",
      "i4",
      "i8",
      "i9"
    ],
    [
      "i1",
      "i2",
      "i4",
      "i8",
      "i11",
      "i12",
      "i13",
      "i14",
      "i15"
    ],
    [
      "i1",
      "i2",
      "i4",
      "i8",
      "i11",
      "i12",
      "i13",
      "i14",
      "i16",
      "i17"
    ],
    [
      "i1",
      "i2",
      "i4",
      "i8",
      "i11",
      "i12",
      "i13",
      "i14",
      "i16",
      "i18"
    ]
  ]
}