{
  "model_traces": [
    [
      "i1",
      "n2",
      "n3",
      "b1",
      "n4",
      "c1",
      "n5",
      "b2",
      "n6",
      "n7",
      "b3",
      "n8",
      "c2",
      "n9",
      "b4",
      "n10",
      "c3",
      "n11",
      "n12",
      "i13",
      "i18",
      "i14",
      "n13",
      "n14",
      "b5",
      "n15",
      "e3"
    ],
    [
      "i1",
      "n2",
      "n3",
      "b1",
      "n4",
      "c1",
      "n5",
      "b2",
      "n6",
      "n7",
      "b3",
      "n8",
      "c2",
      "n9",
      "b4",
      "n10",
      "c3",
      "n11",
      "n12",
      "i13",
      "i18",
      "i14",
      "n13",
      "n14",
      "b5",
      "n16",
      "b6",
      "n17",
      "c5",
      "n18",
      "n19",
      "i23",
      "e1"
    ],
    [
      "i1",
      "n2",
      "n3",
      "b1",
      "n4",
      "c1",
      "n5",
      "b2",
      "n6",
      "n7",
      "b3",
      "n8",
      "c2",
      "n9",
      "b4",
      "n10",
      "c3",
      "n11",
      "n12",
      "i13",
      "i18",
      "i14",
      "n13",
      "n14",
      "b5",
      "n16",
      "b6",
      "c5",
      "n18",
      "n19",
      "i23",
      "e1"
    ],
    [
      "i1",
      "n2",
      "n3",
      "b1",
      "n4",
      "c1",
      "n5",
      "b2",
      "n6",
      "n7",
      "b3",
      "n8",
      "c2",
      "n9",
      "b4",
      "c3",
      "n11",
      "n12",
      "i13",
      "i18",
      "i14",
      "n13",
      "n14",
      "b5",
      "n15",
      "e3"
    ],
    [
      "i1",
      "n2",
      "n3",
      "b1",
      "n4",
      "c1",
      "n5",
      "b2",
      "n6",
      "n7",
      "b3",
      "n8",
      "c2",
      "n9",
      "b4",
      "c3",
      "n11",
      "n12",
      "i13",
      "i18",
      "i14",
      "n13",
      "n14",
      "b5",
      "n16",
      "b6",
      "n17",
      "c5",
      "n18",
      "n19",
      "i23",
      "e1"
    ],
    [
      "i1",
      "n2",
      "n3",
      "b1",
      "n4",
      "c1",
      "n5",
      "b2",
      "n6",
      "n7",
      "b3",
      "n8",
      "c2",
      "n9",
      "b4",
      "c3",
      "n11",
      "n12",
      "i13",
      "i18",
      "i14",
      "n13",
      "n14",
      "b5",
      "n16",
      "b6",
      "c5",
      "n18",
      "n19",
      "i23",
      "e1"
    ],
    [
      "i1",
      "n2",
      "n3",
      "b1",
      "n4",
      "c1",
      "n5",
      "b2",
      "n6",
      "n7",
      "b3",
      "c2",
      "n9",
      "b4",
      "n10",
      "c3",
      "n11",
      "n12",
      "i13",
      "i18",
      "i14",
      "n13",
      "n14",
      "b5",
      "n15",
      "e3"
    ],
    [
      "i1",
      "n2",
      "n3",
      "b1",
      "n4",
      "c1",
      "n5",
      "b2",
      "n6",
      "n7",
      "b3",
      "c2",
      "n9",
      "b4",
      "n10",
      "c3",
      "n11",
      "n12",
      "i13",
      "i18",
      "i14",
      "n13",
      "n14",
      "b5",
      "n16",
      "b6",
      "n17",
      "c5",
      "n18",
      "n19",
      "i23",
      "e1"
    ],
    [
      "i1",
      "n2",
      "n3",
      "b1",
      "n4",
      "c1",
      "n5",
      "b2",
      "n6",
      "n7",
      "b3",
      "c2",
      "n9",
      "b4",
      "n10",
      "c3",
      "n11",
      "n12",
      "i13",
      "i18",
      "i14",
      "n13",
      "n14",
      "b5",
      "n16",
      "b6",
      "c5",
      "n18",
      "n19",
      "i23",
      "e1"
    ],
    [
      "i1",
      "n2",
      "n3",
      "b1",
      "n4",
      "c1",
      "n5",
      "b2",
      "n6",
      "n7",
      "b3",
      "c2",
      "n9",
      "b4",
      "c3",
      "n11",
      "n12",
      "i13",
      "i18",
      "i14",
      "n13",
      "n14",
      "b5",
      "n15",
      "e3"
    ],
    [
      "i1",
      "n2",
      "n3",
      "b1",
      "n4",
      "c1",
      "n5",
      "b2",
      "n6",
      "n7",
      "b3",
      "c2",
      "n9",
      "b4",
      "c3",
      "n11",
      "n12",
      "i13",
      "i18",
      "i14",
      "n13",
      "n14",
      "b5",
      "n16",
      "b6",
      "n17",
      "c5",
      "n18",
      "n19",
      "i23",
      "e1"
    ],
    [
      "i1",
      "n2",
      "n3",
      "b1",
      "n4",
      "c1",
      "n5",
      "b2",
      "n6",
      "n7",
      "b3",
      "c2",
      "n9",
      "b4",
      "c3",
      "n11",
      "n12",
      "i13",
      "i18",
      "i14",
      "n13",
      "n14",
      "b5",
      "n16",
      "b6",
      "c5",
      "n18",
      "n19",
      "i23",
      "e1"
    ],
    [
      "i1",
      "n2",
      "n3",
      "b1",
      "n4",
      "c1",
      "n5",
      "b2",
      "n21",
      "b7",
      "n22",
      "b8",
      "n23",
      "c6",
      "n25",
      "b9",
      "i29",
      "c7",
      "i30",
      "n27",
      "n28",
      "n29",
      "e2"
    ],
    [
      "i1",
      "n2",
      "n3",
      "b1",
      "n4",
      "c1",
      "n5",
      "b2",
      "n21",
      "b7",
      "n22",
      "b8",
      "n23",
      "c6",
      "n25",
      "b9",
      "c7",
      "i30",
      "n27",
      "n28",
      "n29",
      "e2"
    ],
    [
      "i1",
      "n2",
      "n3",
      "b1",
      "n4",
      "c1",
      "n5",
      "b2",
      "n21",
      "b7",
      "n22",
      "b8",
      "n24",
      "c6",
      "n25",
      "b9",
      "i29",
      "c7",
      "i30",
      "n27",
      "n28",
      "n29",
      "e2"
    ],
    [
      "i1",
      "n2",
      "n3",
      "b1",
      "n4",
      "c1",
      "n5",
      "b2",
      "n21",
      "b7",
      "n22",
      "b8",
      "n24",
      "c6",
      "n25",
      "b9",
      "c7",
      "i30",
      "n27",
      "n28",
      "n29",
      "e2"
    ],
    [
      "i1",
      "n2",
      "n3",
      "b1",
      "n4",
      "c1",
      "n5",
      "b2",
      "n21",
      "b7",
      "c6",
      "n25",
      "b9",
      "i29",
      "c7",
      "i30",
      "n27",
      "n28",
      "n29",
      "e2"
    ],
    [
      "i1",
      "n2",
      "n3",
      "b1",
      "n4",
      "c1",
      "n5",
      "b2",
      "n21",
      "b7",
      "c6",
      "n25",
      "b9",
      "c7",
      "i30",
      "n27",
      "n28",
      "n29",
      "e2"
    ],
    [
      "i1",
      "n2",
      "n3",
      "b1",
      "c1",
      "n5",
      "b2",
      "n6",
      "n7",
      "b3",
      "n8",
      "c2",
      "n9",
      "b4",
      "n10",
      "c3",
      "n11",
      "n12",
      "i13",
      "i18",
      "i14",
      "n13",
      "n14",
      "b5",
      "n15",
      "e3"
    ],
    [
      "i1",
      "n2",
      "n3",
      "b1",
      "c1",
      "n5",
      "b2",
      "n6",
      "n7",
      "b3",
      "n8",
      "c2",
      "n9",
      "b4",
      "n10",
      "c3",
      "n11",
      "n12",
      "i13",
      "i18",
      "i14",
      "n13",
      "n14",
      "b5",
      "n16",
      "b6",
      "n17",
      "c5",
      "n18",
      "n19",
      "i23",
      "e1"
    ],
    [
      "i1",
      "n2",
      "n3",
      "b1",
      "c1",
      "n5",
      "b2",
      "n6",
      "n7",
      "b3",
      "n8",
      "c2",
      "n9",
      "b4",
      "n10",
      "c3",
      "n11",
      "n12",
      "i13",
      "i18",
      "i14",
      "n13",
      "n14",
      "b5",
      "n16",
      "b6",
      "c5",
      "n18",
      "n19",
      "i23",
      "e1"
    ],
    [
      "i1",
      "n2",
      "n3",
      "b1",
      "c1",
      "n5",
      "b2",
      "n6",
      "n7",
      "b3",
      "n8",
      "c2",
      "n9",
      "b4",
      "c3",
      "n11",
      "n12",
      "i13",
      "i18",
      "i14",
      "n13",
      "n14",
      "b5",
      "n15",
      "e3"
    ],
    [
      "i1",
      "n2",
      "n3",
      "b1",
      "c1",
      "n5",
      "b2",
      "n6",
      "n7",
      "b3",
      "n8",
      "c2",
      "n9",
      "b4",
      "c3",
      "n11",
      "n12",
      "i13",
      "i18",
      "i14",
      "n13",
      "n14",
      "b5",
      "n16",
      "b6",
      "n17",
      "c5",
      "n18",
      "n19",
      "i23",
      "e1"
    ],
    [
      "i1",
      "n2",
      "n3",
      "b1",
      "c1",
      "n5",
      "b2",
      "n6",
      "n7",
      "b3",
      "n8",
      "c2",
      "n9",
      "b4",
      "c3",
      "n11",
      "n12",
      "i13",
      "i18",
      "i14",
      "n13",
      "n14",
      "b5",
      "n16",
      "b6",
      "c5",
      "n18",
      "n19",
      "i23",
      "e1"
    ],
    [
      "i1",
      "n2",
      "n3",
      "b1",
      "c1",
      "n5",
      "b2",
      "n6",
      "n7",
      "b3",
      "c2",
      "n9",
      "b4",
      "n10",
      "c3",
      "n11",
      "n12",
      "i13",
      "i18",
      "i14",
      "n13",
      "n14",
      "b5",
      "n15",
      "e3"
    ],
    [
      "i1",
      "n2",
      "n3",
      "b1",
      "c1",
      "n5",
      "b2",
      "n6",
      "n7",
      "b3",
      "c2",
      "n9",
      "b4",
      "n10",
      "c3",
      "n11",
      "n12",
      "i13",
      "i18",
      "i14",
      "n13",
      "n14",
      "b5",
      "n16",
      "b6",
      "n17",
      "c5",
      "n18",
      "n19",
      "i23",
      "e1"
    ],
    [
      "i1",
      "n2",
      "n3",
      "b1",
      "c1",
      "n5",
      "b2",
      "n6",
      "n7",
      "b3",
      "c2",
      "n9",
      "b4",
      "n10",
      "c3",
      "n11",
      "n12",
      "i13",
      "i18",
      "i14",
      "n13",
      "n14",
      "b5",
      "n16",
      "b6",
      "c5",
      "n18",
      "n19",
      "i23",
      "e1"
    ],
    [
      "i1",
      "n2",
      "n3",
      "b1",
      "c1",
      "n5",
      "b2",
      "n6",
      "n7",
      "b3",
      "c2",
      "n9",
      "b4",
      "c3",
      "n11",
      "n12",
      "i13",
      "i18",
      "i14",
      "n13",
      "n14",
      "b5",
      "n15",
      "e3"
    ],
    [
      "i1",
      "n2",
      "n3",
      "b1",
      "c1",
      "n5",
      "b2",
      "n6",
      "n7",
      "b3",
      "c2",
      "n9",
      "b4",
      "c3",
      "n11",
      "n12",
      "i13",
      "i18",
      "i14",
      "n13",
      "n14",
      "b5",
      "n16",
      "b6",
      "n17",
      "c5",
      "n18",
      "n19",
      "i23",
      "e1"
    ],
    [
      "i1",
      "n2",
      "n3",
      "b1",
      "c1",
      "n5",
      "b2",
      "n6",
      "n7",
      "b3",
      "c2",
      "n9",
      "b4",
      "c3",
      "n11",
      "n12",
      "i13",
      "i18",
      "i14",
      "n13",
      "n14",
      "b5",
      "n16",
      "b6",
      "c5",
      "n18",
      "n19",
      "i23",
      "e1"
    ],
    [
      "i1",
      "n2",
      "n3",
      "b1",
      "c1",
      "n5",
      "b2",
      "n21",
      "b7",
      "n22",
      "b8",
      "n23",
      "c6",
      "n25",
      "b9",
      "i29",
      "c7",
      "i30",
      "n27",
      "n28",
      "n29",
      "e2"
    ],
    [
      "i1",
      "n2",
      "n3",
      "b1",
      "c1",
      "n5",
      "b2",
      "n21",
      "b7",
      "n22",
      "b8",
      "n23",
      "c6",
      "n25",
      "b9",
      "c7",
      "i30",
      "n27",
      "n28",
      "n29",
      "e2"
    ],
    [
      "i1",
      "n2",
      "n3",
      "b1",
      "c1",
      "n5",
      "b2",
      "n21",
      "b7",
      "n22",
      "b8",
      "n24",
      "c6",
      "n25",
      "b9",
      "i29",
      "c7",
      "i30",
      "n27",
      "n28",
      "n29",
      "e2"
    ],
    [
      "i1",
      "n2",
      "n3",
      "b1",
      "c1",
      "n5",
      "b2",
      "n21",
      "b7",
      "n22",
      "b8",
      "n24",
      "c6",
      "n25",
      "b9",
      "c7",
      "i30",
      "n27",
      "n28",
      "n29",
      "e2"
    ],
    [
      "i1",
      "n2",
      "n3",
      "b1",
      "c1",
      "n5",
      "b2",
      "n21",
      "b7",
      "c6",
      "n25",
      "b9",
      "i29",
      "c7",
      "i30",
      "n27",
      "n28",
      "n29",
      "e2"
    ],
    [
      "i1",
      "n2",
      "n3",
      "b1",
      "c1",
      "n5",
      "b2",
      "n21",
      "b7",
      "c6",
      "n25",
      "b9",
      "c7",
      "i30",
      "n27",
      "n28",
      "n29",
      "e2"
    ]
  ],
  "source_text_traces": [
    [
      "i2",
      "i3",
      "i5",
      "i6",
      "i9",
      "i10",
      "i11",
      "i12",
      "i14",
      "i15",
      "i16",
      "i17",
      "i18",
      "i19",
      "i20",
      "i21",
      "i22"
    ],
    [
      "i2",
      "i6",
      "i9",
      "i10",
      "i12",
      "i15",
      "i16",
      "i17",
      "i18",
      "i19",
      "i20",
      "i21",
      "i23",
      "i24",
      "i25",
      "i26",
      "i27",
      "i28"
    ],
    [
      "i2",
      "i6",
      "i9",
      "i12",
      "i15",
      "i16",
      "i17",
      "i18",
      "i19",
      "i20",
      "i21",
      "i23",
      "i26",
      "i27",
      "i28"
    ],
    [
      "i2",
      "i3",
      "i5",
      "i6",
      "i29",
      "i30",
      "i32",
      "i35",
      "i36",
      "i37",
      "i38",
      "i39",
      "i40"
    ],
    [
      "i2",
      "i6",
      "i29",
      "i30",
      "i34",
      "i35",
      "i37",
      "i38",
      "i39",
      "i40"
    ],
    [
      "i2",
      "i6",
      "i29",
      "i35",
      "i37",
      "i38",
      "i39",
      "i40"
    ]
  ]
}