{
  "model_traces": [
    [
      "i1",
      "n2",
      "n_esd",
      "n3",
      "b1",
      "n4",
      "n5",
      "b2",
      "n6",
      "c1",
      "n7",
      "n8",
      "n9",
      "c_loop",
      "n10",
      "n11",
      "b3",
      "n13",
      "b4",
      "n14",
      "c2",
      "n15",
      "n16",
      "n_note",
      "e1"
    ],
    [
      "i1",
      "n2",
      "n_esd",
      "n3",
      "b1",
      "n4",
      "n5",
      "b2",
      "n6",
      "c1",
      "n7",
      "n8",
      "n9",
      "c_loop",
      "n10",
      "n11",
      "b3",
      "n13",
      "b4",
      "c2",
      "n15",
      "n16",
      "n_note",
      "e1"
    ],
    [
      "i1",
      "n2",
      "n_esd",
      "n3",
      "b1",
      "n4",
      "n5",
      "b2",
      "c1",
      "n7",
      "n8",
      "n9",
      "c_loop",
      "n10",
      "n11",
      "b3",
      "n13",
      "b4",
      "n14",
      "c2",
      "n15",
      "n16",
      "n_note",
      "e1"
    ],
    [
      "i1",
      "n2",
      "n_esd",
      "n3",
      "b1",
      "n4",
      "n5",
      "b2",
      "c1",
      "n7",
      "n8",
      "n9",
      "c_loop",
      "n10",
      "n11",
      "b3",
      "n13",
      "b4",
      "c2",
      "n15",
      "n16",
      "n_note",
      "e1"
    ],
    [
      "i1",
      "n2",
      "n_esd",
      "n3",
      "b1",
      "n18",
      "b5",
      "c_led",
      "n22",
      "b7",
      "n23",
      "n24",
      "c_cable",
      "n25",
      "n26",
      "e2"
    ],
    [
      "i1",
      "n2",
      "n_esd",
      "n3",
      "b1",
      "n18",
      "b5",
      "c_led",
      "n22",
      "b7",
      "c_cable",
      "n25",
      "n26",
      "e2"
    ],
    [
      "i1",
      "n2",
      "n_esd",
      "n3",
      "b1",
      "n18",
      "b5",
      "n21",
      "c_led",
      "n22",
      "b7",
      "n23",
      "n24",
      "c_cable",
      "n25",
      "n26",
      "e2"
    ],
    [
      "i1",
      "n2",
      "n_esd",
      "n3",
      "b1",
      "n18",
      "b5",
      "n21",
      "c_led",
      "n22",
      "b7",
      "c_cable",
      "n25",
      "n26",
      "e2"
    ]
  ],
  "source_text_traces": [
    [
      "i1",
      "i2",
      "i3",
      "i4",
      "i5",
      "i6",
      "i7",
      "i8",
      "i9",
      "i10"
    ],
    [
      "i1",
      "i2",
      "i3",
      "i4",
      "i5",
      "i6",
      "i7",
      "i8",
      "i9",
      "i11",
      "i12",
      "i13",
      "i14"
    ],
    [
      "i1",
      "i2",
      "i3",
      "i15",
      "i16",
      "i17",
      "i18"
    ],
    [
      "i1",
      "i2",
      "i3",
      "i15",
      "i17",
      "i18"
    ]
  ]
}