{
  "model_traces": [
    [
      "i1",
      "n1",
      "n2",
      "n3",
      "b1",
      "n4",
      "n5",
      "n9",
      "b2",
      "n10",
      "n13",
      "n14",
      "b3",
      "n15",
      "e2"
    ],
    [
      "i1",
      "n1",
      "n2",
      "n3",
      "b1",
      "n4",
      "n5",
      "n9",
      "b2",
      "n10",
      "n13",
      "n14",
      "b3",
      "n16",
      "e3"
    ],
    [
      "i1",
      "n1",
      "n2",
      "n3",
      "b1",
      "n4",
      "n5",
      "n9",
      "b2",
      "n11",
      "e_drop"
    ],
    [
      "i1",
      "n1",
      "n2",
      "n3",
      "b1",
      "n6",
      "n7",
      "n9",
      "b2",
      "n10",
      "n13",
      "n14",
      "b3",
      "n15",
      "e2"
    ],
    [
      "i1",
      "n1",
      "n2",
      "n3",
      "b1",
      "n6",
      "n7",
      "n9",
      "b2",
      "n10",
      "n13",
      "n14",
      "b3",
      "n16",
      "e3"
    ],
    [
      "i1",
      "n1",
      "n2",
      "n3",
      "b1",
      "n6",
      "n7",
      "n9",
      "b2",
      "n11",
      "e_drop"
    ]
  ],
  "source_text_traces": [
    [
      "i1",
      "i2",
      "i8",
      "i12",
      "i13"
    ],
    [
      "i1",
      "i2",
      "i8",
      "i11"
    ],
    [
      "i1",
      "i2",
      "i8",
      "i12",
      "i13",
      "i16"
    ],
    [
      "i1",
      "i2",
      "i6",
      "i7",
      "i8",
      "i11"
    ],
    [
      "i1",
      "i2",
      "i6",
      "i7",
      "i8",
      "i12",
      "i13"
    ],
    [
      "i1",
      "i2",
      "i6",
      "i7",
      "i8",
      "i12",
      "i13",
      "i16"
    ]
  ]
}