{
  "model_traces": [
    [
      "i1",
      "n1",
      "n2",
      "n3",
      "n4",
      "b1",
      "n5",
      "n7",
      "b2",
      "c3",
      "n8",
      "n17",
      "b3",
      "n13",
      "b11",
      "c5",
      "n18",
      "n20",
      "n23",
      "b5",
      "n24",
      "c1",
      "n28",
      "n30",
      "n31",
      "b7",
      "c6",
      "n32",
      "n42",
      "b9",
      "n43",
      "n44",
      "n45",
      "e2"
    ],
    [
      "i1",
      "n1",
      "n2",
      "n3",
      "n4",
      "b1",
      "n5",
      "n7",
      "b2",
      "c3",
      "n8",
      "n17",
      "b3",
      "n13",
      "b11",
      "n19",
      "n21",
      "n36",
      "n39",
      "c1",
      "n28",
      "n30",
      "n31",
      "b7",
      "c6",
      "n32",
      "n42",
      "b9",
      "n43",
      "n44",
      "n45",
      "e2"
    ]
  ],
  "source_text_traces": [
    [
      "i1",
      "i2",
      "i3",
      "i7",
      "i10"
    ],
    [
      "i1",
      "i2",
      "i3",
      "i4",
      "i6",
      "i8",
      "i9",
      "i15",
      "i11",
      "i12",
      "i16",
      "i9"
    ],
    [
      "i1",
      "i2",
      "i3",
      "i4",
      "i6",
      "i8",
      "i9",
      "i15",
      "i13",
      "i14",
      "i17",
      "i18",
      "i19",
      "i21",
      "i22",
      "i25",
      "i26",
      "i27",
      "i28",
      "i29",
      "i30"
    ],
    [
      "i1",
      "i2",
      "i3",
      "i4",
      "i6",
      "i8",
      "i9",
      "i15",
      "i13",
      "i14",
      "i17",
      "i20",
      "i23",
      "i24",
      "i21",
      "i22",
      "i25",
      "i26",
      "i27",
      "i28",
      "i29",
      "i30"
    ]
  ]
}