{
  "model_traces": [],
  "source_text_traces": [
    [
      "i1",
      "i2",
      "i3",
      "i4"
    ],
    [
      "i1",
      "i2",
      "i3",
      "i5"
    ],
    [
      "i1",
      "i2",
      "i3",
      "i6"
    ],
    [
      "i1",
      "i2",
      "i3",
      "i7"
    ],
    [
      "i1",
      "i2",
      "i3",
      "i15"
    ],
    [
      "i1",
      "i2",
      "i8",
      "i9"
    ],
    [
      "i1",
      "i2",
      "i8",
      "i10"
    ],
    [
      "i1",
      "i2",
      "i8",
      "i11"
    ],
    [
      "i1",
      "i16",
      "i12"
    ],
    [
      "i1",
      "i16",
      "i13"
    ],
    [
      "i1",
      "i16",
      "i14"
    ]
  ]
}