{
  "model_traces": [
    [
      "i1",
      "n1",
      "n2",
      "b1",
      "n3",
      "c1",
      "n_cnt",
      "b2",
      "n5",
      "b4",
      "n8",
      "c_comp",
      "e_comp"
    ],
    [
      "i1",
      "n1",
      "n2",
      "b1",
      "n3",
      "c1",
      "n_cnt",
      "b2",
      "n5",
      "b4",
      "n9",
      "c_comp",
      "e_comp"
    ],
    [
      "i1",
      "n1",
      "n2",
      "b1",
      "n3",
      "c1",
      "n_cnt",
      "b2",
      "n6",
      "n10",
      "b3",
      "n15",
      "c_miss",
      "e_miss"
    ],
    [
      "i1",
      "n1",
      "n2",
      "b1",
      "n3",
      "c1",
      "n_cnt",
      "b2",
      "n6",
      "n10",
      "b3",
      "n16",
      "c_miss",
      "e_miss"
    ],
    [
      "i1",
      "n1",
      "n2",
      "b1",
      "n3",
      "c1",
      "n_cnt",
      "b2",
      "n7",
      "n17",
      "b6",
      "n11",
      "c_dmg_pre",
      "b9",
      "n18",
      "c_end",
      "e_dmg"
    ],
    [
      "i1",
      "n1",
      "n2",
      "b1",
      "n3",
      "c1",
      "n_cnt",
      "b2",
      "n7",
      "n17",
      "b6",
      "n11",
      "c_dmg_pre",
      "b9",
      "n19",
      "c_end",
      "e_dmg"
    ],
    [
      "i1",
      "n1",
      "n2",
      "b1",
      "n3",
      "c1",
      "n_cnt",
      "b2",
      "n7",
      "n17",
      "b6",
      "n12",
      "n13",
      "c_dmg_pre",
      "b9",
      "n18",
      "c_end",
      "e_dmg"
    ],
    [
      "i1",
      "n1",
      "n2",
      "b1",
      "n3",
      "c1",
      "n_cnt",
      "b2",
      "n7",
      "n17",
      "b6",
      "n12",
      "n13",
      "c_dmg_pre",
      "b9",
      "n19",
      "c_end",
      "e_dmg"
    ],
    [
      "i1",
      "n1",
      "n2",
      "b1",
      "n4",
      "c1",
      "n_cnt",
      "b2",
      "n5",
      "b4",
      "n8",
      "c_comp",
      "e_comp"
    ],
    [
      "i1",
      "n1",
      "n2",
      "b1",
      "n4",
      "c1",
      "n_cnt",
      "b2",
      "n5",
      "b4",
      "n9",
      "c_comp",
      "e_comp"
    ],
    [
      "i1",
      "n1",
      "n2",
      "b1",
      "n4",
      "c1",
      "n_cnt",
      "b2",
      "n6",
      "n10",
      "b3",
      "n15",
      "c_miss",
      "e_miss"
    ],
    [
      "i1",
      "n1",
      "n2",
      "b1",
      "n4",
      "c1",
      "n_cnt",
      "b2",
      "n6",
      "n10",
      "b3",
      "n16",
      "c_miss",
      "e_miss"
    ],
    [
      "i1",
      "n1",
      "n2",
      "b1",
      "n4",
      "c1",
      "n_cnt",
      "b2",
      "n7",
      "n17",
      "b6",
      "n11",
      "c_dmg_pre",
      "b9",
      "n18",
      "c_end",
      "e_dmg"
    ],
    [
      "i1",
      "n1",
      "n2",
      "b1",
      "n4",
      "c1",
      "n_cnt",
      "b2",
      "n7",
      "n17",
      "b6",
      "n11",
      "c_dmg_pre",
      "b9",
      "n19",
      "c_end",
      "e_dmg"
    ],
    [
      "i1",
      "n1",
      "n2",
      "b1",
      "n4",
      "c1",
      "n_cnt",
      "b2",
      "n7",
      "n17",
      "b6",
      "n12",
      "n13",
      "c_dmg_pre",
      "b9",
      "n18",
      "c_end",
      "e_dmg"
    ],
    [
      "i1",
      "n1",
      "n2",
      "b1",
      "n4",
      "c1",
      "n_cnt",
      "b2",
      "n7",
      "n17",
      "b6",
      "n12",
      "n13",
      "c_dmg_pre",
      "b9",
      "n19",
      "c_end",
      "e_dmg"
    ]
  ],
  "source_text_traces": [
    [
      "i1",
      "i2",
      "i4",
      "i5",
      "i8",
      "i16",
      "i17"
    ],
    [
      "i1",
      "i2",
      "i4",
      "i5",
      "i9",
      "i16",
      "i18"
    ],
    [
      "i1",
      "i3",
      "i4",
      "i5",
      "i8",
      "i16",
      "i17"
    ],
    [
      "i1",
      "i3",
      "i4",
      "i5",
      "i9",
      "i16",
      "i18"
    ],
    [
      "i1",
      "i2",
      "i4",
      "i6",
      "i10",
      "i12",
      "i16",
      "i17"
    ],
    [
      "i1",
      "i2",
      "i4",
      "i6",
      "i10",
      "i13",
      "i16",
      "i17"
    ],
    [
      "i1",
      "i3",
      "i4",
      "i6",
      "i10",
      "i12",
      "i16",
      "i17"
    ],
    [
      "i1",
      "i3",
      "i4",
      "i6",
      "i10",
      "i13",
      "i16",
      "i17"
    ],
    [
      "i1",
      "i2",
      "i4",
      "i7",
      "i11",
      "i14",
      "i16",
      "i17"
    ],
    [
      "i1",
      "i2",
      "i4",
      "i7",
      "i11",
      "i15",
      "i16",
      "i17"
    ],
    [
      "i1",
      "i3",
      "i4",
      "i7",
      "i11",
      "i14",
      "i16",
      "i17"
    ],
    [
      "i1",
      "i3",
      "i4",
      "i7",
      "i11",
      "i15",
      "i16",
      "i17"
    ]
  ]
}