{
  "model_traces": [
    [
      "i20",
      "b1",
      "i1",
      "b2",
      "i3",
      "i6",
      "i7",
      "e1"
    ],
    [
      "i20",
      "b1",
      "i1",
      "b2",
      "i4",
      "i8",
      "i7_1",
      "e2"
    ],
    [
      "i20",
      "b1",
      "i2",
      "b5",
      "i9",
      "i21",
      "i11",
      "i12",
      "i13",
      "i7_2",
      "e3"
    ],
    [
      "i20",
      "b1",
      "i2",
      "b5",
      "i5",
      "i22",
      "i21_3",
      "i11_3",
      "i12_3",
      "i13_3",
      "i14",
      "i23",
      "i15",
      "i16",
      "i17",
      "i7_3",
      "e4"
    ],
    [
      "i20",
      "b1",
      "i2",
      "b5",
      "i10",
      "i22_4",
      "i21_4",
      "i11_4",
      "i12_4",
      "i13_4",
      "i14_4",
      "i24",
      "i18",
      "i19",
      "e5"
    ]
  ],
  "source_text_traces": [
    [
      "i3",
      "i1",
      "i4",
      "i7",
      "i8"
    ],
    [
      "i3",
      "i1",
      "i5",
      "i9",
      "i8"
    ],
    [
      "i3",
      "i2",
      "i10",
      "i12",
      "i13",
      "i14",
      "i15",
      "i16",
      "i17",
      "i8"
    ],
    [
      "i3",
      "i2",
      "i6",
      "i18",
      "i19",
      "i20",
      "i21",
      "i22",
      "i23",
      "i8"
    ],
    [
      "i3",
      "i2",
      "i11",
      "i18",
      "i19",
      "i24",
      "i25",
      "i26"
    ]
  ]
}