{
  "model_traces": [
    [
      "i1",
      "n2",
      "c4",
      "n3",
      "n4",
      "n7",
      "n8",
      "n9",
      "b3",
      "n10",
      "c1",
      "n13",
      "b7",
      "n14",
      "n15",
      "c2",
      "c3",
      "n16",
      "e3"
    ],
    [
      "i1",
      "n2",
      "c4",
      "n3",
      "n4",
      "n7",
      "n8",
      "n9",
      "b3",
      "n10",
      "c1",
      "n13",
      "b7",
      "n14",
      "c2",
      "c3",
      "n16",
      "e3"
    ],
    [
      "i1",
      "n2",
      "c4",
      "n3",
      "n4",
      "n7",
      "n8",
      "n9",
      "b3",
      "n10",
      "c1",
      "n13",
      "b7",
      "n18",
      "n19",
      "n20",
      "n21",
      "c3",
      "n16",
      "e3"
    ],
    [
      "i1",
      "n2",
      "c4",
      "n3",
      "n4",
      "n7",
      "n8",
      "n9",
      "b3",
      "n10",
      "c1",
      "n13",
      "b7",
      "n18",
      "n19",
      "n23",
      "n24",
      "c3",
      "n16",
      "e3"
    ],
    [
      "i1",
      "n2",
      "c4",
      "n3",
      "n4",
      "n7",
      "n8",
      "n9",
      "b3",
      "n10",
      "c1",
      "n13",
      "b7",
      "n18",
      "n19",
      "n23",
      "c3",
      "n16",
      "e3"
    ],
    [
      "i1",
      "n2",
      "c4",
      "n3",
      "n4",
      "n7",
      "c1",
      "n13",
      "b7",
      "n14",
      "n15",
      "c2",
      "c3",
      "n16",
      "e3"
    ],
    [
      "i1",
      "n2",
      "c4",
      "n3",
      "n4",
      "n7",
      "c1",
      "n13",
      "b7",
      "n14",
      "c2",
      "c3",
      "n16",
      "e3"
    ],
    [
      "i1",
      "n2",
      "c4",
      "n3",
      "n4",
      "n7",
      "c1",
      "n13",
      "b7",
      "n18",
      "n19",
      "n20",
      "n21",
      "c3",
      "n16",
      "e3"
    ],
    [
      "i1",
      "n2",
      "c4",
      "n3",
      "n4",
      "n7",
      "c1",
      "n13",
      "b7",
      "n18",
      "n19",
      "n23",
      "n24",
      "c3",
      "n16",
      "e3"
    ],
    [
      "i1",
      "n2",
      "c4",
      "n3",
      "n4",
      "n7",
      "c1",
      "n13",
      "b7",
      "n18",
      "n19",
      "n23",
      "c3",
      "n16",
      "e3"
    ]
  ],
  "source_text_traces": [
    [
      "i1",
      "i2",
      "i8",
      "i9",
      "i10",
      "i12"
    ],
    [
      "i1",
      "i2",
      "i8",
      "i9",
      "i11",
      "i13"
    ],
    [
      "i1",
      "i2",
      "i8",
      "i9",
      "i11",
      "i14"
    ],
    [
      "i1",
      "i3",
      "i5",
      "i8",
      "i9",
      "i10",
      "i12"
    ],
    [
      "i1",
      "i3",
      "i5",
      "i8",
      "i9",
      "i11",
      "i13"
    ],
    [
      "i1",
      "i3",
      "i5",
      "i8",
      "i9",
      "i11",
      "i14"
    ],
    [
      "i1",
      "i3",
      "i4",
      "i6",
      "i8",
      "i9",
      "i10",
      "i12"
    ],
    [
      "i1",
      "i3",
      "i4",
      "i6",
      "i8",
      "i9",
      "i11",
      "i13"
    ],
    [
      "i1",
      "i3",
      "i4",
      "i6",
      "i8",
      "i9",
      "i11",
      "i14"
    ],
    [
      "i1",
      "i3",
      "i4",
      "i7",
      "i8",
      "i9",
      "i10",
      "i12"
    ],
    [
      "i1",
      "i3",
      "i4",
      "i7",
      "i8",
      "i9",
      "i11",
      "i13"
    ],
    [
      "i1",
      "i3",
      "i4",
      "i7",
      "i8",
      "i9",
      "i11",
      "i14"
    ]
  ]
}