{
  "model_traces": [
    [
      "i1",
      "n1",
      "n2",
      "n3",
      "b1",
      "n4",
      "n5",
      "n8",
      "n9",
      "n10",
      "n11",
      "b3",
      "n13",
      "e1"
    ],
    [
      "i1",
      "n1",
      "n2",
      "n3",
      "b1",
      "n4",
      "n5",
      "n8",
      "n9",
      "n10",
      "n11",
      "b3",
      "n14",
      "n15",
      "n16",
      "n17",
      "e1"
    ],
    [
      "i1",
      "n1",
      "n2",
      "n3",
      "b1",
      "n19",
      "n20",
      "n21",
      "b6",
      "n22",
      "c2",
      "n24",
      "n25",
      "n26",
      "e2"
    ],
    [
      "i1",
      "n1",
      "n2",
      "n3",
      "b1",
      "n19",
      "n20",
      "n21",
      "b6",
      "n23",
      "c2",
      "n24",
      "n25",
      "n26",
      "e2"
    ]
  ],
  "source_text_traces": [
    [
      "i1",
      "i2",
      "i3",
      "i5",
      "i6",
      "i7",
      "i8",
      "i22",
      "i9",
      "i12",
      "i13",
      "i14",
      "i15"
    ],
    [
      "i1",
      "i2",
      "i3",
      "i5",
      "i6",
      "i7",
      "i8",
      "i22",
      "i9",
      "i11"
    ],
    [
      "i1",
      "i2",
      "i4",
      "i16",
      "i18",
      "i19",
      "i23",
      "i20",
      "i21"
    ],
    [
      "i1",
      "i2",
      "i4",
      "i16",
      "i19",
      "i23",
      "i20",
      "i21"
    ]
  ]
}