{
  "model_traces": [
    [
      "i1",
      "n2",
      "n3",
      "b1",
      "n5",
      "n6",
      "n7",
      "e1"
    ],
    [
      "i1",
      "n2",
      "n3",
      "b1",
      "n8",
      "n9",
      "n10",
      "n12",
      "n13",
      "b3",
      "n14",
      "e3"
    ],
    [
      "i1",
      "n2",
      "n3",
      "b1",
      "n8",
      "n9",
      "n10",
      "n12",
      "n13",
      "b3",
      "n15",
      "e2"
    ]
  ],
  "source_text_traces": [
    [
      "i1",
      "i2",
      "i6",
      "i7",
      "i8",
      "i9"
    ],
    [
      "i1",
      "i2",
      "i3",
      "i5",
      "i10",
      "i13",
      "i14",
      "i15",
      "i17",
      "i20"
    ],
    [
      "i1",
      "i2",
      "i3",
      "i5",
      "i10",
      "i13",
      "i14",
      "i18",
      "i19"
    ]
  ]
}