{
  "model_traces": [
    [
      "i1",
      "n2",
      "n3",
      "n4",
      "b1",
      "n5",
      "e_nok"
    ],
    [
      "i1",
      "n2",
      "n3",
      "n4",
      "b1",
      "n8",
      "b2",
      "n9",
      "e_nok"
    ],
    [
      "i1",
      "n2",
      "n3",
      "n4",
      "b1",
      "n8",
      "b2",
      "n10",
      "n11",
      "n13",
      "n14",
      "e_ok"
    ]
  ],
  "source_text_traces": [
    [
      "i1",
      "i2",
      "i3",
      "i4",
      "i5"
    ],
    [
      "i1",
      "i2",
      "i6",
      "i7",
      "i8",
      "i9"
    ],
    [
      "i1",
      "i2",
      "i6",
      "i10",
      "i11",
      "i12"
    ]
  ]
}