{
  "model_traces": [
    [
      "i1",
      "n1",
      "n2",
      "b1",
      "n3",
      "b2",
      "b3",
      "n7",
      "e1"
    ],
    [
      "i1",
      "n1",
      "n2",
      "b1",
      "n3",
      "b2",
      "b3",
      "n9",
      "e2"
    ],
    [
      "i1",
      "n1",
      "n2",
      "b1",
      "n3",
      "b2",
      "b4",
      "n12",
      "e3"
    ],
    [
      "i1",
      "n1",
      "n2",
      "b1",
      "n3",
      "b2",
      "b4",
      "n14",
      "e4"
    ],
    [
      "i1",
      "n1",
      "n2",
      "b1",
      "n4",
      "b5",
      "n17",
      "b_split",
      "b6",
      "n19",
      "c1",
      "c_final",
      "n25",
      "e5"
    ],
    [
      "i1",
      "n1",
      "n2",
      "b1",
      "n4",
      "b5",
      "n17",
      "b_split",
      "b6",
      "n20",
      "c1",
      "c_final",
      "n25",
      "e5"
    ],
    [
      "i1",
      "n1",
      "n2",
      "b1",
      "n4",
      "b5",
      "n17",
      "b_split",
      "b7",
      "n22",
      "c2",
      "c_final",
      "n25",
      "e5"
    ],
    [
      "i1",
      "n1",
      "n2",
      "b1",
      "n4",
      "b5",
      "n17",
      "b_split",
      "b7",
      "n23",
      "c2",
      "c_final",
      "n25",
      "e5"
    ],
    [
      "i1",
      "n1",
      "n2",
      "b1",
      "n4",
      "b5",
      "n17",
      "b_split",
      "b7",
      "n24",
      "c2",
      "c_final",
      "n25",
      "e5"
    ],
    [
      "i1",
      "n1",
      "n2",
      "b1",
      "n4",
      "b5",
      "n27",
      "n28",
      "n29",
      "n30",
      "n31",
      "e6"
    ],
    [
      "i1",
      "n1",
      "n2",
      "b1",
      "n4",
      "b5",
      "n33",
      "n37",
      "n38",
      "n34",
      "n35",
      "e7"
    ]
  ],
  "source_text_traces": [
    [
      "i1",
      "i2",
      "i3",
      "i4",
      "i5"
    ],
    [
      "i1",
      "i2",
      "i3",
      "i4",
      "i7"
    ],
    [
      "i1",
      "i2",
      "i3",
      "i8",
      "i9"
    ],
    [
      "i1",
      "i2",
      "i3",
      "i8",
      "i10"
    ],
    [
      "i1",
      "i11",
      "i12",
      "i13",
      "i14",
      "i15",
      "i16",
      "i17"
    ],
    [
      "i1",
      "i11",
      "i12",
      "i18",
      "i19",
      "i20"
    ],
    [
      "i1",
      "i11",
      "i12",
      "i21",
      "i18",
      "i19",
      "i20",
      "i22",
      "i23"
    ]
  ]
}