{
  "model_traces": [
    [
      "i1",
      "n2",
      "b1",
      "n4",
      "c_conv",
      "n9",
      "n10",
      "n11",
      "n12",
      "e1"
    ],
    [
      "i1",
      "n2",
      "b1",
      "n5",
      "c_conv",
      "n9",
      "n10",
      "n11",
      "n12",
      "e1"
    ],
    [
      "i1",
      "n2",
      "b1",
      "n_s",
      "c_conv",
      "n9",
      "n10",
      "n11",
      "n12",
      "e1"
    ],
    [
      "i1",
      "n2",
      "b1",
      "n8",
      "n6",
      "c_conv",
      "n9",
      "n10",
      "n11",
      "n12",
      "e1"
    ]
  ],
  "source_text_traces": [
    [
      "i1",
      "i2",
      "i6",
      "i8",
      "i9"
    ],
    [
      "i1",
      "i3",
      "i6",
      "i8",
      "i9"
    ],
    [
      "i1",
      "i4",
      "i6",
      "i8",
      "i9"
    ],
    [
      "i1",
      "i5",
      "i6",
      "i8",
      "i9"
    ]
  ]
}