{
  "model_traces": [
    [
      "i1",
      "n2",
      "n3",
      "n4",
      "b1",
      "c1",
      "n12",
      "n13",
      "n14",
      "b2",
      "e1"
    ],
    [
      "i1",
      "n2",
      "n3",
      "n4",
      "b1",
      "c3",
      "n17",
      "b3",
      "c2",
      "n11",
      "n28",
      "n29",
      "b4",
      "e2"
    ]
  ],
  "source_text_traces": [
    [
      "i1",
      "i2",
      "i3",
      "i4",
      "i5",
      "i7",
      "i8",
      "i9"
    ],
    [
      "i1",
      "i2",
      "i3",
      "i4",
      "i6",
      "i11",
      "i12",
      "i11"
    ],
    [
      "i1",
      "i2",
      "i3",
      "i4",
      "i6",
      "i11",
      "i13",
      "i14",
      "i15",
      "i16"
    ]
  ]
}