{
  "model_traces": [
    [
      "i1",
      "n2",
      "b_main",
      "n7",
      "n5",
      "n6",
      "n15",
      "n16",
      "n22",
      "n24",
      "n27",
      "e1"
    ],
    [
      "i1",
      "n2",
      "b_main",
      "n30",
      "n31",
      "n36",
      "e2"
    ]
  ],
  "source_text_traces": [
    [
      "i1",
      "i2",
      "i3",
      "i4",
      "i5",
      "i6",
      "i7",
      "i8",
      "i9",
      "i10"
    ],
    [
      "i1",
      "i2",
      "i11",
      "i12",
      "i13"
    ]
  ]
}