{
  "model_traces": [
    [
      "i1",
      "n2",
      "b1",
      "n3",
      "n5",
      "b2",
      "n6",
      "n8",
      "n9",
      "e1"
    ],
    [
      "i1",
      "n2",
      "b1",
      "n3",
      "n5",
      "b2",
      "n7",
      "n10",
      "e1"
    ],
    [
      "i1",
      "n2",
      "b1",
      "n3",
      "n5",
      "b2",
      "n11",
      "b3",
      "n12",
      "n13",
      "e2"
    ],
    [
      "i1",
      "n2",
      "b1",
      "n3",
      "n5",
      "b2",
      "n11",
      "b3",
      "n14",
      "n15",
      "e3"
    ],
    [
      "i1",
      "n2",
      "b1",
      "n4",
      "b_ne_choice",
      "n17",
      "n18",
      "n19",
      "b_tabs",
      "n_inv",
      "c_tabs",
      "n21",
      "n22",
      "n23",
      "e4"
    ],
    [
      "i1",
      "n2",
      "b1",
      "n4",
      "b_ne_choice",
      "n17",
      "n18",
      "n19",
      "b_tabs",
      "n_prov",
      "c_tabs",
      "n21",
      "n22",
      "n23",
      "e4"
    ],
    [
      "i1",
      "n2",
      "b1",
      "n4",
      "b_ne_choice",
      "n17",
      "n18",
      "n19",
      "b_tabs",
      "n20",
      "c_tabs",
      "n21",
      "n22",
      "n23",
      "e4"
    ],
    [
      "i1",
      "n2",
      "b1",
      "n4",
      "b_ne_choice",
      "n17",
      "n18",
      "n19",
      "b_tabs",
      "n_rear",
      "c_tabs",
      "n21",
      "n22",
      "n23",
      "e4"
    ],
    [
      "i1",
      "n2",
      "b1",
      "n4",
      "b_ne_choice",
      "n17",
      "n18",
      "n19",
      "b_tabs",
      "n_other",
      "c_tabs",
      "n21",
      "n22",
      "n23",
      "e4"
    ],
    [
      "i1",
      "n2",
      "b1",
      "n4",
      "b_ne_choice",
      "n24",
      "n25",
      "n26",
      "n27",
      "n28",
      "n31",
      "n32",
      "n33",
      "e6"
    ]
  ],
  "source_text_traces": [
    [
      "i1",
      "i16",
      "i2"
    ],
    [
      "i1",
      "i16",
      "i3"
    ],
    [
      "i1",
      "i16",
      "i4",
      "i5"
    ],
    [
      "i1",
      "i16",
      "i4",
      "i6"
    ],
    [
      "i1",
      "i7",
      "i8",
      "i9",
      "i11",
      "i12"
    ],
    [
      "i1",
      "i7",
      "i8",
      "i10",
      "i11",
      "i12"
    ],
    [
      "i1",
      "i7",
      "i13",
      "i17",
      "i14",
      "i15"
    ]
  ]
}