{
  "model_traces": [
    [
      "start",
      "i1",
      "n2",
      "b1",
      "n3",
      "n5",
      "b2",
      "n6",
      "b3",
      "n7",
      "n8",
      "e1"
    ],
    [
      "start",
      "i1",
      "n2",
      "b1",
      "n3",
      "n5",
      "b2",
      "n6",
      "b3",
      "n9",
      "n10",
      "e2"
    ],
    [
      "start",
      "i1",
      "n2",
      "b1",
      "n3",
      "n5",
      "b2",
      "n11",
      "n12",
      "n13",
      "e3"
    ],
    [
      "start",
      "i1",
      "n2",
      "b1",
      "n3",
      "n5",
      "b2",
      "n11",
      "n14",
      "n15",
      "e4"
    ],
    [
      "start",
      "i1",
      "n2",
      "b1",
      "n4",
      "n16",
      "b5",
      "n17",
      "b6",
      "n19",
      "c1",
      "n25",
      "n26",
      "e5"
    ],
    [
      "start",
      "i1",
      "n2",
      "b1",
      "n4",
      "n16",
      "b5",
      "n17",
      "b6",
      "n20",
      "c1",
      "n25",
      "n26",
      "e5"
    ],
    [
      "start",
      "i1",
      "n2",
      "b1",
      "n4",
      "n16",
      "b5",
      "n17",
      "b6",
      "n22",
      "c1",
      "n25",
      "n26",
      "e5"
    ],
    [
      "start",
      "i1",
      "n2",
      "b1",
      "n4",
      "n16",
      "b5",
      "n17",
      "b6",
      "n23",
      "c1",
      "n25",
      "n26",
      "e5"
    ],
    [
      "start",
      "i1",
      "n2",
      "b1",
      "n4",
      "n16",
      "b5",
      "n17",
      "b6",
      "n24",
      "c1",
      "n25",
      "n26",
      "e5"
    ],
    [
      "start",
      "i1",
      "n2",
      "b1",
      "n4",
      "n16",
      "b5",
      "n27",
      "n28",
      "n29",
      "n30",
      "n31",
      "n32",
      "e6"
    ],
    [
      "start",
      "i1",
      "n2",
      "b1",
      "n4",
      "n16",
      "b5",
      "n33",
      "n34",
      "n35",
      "n36",
      "e7"
    ]
  ],
  "source_text_traces": [
    [
      "i1",
      "i2",
      "i3",
      "i5",
      "i6",
      "i8",
      "i9",
      "i10",
      "i12"
    ],
    [
      "i1",
      "i2",
      "i3",
      "i5",
      "i6",
      "i8",
      "i9",
      "i11",
      "i13"
    ],
    [
      "i1",
      "i2",
      "i3",
      "i5",
      "i6",
      "i7",
      "i14",
      "i15"
    ],
    [
      "i1",
      "i2",
      "i3",
      "i5",
      "i6",
      "i7",
      "i14",
      "i16"
    ],
    [
      "i1",
      "i2",
      "i4",
      "i17",
      "i18",
      "i19",
      "i22",
      "i38",
      "i39"
    ],
    [
      "i1",
      "i2",
      "i4",
      "i17",
      "i18",
      "i20",
      "i33",
      "i34",
      "i35",
      "i40"
    ],
    [
      "i1",
      "i2",
      "i4",
      "i17",
      "i18",
      "i21",
      "i36",
      "i37"
    ]
  ]
}