{
  "model_traces": [
    [
      "i1",
      "n1",
      "b1",
      "n2",
      "n3",
      "c1",
      "n5",
      "b2",
      "n6",
      "c2",
      "n8",
      "n9",
      "e1"
    ],
    [
      "i1",
      "n1",
      "b1",
      "n2",
      "n3",
      "c1",
      "n5",
      "b2",
      "n7",
      "c2",
      "n8",
      "n9",
      "e1"
    ],
    [
      "i1",
      "n1",
      "b1",
      "n4",
      "c1",
      "n5",
      "b2",
      "n6",
      "c2",
      "n8",
      "n9",
      "e1"
    ],
    [
      "i1",
      "n1",
      "b1",
      "n4",
      "c1",
      "n5",
      "b2",
      "n7",
      "c2",
      "n8",
      "n9",
      "e1"
    ]
  ],
  "source_text_traces": []
}