{
  "model_traces": [
    [
      "i1",
      "n2",
      "n3",
      "b1",
      "n5",
      "c1",
      "n8",
      "b2",
      "n9",
      "n10",
      "n11",
      "n12",
      "e1"
    ],
    [
      "i1",
      "n2",
      "n3",
      "b1",
      "n5",
      "c1",
      "n8",
      "b2",
      "n14",
      "b3",
      "n15",
      "c2",
      "n16",
      "n17",
      "n18",
      "n19",
      "n20",
      "e2"
    ],
    [
      "i1",
      "n2",
      "n3",
      "b1",
      "n5",
      "c1",
      "n8",
      "b2",
      "n14",
      "b3",
      "c2",
      "n16",
      "n17",
      "n18",
      "n19",
      "n20",
      "e2"
    ],
    [
      "i1",
      "n2",
      "n3",
      "b1",
      "n5",
      "c1",
      "n8",
      "b2",
      "n23",
      "n24",
      "e4"
    ],
    [
      "i1",
      "n2",
      "n3",
      "b1",
      "n5",
      "c1",
      "n8",
      "b2",
      "n25",
      "n26",
      "b4",
      "n27",
      "c4",
      "n29",
      "e5"
    ],
    [
      "i1",
      "n2",
      "n3",
      "b1",
      "n5",
      "c1",
      "n8",
      "b2",
      "n25",
      "n26",
      "b4",
      "c4",
      "n29",
      "e5"
    ],
    [
      "i1",
      "n2",
      "n3",
      "b1",
      "c1",
      "n8",
      "b2",
      "n9",
      "n10",
      "n11",
      "n12",
      "e1"
    ],
    [
      "i1",
      "n2",
      "n3",
      "b1",
      "c1",
      "n8",
      "b2",
      "n14",
      "b3",
      "n15",
      "c2",
      "n16",
      "n17",
      "n18",
      "n19",
      "n20",
      "e2"
    ],
    [
      "i1",
      "n2",
      "n3",
      "b1",
      "c1",
      "n8",
      "b2",
      "n14",
      "b3",
      "c2",
      "n16",
      "n17",
      "n18",
      "n19",
      "n20",
      "e2"
    ],
    [
      "i1",
      "n2",
      "n3",
      "b1",
      "c1",
      "n8",
      "b2",
      "n23",
      "n24",
      "e4"
    ],
    [
      "i1",
      "n2",
      "n3",
      "b1",
      "c1",
      "n8",
      "b2",
      "n25",
      "n26",
      "b4",
      "n27",
      "c4",
      "n29",
      "e5"
    ],
    [
      "i1",
      "n2",
      "n3",
      "b1",
      "c1",
      "n8",
      "b2",
      "n25",
      "n26",
      "b4",
      "c4",
      "n29",
      "e5"
    ]
  ],
  "source_text_traces": [
    [
      "i1",
      "i2",
      "i5",
      "i6",
      "i11",
      "i12",
      "i13",
      "i14"
    ],
    [
      "i1",
      "i2",
      "i5",
      "i6",
      "i15",
      "i18",
      "i19",
      "i20",
      "i21",
      "i22"
    ],
    [
      "i1",
      "i2",
      "i5",
      "i6",
      "i24",
      "i25"
    ],
    [
      "i1",
      "i2",
      "i5",
      "i6",
      "i26",
      "i27",
      "i30"
    ]
  ]
}