{
  "model_traces": [
    [
      "i1",
      "c1",
      "n2",
      "b1",
      "n4",
      "e1"
    ],
    [
      "i1",
      "c1",
      "n2",
      "b1",
      "n5",
      "e1"
    ],
    [
      "i1",
      "c1",
      "n2",
      "b1",
      "n7",
      "n8",
      "n9",
      "e2"
    ]
  ],
  "source_text_traces": [
    [
      "i1",
      "i3"
    ],
    [
      "i1",
      "i6"
    ],
    [
      "i1",
      "i9",
      "i1"
    ],
    [
      "i1",
      "i12",
      "i14"
    ]
  ]
}