{
  "model_traces": [
    [
      "i1",
      "n1",
      "n2",
      "b1",
      "n4",
      "b3",
      "n10",
      "c1",
      "n12",
      "b6",
      "n13",
      "c2",
      "n15",
      "b4",
      "n17",
      "n18",
      "e1"
    ],
    [
      "i1",
      "n1",
      "n2",
      "b1",
      "n4",
      "b3",
      "n10",
      "c1",
      "n12",
      "b6",
      "n13",
      "c2",
      "n15",
      "b4",
      "n19",
      "b5",
      "n21",
      "n22",
      "e_writeoff"
    ],
    [
      "i1",
      "n1",
      "n2",
      "b1",
      "n4",
      "b3",
      "n10",
      "c1",
      "n12",
      "b6",
      "n14",
      "c2",
      "n15",
      "b4",
      "n17",
      "n18",
      "e1"
    ],
    [
      "i1",
      "n1",
      "n2",
      "b1",
      "n4",
      "b3",
      "n10",
      "c1",
      "n12",
      "b6",
      "n14",
      "c2",
      "n15",
      "b4",
      "n19",
      "b5",
      "n21",
      "n22",
      "e_writeoff"
    ],
    [
      "i1",
      "n1",
      "n2",
      "b1",
      "n4",
      "b3",
      "n11",
      "c1",
      "n12",
      "b6",
      "n13",
      "c2",
      "n15",
      "b4",
      "n17",
      "n18",
      "e1"
    ],
    [
      "i1",
      "n1",
      "n2",
      "b1",
      "n4",
      "b3",
      "n11",
      "c1",
      "n12",
      "b6",
      "n13",
      "c2",
      "n15",
      "b4",
      "n19",
      "b5",
      "n21",
      "n22",
      "e_writeoff"
    ],
    [
      "i1",
      "n1",
      "n2",
      "b1",
      "n4",
      "b3",
      "n11",
      "c1",
      "n12",
      "b6",
      "n14",
      "c2",
      "n15",
      "b4",
      "n17",
      "n18",
      "e1"
    ],
    [
      "i1",
      "n1",
      "n2",
      "b1",
      "n4",
      "b3",
      "n11",
      "c1",
      "n12",
      "b6",
      "n14",
      "c2",
      "n15",
      "b4",
      "n19",
      "b5",
      "n21",
      "n22",
      "e_writeoff"
    ],
    [
      "i1",
      "n1",
      "n2",
      "b1",
      "n5",
      "e_d1"
    ]
  ],
  "source_text_traces": [
    [
      "i1",
      "i2",
      "i5",
      "i6"
    ],
    [
      "i1",
      "i2",
      "i3",
      "i4",
      "i10",
      "i11",
      "i14",
      "i16",
      "i18",
      "i19",
      "i20"
    ],
    [
      "i1",
      "i2",
      "i3",
      "i4",
      "i10",
      "i11",
      "i14",
      "i17",
      "i18",
      "i19",
      "i20"
    ],
    [
      "i1",
      "i2",
      "i3",
      "i4",
      "i10",
      "i11",
      "i14",
      "i16",
      "i18",
      "i21",
      "i22",
      "i23",
      "i24",
      "i25",
      "i20"
    ],
    [
      "i1",
      "i2",
      "i3",
      "i4",
      "i10",
      "i11",
      "i14",
      "i17",
      "i18",
      "i21",
      "i22",
      "i23",
      "i24",
      "i25",
      "i20"
    ],
    [
      "i1",
      "i2",
      "i3",
      "i4",
      "i12",
      "i13",
      "i14",
      "i16",
      "i18",
      "i19",
      "i20"
    ],
    [
      "i1",
      "i2",
      "i3",
      "i4",
      "i12",
      "i13",
      "i14",
      "i17",
      "i18",
      "i19",
      "i20"
    ],
    [
      "i1",
      "i2",
      "i3",
      "i4",
      "i12",
      "i13",
      "i14",
      "i16",
      "i18",
      "i21",
      "i22",
      "i23",
      "i24",
      "i25",
      "i20"
    ],
    [
      "i1",
      "i2",
      "i3",
      "i4",
      "i12",
      "i13",
      "i14",
      "i17",
      "i18",
      "i21",
      "i22",
      "i23",
      "i24",
      "i25",
      "i20"
    ]
  ]
}