{
  "model_traces": [
    [
      "i1",
      "n1",
      "n2",
      "b1",
      "n3",
      "n5",
      "n6",
      "n9",
      "n10",
      "n13",
      "n14",
      "n15",
      "c6",
      "n16",
      "n18",
      "n19",
      "b7",
      "n21",
      "n22",
      "n23",
      "n24",
      "n25",
      "e1"
    ],
    [
      "i1",
      "n1",
      "n2",
      "b1",
      "n4",
      "n26",
      "b_led",
      "n_disable_led",
      "c_led",
      "n29",
      "n_label",
      "n_disconnect",
      "n_cap",
      "n32",
      "n33",
      "n34",
      "e1"
    ],
    [
      "i1",
      "n1",
      "n2",
      "b1",
      "n4",
      "n26",
      "b_led",
      "c_led",
      "n29",
      "n_label",
      "n_disconnect",
      "n_cap",
      "n32",
      "n33",
      "n34",
      "e1"
    ]
  ],
  "source_text_traces": [
    [
      "i1",
      "i2",
      "i3",
      "i4",
      "i5",
      "i6",
      "i13",
      "i7",
      "i8",
      "i9"
    ],
    [
      "i1",
      "i2",
      "i10",
      "i11",
      "i12"
    ]
  ]
}