{
  "model_traces": [
    [
      "i1",
      "n2",
      "i2",
      "b1",
      "n4",
      "n5",
      "n6",
      "n7",
      "n8",
      "n10",
      "i14",
      "i15",
      "n11",
      "i17",
      "n13",
      "n14",
      "n15",
      "n16",
      "i25",
      "e1"
    ],
    [
      "i1",
      "n2",
      "i2",
      "b1",
      "n17",
      "n18",
      "n19",
      "b5",
      "n20",
      "c5",
      "n22",
      "b6",
      "n23",
      "n24",
      "c2",
      "n25",
      "n26",
      "e1"
    ],
    [
      "i1",
      "n2",
      "i2",
      "b1",
      "n17",
      "n18",
      "n19",
      "b5",
      "n20",
      "c5",
      "n22",
      "b6",
      "c2",
      "n25",
      "n26",
      "e1"
    ],
    [
      "i1",
      "n2",
      "i2",
      "b1",
      "n17",
      "n18",
      "n19",
      "b5",
      "n21",
      "c5",
      "n22",
      "b6",
      "n23",
      "n24",
      "c2",
      "n25",
      "n26",
      "e1"
    ],
    [
      "i1",
      "n2",
      "i2",
      "b1",
      "n17",
      "n18",
      "n19",
      "b5",
      "n21",
      "c5",
      "n22",
      "b6",
      "c2",
      "n25",
      "n26",
      "e1"
    ]
  ],
  "source_text_traces": [
    [
      "i1",
      "i2",
      "i4",
      "i6",
      "i7",
      "i8",
      "i9",
      "i10",
      "i12",
      "i13",
      "i14",
      "i15",
      "i16",
      "i17",
      "i21",
      "i22",
      "i23",
      "i24",
      "i25"
    ],
    [
      "i1",
      "i2",
      "i4",
      "i6",
      "i8",
      "i12",
      "i13",
      "i14",
      "i15",
      "i16",
      "i17",
      "i21",
      "i23",
      "i24",
      "i25"
    ],
    [
      "i1",
      "i2",
      "i4",
      "i6",
      "i7",
      "i8",
      "i9",
      "i10",
      "i12",
      "i13",
      "i14",
      "i15",
      "i16",
      "i17",
      "i19",
      "i20"
    ],
    [
      "i1",
      "i2",
      "i5",
      "i26",
      "i27",
      "i28",
      "i29",
      "i30",
      "i33",
      "i34",
      "i35",
      "i37",
      "i38"
    ],
    [
      "i1",
      "i2",
      "i5",
      "i26",
      "i27",
      "i28",
      "i31",
      "i32",
      "i33",
      "i34",
      "i35",
      "i37",
      "i38"
    ],
    [
      "i1",
      "i2",
      "i5",
      "i26",
      "i33",
      "i37",
      "i38"
    ]
  ]
}