{
  "model_traces": [
    [
      "s",
      "n1",
      "n2",
      "b1",
      "n4",
      "e1"
    ],
    [
      "s",
      "n1",
      "n2",
      "b1",
      "n5",
      "b2",
      "n6",
      "b3",
      "n9",
      "e1"
    ],
    [
      "s",
      "n1",
      "n2",
      "b1",
      "n5",
      "b2",
      "n6",
      "b3",
      "n10",
      "e3"
    ],
    [
      "s",
      "n1",
      "n2",
      "b1",
      "n5",
      "b2",
      "n7",
      "e2"
    ]
  ],
  "source_text_traces": [
    [
      "i1",
      "i2",
      "i3",
      "i4"
    ],
    [
      "i1",
      "i2",
      "i5",
      "i6",
      "i8",
      "i9"
    ],
    [
      "i1",
      "i2",
      "i5",
      "i6",
      "i7",
      "i2"
    ],
    [
      "i1",
      "i2",
      "i5",
      "i6",
      "i10",
      "i11",
      "i2"
    ],
    [
      "i1",
      "i2",
      "i5",
      "i6",
      "i12",
      "i13"
    ]
  ]
}