{
  "model_traces": [
    [
      "i1",
      "n2",
      "b1",
      "b2",
      "n3",
      "n10a",
      "e1"
    ],
    [
      "i1",
      "n2",
      "b1",
      "b2",
      "n5",
      "n10b",
      "e2"
    ],
    [
      "i1",
      "n2",
      "b1",
      "n4",
      "n8",
      "n9",
      "e3"
    ]
  ],
  "source_text_traces": [
    [
      "i1",
      "i2",
      "i6",
      "i3",
      "i10"
    ],
    [
      "i1",
      "i2",
      "i6",
      "i7",
      "i10"
    ],
    [
      "i1",
      "i4",
      "i5",
      "i8",
      "i9"
    ]
  ]
}