{
  "model_traces": [
    [
      "i1",
      "b1",
      "n3",
      "b2",
      "n6",
      "b3",
      "n7",
      "n8",
      "e1"
    ],
    [
      "i1",
      "b1",
      "n3",
      "b2",
      "n6",
      "b3",
      "n9",
      "n10",
      "e2"
    ],
    [
      "i1",
      "b1",
      "n3",
      "b2",
      "n11",
      "b4",
      "n12",
      "n13",
      "e3"
    ],
    [
      "i1",
      "b1",
      "n3",
      "b2",
      "n11",
      "b4",
      "n14",
      "n15",
      "e4"
    ],
    [
      "i1",
      "b1",
      "n4",
      "b5",
      "n17",
      "b6",
      "n19",
      "c1",
      "b7",
      "n22",
      "c2",
      "n25",
      "n26",
      "e5"
    ],
    [
      "i1",
      "b1",
      "n4",
      "b5",
      "n17",
      "b6",
      "n19",
      "c1",
      "b7",
      "n23",
      "c2",
      "n25",
      "n26",
      "e5"
    ],
    [
      "i1",
      "b1",
      "n4",
      "b5",
      "n17",
      "b6",
      "n19",
      "c1",
      "b7",
      "n24",
      "c2",
      "n25",
      "n26",
      "e5"
    ],
    [
      "i1",
      "b1",
      "n4",
      "b5",
      "n17",
      "b6",
      "n20",
      "c1",
      "b7",
      "n22",
      "c2",
      "n25",
      "n26",
      "e5"
    ],
    [
      "i1",
      "b1",
      "n4",
      "b5",
      "n17",
      "b6",
      "n20",
      "c1",
      "b7",
      "n23",
      "c2",
      "n25",
      "n26",
      "e5"
    ],
    [
      "i1",
      "b1",
      "n4",
      "b5",
      "n17",
      "b6",
      "n20",
      "c1",
      "b7",
      "n24",
      "c2",
      "n25",
      "n26",
      "e5"
    ],
    [
      "i1",
      "b1",
      "n4",
      "b5",
      "n27",
      "n28",
      "n29",
      "n30",
      "n31",
      "n32",
      "e6"
    ],
    [
      "i1",
      "b1",
      "n4",
      "b5",
      "n33",
      "n37",
      "n38",
      "n34",
      "n35",
      "n36",
      "e7"
    ]
  ],
  "source_text_traces": [
    [
      "i10",
      "i2",
      "i3",
      "i11",
      "i12"
    ],
    [
      "i10",
      "i2",
      "i3",
      "i11",
      "i13"
    ],
    [
      "i10",
      "i2",
      "i3",
      "i14",
      "i15"
    ],
    [
      "i10",
      "i2",
      "i3",
      "i14",
      "i16"
    ],
    [
      "i10",
      "i5",
      "i17",
      "i6",
      "i18",
      "i19",
      "i7"
    ],
    [
      "i10",
      "i5",
      "i17",
      "i20",
      "i8",
      "i21"
    ],
    [
      "i10",
      "i5",
      "i17",
      "i9",
      "i22"
    ]
  ]
}