{
  "model_traces": [
    [
      "i1",
      "n2",
      "n3",
      "b1",
      "e1"
    ],
    [
      "i1",
      "n2",
      "n3",
      "b1",
      "n5",
      "b2",
      "n6",
      "n7",
      "b3",
      "e2"
    ],
    [
      "i1",
      "n2",
      "n3",
      "b1",
      "n5",
      "b2",
      "n6",
      "n7",
      "b3",
      "n9",
      "b4",
      "n11",
      "n12",
      "b5",
      "e4"
    ],
    [
      "i1",
      "n2",
      "n3",
      "b1",
      "n5",
      "b2",
      "n6",
      "n7",
      "b3",
      "n9",
      "b4",
      "n11",
      "n12",
      "b5",
      "e6"
    ],
    [
      "i1",
      "n2",
      "n3",
      "b1",
      "n5",
      "b2",
      "n6",
      "n7",
      "b3",
      "n9",
      "b4",
      "e5"
    ],
    [
      "i1",
      "n2",
      "n3",
      "b1",
      "n5",
      "b2",
      "e3"
    ]
  ],
  "source_text_traces": [
    [
      "i1",
      "i2"
    ],
    [
      "i1",
      "i3",
      "i5"
    ],
    [
      "i1",
      "i3",
      "i7"
    ],
    [
      "i1",
      "i3",
      "i4",
      "i1"
    ],
    [
      "i1",
      "i3",
      "i6",
      "i1"
    ]
  ]
}