{
  "model_traces": [
    [
      "p_start",
      "i1",
      "b_ret",
      "i2",
      "c_ret",
      "i4",
      "b_stat",
      "i5",
      "b_pck1",
      "i8",
      "c_main",
      "i16",
      "b_end",
      "i18",
      "e_end"
    ],
    [
      "p_start",
      "i1",
      "b_ret",
      "i2",
      "c_ret",
      "i4",
      "b_stat",
      "i5",
      "b_pck1",
      "i8",
      "c_main",
      "i16",
      "b_end",
      "e_end"
    ],
    [
      "p_start",
      "i1",
      "b_ret",
      "i2",
      "c_ret",
      "i4",
      "b_stat",
      "i5",
      "b_pck1",
      "i9",
      "c_main",
      "i16",
      "b_end",
      "i18",
      "e_end"
    ],
    [
      "p_start",
      "i1",
      "b_ret",
      "i2",
      "c_ret",
      "i4",
      "b_stat",
      "i5",
      "b_pck1",
      "i9",
      "c_main",
      "i16",
      "b_end",
      "e_end"
    ],
    [
      "p_start",
      "i1",
      "b_ret",
      "i2",
      "c_ret",
      "i4",
      "b_stat",
      "i6",
      "i10",
      "b_cus",
      "i12",
      "c_main",
      "i16",
      "b_end",
      "i18",
      "e_end"
    ],
    [
      "p_start",
      "i1",
      "b_ret",
      "i2",
      "c_ret",
      "i4",
      "b_stat",
      "i6",
      "i10",
      "b_cus",
      "i12",
      "c_main",
      "i16",
      "b_end",
      "e_end"
    ],
    [
      "p_start",
      "i1",
      "b_ret",
      "i2",
      "c_ret",
      "i4",
      "b_stat",
      "i6",
      "i10",
      "b_cus",
      "i13",
      "c_main",
      "i16",
      "b_end",
      "i18",
      "e_end"
    ],
    [
      "p_start",
      "i1",
      "b_ret",
      "i2",
      "c_ret",
      "i4",
      "b_stat",
      "i6",
      "i10",
      "b_cus",
      "i13",
      "c_main",
      "i16",
      "b_end",
      "e_end"
    ],
    [
      "p_start",
      "i1",
      "b_ret",
      "i2",
      "c_ret",
      "i4",
      "b_stat",
      "i7",
      "i11",
      "b_rep",
      "i14",
      "c_main",
      "i16",
      "b_end",
      "i18",
      "e_end"
    ],
    [
      "p_start",
      "i1",
      "b_ret",
      "i2",
      "c_ret",
      "i4",
      "b_stat",
      "i7",
      "i11",
      "b_rep",
      "i14",
      "c_main",
      "i16",
      "b_end",
      "e_end"
    ],
    [
      "p_start",
      "i1",
      "b_ret",
      "i2",
      "c_ret",
      "i4",
      "b_stat",
      "i7",
      "i11",
      "b_rep",
      "i15",
      "i_email_dmg",
      "c_main",
      "i16",
      "b_end",
      "i18",
      "e_end"
    ],
    [
      "p_start",
      "i1",
      "b_ret",
      "i2",
      "c_ret",
      "i4",
      "b_stat",
      "i7",
      "i11",
      "b_rep",
      "i15",
      "i_email_dmg",
      "c_main",
      "i16",
      "b_end",
      "e_end"
    ],
    [
      "p_start",
      "i1",
      "b_ret",
      "i3",
      "c_ret",
      "i4",
      "b_stat",
      "i5",
      "b_pck1",
      "i8",
      "c_main",
      "i16",
      "b_end",
      "i18",
      "e_end"
    ],
    [
      "p_start",
      "i1",
      "b_ret",
      "i3",
      "c_ret",
      "i4",
      "b_stat",
      "i5",
      "b_pck1",
      "i8",
      "c_main",
      "i16",
      "b_end",
      "e_end"
    ],
    [
      "p_start",
      "i1",
      "b_ret",
      "i3",
      "c_ret",
      "i4",
      "b_stat",
      "i5",
      "b_pck1",
      "i9",
      "c_main",
      "i16",
      "b_end",
      "i18",
      "e_end"
    ],
    [
      "p_start",
      "i1",
      "b_ret",
      "i3",
      "c_ret",
      "i4",
      "b_stat",
      "i5",
      "b_pck1",
      "i9",
      "c_main",
      "i16",
      "b_end",
      "e_end"
    ],
    [
      "p_start",
      "i1",
      "b_ret",
      "i3",
      "c_ret",
      "i4",
      "b_stat",
      "i6",
      "i10",
      "b_cus",
      "i12",
      "c_main",
      "i16",
      "b_end",
      "i18",
      "e_end"
    ],
    [
      "p_start",
      "i1",
      "b_ret",
      "i3",
      "c_ret",
      "i4",
      "b_stat",
      "i6",
      "i10",
      "b_cus",
      "i12",
      "c_main",
      "i16",
      "b_end",
      "e_end"
    ],
    [
      "p_start",
      "i1",
      "b_ret",
      "i3",
      "c_ret",
      "i4",
      "b_stat",
      "i6",
      "i10",
      "b_cus",
      "i13",
      "c_main",
      "i16",
      "b_end",
      "i18",
      "e_end"
    ],
    [
      "p_start",
      "i1",
      "b_ret",
      "i3",
      "c_ret",
      "i4",
      "b_stat",
      "i6",
      "i10",
      "b_cus",
      "i13",
      "c_main",
      "i16",
      "b_end",
      "e_end"
    ],
    [
      "p_start",
      "i1",
      "b_ret",
      "i3",
      "c_ret",
      "i4",
      "b_stat",
      "i7",
      "i11",
      "b_rep",
      "i14",
      "c_main",
      "i16",
      "b_end",
      "i18",
      "e_end"
    ],
    [
      "p_start",
      "i1",
      "b_ret",
      "i3",
      "c_ret",
      "i4",
      "b_stat",
      "i7",
      "i11",
      "b_rep",
      "i14",
      "c_main",
      "i16",
      "b_end",
      "e_end"
    ],
    [
      "p_start",
      "i1",
      "b_ret",
      "i3",
      "c_ret",
      "i4",
      "b_stat",
      "i7",
      "i11",
      "b_rep",
      "i15",
      "i_email_dmg",
      "c_main",
      "i16",
      "b_end",
      "i18",
      "e_end"
    ],
    [
      "p_start",
      "i1",
      "b_ret",
      "i3",
      "c_ret",
      "i4",
      "b_stat",
      "i7",
      "i11",
      "b_rep",
      "i15",
      "i_email_dmg",
      "c_main",
      "i16",
      "b_end",
      "e_end"
    ]
  ],
  "source_text_traces": [
    [
      "i1",
      "i2",
      "i4",
      "i5",
      "i8",
      "i16"
    ],
    [
      "i1",
      "i2",
      "i4",
      "i5",
      "i9",
      "i16",
      "i18"
    ],
    [
      "i1",
      "i3",
      "i4",
      "i5",
      "i8",
      "i16"
    ],
    [
      "i1",
      "i3",
      "i4",
      "i5",
      "i9",
      "i16",
      "i18"
    ],
    [
      "i1",
      "i2",
      "i4",
      "i6",
      "i10",
      "i12",
      "i16"
    ],
    [
      "i1",
      "i2",
      "i4",
      "i6",
      "i10",
      "i13",
      "i16"
    ],
    [
      "i1",
      "i3",
      "i4",
      "i6",
      "i10",
      "i12",
      "i16"
    ],
    [
      "i1",
      "i3",
      "i4",
      "i6",
      "i10",
      "i13",
      "i16"
    ],
    [
      "i1",
      "i2",
      "i4",
      "i7",
      "i11",
      "i14",
      "i16"
    ],
    [
      "i1",
      "i2",
      "i4",
      "i7",
      "i11",
      "i15",
      "i16"
    ],
    [
      "i1",
      "i3",
      "i4",
      "i7",
      "i11",
      "i14",
      "i16"
    ],
    [
      "i1",
      "i3",
      "i4",
      "i7",
      "i11",
      "i15",
      "i16"
    ]
  ]
}