{
  "model_traces": [
    [
      "i1",
      "n1",
      "n2",
      "b1",
      "n3",
      "c_merge",
      "b_mid",
      "n15",
      "c_mid",
      "n21",
      "b5",
      "n24",
      "b6",
      "n26",
      "c_close",
      "n23",
      "e_main"
    ],
    [
      "i1",
      "n1",
      "n2",
      "b1",
      "n3",
      "c_merge",
      "b_mid",
      "n15",
      "c_mid",
      "n21",
      "b5",
      "n24",
      "b6",
      "n27",
      "n28",
      "e2"
    ],
    [
      "i1",
      "n1",
      "n2",
      "b1",
      "n3",
      "c_merge",
      "b_mid",
      "n15",
      "c_mid",
      "n21",
      "b5",
      "c_close",
      "n23",
      "e_main"
    ],
    [
      "i1",
      "n1",
      "n2",
      "b1",
      "n3",
      "c_merge",
      "b_mid",
      "n17",
      "n18",
      "n19",
      "c_mid",
      "n21",
      "b5",
      "n24",
      "b6",
      "n26",
      "c_close",
      "n23",
      "e_main"
    ],
    [
      "i1",
      "n1",
      "n2",
      "b1",
      "n3",
      "c_merge",
      "b_mid",
      "n17",
      "n18",
      "n19",
      "c_mid",
      "n21",
      "b5",
      "n24",
      "b6",
      "n27",
      "n28",
      "e2"
    ],
    [
      "i1",
      "n1",
      "n2",
      "b1",
      "n3",
      "c_merge",
      "b_mid",
      "n17",
      "n18",
      "n19",
      "c_mid",
      "n21",
      "b5",
      "c_close",
      "n23",
      "e_main"
    ],
    [
      "i1",
      "n1",
      "n2",
      "b1",
      "n4",
      "b3",
      "n8",
      "e5"
    ],
    [
      "i1",
      "n1",
      "n2",
      "b1",
      "n4",
      "b3",
      "n9",
      "n10",
      "b4",
      "n12",
      "n13",
      "e1"
    ],
    [
      "i1",
      "n1",
      "n2",
      "b1",
      "n4",
      "b3",
      "n9",
      "n10",
      "b4",
      "n14",
      "c_merge",
      "b_mid",
      "n15",
      "c_mid",
      "n21",
      "b5",
      "n24",
      "b6",
      "n26",
      "c_close",
      "n23",
      "e_main"
    ],
    [
      "i1",
      "n1",
      "n2",
      "b1",
      "n4",
      "b3",
      "n9",
      "n10",
      "b4",
      "n14",
      "c_merge",
      "b_mid",
      "n15",
      "c_mid",
      "n21",
      "b5",
      "n24",
      "b6",
      "n27",
      "n28",
      "e2"
    ],
    [
      "i1",
      "n1",
      "n2",
      "b1",
      "n4",
      "b3",
      "n9",
      "n10",
      "b4",
      "n14",
      "c_merge",
      "b_mid",
      "n15",
      "c_mid",
      "n21",
      "b5",
      "c_close",
      "n23",
      "e_main"
    ],
    [
      "i1",
      "n1",
      "n2",
      "b1",
      "n4",
      "b3",
      "n9",
      "n10",
      "b4",
      "n14",
      "c_merge",
      "b_mid",
      "n17",
      "n18",
      "n19",
      "c_mid",
      "n21",
      "b5",
      "n24",
      "b6",
      "n26",
      "c_close",
      "n23",
      "e_main"
    ],
    [
      "i1",
      "n1",
      "n2",
      "b1",
      "n4",
      "b3",
      "n9",
      "n10",
      "b4",
      "n14",
      "c_merge",
      "b_mid",
      "n17",
      "n18",
      "n19",
      "c_mid",
      "n21",
      "b5",
      "n24",
      "b6",
      "n27",
      "n28",
      "e2"
    ],
    [
      "i1",
      "n1",
      "n2",
      "b1",
      "n4",
      "b3",
      "n9",
      "n10",
      "b4",
      "n14",
      "c_merge",
      "b_mid",
      "n17",
      "n18",
      "n19",
      "c_mid",
      "n21",
      "b5",
      "c_close",
      "n23",
      "e_main"
    ]
  ],
  "source_text_traces": [
    [
      "i1",
      "i2",
      "i3",
      "i4",
      "i11",
      "i13",
      "i15",
      "i14"
    ],
    [
      "i1",
      "i2",
      "i3",
      "i4",
      "i12",
      "i13",
      "i15",
      "i14"
    ],
    [
      "i1",
      "i2",
      "i3",
      "i4",
      "i11",
      "i13",
      "i16",
      "i17",
      "i14"
    ],
    [
      "i1",
      "i2",
      "i3",
      "i4",
      "i12",
      "i13",
      "i16",
      "i17",
      "i14"
    ],
    [
      "i1",
      "i2",
      "i3",
      "i4",
      "i11",
      "i13",
      "i16",
      "i18"
    ],
    [
      "i1",
      "i2",
      "i3",
      "i4",
      "i12",
      "i13",
      "i16",
      "i18"
    ],
    [
      "i1",
      "i2",
      "i5",
      "i6",
      "i8"
    ],
    [
      "i1",
      "i2",
      "i5",
      "i6",
      "i9",
      "i10"
    ],
    [
      "i1",
      "i2",
      "i5",
      "i6",
      "i9",
      "i11",
      "i13",
      "i15",
      "i14"
    ],
    [
      "i1",
      "i2",
      "i5",
      "i6",
      "i9",
      "i12",
      "i13",
      "i15",
      "i14"
    ],
    [
      "i1",
      "i2",
      "i5",
      "i6",
      "i9",
      "i11",
      "i13",
      "i16",
      "i17",
      "i14"
    ],
    [
      "i1",
      "i2",
      "i5",
      "i6",
      "i9",
      "i12",
      "i13",
      "i16",
      "i17",
      "i14"
    ],
    [
      "i1",
      "i2",
      "i5",
      "i6",
      "i9",
      "i11",
      "i13",
      "i16",
      "i18"
    ],
    [
      "i1",
      "i2",
      "i5",
      "i6",
      "i9",
      "i12",
      "i13",
      "i16",
      "i18"
    ]
  ]
}