{
  "model_traces": [
    [
      "i1",
      "n2",
      "n3",
      "b1",
      "n5",
      "n8",
      "c2",
      "n9",
      "b2",
      "n11",
      "n13",
      "b3",
      "n14",
      "n16",
      "c1",
      "n18",
      "e2"
    ],
    [
      "i1",
      "n2",
      "n3",
      "b1",
      "n5",
      "n8",
      "c2",
      "n9",
      "b2",
      "n11",
      "n13",
      "b3",
      "n15",
      "n17",
      "c1",
      "n18",
      "e2"
    ],
    [
      "i1",
      "n2",
      "n3",
      "b1",
      "n6",
      "e1"
    ]
  ],
  "source_text_traces": [
    [
      "i1",
      "i2",
      "i8"
    ],
    [
      "i1",
      "i2",
      "i7",
      "i9",
      "i10",
      "i9"
    ],
    [
      "i1",
      "i2",
      "i7",
      "i9",
      "i10",
      "i15",
      "i16",
      "i17",
      "i18",
      "i19"
    ]
  ]
}