{
  "model_traces": [
    [
      "i1",
      "n1",
      "n2",
      "n3",
      "b1",
      "n4",
      "n6",
      "c1",
      "n8",
      "b4",
      "n14",
      "e5"
    ],
    [
      "i1",
      "n1",
      "n2",
      "n3",
      "b1",
      "n4",
      "n6",
      "c1",
      "n8",
      "b4",
      "n15",
      "n13",
      "e6"
    ],
    [
      "i1",
      "n1",
      "n2",
      "n3",
      "b1",
      "n5",
      "n10",
      "c1",
      "n8",
      "b4",
      "n14",
      "e5"
    ],
    [
      "i1",
      "n1",
      "n2",
      "n3",
      "b1",
      "n5",
      "n10",
      "c1",
      "n8",
      "b4",
      "n15",
      "n13",
      "e6"
    ]
  ],
  "source_text_traces": [
    [
      "i1",
      "i2",
      "i3",
      "i5",
      "i6",
      "i7"
    ],
    [
      "i1",
      "i2",
      "i4",
      "i5",
      "i6",
      "i7"
    ],
    [
      "i1",
      "i2",
      "i3",
      "i5",
      "i6",
      "i8",
      "i9"
    ],
    [
      "i1",
      "i2",
      "i4",
      "i5",
      "i6",
      "i8",
      "i9"
    ]
  ]
}