{
  "model_traces": [
    [
      "i1",
      "b1",
      "n3",
      "b2",
      "b3",
      "n5",
      "e1"
    ],
    [
      "i1",
      "b1",
      "n3",
      "b2",
      "b3",
      "n7",
      "e2"
    ],
    [
      "i1",
      "b1",
      "n3",
      "b2",
      "b3",
      "n9",
      "e3"
    ],
    [
      "i1",
      "b1",
      "n3",
      "b2",
      "b3",
      "n11",
      "e4"
    ],
    [
      "i1",
      "b1",
      "n3",
      "b2",
      "b3",
      "n13",
      "e5"
    ],
    [
      "i1",
      "b1",
      "n3",
      "b2",
      "b4",
      "n16",
      "e6"
    ],
    [
      "i1",
      "b1",
      "n3",
      "b2",
      "b4",
      "n18",
      "e7"
    ],
    [
      "i1",
      "b1",
      "n3",
      "b2",
      "b4",
      "n20",
      "e8"
    ],
    [
      "i1",
      "b1",
      "b5",
      "n23",
      "n24",
      "n25",
      "e9"
    ],
    [
      "i1",
      "b1",
      "b5",
      "n27",
      "n28",
      "n29",
      "n30",
      "n31",
      "e10"
    ],
    [
      "i1",
      "b1",
      "b5",
      "n33",
      "n34",
      "e11"
    ]
  ],
  "source_text_traces": [
    [
      "i2",
      "i5",
      "i6",
      "i11"
    ],
    [
      "i2",
      "i5",
      "i7",
      "i13"
    ],
    [
      "i2",
      "i5",
      "i8",
      "i14"
    ],
    [
      "i2",
      "i5",
      "i9",
      "i15"
    ],
    [
      "i2",
      "i5",
      "i10",
      "i16"
    ],
    [
      "i2",
      "i5",
      "i17",
      "i20"
    ],
    [
      "i2",
      "i5",
      "i18",
      "i21"
    ],
    [
      "i2",
      "i5",
      "i19",
      "i22"
    ],
    [
      "i3",
      "i24",
      "i27",
      "i28",
      "i29"
    ],
    [
      "i3",
      "i25",
      "i30",
      "i31",
      "i32",
      "i33",
      "i34"
    ],
    [
      "i3",
      "i26",
      "i35",
      "i36"
    ]
  ]
}