{
  "model_traces": [
    [
      "i1",
      "n2",
      "n3",
      "b1",
      "n6",
      "n7",
      "n8",
      "n9",
      "n10",
      "n11",
      "n12",
      "b2",
      "n13",
      "e1"
    ],
    [
      "i1",
      "n2",
      "n3",
      "b1",
      "n6",
      "n7",
      "n8",
      "n9",
      "n10",
      "n11",
      "n12",
      "b2",
      "n14",
      "e2"
    ],
    [
      "i1",
      "n2",
      "n3",
      "b1",
      "n17",
      "n19",
      "e3"
    ]
  ],
  "source_text_traces": [
    [
      "i1",
      "i2",
      "i3",
      "i4",
      "i8",
      "i9",
      "i10",
      "i11",
      "i12",
      "i13",
      "i14",
      "i15",
      "i16",
      "i17",
      "i18",
      "i19",
      "i20",
      "i21"
    ],
    [
      "i1",
      "i2",
      "i3",
      "i6",
      "i22",
      "i23",
      "i24",
      "i25",
      "i26"
    ]
  ]
}