{
  "model_traces": [
    [
      "i1",
      "n2",
      "b1",
      "n3",
      "n5",
      "b2",
      "n6",
      "b3",
      "n7",
      "n8",
      "e1"
    ],
    [
      "i1",
      "n2",
      "b1",
      "n3",
      "n5",
      "b2",
      "n6",
      "b3",
      "n9",
      "n10",
      "e2"
    ],
    [
      "i1",
      "n2",
      "b1",
      "n3",
      "n5",
      "b2",
      "n11",
      "b4",
      "n12",
      "n13",
      "e3"
    ],
    [
      "i1",
      "n2",
      "b1",
      "n3",
      "n5",
      "b2",
      "n11",
      "b4",
      "n14",
      "n15",
      "e4"
    ],
    [
      "i1",
      "n2",
      "b1",
      "n4",
      "n16",
      "b5",
      "n17",
      "n18",
      "b6",
      "n19",
      "c1",
      "n21",
      "b7",
      "n22",
      "c2",
      "n25",
      "n26",
      "e5"
    ],
    [
      "i1",
      "n2",
      "b1",
      "n4",
      "n16",
      "b5",
      "n17",
      "n18",
      "b6",
      "n19",
      "c1",
      "n21",
      "b7",
      "n23",
      "c2",
      "n25",
      "n26",
      "e5"
    ],
    [
      "i1",
      "n2",
      "b1",
      "n4",
      "n16",
      "b5",
      "n17",
      "n18",
      "b6",
      "n19",
      "c1",
      "n21",
      "b7",
      "n24",
      "c2",
      "n25",
      "n26",
      "e5"
    ],
    [
      "i1",
      "n2",
      "b1",
      "n4",
      "n16",
      "b5",
      "n17",
      "n18",
      "b6",
      "n20",
      "c1",
      "n21",
      "b7",
      "n22",
      "c2",
      "n25",
      "n26",
      "e5"
    ],
    [
      "i1",
      "n2",
      "b1",
      "n4",
      "n16",
      "b5",
      "n17",
      "n18",
      "b6",
      "n20",
      "c1",
      "n21",
      "b7",
      "n23",
      "c2",
      "n25",
      "n26",
      "e5"
    ],
    [
      "i1",
      "n2",
      "b1",
      "n4",
      "n16",
      "b5",
      "n17",
      "n18",
      "b6",
      "n20",
      "c1",
      "n21",
      "b7",
      "n24",
      "c2",
      "n25",
      "n26",
      "e5"
    ],
    [
      "i1",
      "n2",
      "b1",
      "n4",
      "n16",
      "b5",
      "c3",
      "n27",
      "n28",
      "n29",
      "n30",
      "n31",
      "n32",
      "e6"
    ],
    [
      "i1",
      "n2",
      "b1",
      "n4",
      "n16",
      "b5",
      "n33",
      "c3",
      "n27",
      "n28",
      "n29",
      "n30",
      "n31",
      "n32",
      "e6"
    ]
  ],
  "source_text_traces": [
    [
      "i11",
      "i1",
      "i13",
      "i14",
      "i2",
      "i3"
    ],
    [
      "i11",
      "i1",
      "i13",
      "i14",
      "i4",
      "i3"
    ],
    [
      "i11",
      "i1",
      "i13",
      "i15",
      "i5",
      "i3"
    ],
    [
      "i11",
      "i1",
      "i13",
      "i15",
      "i6",
      "i3"
    ],
    [
      "i11",
      "i7",
      "i16",
      "i17",
      "i18",
      "i19",
      "i8",
      "i3"
    ],
    [
      "i11",
      "i7",
      "i16",
      "i20",
      "i9",
      "i21",
      "i3"
    ],
    [
      "i11",
      "i7",
      "i16",
      "i22",
      "i23",
      "i10",
      "i3"
    ]
  ]
}