{
  "model_traces": [
    [
      "i1",
      "n2",
      "n3",
      "n5",
      "n6",
      "n8",
      "n9",
      "n10",
      "n11",
      "e1"
    ],
    [
      "i1",
      "n2",
      "n3",
      "n5",
      "n6",
      "n13",
      "n14",
      "n15",
      "n16",
      "n17",
      "n18",
      "e3"
    ],
    [
      "i1",
      "n2",
      "n3",
      "n5",
      "n6",
      "n23",
      "n24",
      "e4"
    ],
    [
      "i1",
      "n2",
      "n3",
      "n5",
      "n6",
      "n25",
      "n30",
      "n29",
      "e5"
    ]
  ],
  "source_text_traces": [
    [
      "i1",
      "i2",
      "i3",
      "i10",
      "i11",
      "i12",
      "i13"
    ],
    [
      "i1",
      "i2",
      "i3",
      "i14",
      "i15",
      "i16",
      "i24",
      "i17",
      "i18"
    ],
    [
      "i1",
      "i2",
      "i3",
      "i19",
      "i20"
    ],
    [
      "i1",
      "i2",
      "i3",
      "i21",
      "i22",
      "i23"
    ]
  ]
}