{
  "model_traces": [
    [
      "i1",
      "n2",
      "n3",
      "b_n3a",
      "n3a",
      "c_n3a",
      "n4",
      "b1",
      "n6",
      "n7",
      "n7b",
      "n8",
      "n9",
      "e1"
    ],
    [
      "i1",
      "n2",
      "n3",
      "b_n3a",
      "n3a",
      "c_n3a",
      "n4",
      "b1",
      "n11",
      "b_lock1",
      "n12",
      "n12a",
      "c_lock1",
      "n13",
      "b_lock2",
      "n19_lock",
      "n20_lock",
      "n21_lock",
      "c_lock2",
      "n15",
      "e2"
    ],
    [
      "i1",
      "n2",
      "n3",
      "b_n3a",
      "n3a",
      "c_n3a",
      "n4",
      "b1",
      "n11",
      "b_lock1",
      "n12",
      "n12a",
      "c_lock1",
      "n13",
      "b_lock2",
      "c_lock2",
      "n15",
      "e2"
    ],
    [
      "i1",
      "n2",
      "n3",
      "b_n3a",
      "n3a",
      "c_n3a",
      "n4",
      "b1",
      "n11",
      "b_lock1",
      "c_lock1",
      "n13",
      "b_lock2",
      "n19_lock",
      "n20_lock",
      "n21_lock",
      "c_lock2",
      "n15",
      "e2"
    ],
    [
      "i1",
      "n2",
      "n3",
      "b_n3a",
      "n3a",
      "c_n3a",
      "n4",
      "b1",
      "n11",
      "b_lock1",
      "c_lock1",
      "n13",
      "b_lock2",
      "c_lock2",
      "n15",
      "e2"
    ],
    [
      "i1",
      "n2",
      "n3",
      "b_n3a",
      "n3a",
      "c_n3a",
      "n4",
      "b1",
      "n19",
      "n24_unlock",
      "e3"
    ],
    [
      "i1",
      "n2",
      "n3",
      "b_n3a",
      "n3a",
      "c_n3a",
      "n4",
      "b1",
      "n21",
      "b_remove",
      "n22",
      "n23",
      "c_remove",
      "n24",
      "e4"
    ],
    [
      "i1",
      "n2",
      "n3",
      "b_n3a",
      "n3a",
      "c_n3a",
      "n4",
      "b1",
      "n21",
      "b_remove",
      "c_remove",
      "n24",
      "e4"
    ],
    [
      "i1",
      "n2",
      "n3",
      "b_n3a",
      "c_n3a",
      "n4",
      "b1",
      "n6",
      "n7",
      "n7b",
      "n8",
      "n9",
      "e1"
    ],
    [
      "i1",
      "n2",
      "n3",
      "b_n3a",
      "c_n3a",
      "n4",
      "b1",
      "n11",
      "b_lock1",
      "n12",
      "n12a",
      "c_lock1",
      "n13",
      "b_lock2",
      "n19_lock",
      "n20_lock",
      "n21_lock",
      "c_lock2",
      "n15",
      "e2"
    ],
    [
      "i1",
      "n2",
      "n3",
      "b_n3a",
      "c_n3a",
      "n4",
      "b1",
      "n11",
      "b_lock1",
      "n12",
      "n12a",
      "c_lock1",
      "n13",
      "b_lock2",
      "c_lock2",
      "n15",
      "e2"
    ],
    [
      "i1",
      "n2",
      "n3",
      "b_n3a",
      "c_n3a",
      "n4",
      "b1",
      "n11",
      "b_lock1",
      "c_lock1",
      "n13",
      "b_lock2",
      "n19_lock",
      "n20_lock",
      "n21_lock",
      "c_lock2",
      "n15",
      "e2"
    ],
    [
      "i1",
      "n2",
      "n3",
      "b_n3a",
      "c_n3a",
      "n4",
      "b1",
      "n11",
      "b_lock1",
      "c_lock1",
      "n13",
      "b_lock2",
      "c_lock2",
      "n15",
      "e2"
    ],
    [
      "i1",
      "n2",
      "n3",
      "b_n3a",
      "c_n3a",
      "n4",
      "b1",
      "n19",
      "n24_unlock",
      "e3"
    ],
    [
      "i1",
      "n2",
      "n3",
      "b_n3a",
      "c_n3a",
      "n4",
      "b1",
      "n21",
      "b_remove",
      "n22",
      "n23",
      "c_remove",
      "n24",
      "e4"
    ],
    [
      "i1",
      "n2",
      "n3",
      "b_n3a",
      "c_n3a",
      "n4",
      "b1",
      "n21",
      "b_remove",
      "c_remove",
      "n24",
      "e4"
    ]
  ],
  "source_text_traces": [
    [
      "i1",
      "i2",
      "i3",
      "i4",
      "i6",
      "i10",
      "i11",
      "i12",
      "i13",
      "i14"
    ],
    [
      "i1",
      "i2",
      "i4",
      "i6",
      "i10",
      "i11",
      "i12",
      "i13",
      "i14"
    ],
    [
      "i1",
      "i2",
      "i3",
      "i4",
      "i7",
      "i15",
      "i16",
      "i17",
      "i18",
      "i19",
      "i20",
      "i21",
      "i22"
    ],
    [
      "i1",
      "i2",
      "i3",
      "i4",
      "i7",
      "i15",
      "i18",
      "i22"
    ],
    [
      "i1",
      "i2",
      "i4",
      "i7",
      "i15",
      "i16",
      "i17",
      "i18",
      "i19",
      "i20",
      "i21",
      "i22"
    ],
    [
      "i1",
      "i2",
      "i4",
      "i7",
      "i15",
      "i18",
      "i22"
    ],
    [
      "i1",
      "i2",
      "i3",
      "i4",
      "i8",
      "i23",
      "i24"
    ],
    [
      "i1",
      "i2",
      "i4",
      "i8",
      "i23",
      "i24"
    ],
    [
      "i1",
      "i2",
      "i3",
      "i4",
      "i9",
      "i25",
      "i26",
      "i27",
      "i28"
    ],
    [
      "i1",
      "i2",
      "i3",
      "i4",
      "i9",
      "i25",
      "i28"
    ],
    [
      "i1",
      "i2",
      "i4",
      "i9",
      "i25",
      "i26",
      "i27",
      "i28"
    ],
    [
      "i1",
      "i2",
      "i4",
      "i9",
      "i25",
      "i28"
    ]
  ]
}