{
  "model_traces": [
    [
      "i1",
      "n1",
      "n3",
      "b1",
      "n5",
      "c1",
      "n9",
      "n2",
      "b3",
      "n13",
      "n14",
      "e1"
    ],
    [
      "i1",
      "n1",
      "n3",
      "b1",
      "n5",
      "c1",
      "n9",
      "n2",
      "b3",
      "n10",
      "b4",
      "n18",
      "e2"
    ],
    [
      "i1",
      "n1",
      "n3",
      "b1",
      "n5",
      "c1",
      "n9",
      "n2",
      "b3",
      "n10",
      "b4",
      "n20",
      "e3"
    ],
    [
      "i1",
      "n1",
      "n3",
      "b1",
      "n6",
      "b2",
      "n7",
      "c1",
      "n9",
      "n2",
      "b3",
      "n13",
      "n14",
      "e1"
    ],
    [
      "i1",
      "n1",
      "n3",
      "b1",
      "n6",
      "b2",
      "n7",
      "c1",
      "n9",
      "n2",
      "b3",
      "n10",
      "b4",
      "n18",
      "e2"
    ],
    [
      "i1",
      "n1",
      "n3",
      "b1",
      "n6",
      "b2",
      "n7",
      "c1",
      "n9",
      "n2",
      "b3",
      "n10",
      "b4",
      "n20",
      "e3"
    ],
    [
      "i1",
      "n1",
      "n3",
      "b1",
      "n6",
      "b2",
      "n8",
      "c1",
      "n9",
      "n2",
      "b3",
      "n13",
      "n14",
      "e1"
    ],
    [
      "i1",
      "n1",
      "n3",
      "b1",
      "n6",
      "b2",
      "n8",
      "c1",
      "n9",
      "n2",
      "b3",
      "n10",
      "b4",
      "n18",
      "e2"
    ],
    [
      "i1",
      "n1",
      "n3",
      "b1",
      "n6",
      "b2",
      "n8",
      "c1",
      "n9",
      "n2",
      "b3",
      "n10",
      "b4",
      "n20",
      "e3"
    ]
  ],
  "source_text_traces": [
    [
      "i1",
      "i2"
    ],
    [
      "i1",
      "i3",
      "i4",
      "i5",
      "i7",
      "i8",
      "i9",
      "i11"
    ],
    [
      "i1",
      "i3",
      "i4",
      "i5",
      "i7",
      "i8",
      "i10",
      "i12"
    ],
    [
      "i1",
      "i3",
      "i4",
      "i5",
      "i7",
      "i8",
      "i10",
      "i13"
    ],
    [
      "i1",
      "i3",
      "i4",
      "i6"
    ],
    [
      "i1",
      "i3",
      "i7",
      "i8",
      "i9",
      "i11"
    ],
    [
      "i1",
      "i3",
      "i7",
      "i8",
      "i10",
      "i12"
    ],
    [
      "i1",
      "i3",
      "i7",
      "i8",
      "i10",
      "i13"
    ]
  ]
}