{
  "model_traces": [
    [
      "i1",
      "n1",
      "n_i2",
      "b4",
      "n2",
      "e4"
    ],
    [
      "i1",
      "n1",
      "n_i2",
      "b4",
      "n3",
      "b5",
      "n4",
      "b1",
      "n5",
      "e1"
    ],
    [
      "i1",
      "n1",
      "n_i2",
      "b4",
      "n3",
      "b5",
      "n4",
      "b1",
      "n6",
      "b2",
      "n7",
      "n9",
      "n10",
      "e3"
    ],
    [
      "i1",
      "n1",
      "n_i2",
      "b4",
      "n3",
      "b5",
      "n4",
      "b1",
      "n6",
      "b2",
      "n8",
      "e2"
    ],
    [
      "i1",
      "n1",
      "n_i2",
      "b4",
      "n3",
      "b5",
      "n14",
      "n15",
      "n16",
      "b6",
      "e5"
    ],
    [
      "i1",
      "n1",
      "n_i2",
      "b4",
      "n3",
      "b5",
      "n14",
      "n15",
      "n16",
      "b6",
      "n18",
      "b3",
      "n19",
      "e6"
    ],
    [
      "i1",
      "n1",
      "n_i2",
      "b4",
      "n3",
      "b5",
      "n14",
      "n15",
      "n16",
      "b6",
      "n18",
      "b3",
      "n20",
      "e7"
    ]
  ],
  "source_text_traces": [
    [
      "i1",
      "i2",
      "i3",
      "i5"
    ],
    [
      "i1",
      "i2",
      "i3",
      "i4",
      "i5"
    ],
    [
      "i1",
      "i6",
      "i7",
      "i9"
    ],
    [
      "i1",
      "i6",
      "i10",
      "i8"
    ]
  ]
}