{
  "model_traces": [
    [
      "i1",
      "n2",
      "n3",
      "b1",
      "n5",
      "c1",
      "n6",
      "b2",
      "n7",
      "c_sup",
      "n20",
      "e2"
    ],
    [
      "i1",
      "n2",
      "n3",
      "b1",
      "n5",
      "c1",
      "n6",
      "b2",
      "n8",
      "b3",
      "n9",
      "n10",
      "b4",
      "c_end",
      "n19",
      "e1"
    ],
    [
      "i1",
      "n2",
      "n3",
      "b1",
      "n5",
      "c1",
      "n6",
      "b2",
      "n8",
      "b3",
      "n9",
      "n10",
      "b4",
      "c3",
      "n12",
      "b5",
      "n13",
      "b6",
      "c_end",
      "n19",
      "e1"
    ],
    [
      "i1",
      "n2",
      "n3",
      "b1",
      "n5",
      "c1",
      "n6",
      "b2",
      "n8",
      "b3",
      "n9",
      "n10",
      "b4",
      "c3",
      "n12",
      "b5",
      "n13",
      "b6",
      "n15",
      "b7",
      "c_end",
      "n19",
      "e1"
    ],
    [
      "i1",
      "n2",
      "n3",
      "b1",
      "n5",
      "c1",
      "n6",
      "b2",
      "n8",
      "b3",
      "n9",
      "n10",
      "b4",
      "c3",
      "n12",
      "b5",
      "n13",
      "b6",
      "n15",
      "b7",
      "n17",
      "b8",
      "c_end",
      "n19",
      "e1"
    ],
    [
      "i1",
      "n2",
      "n3",
      "b1",
      "n5",
      "c1",
      "n6",
      "b2",
      "n8",
      "b3",
      "n9",
      "n10",
      "b4",
      "c3",
      "n12",
      "b5",
      "n13",
      "b6",
      "n15",
      "b7",
      "n17",
      "b8",
      "c_sup",
      "n20",
      "e2"
    ],
    [
      "i1",
      "n2",
      "n3",
      "b1",
      "n5",
      "c1",
      "n6",
      "b2",
      "n8",
      "b3",
      "n9",
      "n10",
      "b4",
      "c3",
      "n12",
      "b5",
      "c_sup",
      "n20",
      "e2"
    ],
    [
      "i1",
      "n2",
      "n3",
      "b1",
      "n5",
      "c1",
      "n6",
      "b2",
      "n8",
      "b3",
      "c3",
      "n12",
      "b5",
      "n13",
      "b6",
      "c_end",
      "n19",
      "e1"
    ],
    [
      "i1",
      "n2",
      "n3",
      "b1",
      "n5",
      "c1",
      "n6",
      "b2",
      "n8",
      "b3",
      "c3",
      "n12",
      "b5",
      "n13",
      "b6",
      "n15",
      "b7",
      "c_end",
      "n19",
      "e1"
    ],
    [
      "i1",
      "n2",
      "n3",
      "b1",
      "n5",
      "c1",
      "n6",
      "b2",
      "n8",
      "b3",
      "c3",
      "n12",
      "b5",
      "n13",
      "b6",
      "n15",
      "b7",
      "n17",
      "b8",
      "c_end",
      "n19",
      "e1"
    ],
    [
      "i1",
      "n2",
      "n3",
      "b1",
      "n5",
      "c1",
      "n6",
      "b2",
      "n8",
      "b3",
      "c3",
      "n12",
      "b5",
      "n13",
      "b6",
      "n15",
      "b7",
      "n17",
      "b8",
      "c_sup",
      "n20",
      "e2"
    ],
    [
      "i1",
      "n2",
      "n3",
      "b1",
      "n5",
      "c1",
      "n6",
      "b2",
      "n8",
      "b3",
      "c3",
      "n12",
      "b5",
      "c_sup",
      "n20",
      "e2"
    ],
    [
      "i1",
      "n2",
      "n3",
      "b1",
      "c1",
      "n6",
      "b2",
      "n7",
      "c_sup",
      "n20",
      "e2"
    ],
    [
      "i1",
      "n2",
      "n3",
      "b1",
      "c1",
      "n6",
      "b2",
      "n8",
      "b3",
      "n9",
      "n10",
      "b4",
      "c_end",
      "n19",
      "e1"
    ],
    [
      "i1",
      "n2",
      "n3",
      "b1",
      "c1",
      "n6",
      "b2",
      "n8",
      "b3",
      "n9",
      "n10",
      "b4",
      "c3",
      "n12",
      "b5",
      "n13",
      "b6",
      "c_end",
      "n19",
      "e1"
    ],
    [
      "i1",
      "n2",
      "n3",
      "b1",
      "c1",
      "n6",
      "b2",
      "n8",
      "b3",
      "n9",
      "n10",
      "b4",
      "c3",
      "n12",
      "b5",
      "n13",
      "b6",
      "n15",
      "b7",
      "c_end",
      "n19",
      "e1"
    ],
    [
      "i1",
      "n2",
      "n3",
      "b1",
      "c1",
      "n6",
      "b2",
      "n8",
      "b3",
      "n9",
      "n10",
      "b4",
      "c3",
      "n12",
      "b5",
      "n13",
      "b6",
      "n15",
      "b7",
      "n17",
      "b8",
      "c_end",
      "n19",
      "e1"
    ],
    [
      "i1",
      "n2",
      "n3",
      "b1",
      "c1",
      "n6",
      "b2",
      "n8",
      "b3",
      "n9",
      "n10",
      "b4",
      "c3",
      "n12",
      "b5",
      "n13",
      "b6",
      "n15",
      "b7",
      "n17",
      "b8",
      "c_sup",
      "n20",
      "e2"
    ],
    [
      "i1",
      "n2",
      "n3",
      "b1",
      "c1",
      "n6",
      "b2",
      "n8",
      "b3",
      "n9",
      "n10",
      "b4",
      "c3",
      "n12",
      "b5",
      "c_sup",
      "n20",
      "e2"
    ],
    [
      "i1",
      "n2",
      "n3",
      "b1",
      "c1",
      "n6",
      "b2",
      "n8",
      "b3",
      "c3",
      "n12",
      "b5",
      "n13",
      "b6",
      "c_end",
      "n19",
      "e1"
    ],
    [
      "i1",
      "n2",
      "n3",
      "b1",
      "c1",
      "n6",
      "b2",
      "n8",
      "b3",
      "c3",
      "n12",
      "b5",
      "n13",
      "b6",
      "n15",
      "b7",
      "c_end",
      "n19",
      "e1"
    ],
    [
      "i1",
      "n2",
      "n3",
      "b1",
      "c1",
      "n6",
      "b2",
      "n8",
      "b3",
      "c3",
      "n12",
      "b5",
      "n13",
      "b6",
      "n15",
      "b7",
      "n17",
      "b8",
      "c_end",
      "n19",
      "e1"
    ],
    [
      "i1",
      "n2",
      "n3",
      "b1",
      "c1",
      "n6",
      "b2",
      "n8",
      "b3",
      "c3",
      "n12",
      "b5",
      "n13",
      "b6",
      "n15",
      "b7",
      "n17",
      "b8",
      "c_sup",
      "n20",
      "e2"
    ],
    [
      "i1",
      "n2",
      "n3",
      "b1",
      "c1",
      "n6",
      "b2",
      "n8",
      "b3",
      "c3",
      "n12",
      "b5",
      "c_sup",
      "n20",
      "e2"
    ]
  ],
  "source_text_traces": [
    [
      "i1",
      "i2",
      "i3",
      "i7",
      "i8",
      "i23",
      "i36"
    ],
    [
      "i1",
      "i2",
      "i8",
      "i23",
      "i36"
    ],
    [
      "i1",
      "i2",
      "i3",
      "i7",
      "i10",
      "i12",
      "i17",
      "i19",
      "i20"
    ],
    [
      "i1",
      "i2",
      "i10",
      "i12",
      "i17",
      "i19",
      "i20"
    ],
    [
      "i1",
      "i2",
      "i3",
      "i7",
      "i10",
      "i12",
      "i17",
      "i21",
      "i26",
      "i36"
    ],
    [
      "i1",
      "i2",
      "i10",
      "i12",
      "i17",
      "i21",
      "i26",
      "i36"
    ],
    [
      "i1",
      "i2",
      "i3",
      "i7",
      "i10",
      "i14",
      "i26",
      "i36"
    ],
    [
      "i1",
      "i2",
      "i10",
      "i14",
      "i26",
      "i36"
    ],
    [
      "i1",
      "i2",
      "i3",
      "i7",
      "i10",
      "i12",
      "i17",
      "i21",
      "i24",
      "i28"
    ],
    [
      "i1",
      "i2",
      "i10",
      "i12",
      "i17",
      "i21",
      "i24",
      "i28"
    ],
    [
      "i1",
      "i2",
      "i3",
      "i7",
      "i10",
      "i14",
      "i24",
      "i28"
    ],
    [
      "i1",
      "i2",
      "i10",
      "i14",
      "i24",
      "i28"
    ],
    [
      "i1",
      "i2",
      "i3",
      "i7",
      "i10",
      "i12",
      "i17",
      "i21",
      "i24",
      "i28",
      "i29",
      "i30",
      "i31",
      "i33"
    ],
    [
      "i1",
      "i2",
      "i10",
      "i12",
      "i17",
      "i21",
      "i24",
      "i28",
      "i29",
      "i30",
      "i31",
      "i33"
    ],
    [
      "i1",
      "i2",
      "i3",
      "i7",
      "i10",
      "i14",
      "i24",
      "i28",
      "i29",
      "i30",
      "i31",
      "i33"
    ],
    [
      "i1",
      "i2",
      "i10",
      "i14",
      "i24",
      "i28",
      "i29",
      "i30",
      "i31",
      "i33"
    ],
    [
      "i1",
      "i2",
      "i3",
      "i7",
      "i10",
      "i12",
      "i17",
      "i21",
      "i24",
      "i28",
      "i29",
      "i30",
      "i31",
      "i33",
      "i34",
      "i36"
    ],
    [
      "i1",
      "i2",
      "i10",
      "i12",
      "i17",
      "i21",
      "i24",
      "i28",
      "i29",
      "i30",
      "i31",
      "i33",
      "i34",
      "i36"
    ],
    [
      "i1",
      "i2",
      "i3",
      "i7",
      "i10",
      "i14",
      "i24",
      "i28",
      "i29",
      "i30",
      "i31",
      "i33",
      "i34",
      "i36"
    ],
    [
      "i1",
      "i2",
      "i10",
      "i14",
      "i24",
      "i28",
      "i29",
      "i30",
      "i31",
      "i33",
      "i34",
      "i36"
    ]
  ]
}