{
  "model_traces": [],
  "source_text_traces": [
    [
      "i1",
      "i2",
      "i3",
      "i4",
      "i6",
      "i7",
      "i8",
      "i9",
      "i10",
      "i11",
      "i12",
      "i14",
      "i15",
      "i16",
      "i17",
      "i18"
    ],
    [
      "i1",
      "i2",
      "i3",
      "i5",
      "i19",
      "i20",
      "i21",
      "i23",
      "i24",
      "i25",
      "i26",
      "i27"
    ],
    [
      "i1",
      "i2",
      "i3",
      "i5",
      "i19",
      "i20",
      "i22",
      "i23",
      "i24",
      "i25",
      "i26",
      "i27"
    ]
  ]
}