{
  "model_traces": [
    [
      "i1",
      "n1",
      "n2",
      "n3",
      "b2",
      "n6",
      "c1",
      "n7",
      "n8",
      "n9",
      "b3",
      "n10",
      "e2"
    ],
    [
      "i1",
      "n1",
      "n2",
      "n3",
      "b2",
      "n6",
      "c1",
      "n7",
      "n8",
      "n9",
      "b3",
      "n11",
      "e3"
    ],
    [
      "i1",
      "n1",
      "n2",
      "n3",
      "b2",
      "c1",
      "n7",
      "n8",
      "n9",
      "b3",
      "n10",
      "e2"
    ],
    [
      "i1",
      "n1",
      "n2",
      "n3",
      "b2",
      "c1",
      "n7",
      "n8",
      "n9",
      "b3",
      "n11",
      "e3"
    ]
  ],
  "source_text_traces": [
    [
      "i1",
      "i2",
      "i3",
      "i4",
      "i6",
      "i10",
      "i11",
      "i12",
      "i13"
    ],
    [
      "i1",
      "i2",
      "i3",
      "i7",
      "i10",
      "i11",
      "i12",
      "i13"
    ]
  ]
}