{
  "model_traces": [
    [
      "i1",
      "n2",
      "n3",
      "n4",
      "b1",
      "c_loop1",
      "n8",
      "n9",
      "b2",
      "e1"
    ],
    [
      "i1",
      "n2",
      "n3",
      "n4",
      "b1",
      "c_n13",
      "n13",
      "b3",
      "c1",
      "n18",
      "n19",
      "b4",
      "e2"
    ]
  ],
  "source_text_traces": [
    [
      "i1",
      "i2",
      "i3",
      "i4",
      "i6",
      "i7",
      "i8"
    ],
    [
      "i1",
      "i2",
      "i3",
      "i5",
      "i9",
      "i10",
      "i12",
      "i9"
    ],
    [
      "i1",
      "i2",
      "i3",
      "i5",
      "i9",
      "i10",
      "i12",
      "i11",
      "i13",
      "i14",
      "i15"
    ],
    [
      "i1",
      "i2",
      "i3",
      "i5",
      "i9",
      "i11",
      "i13",
      "i14",
      "i15"
    ]
  ]
}