{
  "model_traces": [
    [
      "i1",
      "n1",
      "n2",
      "n3",
      "n4",
      "n5",
      "n6",
      "n7",
      "n8",
      "n9",
      "b1",
      "n10",
      "c1",
      "n12",
      "b2",
      "n13",
      "n14",
      "n15",
      "n16",
      "n17",
      "n18",
      "n19",
      "n20",
      "b3",
      "n21",
      "c3",
      "n67",
      "e1"
    ],
    [
      "i1",
      "n1",
      "n2",
      "n3",
      "n4",
      "n5",
      "n6",
      "n7",
      "n8",
      "n9",
      "b1",
      "n10",
      "c1",
      "n12",
      "b2",
      "n13",
      "n14",
      "n15",
      "n16",
      "n17",
      "n18",
      "n19",
      "n20",
      "b3",
      "n22",
      "n23",
      "b4",
      "n24",
      "c3",
      "n67",
      "e1"
    ],
    [
      "i1",
      "n1",
      "n2",
      "n3",
      "n4",
      "n5",
      "n6",
      "n7",
      "n8",
      "n9",
      "b1",
      "n10",
      "c1",
      "n12",
      "b2",
      "n13",
      "n14",
      "n15",
      "n16",
      "n17",
      "n18",
      "n19",
      "n20",
      "b3",
      "n22",
      "n23",
      "b4",
      "n25",
      "n26",
      "b5",
      "n27",
      "c3",
      "n67",
      "e1"
    ],
    [
      "i1",
      "n1",
      "n2",
      "n3",
      "n4",
      "n5",
      "n6",
      "n7",
      "n8",
      "n9",
      "b1",
      "n10",
      "c1",
      "n12",
      "b2",
      "n13",
      "n14",
      "n15",
      "n16",
      "n17",
      "n18",
      "n19",
      "n20",
      "b3",
      "n22",
      "n23",
      "b4",
      "n25",
      "n26",
      "b5",
      "n28",
      "n29",
      "b6",
      "n30",
      "c3",
      "n67",
      "e1"
    ],
    [
      "i1",
      "n1",
      "n2",
      "n3",
      "n4",
      "n5",
      "n6",
      "n7",
      "n8",
      "n9",
      "b1",
      "n10",
      "c1",
      "n12",
      "b2",
      "n13",
      "n14",
      "n15",
      "n16",
      "n17",
      "n18",
      "n19",
      "n20",
      "b3",
      "n22",
      "n23",
      "b4",
      "n25",
      "n26",
      "b5",
      "n28",
      "n29",
      "b6",
      "n31",
      "n35",
      "c_merge_b10",
      "b10",
      "n38",
      "n39",
      "n40",
      "n41",
      "n42",
      "c2",
      "n45",
      "n46",
      "b11",
      "n47",
      "c3",
      "n67",
      "e1"
    ],
    [
      "i1",
      "n1",
      "n2",
      "n3",
      "n4",
      "n5",
      "n6",
      "n7",
      "n8",
      "n9",
      "b1",
      "n10",
      "c1",
      "n12",
      "b2",
      "n13",
      "n14",
      "n15",
      "n16",
      "n17",
      "n18",
      "n19",
      "n20",
      "b3",
      "n22",
      "n23",
      "b4",
      "n25",
      "n26",
      "b5",
      "n28",
      "n29",
      "b6",
      "n31",
      "n35",
      "c_merge_b10",
      "b10",
      "n38",
      "n39",
      "n40",
      "n41",
      "n42",
      "c2",
      "n45",
      "n46",
      "b11",
      "n48",
      "n49",
      "b12",
      "n50",
      "c3",
      "n67",
      "e1"
    ],
    [
      "i1",
      "n1",
      "n2",
      "n3",
      "n4",
      "n5",
      "n6",
      "n7",
      "n8",
      "n9",
      "b1",
      "n10",
      "c1",
      "n12",
      "b2",
      "n13",
      "n14",
      "n15",
      "n16",
      "n17",
      "n18",
      "n19",
      "n20",
      "b3",
      "n22",
      "n23",
      "b4",
      "n25",
      "n26",
      "b5",
      "n28",
      "n29",
      "b6",
      "n31",
      "n35",
      "c_merge_b10",
      "b10",
      "n38",
      "n39",
      "n40",
      "n41",
      "n42",
      "c2",
      "n45",
      "n46",
      "b11",
      "n48",
      "n49",
      "b12",
      "n51",
      "n52",
      "b13",
      "n53",
      "c3",
      "n67",
      "e1"
    ],
    [
      "i1",
      "n1",
      "n2",
      "n3",
      "n4",
      "n5",
      "n6",
      "n7",
      "n8",
      "n9",
      "b1",
      "n10",
      "c1",
      "n12",
      "b2",
      "n13",
      "n14",
      "n15",
      "n16",
      "n17",
      "n18",
      "n19",
      "n20",
      "b3",
      "n22",
      "n23",
      "b4",
      "n25",
      "n26",
      "b5",
      "n28",
      "n29",
      "b6",
      "n31",
      "n35",
      "c_merge_b10",
      "b10",
      "n38",
      "n39",
      "n40",
      "n41",
      "n42",
      "c2",
      "n45",
      "n46",
      "b11",
      "n48",
      "n49",
      "b12",
      "n51",
      "n52",
      "b13",
      "n54",
      "n55",
      "b14",
      "n56",
      "c3",
      "n67",
      "e1"
    ],
    [
      "i1",
      "n1",
      "n2",
      "n3",
      "n4",
      "n5",
      "n6",
      "n7",
      "n8",
      "n9",
      "b1",
      "n10",
      "c1",
      "n12",
      "b2",
      "n13",
      "n14",
      "n15",
      "n16",
      "n17",
      "n18",
      "n19",
      "n20",
      "b3",
      "n22",
      "n23",
      "b4",
      "n25",
      "n26",
      "b5",
      "n28",
      "n29",
      "b6",
      "n31",
      "n35",
      "c_merge_b10",
      "b10",
      "n38",
      "n39",
      "n40",
      "n41",
      "n42",
      "c2",
      "n45",
      "n46",
      "b11",
      "n48",
      "n49",
      "b12",
      "n51",
      "n52",
      "b13",
      "n54",
      "n55",
      "b14",
      "n57",
      "n58",
      "b15",
      "n59",
      "c3",
      "n67",
      "e1"
    ],
    [
      "i1",
      "n1",
      "n2",
      "n3",
      "n4",
      "n5",
      "n6",
      "n7",
      "n8",
      "n9",
      "b1",
      "n10",
      "c1",
      "n12",
      "b2",
      "n13",
      "n14",
      "n15",
      "n16",
      "n17",
      "n18",
      "n19",
      "n20",
      "b3",
      "n22",
      "n23",
      "b4",
      "n25",
      "n26",
      "b5",
      "n28",
      "n29",
      "b6",
      "n31",
      "n35",
      "c_merge_b10",
      "b10",
      "n38",
      "n39",
      "n40",
      "n41",
      "n42",
      "c2",
      "n45",
      "n46",
      "b11",
      "n48",
      "n49",
      "b12",
      "n51",
      "n52",
      "b13",
      "n54",
      "n55",
      "b14",
      "n57",
      "n58",
      "b15",
      "n64",
      "n65",
      "b18",
      "n66",
      "c3",
      "n67",
      "e1"
    ],
    [
      "i1",
      "n1",
      "n2",
      "n3",
      "n4",
      "n5",
      "n6",
      "n7",
      "n8",
      "n9",
      "b1",
      "n10",
      "c1",
      "n12",
      "b2",
      "n13",
      "n14",
      "n15",
      "n16",
      "n17",
      "n18",
      "n19",
      "n20",
      "b3",
      "n22",
      "n23",
      "b4",
      "n25",
      "n26",
      "b5",
      "n28",
      "n29",
      "b6",
      "n31",
      "n35",
      "c_merge_b10",
      "b10",
      "n38",
      "n39",
      "n40",
      "n41",
      "n42",
      "c2",
      "n45",
      "n46",
      "b11",
      "n48",
      "n49",
      "b12",
      "n51",
      "n52",
      "b13",
      "n54",
      "n55",
      "b14",
      "n57",
      "n58",
      "b15",
      "n64",
      "n65",
      "b18",
      "c3",
      "n67",
      "e1"
    ],
    [
      "i1",
      "n1",
      "n2",
      "n3",
      "n4",
      "n5",
      "n6",
      "n7",
      "n8",
      "n9",
      "b1",
      "n10",
      "c1",
      "n12",
      "b2",
      "n13",
      "n14",
      "n15",
      "n16",
      "n17",
      "n18",
      "n19",
      "n20",
      "b3",
      "n22",
      "n23",
      "b4",
      "n25",
      "n26",
      "b5",
      "n28",
      "n29",
      "b6",
      "n31",
      "n35",
      "c_merge_b10",
      "b10",
      "n43",
      "n44",
      "c2",
      "n45",
      "n46",
      "b11",
      "n47",
      "c3",
      "n67",
      "e1"
    ],
    [
      "i1",
      "n1",
      "n2",
      "n3",
      "n4",
      "n5",
      "n6",
      "n7",
      "n8",
      "n9",
      "b1",
      "n10",
      "c1",
      "n12",
      "b2",
      "n13",
      "n14",
      "n15",
      "n16",
      "n17",
      "n18",
      "n19",
      "n20",
      "b3",
      "n22",
      "n23",
      "b4",
      "n25",
      "n26",
      "b5",
      "n28",
      "n29",
      "b6",
      "n31",
      "n35",
      "c_merge_b10",
      "b10",
      "n43",
      "n44",
      "c2",
      "n45",
      "n46",
      "b11",
      "n48",
      "n49",
      "b12",
      "n50",
      "c3",
      "n67",
      "e1"
    ],
    [
      "i1",
      "n1",
      "n2",
      "n3",
      "n4",
      "n5",
      "n6",
      "n7",
      "n8",
      "n9",
      "b1",
      "n10",
      "c1",
      "n12",
      "b2",
      "n13",
      "n14",
      "n15",
      "n16",
      "n17",
      "n18",
      "n19",
      "n20",
      "b3",
      "n22",
      "n23",
      "b4",
      "n25",
      "n26",
      "b5",
      "n28",
      "n29",
      "b6",
      "n31",
      "n35",
      "c_merge_b10",
      "b10",
      "n43",
      "n44",
      "c2",
      "n45",
      "n46",
      "b11",
      "n48",
      "n49",
      "b12",
      "n51",
      "n52",
      "b13",
      "n53",
      "c3",
      "n67",
      "e1"
    ],
    [
      "i1",
      "n1",
      "n2",
      "n3",
      "n4",
      "n5",
      "n6",
      "n7",
      "n8",
      "n9",
      "b1",
      "n10",
      "c1",
      "n12",
      "b2",
      "n13",
      "n14",
      "n15",
      "n16",
      "n17",
      "n18",
      "n19",
      "n20",
      "b3",
      "n22",
      "n23",
      "b4",
      "n25",
      "n26",
      "b5",
      "n28",
      "n29",
      "b6",
      "n31",
      "n35",
      "c_merge_b10",
      "b10",
      "n43",
      "n44",
      "c2",
      "n45",
      "n46",
      "b11",
      "n48",
      "n49",
      "b12",
      "n51",
      "n52",
      "b13",
      "n54",
      "n55",
      "b14",
      "n56",
      "c3",
      "n67",
      "e1"
    ],
    [
      "i1",
      "n1",
      "n2",
      "n3",
      "n4",
      "n5",
      "n6",
      "n7",
      "n8",
      "n9",
      "b1",
      "n10",
      "c1",
      "n12",
      "b2",
      "n13",
      "n14",
      "n15",
      "n16",
      "n17",
      "n18",
      "n19",
      "n20",
      "b3",
      "n22",
      "n23",
      "b4",
      "n25",
      "n26",
      "b5",
      "n28",
      "n29",
      "b6",
      "n31",
      "n35",
      "c_merge_b10",
      "b10",
      "n43",
      "n44",
      "c2",
      "n45",
      "n46",
      "b11",
      "n48",
      "n49",
      "b12",
      "n51",
      "n52",
      "b13",
      "n54",
      "n55",
      "b14",
      "n57",
      "n58",
      "b15",
      "n59",
      "c3",
      "n67",
      "e1"
    ],
    [
      "i1",
      "n1",
      "n2",
      "n3",
      "n4",
      "n5",
      "n6",
      "n7",
      "n8",
      "n9",
      "b1",
      "n10",
      "c1",
      "n12",
      "b2",
      "n13",
      "n14",
      "n15",
      "n16",
      "n17",
      "n18",
      "n19",
      "n20",
      "b3",
      "n22",
      "n23",
      "b4",
      "n25",
      "n26",
      "b5",
      "n28",
      "n29",
      "b6",
      "n31",
      "n35",
      "c_merge_b10",
      "b10",
      "n43",
      "n44",
      "c2",
      "n45",
      "n46",
      "b11",
      "n48",
      "n49",
      "b12",
      "n51",
      "n52",
      "b13",
      "n54",
      "n55",
      "b14",
      "n57",
      "n58",
      "b15",
      "n64",
      "n65",
      "b18",
      "n66",
      "c3",
      "n67",
      "e1"
    ],
    [
      "i1",
      "n1",
      "n2",
      "n3",
      "n4",
      "n5",
      "n6",
      "n7",
      "n8",
      "n9",
      "b1",
      "n10",
      "c1",
      "n12",
      "b2",
      "n13",
      "n14",
      "n15",
      "n16",
      "n17",
      "n18",
      "n19",
      "n20",
      "b3",
      "n22",
      "n23",
      "b4",
      "n25",
      "n26",
      "b5",
      "n28",
      "n29",
      "b6",
      "n31",
      "n35",
      "c_merge_b10",
      "b10",
      "n43",
      "n44",
      "c2",
      "n45",
      "n46",
      "b11",
      "n48",
      "n49",
      "b12",
      "n51",
      "n52",
      "b13",
      "n54",
      "n55",
      "b14",
      "n57",
      "n58",
      "b15",
      "n64",
      "n65",
      "b18",
      "c3",
      "n67",
      "e1"
    ],
    [
      "i1",
      "n1",
      "n2",
      "n3",
      "n4",
      "n5",
      "n6",
      "n7",
      "n8",
      "n9",
      "b1",
      "n10",
      "c1",
      "n12",
      "b2",
      "n37",
      "c_merge_b10",
      "b10",
      "n38",
      "n39",
      "n40",
      "n41",
      "n42",
      "c2",
      "n45",
      "n46",
      "b11",
      "n47",
      "c3",
      "n67",
      "e1"
    ],
    [
      "i1",
      "n1",
      "n2",
      "n3",
      "n4",
      "n5",
      "n6",
      "n7",
      "n8",
      "n9",
      "b1",
      "n10",
      "c1",
      "n12",
      "b2",
      "n37",
      "c_merge_b10",
      "b10",
      "n38",
      "n39",
      "n40",
      "n41",
      "n42",
      "c2",
      "n45",
      "n46",
      "b11",
      "n48",
      "n49",
      "b12",
      "n50",
      "c3",
      "n67",
      "e1"
    ],
    [
      "i1",
      "n1",
      "n2",
      "n3",
      "n4",
      "n5",
      "n6",
      "n7",
      "n8",
      "n9",
      "b1",
      "n10",
      "c1",
      "n12",
      "b2",
      "n37",
      "c_merge_b10",
      "b10",
      "n38",
      "n39",
      "n40",
      "n41",
      "n42",
      "c2",
      "n45",
      "n46",
      "b11",
      "n48",
      "n49",
      "b12",
      "n51",
      "n52",
      "b13",
      "n53",
      "c3",
      "n67",
      "e1"
    ],
    [
      "i1",
      "n1",
      "n2",
      "n3",
      "n4",
      "n5",
      "n6",
      "n7",
      "n8",
      "n9",
      "b1",
      "n10",
      "c1",
      "n12",
      "b2",
      "n37",
      "c_merge_b10",
      "b10",
      "n38",
      "n39",
      "n40",
      "n41",
      "n42",
      "c2",
      "n45",
      "n46",
      "b11",
      "n48",
      "n49",
      "b12",
      "n51",
      "n52",
      "b13",
      "n54",
      "n55",
      "b14",
      "n56",
      "c3",
      "n67",
      "e1"
    ],
    [
      "i1",
      "n1",
      "n2",
      "n3",
      "n4",
      "n5",
      "n6",
      "n7",
      "n8",
      "n9",
      "b1",
      "n10",
      "c1",
      "n12",
      "b2",
      "n37",
      "c_merge_b10",
      "b10",
      "n38",
      "n39",
      "n40",
      "n41",
      "n42",
      "c2",
      "n45",
      "n46",
      "b11",
      "n48",
      "n49",
      "b12",
      "n51",
      "n52",
      "b13",
      "n54",
      "n55",
      "b14",
      "n57",
      "n58",
      "b15",
      "n59",
      "c3",
      "n67",
      "e1"
    ],
    [
      "i1",
      "n1",
      "n2",
      "n3",
      "n4",
      "n5",
      "n6",
      "n7",
      "n8",
      "n9",
      "b1",
      "n10",
      "c1",
      "n12",
      "b2",
      "n37",
      "c_merge_b10",
      "b10",
      "n38",
      "n39",
      "n40",
      "n41",
      "n42",
      "c2",
      "n45",
      "n46",
      "b11",
      "n48",
      "n49",
      "b12",
      "n51",
      "n52",
      "b13",
      "n54",
      "n55",
      "b14",
      "n57",
      "n58",
      "b15",
      "n64",
      "n65",
      "b18",
      "n66",
      "c3",
      "n67",
      "e1"
    ],
    [
      "i1",
      "n1",
      "n2",
      "n3",
      "n4",
      "n5",
      "n6",
      "n7",
      "n8",
      "n9",
      "b1",
      "n10",
      "c1",
      "n12",
      "b2",
      "n37",
      "c_merge_b10",
      "b10",
      "n38",
      "n39",
      "n40",
      "n41",
      "n42",
      "c2",
      "n45",
      "n46",
      "b11",
      "n48",
      "n49",
      "b12",
      "n51",
      "n52",
      "b13",
      "n54",
      "n55",
      "b14",
      "n57",
      "n58",
      "b15",
      "n64",
      "n65",
      "b18",
      "c3",
      "n67",
      "e1"
    ],
    [
      "i1",
      "n1",
      "n2",
      "n3",
      "n4",
      "n5",
      "n6",
      "n7",
      "n8",
      "n9",
      "b1",
      "n10",
      "c1",
      "n12",
      "b2",
      "n37",
      "c_merge_b10",
      "b10",
      "n43",
      "n44",
      "c2",
      "n45",
      "n46",
      "b11",
      "n47",
      "c3",
      "n67",
      "e1"
    ],
    [
      "i1",
      "n1",
      "n2",
      "n3",
      "n4",
      "n5",
      "n6",
      "n7",
      "n8",
      "n9",
      "b1",
      "n10",
      "c1",
      "n12",
      "b2",
      "n37",
      "c_merge_b10",
      "b10",
      "n43",
      "n44",
      "c2",
      "n45",
      "n46",
      "b11",
      "n48",
      "n49",
      "b12",
      "n50",
      "c3",
      "n67",
      "e1"
    ],
    [
      "i1",
      "n1",
      "n2",
      "n3",
      "n4",
      "n5",
      "n6",
      "n7",
      "n8",
      "n9",
      "b1",
      "n10",
      "c1",
      "n12",
      "b2",
      "n37",
      "c_merge_b10",
      "b10",
      "n43",
      "n44",
      "c2",
      "n45",
      "n46",
      "b11",
      "n48",
      "n49",
      "b12",
      "n51",
      "n52",
      "b13",
      "n53",
      "c3",
      "n67",
      "e1"
    ],
    [
      "i1",
      "n1",
      "n2",
      "n3",
      "n4",
      "n5",
      "n6",
      "n7",
      "n8",
      "n9",
      "b1",
      "n10",
      "c1",
      "n12",
      "b2",
      "n37",
      "c_merge_b10",
      "b10",
      "n43",
      "n44",
      "c2",
      "n45",
      "n46",
      "b11",
      "n48",
      "n49",
      "b12",
      "n51",
      "n52",
      "b13",
      "n54",
      "n55",
      "b14",
      "n56",
      "c3",
      "n67",
      "e1"
    ],
    [
      "i1",
      "n1",
      "n2",
      "n3",
      "n4",
      "n5",
      "n6",
      "n7",
      "n8",
      "n9",
      "b1",
      "n10",
      "c1",
      "n12",
      "b2",
      "n37",
      "c_merge_b10",
      "b10",
      "n43",
      "n44",
      "c2",
      "n45",
      "n46",
      "b11",
      "n48",
      "n49",
      "b12",
      "n51",
      "n52",
      "b13",
      "n54",
      "n55",
      "b14",
      "n57",
      "n58",
      "b15",
      "n59",
      "c3",
      "n67",
      "e1"
    ],
    [
      "i1",
      "n1",
      "n2",
      "n3",
      "n4",
      "n5",
      "n6",
      "n7",
      "n8",
      "n9",
      "b1",
      "n10",
      "c1",
      "n12",
      "b2",
      "n37",
      "c_merge_b10",
      "b10",
      "n43",
      "n44",
      "c2",
      "n45",
      "n46",
      "b11",
      "n48",
      "n49",
      "b12",
      "n51",
      "n52",
      "b13",
      "n54",
      "n55",
      "b14",
      "n57",
      "n58",
      "b15",
      "n64",
      "n65",
      "b18",
      "n66",
      "c3",
      "n67",
      "e1"
    ],
    [
      "i1",
      "n1",
      "n2",
      "n3",
      "n4",
      "n5",
      "n6",
      "n7",
      "n8",
      "n9",
      "b1",
      "n10",
      "c1",
      "n12",
      "b2",
      "n37",
      "c_merge_b10",
      "b10",
      "n43",
      "n44",
      "c2",
      "n45",
      "n46",
      "b11",
      "n48",
      "n49",
      "b12",
      "n51",
      "n52",
      "b13",
      "n54",
      "n55",
      "b14",
      "n57",
      "n58",
      "b15",
      "n64",
      "n65",
      "b18",
      "c3",
      "n67",
      "e1"
    ],
    [
      "i1",
      "n1",
      "n2",
      "n3",
      "n4",
      "n5",
      "n6",
      "n7",
      "n8",
      "n9",
      "b1",
      "n11",
      "c1",
      "n12",
      "b2",
      "n13",
      "n14",
      "n15",
      "n16",
      "n17",
      "n18",
      "n19",
      "n20",
      "b3",
      "n21",
      "c3",
      "n67",
      "e1"
    ],
    [
      "i1",
      "n1",
      "n2",
      "n3",
      "n4",
      "n5",
      "n6",
      "n7",
      "n8",
      "n9",
      "b1",
      "n11",
      "c1",
      "n12",
      "b2",
      "n13",
      "n14",
      "n15",
      "n16",
      "n17",
      "n18",
      "n19",
      "n20",
      "b3",
      "n22",
      "n23",
      "b4",
      "n24",
      "c3",
      "n67",
      "e1"
    ],
    [
      "i1",
      "n1",
      "n2",
      "n3",
      "n4",
      "n5",
      "n6",
      "n7",
      "n8",
      "n9",
      "b1",
      "n11",
      "c1",
      "n12",
      "b2",
      "n13",
      "n14",
      "n15",
      "n16",
      "n17",
      "n18",
      "n19",
      "n20",
      "b3",
      "n22",
      "n23",
      "b4",
      "n25",
      "n26",
      "b5",
      "n27",
      "c3",
      "n67",
      "e1"
    ],
    [
      "i1",
      "n1",
      "n2",
      "n3",
      "n4",
      "n5",
      "n6",
      "n7",
      "n8",
      "n9",
      "b1",
      "n11",
      "c1",
      "n12",
      "b2",
      "n13",
      "n14",
      "n15",
      "n16",
      "n17",
      "n18",
      "n19",
      "n20",
      "b3",
      "n22",
      "n23",
      "b4",
      "n25",
      "n26",
      "b5",
      "n28",
      "n29",
      "b6",
      "n30",
      "c3",
      "n67",
      "e1"
    ],
    [
      "i1",
      "n1",
      "n2",
      "n3",
      "n4",
      "n5",
      "n6",
      "n7",
      "n8",
      "n9",
      "b1",
      "n11",
      "c1",
      "n12",
      "b2",
      "n13",
      "n14",
      "n15",
      "n16",
      "n17",
      "n18",
      "n19",
      "n20",
      "b3",
      "n22",
      "n23",
      "b4",
      "n25",
      "n26",
      "b5",
      "n28",
      "n29",
      "b6",
      "n31",
      "n35",
      "c_merge_b10",
      "b10",
      "n38",
      "n39",
      "n40",
      "n41",
      "n42",
      "c2",
      "n45",
      "n46",
      "b11",
      "n47",
      "c3",
      "n67",
      "e1"
    ],
    [
      "i1",
      "n1",
      "n2",
      "n3",
      "n4",
      "n5",
      "n6",
      "n7",
      "n8",
      "n9",
      "b1",
      "n11",
      "c1",
      "n12",
      "b2",
      "n13",
      "n14",
      "n15",
      "n16",
      "n17",
      "n18",
      "n19",
      "n20",
      "b3",
      "n22",
      "n23",
      "b4",
      "n25",
      "n26",
      "b5",
      "n28",
      "n29",
      "b6",
      "n31",
      "n35",
      "c_merge_b10",
      "b10",
      "n38",
      "n39",
      "n40",
      "n41",
      "n42",
      "c2",
      "n45",
      "n46",
      "b11",
      "n48",
      "n49",
      "b12",
      "n50",
      "c3",
      "n67",
      "e1"
    ],
    [
      "i1",
      "n1",
      "n2",
      "n3",
      "n4",
      "n5",
      "n6",
      "n7",
      "n8",
      "n9",
      "b1",
      "n11",
      "c1",
      "n12",
      "b2",
      "n13",
      "n14",
      "n15",
      "n16",
      "n17",
      "n18",
      "n19",
      "n20",
      "b3",
      "n22",
      "n23",
      "b4",
      "n25",
      "n26",
      "b5",
      "n28",
      "n29",
      "b6",
      "n31",
      "n35",
      "c_merge_b10",
      "b10",
      "n38",
      "n39",
      "n40",
      "n41",
      "n42",
      "c2",
      "n45",
      "n46",
      "b11",
      "n48",
      "n49",
      "b12",
      "n51",
      "n52",
      "b13",
      "n53",
      "c3",
      "n67",
      "e1"
    ],
    [
      "i1",
      "n1",
      "n2",
      "n3",
      "n4",
      "n5",
      "n6",
      "n7",
      "n8",
      "n9",
      "b1",
      "n11",
      "c1",
      "n12",
      "b2",
      "n13",
      "n14",
      "n15",
      "n16",
      "n17",
      "n18",
      "n19",
      "n20",
      "b3",
      "n22",
      "n23",
      "b4",
      "n25",
      "n26",
      "b5",
      "n28",
      "n29",
      "b6",
      "n31",
      "n35",
      "c_merge_b10",
      "b10",
      "n38",
      "n39",
      "n40",
      "n41",
      "n42",
      "c2",
      "n45",
      "n46",
      "b11",
      "n48",
      "n49",
      "b12",
      "n51",
      "n52",
      "b13",
      "n54",
      "n55",
      "b14",
      "n56",
      "c3",
      "n67",
      "e1"
    ],
    [
      "i1",
      "n1",
      "n2",
      "n3",
      "n4",
      "n5",
      "n6",
      "n7",
      "n8",
      "n9",
      "b1",
      "n11",
      "c1",
      "n12",
      "b2",
      "n13",
      "n14",
      "n15",
      "n16",
      "n17",
      "n18",
      "n19",
      "n20",
      "b3",
      "n22",
      "n23",
      "b4",
      "n25",
      "n26",
      "b5",
      "n28",
      "n29",
      "b6",
      "n31",
      "n35",
      "c_merge_b10",
      "b10",
      "n38",
      "n39",
      "n40",
      "n41",
      "n42",
      "c2",
      "n45",
      "n46",
      "b11",
      "n48",
      "n49",
      "b12",
      "n51",
      "n52",
      "b13",
      "n54",
      "n55",
      "b14",
      "n57",
      "n58",
      "b15",
      "n59",
      "c3",
      "n67",
      "e1"
    ],
    [
      "i1",
      "n1",
      "n2",
      "n3",
      "n4",
      "n5",
      "n6",
      "n7",
      "n8",
      "n9",
      "b1",
      "n11",
      "c1",
      "n12",
      "b2",
      "n13",
      "n14",
      "n15",
      "n16",
      "n17",
      "n18",
      "n19",
      "n20",
      "b3",
      "n22",
      "n23",
      "b4",
      "n25",
      "n26",
      "b5",
      "n28",
      "n29",
      "b6",
      "n31",
      "n35",
      "c_merge_b10",
      "b10",
      "n38",
      "n39",
      "n40",
      "n41",
      "n42",
      "c2",
      "n45",
      "n46",
      "b11",
      "n48",
      "n49",
      "b12",
      "n51",
      "n52",
      "b13",
      "n54",
      "n55",
      "b14",
      "n57",
      "n58",
      "b15",
      "n64",
      "n65",
      "b18",
      "n66",
      "c3",
      "n67",
      "e1"
    ],
    [
      "i1",
      "n1",
      "n2",
      "n3",
      "n4",
      "n5",
      "n6",
      "n7",
      "n8",
      "n9",
      "b1",
      "n11",
      "c1",
      "n12",
      "b2",
      "n13",
      "n14",
      "n15",
      "n16",
      "n17",
      "n18",
      "n19",
      "n20",
      "b3",
      "n22",
      "n23",
      "b4",
      "n25",
      "n26",
      "b5",
      "n28",
      "n29",
      "b6",
      "n31",
      "n35",
      "c_merge_b10",
      "b10",
      "n38",
      "n39",
      "n40",
      "n41",
      "n42",
      "c2",
      "n45",
      "n46",
      "b11",
      "n48",
      "n49",
      "b12",
      "n51",
      "n52",
      "b13",
      "n54",
      "n55",
      "b14",
      "n57",
      "n58",
      "b15",
      "n64",
      "n65",
      "b18",
      "c3",
      "n67",
      "e1"
    ],
    [
      "i1",
      "n1",
      "n2",
      "n3",
      "n4",
      "n5",
      "n6",
      "n7",
      "n8",
      "n9",
      "b1",
      "n11",
      "c1",
      "n12",
      "b2",
      "n13",
      "n14",
      "n15",
      "n16",
      "n17",
      "n18",
      "n19",
      "n20",
      "b3",
      "n22",
      "n23",
      "b4",
      "n25",
      "n26",
      "b5",
      "n28",
      "n29",
      "b6",
      "n31",
      "n35",
      "c_merge_b10",
      "b10",
      "n43",
      "n44",
      "c2",
      "n45",
      "n46",
      "b11",
      "n47",
      "c3",
      "n67",
      "e1"
    ],
    [
      "i1",
      "n1",
      "n2",
      "n3",
      "n4",
      "n5",
      "n6",
      "n7",
      "n8",
      "n9",
      "b1",
      "n11",
      "c1",
      "n12",
      "b2",
      "n13",
      "n14",
      "n15",
      "n16",
      "n17",
      "n18",
      "n19",
      "n20",
      "b3",
      "n22",
      "n23",
      "b4",
      "n25",
      "n26",
      "b5",
      "n28",
      "n29",
      "b6",
      "n31",
      "n35",
      "c_merge_b10",
      "b10",
      "n43",
      "n44",
      "c2",
      "n45",
      "n46",
      "b11",
      "n48",
      "n49",
      "b12",
      "n50",
      "c3",
      "n67",
      "e1"
    ],
    [
      "i1",
      "n1",
      "n2",
      "n3",
      "n4",
      "n5",
      "n6",
      "n7",
      "n8",
      "n9",
      "b1",
      "n11",
      "c1",
      "n12",
      "b2",
      "n13",
      "n14",
      "n15",
      "n16",
      "n17",
      "n18",
      "n19",
      "n20",
      "b3",
      "n22",
      "n23",
      "b4",
      "n25",
      "n26",
      "b5",
      "n28",
      "n29",
      "b6",
      "n31",
      "n35",
      "c_merge_b10",
      "b10",
      "n43",
      "n44",
      "c2",
      "n45",
      "n46",
      "b11",
      "n48",
      "n49",
      "b12",
      "n51",
      "n52",
      "b13",
      "n53",
      "c3",
      "n67",
      "e1"
    ],
    [
      "i1",
      "n1",
      "n2",
      "n3",
      "n4",
      "n5",
      "n6",
      "n7",
      "n8",
      "n9",
      "b1",
      "n11",
      "c1",
      "n12",
      "b2",
      "n13",
      "n14",
      "n15",
      "n16",
      "n17",
      "n18",
      "n19",
      "n20",
      "b3",
      "n22",
      "n23",
      "b4",
      "n25",
      "n26",
      "b5",
      "n28",
      "n29",
      "b6",
      "n31",
      "n35",
      "c_merge_b10",
      "b10",
      "n43",
      "n44",
      "c2",
      "n45",
      "n46",
      "b11",
      "n48",
      "n49",
      "b12",
      "n51",
      "n52",
      "b13",
      "n54",
      "n55",
      "b14",
      "n56",
      "c3",
      "n67",
      "e1"
    ],
    [
      "i1",
      "n1",
      "n2",
      "n3",
      "n4",
      "n5",
      "n6",
      "n7",
      "n8",
      "n9",
      "b1",
      "n11",
      "c1",
      "n12",
      "b2",
      "n13",
      "n14",
      "n15",
      "n16",
      "n17",
      "n18",
      "n19",
      "n20",
      "b3",
      "n22",
      "n23",
      "b4",
      "n25",
      "n26",
      "b5",
      "n28",
      "n29",
      "b6",
      "n31",
      "n35",
      "c_merge_b10",
      "b10",
      "n43",
      "n44",
      "c2",
      "n45",
      "n46",
      "b11",
      "n48",
      "n49",
      "b12",
      "n51",
      "n52",
      "b13",
      "n54",
      "n55",
      "b14",
      "n57",
      "n58",
      "b15",
      "n59",
      "c3",
      "n67",
      "e1"
    ],
    [
      "i1",
      "n1",
      "n2",
      "n3",
      "n4",
      "n5",
      "n6",
      "n7",
      "n8",
      "n9",
      "b1",
      "n11",
      "c1",
      "n12",
      "b2",
      "n13",
      "n14",
      "n15",
      "n16",
      "n17",
      "n18",
      "n19",
      "n20",
      "b3",
      "n22",
      "n23",
      "b4",
      "n25",
      "n26",
      "b5",
      "n28",
      "n29",
      "b6",
      "n31",
      "n35",
      "c_merge_b10",
      "b10",
      "n43",
      "n44",
      "c2",
      "n45",
      "n46",
      "b11",
      "n48",
      "n49",
      "b12",
      "n51",
      "n52",
      "b13",
      "n54",
      "n55",
      "b14",
      "n57",
      "n58",
      "b15",
      "n64",
      "n65",
      "b18",
      "n66",
      "c3",
      "n67",
      "e1"
    ],
    [
      "i1",
      "n1",
      "n2",
      "n3",
      "n4",
      "n5",
      "n6",
      "n7",
      "n8",
      "n9",
      "b1",
      "n11",
      "c1",
      "n12",
      "b2",
      "n13",
      "n14",
      "n15",
      "n16",
      "n17",
      "n18",
      "n19",
      "n20",
      "b3",
      "n22",
      "n23",
      "b4",
      "n25",
      "n26",
      "b5",
      "n28",
      "n29",
      "b6",
      "n31",
      "n35",
      "c_merge_b10",
      "b10",
      "n43",
      "n44",
      "c2",
      "n45",
      "n46",
      "b11",
      "n48",
      "n49",
      "b12",
      "n51",
      "n52",
      "b13",
      "n54",
      "n55",
      "b14",
      "n57",
      "n58",
      "b15",
      "n64",
      "n65",
      "b18",
      "c3",
      "n67",
      "e1"
    ],
    [
      "i1",
      "n1",
      "n2",
      "n3",
      "n4",
      "n5",
      "n6",
      "n7",
      "n8",
      "n9",
      "b1",
      "n11",
      "c1",
      "n12",
      "b2",
      "n37",
      "c_merge_b10",
      "b10",
      "n38",
      "n39",
      "n40",
      "n41",
      "n42",
      "c2",
      "n45",
      "n46",
      "b11",
      "n47",
      "c3",
      "n67",
      "e1"
    ],
    [
      "i1",
      "n1",
      "n2",
      "n3",
      "n4",
      "n5",
      "n6",
      "n7",
      "n8",
      "n9",
      "b1",
      "n11",
      "c1",
      "n12",
      "b2",
      "n37",
      "c_merge_b10",
      "b10",
      "n38",
      "n39",
      "n40",
      "n41",
      "n42",
      "c2",
      "n45",
      "n46",
      "b11",
      "n48",
      "n49",
      "b12",
      "n50",
      "c3",
      "n67",
      "e1"
    ],
    [
      "i1",
      "n1",
      "n2",
      "n3",
      "n4",
      "n5",
      "n6",
      "n7",
      "n8",
      "n9",
      "b1",
      "n11",
      "c1",
      "n12",
      "b2",
      "n37",
      "c_merge_b10",
      "b10",
      "n38",
      "n39",
      "n40",
      "n41",
      "n42",
      "c2",
      "n45",
      "n46",
      "b11",
      "n48",
      "n49",
      "b12",
      "n51",
      "n52",
      "b13",
      "n53",
      "c3",
      "n67",
      "e1"
    ],
    [
      "i1",
      "n1",
      "n2",
      "n3",
      "n4",
      "n5",
      "n6",
      "n7",
      "n8",
      "n9",
      "b1",
      "n11",
      "c1",
      "n12",
      "b2",
      "n37",
      "c_merge_b10",
      "b10",
      "n38",
      "n39",
      "n40",
      "n41",
      "n42",
      "c2",
      "n45",
      "n46",
      "b11",
      "n48",
      "n49",
      "b12",
      "n51",
      "n52",
      "b13",
      "n54",
      "n55",
      "b14",
      "n56",
      "c3",
      "n67",
      "e1"
    ],
    [
      "i1",
      "n1",
      "n2",
      "n3",
      "n4",
      "n5",
      "n6",
      "n7",
      "n8",
      "n9",
      "b1",
      "n11",
      "c1",
      "n12",
      "b2",
      "n37",
      "c_merge_b10",
      "b10",
      "n38",
      "n39",
      "n40",
      "n41",
      "n42",
      "c2",
      "n45",
      "n46",
      "b11",
      "n48",
      "n49",
      "b12",
      "n51",
      "n52",
      "b13",
      "n54",
      "n55",
      "b14",
      "n57",
      "n58",
      "b15",
      "n59",
      "c3",
      "n67",
      "e1"
    ],
    [
      "i1",
      "n1",
      "n2",
      "n3",
      "n4",
      "n5",
      "n6",
      "n7",
      "n8",
      "n9",
      "b1",
      "n11",
      "c1",
      "n12",
      "b2",
      "n37",
      "c_merge_b10",
      "b10",
      "n38",
      "n39",
      "n40",
      "n41",
      "n42",
      "c2",
      "n45",
      "n46",
      "b11",
      "n48",
      "n49",
      "b12",
      "n51",
      "n52",
      "b13",
      "n54",
      "n55",
      "b14",
      "n57",
      "n58",
      "b15",
      "n64",
      "n65",
      "b18",
      "n66",
      "c3",
      "n67",
      "e1"
    ],
    [
      "i1",
      "n1",
      "n2",
      "n3",
      "n4",
      "n5",
      "n6",
      "n7",
      "n8",
      "n9",
      "b1",
      "n11",
      "c1",
      "n12",
      "b2",
      "n37",
      "c_merge_b10",
      "b10",
      "n38",
      "n39",
      "n40",
      "n41",
      "n42",
      "c2",
      "n45",
      "n46",
      "b11",
      "n48",
      "n49",
      "b12",
      "n51",
      "n52",
      "b13",
      "n54",
      "n55",
      "b14",
      "n57",
      "n58",
      "b15",
      "n64",
      "n65",
      "b18",
      "c3",
      "n67",
      "e1"
    ],
    [
      "i1",
      "n1",
      "n2",
      "n3",
      "n4",
      "n5",
      "n6",
      "n7",
      "n8",
      "n9",
      "b1",
      "n11",
      "c1",
      "n12",
      "b2",
      "n37",
      "c_merge_b10",
      "b10",
      "n43",
      "n44",
      "c2",
      "n45",
      "n46",
      "b11",
      "n47",
      "c3",
      "n67",
      "e1"
    ],
    [
      "i1",
      "n1",
      "n2",
      "n3",
      "n4",
      "n5",
      "n6",
      "n7",
      "n8",
      "n9",
      "b1",
      "n11",
      "c1",
      "n12",
      "b2",
      "n37",
      "c_merge_b10",
      "b10",
      "n43",
      "n44",
      "c2",
      "n45",
      "n46",
      "b11",
      "n48",
      "n49",
      "b12",
      "n50",
      "c3",
      "n67",
      "e1"
    ],
    [
      "i1",
      "n1",
      "n2",
      "n3",
      "n4",
      "n5",
      "n6",
      "n7",
      "n8",
      "n9",
      "b1",
      "n11",
      "c1",
      "n12",
      "b2",
      "n37",
      "c_merge_b10",
      "b10",
      "n43",
      "n44",
      "c2",
      "n45",
      "n46",
      "b11",
      "n48",
      "n49",
      "b12",
      "n51",
      "n52",
      "b13",
      "n53",
      "c3",
      "n67",
      "e1"
    ],
    [
      "i1",
      "n1",
      "n2",
      "n3",
      "n4",
      "n5",
      "n6",
      "n7",
      "n8",
      "n9",
      "b1",
      "n11",
      "c1",
      "n12",
      "b2",
      "n37",
      "c_merge_b10",
      "b10",
      "n43",
      "n44",
      "c2",
      "n45",
      "n46",
      "b11",
      "n48",
      "n49",
      "b12",
      "n51",
      "n52",
      "b13",
      "n54",
      "n55",
      "b14",
      "n56",
      "c3",
      "n67",
      "e1"
    ],
    [
      "i1",
      "n1",
      "n2",
      "n3",
      "n4",
      "n5",
      "n6",
      "n7",
      "n8",
      "n9",
      "b1",
      "n11",
      "c1",
      "n12",
      "b2",
      "n37",
      "c_merge_b10",
      "b10",
      "n43",
      "n44",
      "c2",
      "n45",
      "n46",
      "b11",
      "n48",
      "n49",
      "b12",
      "n51",
      "n52",
      "b13",
      "n54",
      "n55",
      "b14",
      "n57",
      "n58",
      "b15",
      "n59",
      "c3",
      "n67",
      "e1"
    ],
    [
      "i1",
      "n1",
      "n2",
      "n3",
      "n4",
      "n5",
      "n6",
      "n7",
      "n8",
      "n9",
      "b1",
      "n11",
      "c1",
      "n12",
      "b2",
      "n37",
      "c_merge_b10",
      "b10",
      "n43",
      "n44",
      "c2",
      "n45",
      "n46",
      "b11",
      "n48",
      "n49",
      "b12",
      "n51",
      "n52",
      "b13",
      "n54",
      "n55",
      "b14",
      "n57",
      "n58",
      "b15",
      "n64",
      "n65",
      "b18",
      "n66",
      "c3",
      "n67",
      "e1"
    ],
    [
      "i1",
      "n1",
      "n2",
      "n3",
      "n4",
      "n5",
      "n6",
      "n7",
      "n8",
      "n9",
      "b1",
      "n11",
      "c1",
      "n12",
      "b2",
      "n37",
      "c_merge_b10",
      "b10",
      "n43",
      "n44",
      "c2",
      "n45",
      "n46",
      "b11",
      "n48",
      "n49",
      "b12",
      "n51",
      "n52",
      "b13",
      "n54",
      "n55",
      "b14",
      "n57",
      "n58",
      "b15",
      "n64",
      "n65",
      "b18",
      "c3",
      "n67",
      "e1"
    ]
  ],
  "source_text_traces": [
    [
      "i1",
      "i2",
      "i3",
      "i4",
      "i5",
      "i6",
      "i7",
      "i25",
      "i8",
      "i26",
      "i10",
      "i11",
      "i12",
      "i13",
      "i14",
      "i15",
      "i27",
      "i28",
      "i29",
      "i30",
      "i31",
      "i16",
      "i32",
      "i18",
      "i19",
      "i20",
      "i21",
      "i22",
      "i34",
      "i35",
      "i36",
      "i37",
      "i38",
      "i39",
      "i40",
      "i24"
    ],
    [
      "i1",
      "i2",
      "i3",
      "i4",
      "i5",
      "i6",
      "i7",
      "i25",
      "i8",
      "i26",
      "i10",
      "i11",
      "i12",
      "i13",
      "i14",
      "i15",
      "i27",
      "i28",
      "i29",
      "i30",
      "i31",
      "i16",
      "i17",
      "i33",
      "i34",
      "i35",
      "i36",
      "i37",
      "i38",
      "i39",
      "i40",
      "i24"
    ],
    [
      "i1",
      "i2",
      "i3",
      "i4",
      "i5",
      "i6",
      "i7",
      "i25",
      "i8",
      "i9",
      "i32",
      "i18",
      "i19",
      "i20",
      "i21",
      "i22",
      "i34",
      "i35",
      "i36",
      "i37",
      "i38",
      "i39",
      "i40",
      "i24"
    ],
    [
      "i1",
      "i2",
      "i3",
      "i4",
      "i5",
      "i6",
      "i7",
      "i25",
      "i8",
      "i9",
      "i17",
      "i33",
      "i34",
      "i35",
      "i36",
      "i37",
      "i38",
      "i39",
      "i40",
      "i24"
    ]
  ]
}