{
  "model_traces": [
    [
      "i1",
      "b_ret",
      "n2",
      "c1",
      "n4",
      "b_status",
      "n5",
      "b_dest1",
      "n8",
      "e1"
    ],
    [
      "i1",
      "b_ret",
      "n2",
      "c1",
      "n4",
      "b_status",
      "n5",
      "b_dest1",
      "n9",
      "e1"
    ],
    [
      "i1",
      "b_ret",
      "n2",
      "c1",
      "n4",
      "b_status",
      "n6",
      "n10",
      "b_cust",
      "n12",
      "e1"
    ],
    [
      "i1",
      "b_ret",
      "n2",
      "c1",
      "n4",
      "b_status",
      "n6",
      "n10",
      "b_cust",
      "n13",
      "e1"
    ],
    [
      "i1",
      "b_ret",
      "n2",
      "c1",
      "n4",
      "b_status",
      "n7",
      "n11",
      "b_repair",
      "n15",
      "b_dest2",
      "n17",
      "e2"
    ],
    [
      "i1",
      "b_ret",
      "n2",
      "c1",
      "n4",
      "b_status",
      "n7",
      "n11",
      "b_repair",
      "n15",
      "b_dest2",
      "n18",
      "e2"
    ],
    [
      "i1",
      "b_ret",
      "n2",
      "c1",
      "n4",
      "b_status",
      "n7",
      "n11",
      "b_repair",
      "n16",
      "n20",
      "e3"
    ],
    [
      "i1",
      "b_ret",
      "n3",
      "c1",
      "n4",
      "b_status",
      "n5",
      "b_dest1",
      "n8",
      "e1"
    ],
    [
      "i1",
      "b_ret",
      "n3",
      "c1",
      "n4",
      "b_status",
      "n5",
      "b_dest1",
      "n9",
      "e1"
    ],
    [
      "i1",
      "b_ret",
      "n3",
      "c1",
      "n4",
      "b_status",
      "n6",
      "n10",
      "b_cust",
      "n12",
      "e1"
    ],
    [
      "i1",
      "b_ret",
      "n3",
      "c1",
      "n4",
      "b_status",
      "n6",
      "n10",
      "b_cust",
      "n13",
      "e1"
    ],
    [
      "i1",
      "b_ret",
      "n3",
      "c1",
      "n4",
      "b_status",
      "n7",
      "n11",
      "b_repair",
      "n15",
      "b_dest2",
      "n17",
      "e2"
    ],
    [
      "i1",
      "b_ret",
      "n3",
      "c1",
      "n4",
      "b_status",
      "n7",
      "n11",
      "b_repair",
      "n15",
      "b_dest2",
      "n18",
      "e2"
    ],
    [
      "i1",
      "b_ret",
      "n3",
      "c1",
      "n4",
      "b_status",
      "n7",
      "n11",
      "b_repair",
      "n16",
      "n20",
      "e3"
    ]
  ],
  "source_text_traces": [
    [
      "i1",
      "i2",
      "i4",
      "i5",
      "i8",
      "i17",
      "i14"
    ],
    [
      "i1",
      "i3",
      "i4",
      "i5",
      "i9",
      "i18",
      "i19"
    ],
    [
      "i1",
      "i2",
      "i4",
      "i6",
      "i8",
      "i10",
      "i12",
      "i14"
    ],
    [
      "i1",
      "i3",
      "i4",
      "i6",
      "i9",
      "i10",
      "i13",
      "i14"
    ],
    [
      "i1",
      "i2",
      "i4",
      "i7",
      "i8",
      "i11",
      "i15",
      "i17",
      "i19",
      "i20"
    ],
    [
      "i1",
      "i3",
      "i4",
      "i7",
      "i9",
      "i11",
      "i16",
      "i18",
      "i19",
      "i20"
    ]
  ]
}