{
  "model_traces": [
    [
      "i1",
      "n1",
      "n2",
      "n3",
      "b1",
      "n4",
      "c1",
      "n6",
      "b2",
      "n7",
      "n8",
      "e1"
    ],
    [
      "i1",
      "n1",
      "n2",
      "n3",
      "b1",
      "n4",
      "c1",
      "n6",
      "b2",
      "n9",
      "n10",
      "n11",
      "e2"
    ],
    [
      "i1",
      "n1",
      "n2",
      "n3",
      "b1",
      "n5",
      "c1",
      "n6",
      "b2",
      "n7",
      "n8",
      "e1"
    ],
    [
      "i1",
      "n1",
      "n2",
      "n3",
      "b1",
      "n5",
      "c1",
      "n6",
      "b2",
      "n9",
      "n10",
      "n11",
      "e2"
    ]
  ],
  "source_text_traces": [
    [
      "i1",
      "i2",
      "i4",
      "i5",
      "i6"
    ],
    [
      "i1",
      "i2",
      "i4",
      "i7",
      "i8"
    ]
  ]
}