{
  "model_traces": [
    [
      "i1",
      "n1",
      "n2",
      "b1",
      "n4",
      "c_end",
      "n29",
      "e1"
    ],
    [
      "i1",
      "n1",
      "n2",
      "b1",
      "n5",
      "b2",
      "n6",
      "c1",
      "n18",
      "n21",
      "b9",
      "n23",
      "n24",
      "b10",
      "n25",
      "c_end",
      "n29",
      "e1"
    ],
    [
      "i1",
      "n1",
      "n2",
      "b1",
      "n5",
      "b2",
      "n6",
      "c1",
      "n18",
      "n21",
      "b9",
      "n23",
      "n24",
      "b10",
      "c4",
      "n28",
      "n31",
      "b12",
      "n32",
      "e2"
    ],
    [
      "i1",
      "n1",
      "n2",
      "b1",
      "n5",
      "b2",
      "n6",
      "c1",
      "n18",
      "n21",
      "b9",
      "n23",
      "n24",
      "b10",
      "c4",
      "n28",
      "n31",
      "b12",
      "n33",
      "e2"
    ],
    [
      "i1",
      "n1",
      "n2",
      "b1",
      "n5",
      "b2",
      "n6",
      "c1",
      "n18",
      "n21",
      "b9",
      "c3",
      "c4",
      "n28",
      "n31",
      "b12",
      "n32",
      "e2"
    ],
    [
      "i1",
      "n1",
      "n2",
      "b1",
      "n5",
      "b2",
      "n6",
      "c1",
      "n18",
      "n21",
      "b9",
      "c3",
      "c4",
      "n28",
      "n31",
      "b12",
      "n33",
      "e2"
    ],
    [
      "i1",
      "n1",
      "n2",
      "b1",
      "n5",
      "b2",
      "n7",
      "n8",
      "b3",
      "n9",
      "c1",
      "n18",
      "n21",
      "b9",
      "n23",
      "n24",
      "b10",
      "n25",
      "c_end",
      "n29",
      "e1"
    ],
    [
      "i1",
      "n1",
      "n2",
      "b1",
      "n5",
      "b2",
      "n7",
      "n8",
      "b3",
      "n9",
      "c1",
      "n18",
      "n21",
      "b9",
      "n23",
      "n24",
      "b10",
      "c4",
      "n28",
      "n31",
      "b12",
      "n32",
      "e2"
    ],
    [
      "i1",
      "n1",
      "n2",
      "b1",
      "n5",
      "b2",
      "n7",
      "n8",
      "b3",
      "n9",
      "c1",
      "n18",
      "n21",
      "b9",
      "n23",
      "n24",
      "b10",
      "c4",
      "n28",
      "n31",
      "b12",
      "n33",
      "e2"
    ],
    [
      "i1",
      "n1",
      "n2",
      "b1",
      "n5",
      "b2",
      "n7",
      "n8",
      "b3",
      "n9",
      "c1",
      "n18",
      "n21",
      "b9",
      "c3",
      "c4",
      "n28",
      "n31",
      "b12",
      "n32",
      "e2"
    ],
    [
      "i1",
      "n1",
      "n2",
      "b1",
      "n5",
      "b2",
      "n7",
      "n8",
      "b3",
      "n9",
      "c1",
      "n18",
      "n21",
      "b9",
      "c3",
      "c4",
      "n28",
      "n31",
      "b12",
      "n33",
      "e2"
    ],
    [
      "i1",
      "n1",
      "n2",
      "b1",
      "n5",
      "b2",
      "n7",
      "n8",
      "b3",
      "n11",
      "c1",
      "n18",
      "n21",
      "b9",
      "n23",
      "n24",
      "b10",
      "n25",
      "c_end",
      "n29",
      "e1"
    ],
    [
      "i1",
      "n1",
      "n2",
      "b1",
      "n5",
      "b2",
      "n7",
      "n8",
      "b3",
      "n11",
      "c1",
      "n18",
      "n21",
      "b9",
      "n23",
      "n24",
      "b10",
      "c4",
      "n28",
      "n31",
      "b12",
      "n32",
      "e2"
    ],
    [
      "i1",
      "n1",
      "n2",
      "b1",
      "n5",
      "b2",
      "n7",
      "n8",
      "b3",
      "n11",
      "c1",
      "n18",
      "n21",
      "b9",
      "n23",
      "n24",
      "b10",
      "c4",
      "n28",
      "n31",
      "b12",
      "n33",
      "e2"
    ],
    [
      "i1",
      "n1",
      "n2",
      "b1",
      "n5",
      "b2",
      "n7",
      "n8",
      "b3",
      "n11",
      "c1",
      "n18",
      "n21",
      "b9",
      "c3",
      "c4",
      "n28",
      "n31",
      "b12",
      "n32",
      "e2"
    ],
    [
      "i1",
      "n1",
      "n2",
      "b1",
      "n5",
      "b2",
      "n7",
      "n8",
      "b3",
      "n11",
      "c1",
      "n18",
      "n21",
      "b9",
      "c3",
      "c4",
      "n28",
      "n31",
      "b12",
      "n33",
      "e2"
    ]
  ],
  "source_text_traces": [
    [
      "i1",
      "i2"
    ],
    [
      "i1",
      "i3",
      "i5",
      "i9",
      "i10",
      "i11",
      "i14"
    ],
    [
      "i1",
      "i3",
      "i5",
      "i9",
      "i10",
      "i12",
      "i13",
      "i15"
    ],
    [
      "i1",
      "i3",
      "i5",
      "i9",
      "i10",
      "i12",
      "i13",
      "i16"
    ],
    [
      "i1",
      "i3",
      "i4",
      "i6",
      "i9",
      "i10",
      "i11",
      "i14"
    ],
    [
      "i1",
      "i3",
      "i4",
      "i6",
      "i9",
      "i10",
      "i12",
      "i13",
      "i15"
    ],
    [
      "i1",
      "i3",
      "i4",
      "i6",
      "i9",
      "i10",
      "i12",
      "i13",
      "i16"
    ],
    [
      "i1",
      "i3",
      "i4",
      "i7",
      "i9",
      "i10",
      "i11",
      "i14"
    ],
    [
      "i1",
      "i3",
      "i4",
      "i7",
      "i9",
      "i10",
      "i12",
      "i13",
      "i15"
    ],
    [
      "i1",
      "i3",
      "i4",
      "i7",
      "i9",
      "i10",
      "i12",
      "i13",
      "i16"
    ],
    [
      "i1",
      "i3",
      "i4",
      "i9",
      "i10",
      "i11",
      "i14"
    ],
    [
      "i1",
      "i3",
      "i4",
      "i9",
      "i10",
      "i12",
      "i13",
      "i15"
    ],
    [
      "i1",
      "i3",
      "i4",
      "i9",
      "i10",
      "i12",
      "i13",
      "i16"
    ]
  ]
}