{
  "model_traces": [
    [
      "i1",
      "b1",
      "i2",
      "i6",
      "i8",
      "c1",
      "i10",
      "e1"
    ],
    [
      "i1",
      "b1",
      "i3",
      "i7",
      "c1",
      "i10",
      "e1"
    ],
    [
      "i1",
      "b1",
      "i4",
      "c1",
      "i10",
      "e1"
    ],
    [
      "i1",
      "b1",
      "i5",
      "i9",
      "c1",
      "i10",
      "e1"
    ]
  ],
  "source_text_traces": [
    [
      "i1",
      "i2",
      "i6",
      "i8",
      "i10"
    ],
    [
      "i1",
      "i3",
      "i7",
      "i10"
    ],
    [
      "i1",
      "i4",
      "i10"
    ],
    [
      "i1",
      "i5",
      "i9",
      "i10"
    ]
  ]
}