{
  "model_traces": [
    [
      "i1",
      "n1",
      "n2",
      "n3",
      "n4",
      "b1",
      "n5",
      "c_loop",
      "n7",
      "n8",
      "b2",
      "n13",
      "n14",
      "b4",
      "n15",
      "n17",
      "n19",
      "e2"
    ],
    [
      "i1",
      "n1",
      "n2",
      "n3",
      "n4",
      "b1",
      "n5",
      "c_loop",
      "n7",
      "n8",
      "b2",
      "n13",
      "n14",
      "b4",
      "n16",
      "n18",
      "n20",
      "e3"
    ],
    [
      "i1",
      "n1",
      "n2",
      "n3",
      "n4",
      "b1",
      "n6",
      "e1"
    ]
  ],
  "source_text_traces": [
    [
      "i1",
      "i2",
      "i6"
    ],
    [
      "i1",
      "i2",
      "i3",
      "i5",
      "i8",
      "i12",
      "i13",
      "i15",
      "i16",
      "i17",
      "i19"
    ],
    [
      "i1",
      "i2",
      "i3",
      "i5",
      "i8",
      "i12",
      "i13",
      "i15",
      "i16",
      "i18",
      "i20"
    ],
    [
      "i1",
      "i2",
      "i3",
      "i5",
      "i8",
      "i9",
      "i11",
      "i14",
      "i8"
    ]
  ]
}