{
  "model_traces": [
    [
      "i1",
      "n1",
      "n2",
      "b1",
      "b2",
      "n6",
      "b3",
      "n7",
      "n8",
      "e1"
    ],
    [
      "i1",
      "n1",
      "n2",
      "b1",
      "b2",
      "n6",
      "b3",
      "n9",
      "n10",
      "e2"
    ],
    [
      "i1",
      "n1",
      "n2",
      "b1",
      "b2",
      "n12",
      "b4",
      "n13",
      "n14",
      "e3"
    ],
    [
      "i1",
      "n1",
      "n2",
      "b1",
      "b2",
      "n12",
      "b4",
      "n15",
      "n16",
      "e4"
    ],
    [
      "i1",
      "n1",
      "n2",
      "b1",
      "n18",
      "n20",
      "n22",
      "n24",
      "n26",
      "b5",
      "n27",
      "n29",
      "c1",
      "n31",
      "n32",
      "e5"
    ],
    [
      "i1",
      "n1",
      "n2",
      "b1",
      "n18",
      "n20",
      "n22",
      "n24",
      "n26",
      "b5",
      "n28",
      "n30",
      "c1",
      "n31",
      "n32",
      "e5"
    ]
  ],
  "source_text_traces": [
    [
      "i1",
      "i3",
      "i4"
    ],
    [
      "i1",
      "i3",
      "i5"
    ],
    [
      "i1",
      "i3",
      "i6",
      "i7"
    ],
    [
      "i1",
      "i3",
      "i6",
      "i12"
    ],
    [
      "i1",
      "i2",
      "i8",
      "i13",
      "i14",
      "i15",
      "i16",
      "i9",
      "i10",
      "i11"
    ]
  ]
}