{
  "model_traces": [
    [
      "i1",
      "n1",
      "n2",
      "b1",
      "n3",
      "n5",
      "n6",
      "b2",
      "n7",
      "b3",
      "n9",
      "n11",
      "n12",
      "e1"
    ],
    [
      "i1",
      "n1",
      "n2",
      "b1",
      "n3",
      "n5",
      "n6",
      "b2",
      "n7",
      "b3",
      "n10",
      "n13",
      "n14",
      "e2"
    ],
    [
      "i1",
      "n1",
      "n2",
      "b1",
      "n3",
      "n5",
      "n6",
      "b2",
      "n8",
      "b5",
      "n16",
      "n47",
      "e3"
    ],
    [
      "i1",
      "n1",
      "n2",
      "b1",
      "n3",
      "n5",
      "n6",
      "b2",
      "n8",
      "b5",
      "n18",
      "n48",
      "e4"
    ],
    [
      "i1",
      "n1",
      "n2",
      "b1",
      "n4",
      "n22",
      "n23",
      "b6",
      "n24",
      "b7",
      "n28",
      "c34",
      "n34",
      "n35",
      "e6"
    ],
    [
      "i1",
      "n1",
      "n2",
      "b1",
      "n4",
      "n22",
      "n23",
      "b6",
      "n24",
      "b7",
      "n29",
      "c34",
      "n34",
      "n35",
      "e6"
    ],
    [
      "i1",
      "n1",
      "n2",
      "b1",
      "n4",
      "n22",
      "n23",
      "b6",
      "n24",
      "b7",
      "n31",
      "c34",
      "n34",
      "n35",
      "e6"
    ],
    [
      "i1",
      "n1",
      "n2",
      "b1",
      "n4",
      "n22",
      "n23",
      "b6",
      "n24",
      "b7",
      "n32",
      "c34",
      "n34",
      "n35",
      "e6"
    ],
    [
      "i1",
      "n1",
      "n2",
      "b1",
      "n4",
      "n22",
      "n23",
      "b6",
      "n24",
      "b7",
      "n33",
      "c34",
      "n34",
      "n35",
      "e6"
    ],
    [
      "i1",
      "n1",
      "n2",
      "b1",
      "n4",
      "n22",
      "n23",
      "b6",
      "n25",
      "n40",
      "n41",
      "n42",
      "n43",
      "e9"
    ],
    [
      "i1",
      "n1",
      "n2",
      "b1",
      "n4",
      "n22",
      "n23",
      "b6",
      "n26",
      "n44",
      "n45",
      "n46",
      "e10"
    ]
  ],
  "source_text_traces": [
    [
      "i1",
      "i4",
      "i5",
      "i7"
    ],
    [
      "i1",
      "i4",
      "i6",
      "i7"
    ],
    [
      "i1",
      "i4",
      "i8",
      "i7"
    ],
    [
      "i1",
      "i4",
      "i9",
      "i7"
    ],
    [
      "i2",
      "i11",
      "i14",
      "i19",
      "i7"
    ],
    [
      "i2",
      "i11",
      "i15",
      "i19",
      "i7"
    ],
    [
      "i2",
      "i11",
      "i16",
      "i19",
      "i7"
    ],
    [
      "i2",
      "i11",
      "i17",
      "i19",
      "i7"
    ],
    [
      "i2",
      "i11",
      "i18",
      "i19",
      "i7"
    ],
    [
      "i2",
      "i12",
      "i20",
      "i21",
      "i22",
      "i23",
      "i7"
    ],
    [
      "i2",
      "i13",
      "i24",
      "i25",
      "i26",
      "i7"
    ]
  ]
}