{
  "model_traces": [
    [
      "i1",
      "n1",
      "n2",
      "b1",
      "b2",
      "n4",
      "b3",
      "n5",
      "n6",
      "e1"
    ],
    [
      "i1",
      "n1",
      "n2",
      "b1",
      "b2",
      "n4",
      "b3",
      "n7",
      "n8",
      "e2"
    ],
    [
      "i1",
      "n1",
      "n2",
      "b1",
      "b2",
      "n4",
      "b3",
      "n9",
      "n10",
      "e3"
    ],
    [
      "i1",
      "n1",
      "n2",
      "b1",
      "b2",
      "n4",
      "b3",
      "n11",
      "n12",
      "e4"
    ],
    [
      "i1",
      "n1",
      "n2",
      "b1",
      "b2",
      "n4",
      "b3",
      "n13",
      "n14",
      "e5"
    ],
    [
      "i1",
      "n1",
      "n2",
      "b1",
      "b2",
      "b4",
      "n16",
      "n17",
      "e6"
    ],
    [
      "i1",
      "n1",
      "n2",
      "b1",
      "b2",
      "b4",
      "n18",
      "n19",
      "e7"
    ],
    [
      "i1",
      "n1",
      "n2",
      "b1",
      "b2",
      "b4",
      "n20",
      "n21",
      "e8"
    ],
    [
      "i1",
      "n1",
      "n2",
      "b1",
      "n23",
      "n24",
      "n25",
      "b6",
      "n26",
      "e9"
    ],
    [
      "i1",
      "n1",
      "n2",
      "b1",
      "n23",
      "n24",
      "n25",
      "b6",
      "n28",
      "n29",
      "n30",
      "n31",
      "n32",
      "n33",
      "e10"
    ],
    [
      "i1",
      "n1",
      "n2",
      "b1",
      "n23",
      "n24",
      "n25",
      "b6",
      "n35",
      "n36",
      "n37",
      "e11"
    ]
  ],
  "source_text_traces": [
    [
      "i1",
      "i2",
      "i5",
      "i6"
    ],
    [
      "i1",
      "i2",
      "i3",
      "i4"
    ],
    [
      "i1",
      "i7",
      "i8"
    ],
    [
      "i1",
      "i7",
      "i9"
    ],
    [
      "i1",
      "i7",
      "i10"
    ]
  ]
}