{
  "model_traces": [
    [
      "i1",
      "n2",
      "n3",
      "b1",
      "n5",
      "c1",
      "n22",
      "n23",
      "b5",
      "n25",
      "c3",
      "n26",
      "e4"
    ],
    [
      "i1",
      "n2",
      "n3",
      "b1",
      "n5",
      "c1",
      "n22",
      "n23",
      "b5",
      "n28",
      "b6",
      "n29",
      "c3",
      "n26",
      "e4"
    ],
    [
      "i1",
      "n2",
      "n3",
      "b1",
      "n5",
      "c1",
      "n22",
      "n23",
      "b5",
      "n28",
      "b6",
      "n30",
      "e5"
    ],
    [
      "i1",
      "n2",
      "n3",
      "b1",
      "n6",
      "b3",
      "n11",
      "e2"
    ],
    [
      "i1",
      "n2",
      "n3",
      "b1",
      "n6",
      "b3",
      "n13",
      "n14",
      "b4",
      "n16",
      "n17",
      "e3"
    ],
    [
      "i1",
      "n2",
      "n3",
      "b1",
      "n6",
      "b3",
      "n13",
      "n14",
      "b4",
      "n19",
      "b7",
      "n20",
      "c2",
      "c1",
      "n22",
      "n23",
      "b5",
      "n25",
      "c3",
      "n26",
      "e4"
    ],
    [
      "i1",
      "n2",
      "n3",
      "b1",
      "n6",
      "b3",
      "n13",
      "n14",
      "b4",
      "n19",
      "b7",
      "n20",
      "c2",
      "c1",
      "n22",
      "n23",
      "b5",
      "n28",
      "b6",
      "n29",
      "c3",
      "n26",
      "e4"
    ],
    [
      "i1",
      "n2",
      "n3",
      "b1",
      "n6",
      "b3",
      "n13",
      "n14",
      "b4",
      "n19",
      "b7",
      "n20",
      "c2",
      "c1",
      "n22",
      "n23",
      "b5",
      "n28",
      "b6",
      "n30",
      "e5"
    ],
    [
      "i1",
      "n2",
      "n3",
      "b1",
      "n6",
      "b3",
      "n13",
      "n14",
      "b4",
      "n19",
      "b7",
      "n21",
      "c2",
      "c1",
      "n22",
      "n23",
      "b5",
      "n25",
      "c3",
      "n26",
      "e4"
    ],
    [
      "i1",
      "n2",
      "n3",
      "b1",
      "n6",
      "b3",
      "n13",
      "n14",
      "b4",
      "n19",
      "b7",
      "n21",
      "c2",
      "c1",
      "n22",
      "n23",
      "b5",
      "n28",
      "b6",
      "n29",
      "c3",
      "n26",
      "e4"
    ],
    [
      "i1",
      "n2",
      "n3",
      "b1",
      "n6",
      "b3",
      "n13",
      "n14",
      "b4",
      "n19",
      "b7",
      "n21",
      "c2",
      "c1",
      "n22",
      "n23",
      "b5",
      "n28",
      "b6",
      "n30",
      "e5"
    ]
  ],
  "source_text_traces": [
    [
      "i1",
      "i2",
      "i3",
      "i11",
      "i13",
      "i12"
    ],
    [
      "i1",
      "i2",
      "i3",
      "i11",
      "i14",
      "i15",
      "i12"
    ],
    [
      "i1",
      "i2",
      "i3",
      "i11",
      "i14",
      "i16"
    ],
    [
      "i1",
      "i2",
      "i4",
      "i6"
    ],
    [
      "i1",
      "i2",
      "i4",
      "i7",
      "i8"
    ],
    [
      "i1",
      "i2",
      "i4",
      "i7",
      "i9",
      "i10",
      "i11",
      "i13",
      "i12"
    ],
    [
      "i1",
      "i2",
      "i4",
      "i7",
      "i9",
      "i10",
      "i11",
      "i14",
      "i15",
      "i12"
    ],
    [
      "i1",
      "i2",
      "i4",
      "i7",
      "i9",
      "i10",
      "i11",
      "i14",
      "i16"
    ]
  ]
}