{
  "model_traces": [
    [
      "i1",
      "n1",
      "n2",
      "b1",
      "c0",
      "n3",
      "n4",
      "b2",
      "n5",
      "c1",
      "n6",
      "b3",
      "c2",
      "n15",
      "n9",
      "b4",
      "n10",
      "c3",
      "n13",
      "n14",
      "e1"
    ],
    [
      "i1",
      "n1",
      "n2",
      "b1",
      "c0",
      "n3",
      "n4",
      "b2",
      "n5",
      "c1",
      "n6",
      "b3",
      "c2",
      "n15",
      "n9",
      "b4",
      "n11",
      "n12",
      "c3",
      "n13",
      "n14",
      "e1"
    ],
    [
      "i1",
      "n1",
      "n2",
      "b1",
      "c0",
      "n3",
      "n4",
      "b2",
      "n7",
      "n8",
      "c1",
      "n6",
      "b3",
      "c2",
      "n15",
      "n9",
      "b4",
      "n10",
      "c3",
      "n13",
      "n14",
      "e1"
    ],
    [
      "i1",
      "n1",
      "n2",
      "b1",
      "c0",
      "n3",
      "n4",
      "b2",
      "n7",
      "n8",
      "c1",
      "n6",
      "b3",
      "c2",
      "n15",
      "n9",
      "b4",
      "n11",
      "n12",
      "c3",
      "n13",
      "n14",
      "e1"
    ],
    [
      "i1",
      "n1",
      "n2",
      "b1",
      "c0",
      "n3",
      "n4",
      "b2",
      "c1",
      "n6",
      "b3",
      "c2",
      "n15",
      "n9",
      "b4",
      "n10",
      "c3",
      "n13",
      "n14",
      "e1"
    ],
    [
      "i1",
      "n1",
      "n2",
      "b1",
      "c0",
      "n3",
      "n4",
      "b2",
      "c1",
      "n6",
      "b3",
      "c2",
      "n15",
      "n9",
      "b4",
      "n11",
      "n12",
      "c3",
      "n13",
      "n14",
      "e1"
    ]
  ],
  "source_text_traces": [
    [
      "i1",
      "i2",
      "i5",
      "i6",
      "i15",
      "i18",
      "i19",
      "i23",
      "i24"
    ],
    [
      "i1",
      "i2",
      "i5",
      "i6",
      "i13",
      "i15",
      "i18",
      "i19",
      "i23",
      "i24"
    ],
    [
      "i1",
      "i2",
      "i5",
      "i6",
      "i14",
      "i15",
      "i18",
      "i19",
      "i23",
      "i24"
    ]
  ]
}