{
  "model_traces": [
    [
      "i1",
      "b1",
      "n3",
      "n5",
      "n6",
      "n7",
      "c1",
      "n10",
      "n14",
      "n17",
      "n18",
      "n19",
      "n20",
      "n21",
      "n22",
      "n23",
      "n26",
      "n27",
      "n28",
      "e1"
    ],
    [
      "i1",
      "b1",
      "n4",
      "n8",
      "n9",
      "c1",
      "n10",
      "n14",
      "n17",
      "n18",
      "n19",
      "n20",
      "n21",
      "n22",
      "n23",
      "n26",
      "n27",
      "n28",
      "e1"
    ]
  ],
  "source_text_traces": [
    [
      "i1",
      "i2",
      "i14",
      "i3",
      "i5",
      "i6",
      "i7",
      "i8",
      "i9",
      "i10",
      "i11",
      "i12",
      "i13"
    ],
    [
      "i1",
      "i2",
      "i4",
      "i5",
      "i6",
      "i7",
      "i8",
      "i9",
      "i10",
      "i11",
      "i12",
      "i13"
    ]
  ]
}