{
  "model_traces": [
    [
      "i1",
      "n1",
      "n2",
      "n3",
      "b1",
      "n4",
      "n9",
      "b3",
      "n10",
      "c1",
      "n13",
      "n14",
      "b5",
      "n17",
      "n20",
      "n21",
      "n23",
      "n24",
      "n26",
      "n27",
      "n25",
      "e3"
    ],
    [
      "i1",
      "n1",
      "n2",
      "n3",
      "b1",
      "n4",
      "n9",
      "b3",
      "n10",
      "c1",
      "n13",
      "n14",
      "b5",
      "n18",
      "e4"
    ],
    [
      "i1",
      "n1",
      "n2",
      "n3",
      "b1",
      "n4",
      "n9",
      "b3",
      "n11",
      "n12",
      "c1",
      "n13",
      "n14",
      "b5",
      "n17",
      "n20",
      "n21",
      "n23",
      "n24",
      "n26",
      "n27",
      "n25",
      "e3"
    ],
    [
      "i1",
      "n1",
      "n2",
      "n3",
      "b1",
      "n4",
      "n9",
      "b3",
      "n11",
      "n12",
      "c1",
      "n13",
      "n14",
      "b5",
      "n18",
      "e4"
    ],
    [
      "i1",
      "n1",
      "n2",
      "n3",
      "b1",
      "n5",
      "e1"
    ]
  ],
  "source_text_traces": [
    [
      "i1",
      "i2",
      "i5"
    ],
    [
      "i1",
      "i2",
      "i3",
      "i4",
      "i7",
      "i8",
      "i9",
      "i13",
      "i14",
      "i15",
      "i16",
      "i19",
      "i21",
      "i22",
      "i23"
    ],
    [
      "i1",
      "i2",
      "i3",
      "i4",
      "i7",
      "i8",
      "i9",
      "i13",
      "i14",
      "i15",
      "i16",
      "i20",
      "i21",
      "i22",
      "i23"
    ],
    [
      "i1",
      "i2",
      "i3",
      "i4",
      "i7",
      "i10",
      "i11",
      "i12",
      "i13",
      "i14",
      "i15",
      "i16",
      "i19",
      "i21",
      "i22",
      "i23"
    ],
    [
      "i1",
      "i2",
      "i3",
      "i4",
      "i7",
      "i10",
      "i11",
      "i12",
      "i13",
      "i14",
      "i15",
      "i16",
      "i20",
      "i21",
      "i22",
      "i23"
    ],
    [
      "i1",
      "i2",
      "i3",
      "i4",
      "i7",
      "i8",
      "i9",
      "i13",
      "i14",
      "i17",
      "i18"
    ],
    [
      "i1",
      "i2",
      "i3",
      "i4",
      "i7",
      "i10",
      "i11",
      "i12",
      "i13",
      "i14",
      "i17",
      "i18"
    ]
  ]
}