{
  "model_traces": [
    [
      "i1",
      "n1",
      "n2",
      "b1",
      "n3",
      "n6",
      "n7",
      "n8",
      "n9",
      "e1"
    ],
    [
      "i1",
      "n1",
      "n2",
      "b1",
      "n4",
      "n10",
      "n11",
      "n12",
      "n31",
      "n14_ext",
      "n15_ent",
      "n16",
      "n11_2",
      "n17_rcv",
      "n19_snd",
      "n19",
      "n20_cnd",
      "e2"
    ]
  ],
  "source_text_traces": [
    [
      "i1",
      "i2",
      "i3",
      "i4",
      "i6",
      "i7",
      "i8",
      "i9"
    ],
    [
      "i1",
      "i2",
      "i3",
      "i5",
      "i10",
      "i11",
      "i12",
      "i13",
      "i14",
      "i15",
      "i16",
      "i17",
      "i18",
      "i19",
      "i20"
    ]
  ]
}