{
  "model_traces": [
    [
      "i1",
      "n2",
      "b1",
      "n3",
      "n5",
      "b2",
      "n6",
      "n15",
      "b4",
      "n16",
      "n18",
      "n19",
      "e3"
    ],
    [
      "i1",
      "n2",
      "b1",
      "n3",
      "n5",
      "b2",
      "n6",
      "n15",
      "b4",
      "n17",
      "n20",
      "n21",
      "e4"
    ],
    [
      "i1",
      "n2",
      "b1",
      "n3",
      "n5",
      "b2",
      "n7",
      "n8",
      "b3",
      "n9",
      "n11",
      "n12",
      "e1"
    ],
    [
      "i1",
      "n2",
      "b1",
      "n3",
      "n5",
      "b2",
      "n7",
      "n8",
      "b3",
      "n10",
      "n13",
      "n14",
      "e2"
    ],
    [
      "i1",
      "n2",
      "b1",
      "n4",
      "n22",
      "b5",
      "n23",
      "n26",
      "b_tabs",
      "n28",
      "c1",
      "n37",
      "n38",
      "e5"
    ],
    [
      "i1",
      "n2",
      "b1",
      "n4",
      "n22",
      "b5",
      "n23",
      "n26",
      "b_tabs",
      "n29",
      "c1",
      "n37",
      "n38",
      "e5"
    ],
    [
      "i1",
      "n2",
      "b1",
      "n4",
      "n22",
      "b5",
      "n23",
      "n26",
      "b_tabs",
      "n31",
      "c1",
      "n37",
      "n38",
      "e5"
    ],
    [
      "i1",
      "n2",
      "b1",
      "n4",
      "n22",
      "b5",
      "n23",
      "n26",
      "b_tabs",
      "n32",
      "c1",
      "n37",
      "n38",
      "e5"
    ],
    [
      "i1",
      "n2",
      "b1",
      "n4",
      "n22",
      "b5",
      "n23",
      "n26",
      "b_tabs",
      "n34",
      "c1",
      "n37",
      "n38",
      "e5"
    ],
    [
      "i1",
      "n2",
      "b1",
      "n4",
      "n22",
      "b5",
      "n23",
      "n26",
      "b_tabs",
      "n35",
      "c1",
      "n37",
      "n38",
      "e5"
    ],
    [
      "i1",
      "n2",
      "b1",
      "n4",
      "n22",
      "b5",
      "n23",
      "n26",
      "b_tabs",
      "n36",
      "c1",
      "n37",
      "n38",
      "e5"
    ],
    [
      "i1",
      "n2",
      "b1",
      "n4",
      "n22",
      "b5",
      "n24",
      "n39",
      "n40",
      "n41",
      "n42",
      "e6"
    ],
    [
      "i1",
      "n2",
      "b1",
      "n4",
      "n22",
      "b5",
      "n25",
      "n46",
      "n47",
      "n48",
      "n44",
      "n45",
      "e7"
    ]
  ],
  "source_text_traces": [
    [
      "i1",
      "i2",
      "i14"
    ],
    [
      "i1",
      "i2",
      "i15"
    ],
    [
      "i1",
      "i3",
      "i16"
    ],
    [
      "i1",
      "i3",
      "i17"
    ],
    [
      "i4",
      "i5",
      "i6",
      "i8"
    ],
    [
      "i4",
      "i5",
      "i7",
      "i8"
    ],
    [
      "i4",
      "i9",
      "i10",
      "i18"
    ],
    [
      "i4",
      "i11",
      "i9",
      "i10",
      "i18",
      "i12"
    ]
  ]
}