{
  "model_traces": [
    [
      "start",
      "n1",
      "n2",
      "b1",
      "n3",
      "n5",
      "n7",
      "n8",
      "n9",
      "n10",
      "n11",
      "n_orient",
      "n_guide",
      "c_seat",
      "n12",
      "b8",
      "n13",
      "b6",
      "n14",
      "n_ref_plug",
      "n_dust",
      "c1",
      "n15",
      "n16",
      "n_fiber",
      "e1"
    ],
    [
      "start",
      "n1",
      "n2",
      "b1",
      "n3",
      "n5",
      "n7",
      "n8",
      "n9",
      "n10",
      "n11",
      "n_orient",
      "n_guide",
      "c_seat",
      "n12",
      "b8",
      "n13",
      "b6",
      "c1",
      "n15",
      "n16",
      "n_fiber",
      "e1"
    ],
    [
      "start",
      "n1",
      "n2",
      "b1",
      "n4",
      "n18",
      "b7",
      "n19",
      "c2",
      "n20",
      "n21",
      "n22",
      "n23",
      "e2"
    ],
    [
      "start",
      "n1",
      "n2",
      "b1",
      "n4",
      "n18",
      "b7",
      "c2",
      "n20",
      "n21",
      "n22",
      "n23",
      "e2"
    ]
  ],
  "source_text_traces": [
    [
      "i1",
      "i2",
      "i3",
      "i4",
      "i6",
      "i7",
      "i8",
      "i9",
      "i10",
      "i11",
      "i12",
      "i13",
      "i14",
      "i15",
      "i16",
      "i17",
      "i18",
      "i19",
      "i20",
      "i21",
      "i22"
    ],
    [
      "i1",
      "i2",
      "i3",
      "i5",
      "i23",
      "i24",
      "i25",
      "i26",
      "i28",
      "i29",
      "i30",
      "i32",
      "i33"
    ],
    [
      "i1",
      "i2",
      "i3",
      "i5",
      "i23",
      "i24",
      "i25",
      "i27",
      "i28",
      "i29",
      "i30",
      "i32",
      "i33"
    ]
  ]
}