{
  "model_traces": [
    [
      "i1",
      "n1",
      "n2",
      "b1",
      "n3",
      "n6",
      "n7",
      "b2",
      "n8",
      "b6",
      "n11",
      "n13",
      "b4",
      "n15",
      "n17",
      "b5",
      "n18",
      "n19",
      "n20",
      "e2"
    ],
    [
      "i1",
      "n1",
      "n2",
      "b1",
      "n4",
      "n5",
      "e1"
    ]
  ],
  "source_text_traces": [
    [
      "i1",
      "i2",
      "i3",
      "i6",
      "i7",
      "i9"
    ],
    [
      "i1",
      "i2",
      "i3",
      "i4",
      "i5",
      "i8",
      "i15",
      "i11",
      "i12",
      "i16",
      "i8"
    ],
    [
      "i1",
      "i2",
      "i3",
      "i4",
      "i5",
      "i8",
      "i15",
      "i13",
      "i14",
      "i17",
      "i18",
      "i20",
      "i21",
      "i24",
      "i25",
      "i28",
      "i29",
      "i30",
      "i31",
      "i32",
      "i33",
      "i34",
      "i35",
      "i10"
    ],
    [
      "i1",
      "i2",
      "i3",
      "i4",
      "i5",
      "i8",
      "i15",
      "i13",
      "i14",
      "i17",
      "i19",
      "i22",
      "i23",
      "i26",
      "i27",
      "i24",
      "i25",
      "i28",
      "i29",
      "i30",
      "i31",
      "i32",
      "i33",
      "i34",
      "i35",
      "i10"
    ]
  ]
}