{
  "model_traces": [
    [
      "i1",
      "n2",
      "n3",
      "b1",
      "n5",
      "n7",
      "n8",
      "c1",
      "n11",
      "n12",
      "b2",
      "n13",
      "n14",
      "b3",
      "n15",
      "e1"
    ],
    [
      "i1",
      "n2",
      "n3",
      "b1",
      "n5",
      "n7",
      "n8",
      "c1",
      "n11",
      "n12",
      "b2",
      "n13",
      "n14",
      "b3",
      "e2"
    ],
    [
      "i1",
      "n2",
      "n3",
      "b1",
      "n5",
      "n7",
      "n8",
      "c1",
      "n11",
      "n12",
      "b2",
      "e1"
    ],
    [
      "i1",
      "n2",
      "n3",
      "b1",
      "n6",
      "n9",
      "n10",
      "c1",
      "n11",
      "n12",
      "b2",
      "n13",
      "n14",
      "b3",
      "n15",
      "e1"
    ],
    [
      "i1",
      "n2",
      "n3",
      "b1",
      "n6",
      "n9",
      "n10",
      "c1",
      "n11",
      "n12",
      "b2",
      "n13",
      "n14",
      "b3",
      "e2"
    ],
    [
      "i1",
      "n2",
      "n3",
      "b1",
      "n6",
      "n9",
      "n10",
      "c1",
      "n11",
      "n12",
      "b2",
      "e1"
    ]
  ],
  "source_text_traces": [
    [
      "i1",
      "i2",
      "i3",
      "i9",
      "i10",
      "i13",
      "i14",
      "i16",
      "i17",
      "i19"
    ],
    [
      "i1",
      "i2",
      "i6",
      "i11",
      "i12",
      "i13",
      "i14",
      "i16",
      "i17",
      "i19"
    ]
  ]
}