{
  "model_traces": [
    [
      "i1",
      "n2",
      "n3",
      "n4",
      "n5",
      "b1",
      "c10",
      "n10",
      "n11",
      "n16",
      "b4",
      "n15",
      "e1"
    ],
    [
      "i1",
      "n2",
      "n3",
      "n4",
      "n5",
      "b1",
      "n17",
      "n18",
      "n19",
      "b7",
      "n22",
      "n23",
      "c26",
      "n26",
      "n27",
      "b11",
      "n31",
      "e2"
    ],
    [
      "i1",
      "n2",
      "n3",
      "n4",
      "n5",
      "b1",
      "n17",
      "n18",
      "n19",
      "b7",
      "n25",
      "c26",
      "n26",
      "n27",
      "b11",
      "n31",
      "e2"
    ]
  ],
  "source_text_traces": [
    [
      "i1",
      "i2",
      "i3",
      "i4",
      "i5",
      "i8",
      "i9",
      "i10"
    ],
    [
      "i1",
      "i2",
      "i3",
      "i4",
      "i6",
      "i7",
      "i11",
      "i12",
      "i14"
    ],
    [
      "i1",
      "i2",
      "i3",
      "i4",
      "i6",
      "i7",
      "i11",
      "i13",
      "i15",
      "i16",
      "i17"
    ]
  ]
}