{
  "model_traces": [
    [
      "i1",
      "n2",
      "n3",
      "n4",
      "n5",
      "n6",
      "n7",
      "c1",
      "n9",
      "n10",
      "n13",
      "n14",
      "c2",
      "n12",
      "e1"
    ],
    [
      "i1",
      "n2",
      "n3",
      "n4",
      "n5",
      "n6",
      "n7",
      "c1",
      "n9",
      "n10",
      "n13",
      "n15",
      "c2",
      "n12",
      "e1"
    ],
    [
      "i1",
      "n2",
      "n3",
      "n4",
      "n5",
      "n6",
      "n8",
      "c1",
      "n9",
      "n10",
      "n13",
      "n14",
      "c2",
      "n12",
      "e1"
    ],
    [
      "i1",
      "n2",
      "n3",
      "n4",
      "n5",
      "n6",
      "n8",
      "c1",
      "n9",
      "n10",
      "n13",
      "n15",
      "c2",
      "n12",
      "e1"
    ]
  ],
  "source_text_traces": [
    [
      "i1",
      "i2",
      "i3",
      "i4",
      "i5",
      "i7",
      "i8",
      "i9",
      "i11",
      "i10"
    ],
    [
      "i1",
      "i2",
      "i3",
      "i4",
      "i5",
      "i7",
      "i8",
      "i9",
      "i12",
      "i10"
    ],
    [
      "i1",
      "i2",
      "i3",
      "i4",
      "i5",
      "i7",
      "i8",
      "i9",
      "i13",
      "i10"
    ],
    [
      "i1",
      "i2",
      "i3",
      "i4",
      "i6",
      "i7",
      "i8",
      "i9",
      "i11",
      "i10"
    ],
    [
      "i1",
      "i2",
      "i3",
      "i4",
      "i6",
      "i7",
      "i8",
      "i9",
      "i12",
      "i10"
    ],
    [
      "i1",
      "i2",
      "i3",
      "i4",
      "i6",
      "i7",
      "i8",
      "i9",
      "i13",
      "i10"
    ]
  ]
}