{
  "model_traces": [],
  "source_text_traces": [
    [
      "i4",
      "i5",
      "i6",
      "i7",
      "i9",
      "i10",
      "i11",
      "i12",
      "i13",
      "i1",
      "i14",
      "i2",
      "i15"
    ],
    [
      "i4",
      "i5",
      "i6",
      "i8",
      "i9",
      "i10",
      "i11",
      "i12",
      "i13",
      "i1",
      "i14",
      "i2",
      "i15"
    ],
    [
      "i4",
      "i5",
      "i6",
      "i7",
      "i9",
      "i10",
      "i11",
      "i12",
      "i13",
      "i1",
      "i14",
      "i2",
      "i15",
      "i16",
      "i9",
      "i10",
      "i11",
      "i12",
      "i13",
      "i1",
      "i14",
      "i2",
      "i15",
      "i16"
    ],
    [
      "i4",
      "i5",
      "i6",
      "i8",
      "i9",
      "i10",
      "i11",
      "i12",
      "i13",
      "i1",
      "i14",
      "i2",
      "i15",
      "i16",
      "i9",
      "i10",
      "i11",
      "i12",
      "i13",
      "i1",
      "i14",
      "i2",
      "i15",
      "i16"
    ]
  ]
}