{
  "model_traces": [
    [
      "i1",
      "n1",
      "n2",
      "n3",
      "n4",
      "b1",
      "n5",
      "e1"
    ]
  ],
  "source_text_traces": [
    [
      "i1",
      "i2",
      "i3",
      "i5"
    ],
    [
      "i1",
      "i2",
      "i3",
      "i4",
      "i6",
      "i7",
      "i10",
      "i11",
      "i12"
    ],
    [
      "i1",
      "i2",
      "i3",
      "i4",
      "i6",
      "i7",
      "i10",
      "i11",
      "i13",
      "i14",
      "i15",
      "i16"
    ],
    [
      "i1",
      "i2",
      "i3",
      "i4",
      "i6",
      "i7",
      "i10",
      "i11",
      "i13",
      "i17",
      "i18",
      "i19",
      "i20",
      "i22"
    ],
    [
      "i1",
      "i2",
      "i3",
      "i4",
      "i6",
      "i7",
      "i10",
      "i11",
      "i13",
      "i17",
      "i18",
      "i21"
    ],
    [
      "i1",
      "i2",
      "i3",
      "i4",
      "i8",
      "i9",
      "i10",
      "i11",
      "i12"
    ],
    [
      "i1",
      "i2",
      "i3",
      "i4",
      "i8",
      "i9",
      "i10",
      "i11",
      "i13",
      "i14",
      "i15",
      "i16"
    ],
    [
      "i1",
      "i2",
      "i3",
      "i4",
      "i8",
      "i9",
      "i10",
      "i11",
      "i13",
      "i17",
      "i18",
      "i19",
      "i20",
      "i22"
    ],
    [
      "i1",
      "i2",
      "i3",
      "i4",
      "i8",
      "i9",
      "i10",
      "i11",
      "i13",
      "i17",
      "i18",
      "i21"
    ]
  ]
}