{
  "model_traces": [
    [
      "i0",
      "i1",
      "i2",
      "i3",
      "i4",
      "i5",
      "i6",
      "i7",
      "i8",
      "i9",
      "i10",
      "i11",
      "b1",
      "i12",
      "i13",
      "i16",
      "i17",
      "i18",
      "i19",
      "c1",
      "i20",
      "i21",
      "i22",
      "i23",
      "i24",
      "c2",
      "i25",
      "i27",
      "b6",
      "i28",
      "i29",
      "i30",
      "i31",
      "b2",
      "c4",
      "i26",
      "c5",
      "e2"
    ],
    [
      "i0",
      "i1",
      "i2",
      "i3",
      "i4",
      "i5",
      "i6",
      "i7",
      "i8",
      "i9",
      "i10",
      "i11",
      "b1",
      "i12",
      "i13",
      "i16",
      "i17",
      "i18",
      "i19",
      "c1",
      "i20",
      "i21",
      "i22",
      "i23",
      "i24",
      "c2",
      "i25",
      "i27",
      "b6",
      "i37",
      "i38",
      "i39",
      "i40",
      "i41",
      "b3",
      "c4",
      "i26",
      "c5",
      "e2"
    ],
    [
      "i0",
      "i1",
      "i2",
      "i3",
      "i4",
      "i5",
      "i6",
      "i7",
      "i8",
      "i9",
      "i10",
      "i11",
      "b1",
      "i12",
      "i13",
      "i16",
      "i17",
      "i18",
      "i19",
      "c1",
      "i20",
      "i21",
      "i22",
      "i23",
      "i24",
      "c2",
      "i25",
      "i27",
      "b6",
      "i37",
      "i38",
      "i39",
      "i40",
      "i41",
      "b3",
      "i42",
      "c5",
      "e2"
    ],
    [
      "i0",
      "i1",
      "i2",
      "i3",
      "i4",
      "i5",
      "i6",
      "i7",
      "i8",
      "i9",
      "i10",
      "i11",
      "b1",
      "i14",
      "i15",
      "c3",
      "b4",
      "i33",
      "i35",
      "c1",
      "i20",
      "i21",
      "i22",
      "i23",
      "i24",
      "c2",
      "i25",
      "i27",
      "b6",
      "i28",
      "i29",
      "i30",
      "i31",
      "b2",
      "c4",
      "i26",
      "c5",
      "e2"
    ],
    [
      "i0",
      "i1",
      "i2",
      "i3",
      "i4",
      "i5",
      "i6",
      "i7",
      "i8",
      "i9",
      "i10",
      "i11",
      "b1",
      "i14",
      "i15",
      "c3",
      "b4",
      "i33",
      "i35",
      "c1",
      "i20",
      "i21",
      "i22",
      "i23",
      "i24",
      "c2",
      "i25",
      "i27",
      "b6",
      "i37",
      "i38",
      "i39",
      "i40",
      "i41",
      "b3",
      "c4",
      "i26",
      "c5",
      "e2"
    ],
    [
      "i0",
      "i1",
      "i2",
      "i3",
      "i4",
      "i5",
      "i6",
      "i7",
      "i8",
      "i9",
      "i10",
      "i11",
      "b1",
      "i14",
      "i15",
      "c3",
      "b4",
      "i33",
      "i35",
      "c1",
      "i20",
      "i21",
      "i22",
      "i23",
      "i24",
      "c2",
      "i25",
      "i27",
      "b6",
      "i37",
      "i38",
      "i39",
      "i40",
      "i41",
      "b3",
      "i42",
      "c5",
      "e2"
    ],
    [
      "i0",
      "i1",
      "i2",
      "i3",
      "i4",
      "i5",
      "i6",
      "i7",
      "i8",
      "i9",
      "i10",
      "i11",
      "b1",
      "i14",
      "i15",
      "c3",
      "b4",
      "i34",
      "i36",
      "c2",
      "i25",
      "i27",
      "b6",
      "i28",
      "i29",
      "i30",
      "i31",
      "b2",
      "c4",
      "i26",
      "c5",
      "e2"
    ],
    [
      "i0",
      "i1",
      "i2",
      "i3",
      "i4",
      "i5",
      "i6",
      "i7",
      "i8",
      "i9",
      "i10",
      "i11",
      "b1",
      "i14",
      "i15",
      "c3",
      "b4",
      "i34",
      "i36",
      "c2",
      "i25",
      "i27",
      "b6",
      "i37",
      "i38",
      "i39",
      "i40",
      "i41",
      "b3",
      "c4",
      "i26",
      "c5",
      "e2"
    ],
    [
      "i0",
      "i1",
      "i2",
      "i3",
      "i4",
      "i5",
      "i6",
      "i7",
      "i8",
      "i9",
      "i10",
      "i11",
      "b1",
      "i14",
      "i15",
      "c3",
      "b4",
      "i34",
      "i36",
      "c2",
      "i25",
      "i27",
      "b6",
      "i37",
      "i38",
      "i39",
      "i40",
      "i41",
      "b3",
      "i42",
      "c5",
      "e2"
    ]
  ],
  "source_text_traces": [
    [
      "i1",
      "i2",
      "i3",
      "i4",
      "i5",
      "i6",
      "i7",
      "i8",
      "i9",
      "i10",
      "i11",
      "i12",
      "i13",
      "i16",
      "i17",
      "i18",
      "i19",
      "i20",
      "i21",
      "i22",
      "i23",
      "i24",
      "i25",
      "i27",
      "i28",
      "i29",
      "i30",
      "i31",
      "i26"
    ],
    [
      "i1",
      "i2",
      "i3",
      "i4",
      "i5",
      "i6",
      "i7",
      "i8",
      "i9",
      "i10",
      "i11",
      "i12",
      "i13",
      "i16",
      "i17",
      "i18",
      "i19",
      "i20",
      "i21",
      "i22",
      "i23",
      "i24",
      "i25",
      "i27",
      "i28",
      "i29",
      "i30",
      "i31",
      "i32",
      "i33",
      "i35",
      "i20"
    ],
    [
      "i1",
      "i2",
      "i3",
      "i4",
      "i5",
      "i6",
      "i7",
      "i8",
      "i9",
      "i10",
      "i11",
      "i12",
      "i13",
      "i16",
      "i17",
      "i18",
      "i19",
      "i20",
      "i21",
      "i22",
      "i23",
      "i24",
      "i25",
      "i27",
      "i28",
      "i29",
      "i30",
      "i31",
      "i32",
      "i34",
      "i36",
      "i25"
    ],
    [
      "i1",
      "i2",
      "i3",
      "i4",
      "i5",
      "i6",
      "i7",
      "i8",
      "i9",
      "i10",
      "i11",
      "i14",
      "i15",
      "i33",
      "i35",
      "i20",
      "i21",
      "i22",
      "i23",
      "i24",
      "i25",
      "i27",
      "i37",
      "i38",
      "i39",
      "i40",
      "i41",
      "i26"
    ],
    [
      "i1",
      "i2",
      "i3",
      "i4",
      "i5",
      "i6",
      "i7",
      "i8",
      "i9",
      "i10",
      "i11",
      "i14",
      "i15",
      "i33",
      "i35",
      "i20",
      "i21",
      "i22",
      "i23",
      "i24",
      "i25",
      "i27",
      "i37",
      "i38",
      "i39",
      "i40",
      "i41",
      "i42"
    ],
    [
      "i1",
      "i2",
      "i3",
      "i4",
      "i5",
      "i6",
      "i7",
      "i8",
      "i9",
      "i10",
      "i11",
      "i14",
      "i15",
      "i34",
      "i36",
      "i25",
      "i27",
      "i37",
      "i38",
      "i39",
      "i40",
      "i41",
      "i26"
    ],
    [
      "i1",
      "i2",
      "i3",
      "i4",
      "i5",
      "i6",
      "i7",
      "i8",
      "i9",
      "i10",
      "i11",
      "i14",
      "i15",
      "i34",
      "i36",
      "i25",
      "i27",
      "i37",
      "i38",
      "i39",
      "i40",
      "i41",
      "i42"
    ]
  ]
}