{
  "model_traces": [
    [
      "i1",
      "b2",
      "n2",
      "c1",
      "n5",
      "n6",
      "b1",
      "n7",
      "n8",
      "e1"
    ],
    [
      "i1",
      "b2",
      "n2",
      "c1",
      "n5",
      "n6",
      "b1",
      "n9",
      "e2"
    ],
    [
      "i1",
      "b2",
      "n3",
      "c1",
      "n5",
      "n6",
      "b1",
      "n7",
      "n8",
      "e1"
    ],
    [
      "i1",
      "b2",
      "n3",
      "c1",
      "n5",
      "n6",
      "b1",
      "n9",
      "e2"
    ],
    [
      "i1",
      "b2",
      "n4",
      "c1",
      "n5",
      "n6",
      "b1",
      "n7",
      "n8",
      "e1"
    ],
    [
      "i1",
      "b2",
      "n4",
      "c1",
      "n5",
      "n6",
      "b1",
      "n9",
      "e2"
    ]
  ],
  "source_text_traces": [
    [
      "i1",
      "i2",
      "i3",
      "i4",
      "i5"
    ]
  ]
}