{
  "model_traces": [],
  "source_text_traces": [
    [
      "i1",
      "i2",
      "i3",
      "i4",
      "i17",
      "i18",
      "i21"
    ],
    [
      "i1",
      "i2",
      "i3",
      "i4",
      "i17",
      "i19",
      "i22"
    ],
    [
      "i1",
      "i2",
      "i3",
      "i4",
      "i17",
      "i20",
      "i23"
    ],
    [
      "i1",
      "i2",
      "i3",
      "i5",
      "i6",
      "i7",
      "i12"
    ],
    [
      "i1",
      "i2",
      "i3",
      "i5",
      "i6",
      "i8",
      "i13"
    ],
    [
      "i1",
      "i2",
      "i3",
      "i5",
      "i6",
      "i9",
      "i14"
    ],
    [
      "i1",
      "i2",
      "i3",
      "i5",
      "i6",
      "i10",
      "i15"
    ],
    [
      "i1",
      "i2",
      "i3",
      "i5",
      "i6",
      "i11",
      "i16"
    ],
    [
      "i1",
      "i24",
      "i25",
      "i28",
      "i29",
      "i30"
    ],
    [
      "i1",
      "i24",
      "i26",
      "i31",
      "i28",
      "i29",
      "i30",
      "i32",
      "i33",
      "i34",
      "i35",
      "i36",
      "i37"
    ],
    [
      "i1",
      "i24",
      "i27",
      "i38",
      "i28",
      "i29",
      "i30",
      "i39",
      "i40",
      "i41"
    ]
  ]
}