{
  "model_traces": [
    [
      "i1",
      "n2",
      "n3",
      "b1",
      "n5",
      "c1",
      "b2",
      "n7",
      "c2",
      "n8",
      "e1"
    ],
    [
      "i1",
      "n2",
      "n3",
      "b1",
      "n5",
      "c1",
      "b2",
      "n9",
      "b3",
      "n10",
      "n11",
      "b4",
      "c3",
      "n13",
      "e2"
    ],
    [
      "i1",
      "n2",
      "n3",
      "b1",
      "n5",
      "c1",
      "b2",
      "n9",
      "b3",
      "n10",
      "n11",
      "b4",
      "c4",
      "b5",
      "n15",
      "b6",
      "c3",
      "n13",
      "e2"
    ],
    [
      "i1",
      "n2",
      "n3",
      "b1",
      "n5",
      "c1",
      "b2",
      "n9",
      "b3",
      "n10",
      "n11",
      "b4",
      "c4",
      "b5",
      "n15",
      "b6",
      "n17",
      "n18",
      "b7",
      "c3",
      "n13",
      "e2"
    ],
    [
      "i1",
      "n2",
      "n3",
      "b1",
      "n5",
      "c1",
      "b2",
      "n9",
      "b3",
      "n10",
      "n11",
      "b4",
      "c4",
      "b5",
      "n15",
      "b6",
      "n17",
      "n18",
      "b7",
      "c2",
      "n8",
      "e1"
    ],
    [
      "i1",
      "n2",
      "n3",
      "b1",
      "n5",
      "c1",
      "b2",
      "n9",
      "b3",
      "n10",
      "n11",
      "b4",
      "c4",
      "b5",
      "c2",
      "n8",
      "e1"
    ],
    [
      "i1",
      "n2",
      "n3",
      "b1",
      "n5",
      "c1",
      "b2",
      "n9",
      "b3",
      "c4",
      "b5",
      "n15",
      "b6",
      "c3",
      "n13",
      "e2"
    ],
    [
      "i1",
      "n2",
      "n3",
      "b1",
      "n5",
      "c1",
      "b2",
      "n9",
      "b3",
      "c4",
      "b5",
      "n15",
      "b6",
      "n17",
      "n18",
      "b7",
      "c3",
      "n13",
      "e2"
    ],
    [
      "i1",
      "n2",
      "n3",
      "b1",
      "n5",
      "c1",
      "b2",
      "n9",
      "b3",
      "c4",
      "b5",
      "n15",
      "b6",
      "n17",
      "n18",
      "b7",
      "c2",
      "n8",
      "e1"
    ],
    [
      "i1",
      "n2",
      "n3",
      "b1",
      "n5",
      "c1",
      "b2",
      "n9",
      "b3",
      "c4",
      "b5",
      "c2",
      "n8",
      "e1"
    ],
    [
      "i1",
      "n2",
      "n3",
      "b1",
      "n5a",
      "c1",
      "b2",
      "n7",
      "c2",
      "n8",
      "e1"
    ],
    [
      "i1",
      "n2",
      "n3",
      "b1",
      "n5a",
      "c1",
      "b2",
      "n9",
      "b3",
      "n10",
      "n11",
      "b4",
      "c3",
      "n13",
      "e2"
    ],
    [
      "i1",
      "n2",
      "n3",
      "b1",
      "n5a",
      "c1",
      "b2",
      "n9",
      "b3",
      "n10",
      "n11",
      "b4",
      "c4",
      "b5",
      "n15",
      "b6",
      "c3",
      "n13",
      "e2"
    ],
    [
      "i1",
      "n2",
      "n3",
      "b1",
      "n5a",
      "c1",
      "b2",
      "n9",
      "b3",
      "n10",
      "n11",
      "b4",
      "c4",
      "b5",
      "n15",
      "b6",
      "n17",
      "n18",
      "b7",
      "c3",
      "n13",
      "e2"
    ],
    [
      "i1",
      "n2",
      "n3",
      "b1",
      "n5a",
      "c1",
      "b2",
      "n9",
      "b3",
      "n10",
      "n11",
      "b4",
      "c4",
      "b5",
      "n15",
      "b6",
      "n17",
      "n18",
      "b7",
      "c2",
      "n8",
      "e1"
    ],
    [
      "i1",
      "n2",
      "n3",
      "b1",
      "n5a",
      "c1",
      "b2",
      "n9",
      "b3",
      "n10",
      "n11",
      "b4",
      "c4",
      "b5",
      "c2",
      "n8",
      "e1"
    ],
    [
      "i1",
      "n2",
      "n3",
      "b1",
      "n5a",
      "c1",
      "b2",
      "n9",
      "b3",
      "c4",
      "b5",
      "n15",
      "b6",
      "c3",
      "n13",
      "e2"
    ],
    [
      "i1",
      "n2",
      "n3",
      "b1",
      "n5a",
      "c1",
      "b2",
      "n9",
      "b3",
      "c4",
      "b5",
      "n15",
      "b6",
      "n17",
      "n18",
      "b7",
      "c3",
      "n13",
      "e2"
    ],
    [
      "i1",
      "n2",
      "n3",
      "b1",
      "n5a",
      "c1",
      "b2",
      "n9",
      "b3",
      "c4",
      "b5",
      "n15",
      "b6",
      "n17",
      "n18",
      "b7",
      "c2",
      "n8",
      "e1"
    ],
    [
      "i1",
      "n2",
      "n3",
      "b1",
      "n5a",
      "c1",
      "b2",
      "n9",
      "b3",
      "c4",
      "b5",
      "c2",
      "n8",
      "e1"
    ]
  ],
  "source_text_traces": [
    [
      "i1",
      "i2",
      "i4",
      "i8",
      "i10",
      "i25",
      "i35"
    ],
    [
      "i1",
      "i2",
      "i5",
      "i6",
      "i10",
      "i25",
      "i35"
    ],
    [
      "i1",
      "i2",
      "i4",
      "i8",
      "i11",
      "i13",
      "i15",
      "i19",
      "i22",
      "i23"
    ],
    [
      "i1",
      "i2",
      "i4",
      "i8",
      "i11",
      "i13",
      "i15",
      "i19",
      "i24",
      "i28",
      "i31",
      "i32",
      "i33",
      "i35"
    ],
    [
      "i1",
      "i2",
      "i4",
      "i8",
      "i11",
      "i13",
      "i15",
      "i19",
      "i24",
      "i29",
      "i35"
    ],
    [
      "i1",
      "i2",
      "i4",
      "i8",
      "i11",
      "i17",
      "i28",
      "i31",
      "i32",
      "i33",
      "i35"
    ],
    [
      "i1",
      "i2",
      "i4",
      "i8",
      "i11",
      "i17",
      "i29",
      "i35"
    ]
  ]
}