{
  "model_traces": [
    [
      "i1",
      "n2",
      "n4",
      "n6",
      "b2",
      "n7",
      "n9",
      "n11",
      "n12",
      "n14",
      "n15",
      "c3",
      "n16",
      "n17",
      "b3",
      "n21",
      "n22",
      "e1"
    ],
    [
      "i1",
      "n2",
      "n4",
      "n6",
      "b2",
      "n30",
      "b8",
      "c7",
      "n31",
      "n35",
      "n36",
      "n37",
      "n38",
      "e2"
    ],
    [
      "i1",
      "n2",
      "n4",
      "n6",
      "b2",
      "n30",
      "b8",
      "n32",
      "b9",
      "n33",
      "c7",
      "n31",
      "n35",
      "n36",
      "n37",
      "n38",
      "e2"
    ],
    [
      "i1",
      "n2",
      "n4",
      "n6",
      "b2",
      "n30",
      "b8",
      "n32",
      "b9",
      "n34",
      "c7",
      "n31",
      "n35",
      "n36",
      "n37",
      "n38",
      "e2"
    ]
  ],
  "source_text_traces": [
    [
      "i1",
      "i2",
      "i3",
      "i4",
      "i5",
      "i18",
      "i6",
      "i8",
      "i9"
    ],
    [
      "i1",
      "i2",
      "i3",
      "i4",
      "i5",
      "i18",
      "i6",
      "i7"
    ],
    [
      "i1",
      "i2",
      "i3",
      "i11",
      "i12",
      "i15",
      "i16",
      "i17"
    ]
  ]
}