{
  "model_traces": [
    [
      "start",
      "i1",
      "b1",
      "n3",
      "b2",
      "b3",
      "n7",
      "e1"
    ],
    [
      "start",
      "i1",
      "b1",
      "n3",
      "b2",
      "b3",
      "n9",
      "e2"
    ],
    [
      "start",
      "i1",
      "b1",
      "n3",
      "b2",
      "b4",
      "n12",
      "e3"
    ],
    [
      "start",
      "i1",
      "b1",
      "n3",
      "b2",
      "b4",
      "n14",
      "e4"
    ],
    [
      "start",
      "i1",
      "b1",
      "i2",
      "n4",
      "b5",
      "n17",
      "b6",
      "n19",
      "c1",
      "i22",
      "i23",
      "e5"
    ],
    [
      "start",
      "i1",
      "b1",
      "i2",
      "n4",
      "b5",
      "n17",
      "b6",
      "n20",
      "c1",
      "i22",
      "i23",
      "e5"
    ],
    [
      "start",
      "i1",
      "b1",
      "i2",
      "n4",
      "b5",
      "n27",
      "n28",
      "n29",
      "n30",
      "n31",
      "e6"
    ],
    [
      "start",
      "i1",
      "b1",
      "i2",
      "n4",
      "b5",
      "i16",
      "n33",
      "n34",
      "n35",
      "e7"
    ]
  ],
  "source_text_traces": [
    [
      "i1",
      "i3",
      "i4",
      "i5",
      "i7"
    ],
    [
      "i1",
      "i3",
      "i4",
      "i6",
      "i8"
    ],
    [
      "i1",
      "i3",
      "i4",
      "i9",
      "i11"
    ],
    [
      "i1",
      "i3",
      "i4",
      "i10",
      "i12"
    ],
    [
      "i1",
      "i2",
      "i13",
      "i14",
      "i17",
      "i18",
      "i19",
      "i22",
      "i23"
    ],
    [
      "i1",
      "i2",
      "i13",
      "i14",
      "i17",
      "i20",
      "i21",
      "i22",
      "i23"
    ],
    [
      "i1",
      "i2",
      "i13",
      "i15",
      "i24",
      "i25",
      "i26",
      "i27",
      "i28"
    ],
    [
      "i1",
      "i2",
      "i13",
      "i16",
      "i29",
      "i30",
      "i31"
    ]
  ]
}