{
  "model_traces": [
    [
      "i1",
      "n2",
      "b1",
      "n3",
      "n5",
      "b4",
      "n6",
      "n8",
      "b5",
      "n9",
      "n10",
      "e1"
    ],
    [
      "i1",
      "n2",
      "b1",
      "n3",
      "n5",
      "b4",
      "n6",
      "n8",
      "b5",
      "n11",
      "e1"
    ],
    [
      "i1",
      "n2",
      "b1",
      "n3",
      "n5",
      "b4",
      "n7",
      "n12",
      "b6",
      "n13",
      "n14",
      "e2"
    ],
    [
      "i1",
      "n2",
      "b1",
      "n3",
      "n5",
      "b4",
      "n7",
      "n12",
      "b6",
      "n15",
      "n16",
      "e3"
    ]
  ],
  "source_text_traces": [
    [
      "i1",
      "i3",
      "i4",
      "i6"
    ],
    [
      "i1",
      "i3",
      "i5",
      "i8",
      "i7"
    ],
    [
      "i1",
      "i3",
      "i9",
      "i11"
    ],
    [
      "i1",
      "i3",
      "i10",
      "i12"
    ],
    [
      "i1",
      "i2",
      "i13",
      "i16",
      "i17",
      "i22"
    ],
    [
      "i1",
      "i2",
      "i13",
      "i16",
      "i18",
      "i22"
    ],
    [
      "i1",
      "i2",
      "i13",
      "i16",
      "i19",
      "i22"
    ],
    [
      "i1",
      "i2",
      "i13",
      "i16",
      "i20",
      "i22"
    ],
    [
      "i1",
      "i2",
      "i13",
      "i16",
      "i21",
      "i22"
    ],
    [
      "i1",
      "i2",
      "i14",
      "i23",
      "i24",
      "i25",
      "i26",
      "i27",
      "i28"
    ],
    [
      "i1",
      "i2",
      "i15",
      "i29",
      "i30"
    ]
  ]
}