{
  "model_traces": [
    [
      "s",
      "i1",
      "b1",
      "i2",
      "e_i2"
    ],
    [
      "s",
      "i1",
      "b1",
      "i3",
      "b_comp",
      "i4",
      "b_res",
      "i6",
      "c8",
      "i8",
      "c11",
      "i11",
      "b_sat",
      "i13",
      "e_i13"
    ],
    [
      "s",
      "i1",
      "b1",
      "i3",
      "b_comp",
      "i4",
      "b_res",
      "i6",
      "c8",
      "i8",
      "c11",
      "i11",
      "b_sat",
      "i14",
      "e_i14"
    ],
    [
      "s",
      "i1",
      "b1",
      "i3",
      "b_comp",
      "i4",
      "b_res",
      "i7",
      "e_i7"
    ],
    [
      "s",
      "i1",
      "b1",
      "i3",
      "b_comp",
      "i5",
      "c8",
      "i8",
      "c11",
      "i11",
      "b_sat",
      "i13",
      "e_i13"
    ],
    [
      "s",
      "i1",
      "b1",
      "i3",
      "b_comp",
      "i5",
      "c8",
      "i8",
      "c11",
      "i11",
      "b_sat",
      "i14",
      "e_i14"
    ],
    [
      "s",
      "i1",
      "b1",
      "i9",
      "b_resp",
      "i10",
      "i12",
      "e_i12"
    ],
    [
      "s",
      "i1",
      "b1",
      "i9",
      "b_resp",
      "c11",
      "i11",
      "b_sat",
      "i13",
      "e_i13"
    ],
    [
      "s",
      "i1",
      "b1",
      "i9",
      "b_resp",
      "c11",
      "i11",
      "b_sat",
      "i14",
      "e_i14"
    ]
  ],
  "source_text_traces": [
    [
      "i1",
      "i2"
    ],
    [
      "i1",
      "i3",
      "i4",
      "i7"
    ],
    [
      "i1",
      "i3",
      "i4",
      "i6",
      "i8",
      "i11",
      "i13"
    ],
    [
      "i1",
      "i3",
      "i4",
      "i6",
      "i8",
      "i11",
      "i14"
    ],
    [
      "i1",
      "i3",
      "i5",
      "i8",
      "i11",
      "i13"
    ],
    [
      "i1",
      "i3",
      "i5",
      "i8",
      "i11",
      "i14"
    ],
    [
      "i1",
      "i9",
      "i10",
      "i12"
    ],
    [
      "i1",
      "i9",
      "i11",
      "i13"
    ],
    [
      "i1",
      "i9",
      "i11",
      "i14"
    ]
  ]
}