{
  "model_traces": [
    [
      "start",
      "n1",
      "n2",
      "n3",
      "b1",
      "n5",
      "n7",
      "b2",
      "n9",
      "e2"
    ],
    [
      "start",
      "n1",
      "n2",
      "n3",
      "b1",
      "n5",
      "n7",
      "b2",
      "n10",
      "e3"
    ],
    [
      "start",
      "n1",
      "n2",
      "n3",
      "b1",
      "n6",
      "e1"
    ]
  ],
  "source_text_traces": [
    [
      "i1",
      "i2",
      "i3",
      "i5",
      "i6"
    ],
    [
      "i1",
      "i2",
      "i3",
      "i5",
      "i7"
    ],
    [
      "i1",
      "i4"
    ]
  ]
}