{
  "model_traces": [
    [
      "i1",
      "n1",
      "c1",
      "n2",
      "b1",
      "n4",
      "n9_1",
      "b3_1",
      "n12_1",
      "e1"
    ],
    [
      "i1",
      "n1",
      "c1",
      "n2",
      "b1",
      "n5",
      "b2",
      "n7",
      "n9_2",
      "b3_2",
      "n12_2",
      "e1"
    ],
    [
      "i1",
      "n1",
      "c1",
      "n2",
      "b1",
      "n5",
      "b2",
      "n8",
      "n9_3",
      "b3_3",
      "n12_3",
      "e1"
    ]
  ],
  "source_text_traces": [
    [
      "i1",
      "i2",
      "i3",
      "i7",
      "i8"
    ],
    [
      "i1",
      "i2",
      "i3",
      "i7",
      "i2"
    ],
    [
      "i1",
      "i2",
      "i4",
      "i5",
      "i7",
      "i8"
    ],
    [
      "i1",
      "i2",
      "i4",
      "i5",
      "i7",
      "i2"
    ],
    [
      "i1",
      "i2",
      "i4",
      "i6",
      "i7",
      "i8"
    ],
    [
      "i1",
      "i2",
      "i4",
      "i6",
      "i7",
      "i2"
    ]
  ]
}