{
  "model_traces": [
    [
      "i1",
      "n1",
      "n2",
      "b1",
      "n3",
      "n5",
      "n6",
      "b2",
      "n7",
      "b3",
      "n9",
      "n11",
      "n12",
      "e1"
    ],
    [
      "i1",
      "n1",
      "n2",
      "b1",
      "n3",
      "n5",
      "n6",
      "b2",
      "n7",
      "b3",
      "n10",
      "n13",
      "n14",
      "e2"
    ],
    [
      "i1",
      "n1",
      "n2",
      "b1",
      "n3",
      "n5",
      "n6",
      "b2",
      "n8",
      "b4",
      "n16",
      "n17",
      "e3"
    ],
    [
      "i1",
      "n1",
      "n2",
      "b1",
      "n3",
      "n5",
      "n6",
      "b2",
      "n8",
      "b4",
      "n18",
      "n19",
      "e4"
    ],
    [
      "i1",
      "n1",
      "n2",
      "b1",
      "n4",
      "n22",
      "n23",
      "b6",
      "n27",
      "n30",
      "n34",
      "n35",
      "e6"
    ],
    [
      "i1",
      "n1",
      "n2",
      "b1",
      "n4",
      "n22",
      "n23",
      "b6",
      "n40",
      "n41",
      "n42",
      "n43",
      "e9"
    ],
    [
      "i1",
      "n1",
      "n2",
      "b1",
      "n4",
      "n22",
      "n23",
      "b6",
      "n44",
      "n45",
      "n46",
      "e10"
    ]
  ],
  "source_text_traces": [
    [
      "i2",
      "i4",
      "i5",
      "i6"
    ],
    [
      "i2",
      "i4",
      "i5",
      "i17"
    ],
    [
      "i2",
      "i4",
      "i7",
      "i8"
    ],
    [
      "i2",
      "i4",
      "i7",
      "i9"
    ],
    [
      "i2",
      "i11",
      "i12",
      "i13",
      "i14"
    ],
    [
      "i2",
      "i11",
      "i15"
    ],
    [
      "i2",
      "i11",
      "i16"
    ]
  ]
}