{
  "model_traces": [
    [
      "i1",
      "n1",
      "n2",
      "n3",
      "b1",
      "b7",
      "n24",
      "b8",
      "n25",
      "c6",
      "b9",
      "n28",
      "c7",
      "n30",
      "n31",
      "n32",
      "n33",
      "e2"
    ],
    [
      "i1",
      "n1",
      "n2",
      "n3",
      "b1",
      "b7",
      "n24",
      "b8",
      "n25",
      "c6",
      "b9",
      "n29",
      "c7",
      "n30",
      "n31",
      "n32",
      "n33",
      "e2"
    ],
    [
      "i1",
      "n1",
      "n2",
      "n3",
      "b1",
      "b7",
      "n24",
      "b8",
      "n26",
      "c6",
      "b9",
      "n28",
      "c7",
      "n30",
      "n31",
      "n32",
      "n33",
      "e2"
    ],
    [
      "i1",
      "n1",
      "n2",
      "n3",
      "b1",
      "b7",
      "n24",
      "b8",
      "n26",
      "c6",
      "b9",
      "n29",
      "c7",
      "n30",
      "n31",
      "n32",
      "n33",
      "e2"
    ],
    [
      "i1",
      "n1",
      "n2",
      "n3",
      "b1",
      "b7",
      "c6",
      "b9",
      "n28",
      "c7",
      "n30",
      "n31",
      "n32",
      "n33",
      "e2"
    ],
    [
      "i1",
      "n1",
      "n2",
      "n3",
      "b1",
      "b7",
      "c6",
      "b9",
      "n29",
      "c7",
      "n30",
      "n31",
      "n32",
      "n33",
      "e2"
    ]
  ],
  "source_text_traces": [
    [
      "i1",
      "i2",
      "i23",
      "i3",
      "i4",
      "i5",
      "i6",
      "i7",
      "i8",
      "i9",
      "i10",
      "i11",
      "i12",
      "i13",
      "i14",
      "i15"
    ],
    [
      "i1",
      "i2",
      "i23",
      "i16",
      "i24",
      "i17",
      "i19",
      "i20",
      "i21",
      "i22"
    ],
    [
      "i1",
      "i2",
      "i23",
      "i16",
      "i24",
      "i18",
      "i19",
      "i20",
      "i21",
      "i22"
    ]
  ]
}