{
  "model_traces": [
    [
      "i1",
      "n1",
      "b1",
      "n3",
      "e1"
    ],
    [
      "i1",
      "n1",
      "b1",
      "n4",
      "n5",
      "n6",
      "n7",
      "n8",
      "n10",
      "b3",
      "n11",
      "e3"
    ],
    [
      "i1",
      "n1",
      "b1",
      "n4",
      "n5",
      "n6",
      "n7",
      "n8",
      "n10",
      "b3",
      "n12",
      "b4",
      "n14",
      "e4"
    ],
    [
      "i1",
      "n1",
      "b1",
      "n4",
      "n5",
      "n6",
      "n7",
      "n8",
      "n10",
      "b3",
      "n12",
      "b4",
      "n17",
      "e5"
    ]
  ],
  "source_text_traces": [
    [
      "i1",
      "i5",
      "i7"
    ],
    [
      "i1",
      "i2",
      "i4",
      "i9",
      "i12",
      "i13",
      "i15",
      "i16"
    ],
    [
      "i1",
      "i2",
      "i4",
      "i9",
      "i12",
      "i13",
      "i15",
      "i17",
      "i18",
      "i19"
    ],
    [
      "i1",
      "i2",
      "i4",
      "i9",
      "i12",
      "i13",
      "i15",
      "i17",
      "i18",
      "i20",
      "i21"
    ]
  ]
}