{
  "model_traces": [
    [
      "start_node",
      "c_start",
      "n2",
      "n3",
      "n4",
      "b1",
      "n_i6",
      "n6",
      "n_i10",
      "n7",
      "n8",
      "b2",
      "n9",
      "e1"
    ],
    [
      "start_node",
      "c_start",
      "n2",
      "n3",
      "n4",
      "b1",
      "n_i8",
      "c_n10",
      "n10",
      "b3",
      "n13",
      "n14",
      "n15",
      "b4",
      "n16",
      "e2"
    ]
  ],
  "source_text_traces": [
    [
      "i1",
      "i2",
      "i3",
      "i4",
      "i5",
      "i8",
      "i9",
      "i10",
      "i11",
      "i12",
      "i13"
    ],
    [
      "i1",
      "i2",
      "i3",
      "i4",
      "i5",
      "i8",
      "i9",
      "i10",
      "i11",
      "i8"
    ],
    [
      "i1",
      "i2",
      "i3",
      "i6",
      "i7",
      "i14",
      "i4",
      "i16",
      "i17",
      "i18",
      "i19",
      "i20"
    ],
    [
      "i1",
      "i2",
      "i3",
      "i6",
      "i7",
      "i14",
      "i4",
      "i16",
      "i17",
      "i18",
      "i14"
    ],
    [
      "i1",
      "i2",
      "i3",
      "i6",
      "i7",
      "i14",
      "i6",
      "i15",
      "i14"
    ]
  ]
}