{
  "model_traces": [
    [
      "i1",
      "n1",
      "n2",
      "b1",
      "n3",
      "b4",
      "n5",
      "c1",
      "n7",
      "n8",
      "n9",
      "n10",
      "b2",
      "n11",
      "n12",
      "e2"
    ],
    [
      "i1",
      "n1",
      "n2",
      "b1",
      "n3",
      "b4",
      "n5",
      "c1",
      "n7",
      "n8",
      "n9",
      "n10",
      "b2",
      "n13",
      "n14",
      "b3",
      "n15",
      "e3"
    ],
    [
      "i1",
      "n1",
      "n2",
      "b1",
      "n3",
      "b4",
      "n5",
      "c1",
      "n7",
      "n8",
      "n9",
      "n10",
      "b2",
      "n13",
      "n14",
      "b3",
      "n16",
      "n17",
      "e4"
    ],
    [
      "i1",
      "n1",
      "n2",
      "b1",
      "n3",
      "b4",
      "n6",
      "c1",
      "n7",
      "n8",
      "n9",
      "n10",
      "b2",
      "n11",
      "n12",
      "e2"
    ],
    [
      "i1",
      "n1",
      "n2",
      "b1",
      "n3",
      "b4",
      "n6",
      "c1",
      "n7",
      "n8",
      "n9",
      "n10",
      "b2",
      "n13",
      "n14",
      "b3",
      "n15",
      "e3"
    ],
    [
      "i1",
      "n1",
      "n2",
      "b1",
      "n3",
      "b4",
      "n6",
      "c1",
      "n7",
      "n8",
      "n9",
      "n10",
      "b2",
      "n13",
      "n14",
      "b3",
      "n16",
      "n17",
      "e4"
    ],
    [
      "i1",
      "n1",
      "n2",
      "b1",
      "n4",
      "e1"
    ]
  ],
  "source_text_traces": [
    [
      "i1",
      "i2",
      "i5",
      "i6"
    ],
    [
      "i1",
      "i2",
      "i3",
      "i4",
      "i7",
      "i8",
      "i9",
      "i12",
      "i13",
      "i14",
      "i15",
      "i16",
      "i17"
    ],
    [
      "i1",
      "i2",
      "i3",
      "i4",
      "i7",
      "i10",
      "i11",
      "i12",
      "i13",
      "i14",
      "i15",
      "i16",
      "i17"
    ],
    [
      "i1",
      "i2",
      "i3",
      "i4",
      "i7",
      "i8",
      "i9",
      "i12",
      "i13",
      "i14",
      "i15",
      "i16",
      "i18",
      "i19",
      "i20"
    ],
    [
      "i1",
      "i2",
      "i3",
      "i4",
      "i7",
      "i10",
      "i11",
      "i12",
      "i13",
      "i14",
      "i15",
      "i16",
      "i18",
      "i19",
      "i20"
    ],
    [
      "i1",
      "i2",
      "i3",
      "i4",
      "i7",
      "i8",
      "i9",
      "i12",
      "i13",
      "i14",
      "i15",
      "i16",
      "i18",
      "i21",
      "i22",
      "i18"
    ],
    [
      "i1",
      "i2",
      "i3",
      "i4",
      "i7",
      "i10",
      "i11",
      "i12",
      "i13",
      "i14",
      "i15",
      "i16",
      "i18",
      "i21",
      "i22",
      "i18"
    ]
  ]
}