{
  "model_traces": [
    [
      "i1",
      "n2",
      "n3",
      "n4",
      "n5",
      "b1",
      "c1",
      "n6",
      "n7",
      "n7a",
      "n8",
      "b2",
      "n8a",
      "n9",
      "e1"
    ],
    [
      "i1",
      "n2",
      "n3",
      "n4",
      "n5",
      "b1",
      "c2",
      "n11",
      "n13",
      "b3",
      "c3",
      "n14",
      "n15",
      "n16",
      "b4",
      "n16a",
      "n17",
      "e2"
    ]
  ],
  "source_text_traces": [
    [
      "i1",
      "i2",
      "i3",
      "i4",
      "i5",
      "i7",
      "i8",
      "i9",
      "i10",
      "i7"
    ],
    [
      "i1",
      "i2",
      "i3",
      "i4",
      "i5",
      "i7",
      "i8",
      "i9",
      "i10",
      "i11",
      "i12"
    ],
    [
      "i1",
      "i2",
      "i3",
      "i4",
      "i6",
      "i13",
      "i14",
      "i13"
    ],
    [
      "i1",
      "i2",
      "i3",
      "i4",
      "i6",
      "i13",
      "i14",
      "i15",
      "i16",
      "i17",
      "i15"
    ],
    [
      "i1",
      "i2",
      "i3",
      "i4",
      "i6",
      "i13",
      "i14",
      "i15",
      "i16",
      "i17",
      "i18",
      "i19"
    ]
  ]
}