{
  "model_traces": [
    [
      "i1",
      "n2",
      "b1",
      "c1",
      "n11",
      "n12",
      "n13",
      "b2",
      "n14",
      "e1"
    ],
    [
      "i1",
      "n2",
      "b1",
      "c1",
      "n11",
      "n12",
      "n13",
      "b2",
      "n15",
      "b3",
      "n17",
      "e1"
    ],
    [
      "i1",
      "n2",
      "b1",
      "c1",
      "n11",
      "n12",
      "n13",
      "b2",
      "n15",
      "b3",
      "n18",
      "e1"
    ],
    [
      "i1",
      "n2",
      "b1",
      "c1",
      "n11",
      "n12",
      "n13",
      "b2",
      "n19",
      "n20",
      "n22",
      "e1"
    ],
    [
      "i1",
      "n2",
      "b1",
      "n6",
      "n7",
      "n8",
      "n9",
      "n10",
      "c1",
      "n11",
      "n12",
      "n13",
      "b2",
      "n14",
      "e1"
    ],
    [
      "i1",
      "n2",
      "b1",
      "n6",
      "n7",
      "n8",
      "n9",
      "n10",
      "c1",
      "n11",
      "n12",
      "n13",
      "b2",
      "n15",
      "b3",
      "n17",
      "e1"
    ],
    [
      "i1",
      "n2",
      "b1",
      "n6",
      "n7",
      "n8",
      "n9",
      "n10",
      "c1",
      "n11",
      "n12",
      "n13",
      "b2",
      "n15",
      "b3",
      "n18",
      "e1"
    ],
    [
      "i1",
      "n2",
      "b1",
      "n6",
      "n7",
      "n8",
      "n9",
      "n10",
      "c1",
      "n11",
      "n12",
      "n13",
      "b2",
      "n19",
      "n20",
      "n22",
      "e1"
    ]
  ],
  "source_text_traces": [
    [
      "i1",
      "i3",
      "i4",
      "i5",
      "i6",
      "i7",
      "i8",
      "i9",
      "i10",
      "i17",
      "i11"
    ],
    [
      "i1",
      "i3",
      "i4",
      "i5",
      "i6",
      "i7",
      "i8",
      "i9",
      "i10",
      "i17",
      "i12"
    ],
    [
      "i1",
      "i3",
      "i4",
      "i5",
      "i6",
      "i7",
      "i8",
      "i9",
      "i10",
      "i17",
      "i14"
    ],
    [
      "i1",
      "i3",
      "i4",
      "i5",
      "i6",
      "i7",
      "i8",
      "i9",
      "i10",
      "i17",
      "i15",
      "i16"
    ]
  ]
}