{
  "model_traces": [
    [
      "i1",
      "n2",
      "n3",
      "n5",
      "n7",
      "b_choose",
      "n12",
      "n13",
      "n14",
      "n15",
      "n16",
      "e_inst"
    ],
    [
      "i1",
      "n2",
      "n3",
      "n5",
      "n7",
      "b_choose",
      "n17",
      "n18",
      "n19",
      "n20",
      "n21",
      "n22",
      "n23",
      "n24",
      "e_lock"
    ],
    [
      "i1",
      "n2",
      "n3",
      "n5",
      "n7",
      "b_choose",
      "n26",
      "n27",
      "e_unlock"
    ],
    [
      "i1",
      "n2",
      "n3",
      "n5",
      "n7",
      "b_choose",
      "n28",
      "n30",
      "n32",
      "n25",
      "e_notice"
    ]
  ],
  "source_text_traces": [
    [
      "i1",
      "i2",
      "i3",
      "i4",
      "i5",
      "i6",
      "i10",
      "i11",
      "i12",
      "i13",
      "i14"
    ],
    [
      "i1",
      "i2",
      "i3",
      "i4",
      "i5",
      "i7",
      "i15",
      "i16",
      "i17",
      "i18",
      "i19",
      "i20",
      "i21",
      "i22"
    ],
    [
      "i1",
      "i2",
      "i3",
      "i4",
      "i5",
      "i8",
      "i23",
      "i24"
    ],
    [
      "i1",
      "i2",
      "i3",
      "i4",
      "i5",
      "i9",
      "i25",
      "i26",
      "i27"
    ]
  ]
}