{
  "model_traces": [
    [
      "i1",
      "n2",
      "n3",
      "b1",
      "n5",
      "c3",
      "b2",
      "n8",
      "c4",
      "n17",
      "e2"
    ],
    [
      "i1",
      "n2",
      "n3",
      "b1",
      "n5",
      "c3",
      "b2",
      "b3",
      "n10",
      "n11",
      "n12",
      "b4",
      "n13",
      "e1"
    ],
    [
      "i1",
      "n2",
      "n3",
      "b1",
      "n5",
      "c3",
      "b2",
      "b3",
      "n10",
      "n11",
      "n12",
      "b4",
      "c2",
      "n15",
      "b6",
      "n16",
      "n18",
      "b7",
      "n19",
      "e3"
    ],
    [
      "i1",
      "n2",
      "n3",
      "b1",
      "n5",
      "c3",
      "b2",
      "b3",
      "n10",
      "n11",
      "n12",
      "b4",
      "c2",
      "n15",
      "b6",
      "n16",
      "n18",
      "b7",
      "n20",
      "n21",
      "n22",
      "b8",
      "n23",
      "e4"
    ],
    [
      "i1",
      "n2",
      "n3",
      "b1",
      "n5",
      "c3",
      "b2",
      "b3",
      "n10",
      "n11",
      "n12",
      "b4",
      "c2",
      "n15",
      "b6",
      "n16",
      "n18",
      "b7",
      "n20",
      "n21",
      "n22",
      "b8",
      "c4",
      "n17",
      "e2"
    ],
    [
      "i1",
      "n2",
      "n3",
      "b1",
      "n5",
      "c3",
      "b2",
      "b3",
      "n10",
      "n11",
      "n12",
      "b4",
      "c2",
      "n15",
      "b6",
      "c4",
      "n17",
      "e2"
    ],
    [
      "i1",
      "n2",
      "n3",
      "b1",
      "n5",
      "c3",
      "b2",
      "b3",
      "c2",
      "n15",
      "b6",
      "n16",
      "n18",
      "b7",
      "n19",
      "e3"
    ],
    [
      "i1",
      "n2",
      "n3",
      "b1",
      "n5",
      "c3",
      "b2",
      "b3",
      "c2",
      "n15",
      "b6",
      "n16",
      "n18",
      "b7",
      "n20",
      "n21",
      "n22",
      "b8",
      "n23",
      "e4"
    ],
    [
      "i1",
      "n2",
      "n3",
      "b1",
      "n5",
      "c3",
      "b2",
      "b3",
      "c2",
      "n15",
      "b6",
      "n16",
      "n18",
      "b7",
      "n20",
      "n21",
      "n22",
      "b8",
      "c4",
      "n17",
      "e2"
    ],
    [
      "i1",
      "n2",
      "n3",
      "b1",
      "n5",
      "c3",
      "b2",
      "b3",
      "c2",
      "n15",
      "b6",
      "c4",
      "n17",
      "e2"
    ],
    [
      "i1",
      "n2",
      "n3",
      "b1",
      "n6",
      "c3",
      "b2",
      "n8",
      "c4",
      "n17",
      "e2"
    ],
    [
      "i1",
      "n2",
      "n3",
      "b1",
      "n6",
      "c3",
      "b2",
      "b3",
      "n10",
      "n11",
      "n12",
      "b4",
      "n13",
      "e1"
    ],
    [
      "i1",
      "n2",
      "n3",
      "b1",
      "n6",
      "c3",
      "b2",
      "b3",
      "n10",
      "n11",
      "n12",
      "b4",
      "c2",
      "n15",
      "b6",
      "n16",
      "n18",
      "b7",
      "n19",
      "e3"
    ],
    [
      "i1",
      "n2",
      "n3",
      "b1",
      "n6",
      "c3",
      "b2",
      "b3",
      "n10",
      "n11",
      "n12",
      "b4",
      "c2",
      "n15",
      "b6",
      "n16",
      "n18",
      "b7",
      "n20",
      "n21",
      "n22",
      "b8",
      "n23",
      "e4"
    ],
    [
      "i1",
      "n2",
      "n3",
      "b1",
      "n6",
      "c3",
      "b2",
      "b3",
      "n10",
      "n11",
      "n12",
      "b4",
      "c2",
      "n15",
      "b6",
      "n16",
      "n18",
      "b7",
      "n20",
      "n21",
      "n22",
      "b8",
      "c4",
      "n17",
      "e2"
    ],
    [
      "i1",
      "n2",
      "n3",
      "b1",
      "n6",
      "c3",
      "b2",
      "b3",
      "n10",
      "n11",
      "n12",
      "b4",
      "c2",
      "n15",
      "b6",
      "c4",
      "n17",
      "e2"
    ],
    [
      "i1",
      "n2",
      "n3",
      "b1",
      "n6",
      "c3",
      "b2",
      "b3",
      "c2",
      "n15",
      "b6",
      "n16",
      "n18",
      "b7",
      "n19",
      "e3"
    ],
    [
      "i1",
      "n2",
      "n3",
      "b1",
      "n6",
      "c3",
      "b2",
      "b3",
      "c2",
      "n15",
      "b6",
      "n16",
      "n18",
      "b7",
      "n20",
      "n21",
      "n22",
      "b8",
      "n23",
      "e4"
    ],
    [
      "i1",
      "n2",
      "n3",
      "b1",
      "n6",
      "c3",
      "b2",
      "b3",
      "c2",
      "n15",
      "b6",
      "n16",
      "n18",
      "b7",
      "n20",
      "n21",
      "n22",
      "b8",
      "c4",
      "n17",
      "e2"
    ],
    [
      "i1",
      "n2",
      "n3",
      "b1",
      "n6",
      "c3",
      "b2",
      "b3",
      "c2",
      "n15",
      "b6",
      "c4",
      "n17",
      "e2"
    ]
  ],
  "source_text_traces": [
    [
      "i1",
      "i2",
      "i3",
      "i37",
      "i9",
      "i10",
      "i27",
      "i36"
    ],
    [
      "i1",
      "i2",
      "i3",
      "i37",
      "i9",
      "i14",
      "i16",
      "i21",
      "i24",
      "i25"
    ],
    [
      "i1",
      "i2",
      "i3",
      "i37",
      "i9",
      "i14",
      "i16",
      "i21",
      "i26",
      "i29",
      "i31",
      "i32",
      "i33",
      "i34",
      "i35",
      "i36"
    ],
    [
      "i1",
      "i2",
      "i3",
      "i37",
      "i9",
      "i17",
      "i30",
      "i36"
    ],
    [
      "i1",
      "i2",
      "i7",
      "i10",
      "i27",
      "i36"
    ],
    [
      "i1",
      "i2",
      "i7",
      "i14",
      "i16",
      "i21",
      "i24",
      "i25"
    ],
    [
      "i1",
      "i2",
      "i7",
      "i14",
      "i16",
      "i21",
      "i26",
      "i29",
      "i31",
      "i32",
      "i33",
      "i34",
      "i35",
      "i36"
    ],
    [
      "i1",
      "i2",
      "i7",
      "i17",
      "i30",
      "i36"
    ]
  ]
}