{
  "model_traces": [
    [
      "i1",
      "n1",
      "n2",
      "b1",
      "n3",
      "n5",
      "b2",
      "n6",
      "e1"
    ],
    [
      "i1",
      "n1",
      "n2",
      "b1",
      "n3",
      "n5",
      "b2",
      "n8",
      "e2"
    ],
    [
      "i1",
      "n1",
      "n2",
      "b1",
      "n3",
      "n5",
      "b2",
      "n10",
      "b4",
      "n11",
      "e3"
    ],
    [
      "i1",
      "n1",
      "n2",
      "b1",
      "n3",
      "n5",
      "b2",
      "n10",
      "b4",
      "n13",
      "e4"
    ],
    [
      "i1",
      "n1",
      "n2",
      "b1",
      "n4",
      "n15",
      "n16",
      "n18",
      "n20",
      "n22",
      "n24",
      "b3",
      "n25",
      "c1",
      "n27",
      "n28",
      "n29",
      "e5"
    ],
    [
      "i1",
      "n1",
      "n2",
      "b1",
      "n4",
      "n15",
      "n16",
      "n18",
      "n20",
      "n22",
      "n24",
      "b3",
      "n26",
      "c1",
      "n27",
      "n28",
      "n29",
      "e5"
    ]
  ],
  "source_text_traces": [
    [
      "i1",
      "i2",
      "i12"
    ],
    [
      "i1",
      "i2",
      "i13"
    ],
    [
      "i1",
      "i2",
      "i3",
      "i14"
    ],
    [
      "i1",
      "i2",
      "i3",
      "i15"
    ],
    [
      "i1",
      "i4",
      "i5",
      "i6",
      "i7",
      "i8",
      "i9",
      "i10",
      "i11"
    ]
  ]
}