{
  "model_traces": [
    [
      "i1",
      "n1",
      "n2",
      "n3",
      "n4",
      "b1",
      "n5",
      "n7",
      "b2",
      "n8",
      "n10",
      "b3",
      "n11",
      "n15",
      "c1",
      "n17",
      "b11",
      "n18",
      "n23",
      "b5",
      "n24",
      "n27",
      "b6",
      "n28",
      "n31",
      "b7",
      "n32",
      "c2",
      "n42",
      "b9",
      "n43",
      "n44",
      "n45",
      "e2"
    ],
    [
      "i1",
      "n1",
      "n2",
      "n3",
      "n4",
      "b1",
      "n5",
      "n7",
      "b2",
      "n8",
      "n10",
      "b3",
      "n11",
      "n15",
      "c1",
      "n17",
      "b11",
      "n18",
      "n23",
      "b5",
      "n24",
      "n27",
      "b6",
      "n28",
      "n31",
      "b7",
      "n32",
      "c2",
      "n42",
      "b9",
      "e1"
    ],
    [
      "i1",
      "n1",
      "n2",
      "n3",
      "n4",
      "b1",
      "n5",
      "n7",
      "b2",
      "n8",
      "n10",
      "b3",
      "n11",
      "n15",
      "c1",
      "n17",
      "b11",
      "n18",
      "n23",
      "b5",
      "n24",
      "n27",
      "b6",
      "n28",
      "n31",
      "b7",
      "e1"
    ],
    [
      "i1",
      "n1",
      "n2",
      "n3",
      "n4",
      "b1",
      "n5",
      "n7",
      "b2",
      "n8",
      "n10",
      "b3",
      "n11",
      "n15",
      "c1",
      "n17",
      "b11",
      "n18",
      "n23",
      "b5",
      "n24",
      "n27",
      "b6",
      "e1"
    ],
    [
      "i1",
      "n1",
      "n2",
      "n3",
      "n4",
      "b1",
      "n5",
      "n7",
      "b2",
      "n8",
      "n10",
      "b3",
      "n11",
      "n15",
      "c1",
      "n17",
      "b11",
      "n18",
      "n23",
      "b5",
      "e1"
    ],
    [
      "i1",
      "n1",
      "n2",
      "n3",
      "n4",
      "b1",
      "n5",
      "n7",
      "b2",
      "n8",
      "n10",
      "b3",
      "n11",
      "n15",
      "c1",
      "n17",
      "b11",
      "n19",
      "n36",
      "n38",
      "b8",
      "c2",
      "n42",
      "b9",
      "n43",
      "n44",
      "n45",
      "e2"
    ],
    [
      "i1",
      "n1",
      "n2",
      "n3",
      "n4",
      "b1",
      "n5",
      "n7",
      "b2",
      "n8",
      "n10",
      "b3",
      "n11",
      "n15",
      "c1",
      "n17",
      "b11",
      "n19",
      "n36",
      "n38",
      "b8",
      "c2",
      "n42",
      "b9",
      "e1"
    ],
    [
      "i1",
      "n1",
      "n2",
      "n3",
      "n4",
      "b1",
      "n5",
      "n7",
      "b2",
      "n8",
      "n10",
      "b3",
      "n11",
      "n15",
      "c1",
      "n17",
      "b11",
      "n19",
      "n36",
      "n38",
      "b8",
      "e1"
    ],
    [
      "i1",
      "n1",
      "n2",
      "n3",
      "n4",
      "b1",
      "n5",
      "n7",
      "b2",
      "n8",
      "n10",
      "b3",
      "n12",
      "b4",
      "n13",
      "c1",
      "n17",
      "b11",
      "n18",
      "n23",
      "b5",
      "n24",
      "n27",
      "b6",
      "n28",
      "n31",
      "b7",
      "n32",
      "c2",
      "n42",
      "b9",
      "n43",
      "n44",
      "n45",
      "e2"
    ],
    [
      "i1",
      "n1",
      "n2",
      "n3",
      "n4",
      "b1",
      "n5",
      "n7",
      "b2",
      "n8",
      "n10",
      "b3",
      "n12",
      "b4",
      "n13",
      "c1",
      "n17",
      "b11",
      "n18",
      "n23",
      "b5",
      "n24",
      "n27",
      "b6",
      "n28",
      "n31",
      "b7",
      "n32",
      "c2",
      "n42",
      "b9",
      "e1"
    ],
    [
      "i1",
      "n1",
      "n2",
      "n3",
      "n4",
      "b1",
      "n5",
      "n7",
      "b2",
      "n8",
      "n10",
      "b3",
      "n12",
      "b4",
      "n13",
      "c1",
      "n17",
      "b11",
      "n18",
      "n23",
      "b5",
      "n24",
      "n27",
      "b6",
      "n28",
      "n31",
      "b7",
      "e1"
    ],
    [
      "i1",
      "n1",
      "n2",
      "n3",
      "n4",
      "b1",
      "n5",
      "n7",
      "b2",
      "n8",
      "n10",
      "b3",
      "n12",
      "b4",
      "n13",
      "c1",
      "n17",
      "b11",
      "n18",
      "n23",
      "b5",
      "n24",
      "n27",
      "b6",
      "e1"
    ],
    [
      "i1",
      "n1",
      "n2",
      "n3",
      "n4",
      "b1",
      "n5",
      "n7",
      "b2",
      "n8",
      "n10",
      "b3",
      "n12",
      "b4",
      "n13",
      "c1",
      "n17",
      "b11",
      "n18",
      "n23",
      "b5",
      "e1"
    ],
    [
      "i1",
      "n1",
      "n2",
      "n3",
      "n4",
      "b1",
      "n5",
      "n7",
      "b2",
      "n8",
      "n10",
      "b3",
      "n12",
      "b4",
      "n13",
      "c1",
      "n17",
      "b11",
      "n19",
      "n36",
      "n38",
      "b8",
      "c2",
      "n42",
      "b9",
      "n43",
      "n44",
      "n45",
      "e2"
    ],
    [
      "i1",
      "n1",
      "n2",
      "n3",
      "n4",
      "b1",
      "n5",
      "n7",
      "b2",
      "n8",
      "n10",
      "b3",
      "n12",
      "b4",
      "n13",
      "c1",
      "n17",
      "b11",
      "n19",
      "n36",
      "n38",
      "b8",
      "c2",
      "n42",
      "b9",
      "e1"
    ],
    [
      "i1",
      "n1",
      "n2",
      "n3",
      "n4",
      "b1",
      "n5",
      "n7",
      "b2",
      "n8",
      "n10",
      "b3",
      "n12",
      "b4",
      "n13",
      "c1",
      "n17",
      "b11",
      "n19",
      "n36",
      "n38",
      "b8",
      "e1"
    ],
    [
      "i1",
      "n1",
      "n2",
      "n3",
      "n4",
      "b1",
      "n5",
      "n7",
      "b2",
      "n8",
      "n10",
      "b3",
      "n12",
      "b4",
      "n14",
      "n16",
      "c1",
      "n17",
      "b11",
      "n18",
      "n23",
      "b5",
      "n24",
      "n27",
      "b6",
      "n28",
      "n31",
      "b7",
      "n32",
      "c2",
      "n42",
      "b9",
      "n43",
      "n44",
      "n45",
      "e2"
    ],
    [
      "i1",
      "n1",
      "n2",
      "n3",
      "n4",
      "b1",
      "n5",
      "n7",
      "b2",
      "n8",
      "n10",
      "b3",
      "n12",
      "b4",
      "n14",
      "n16",
      "c1",
      "n17",
      "b11",
      "n18",
      "n23",
      "b5",
      "n24",
      "n27",
      "b6",
      "n28",
      "n31",
      "b7",
      "n32",
      "c2",
      "n42",
      "b9",
      "e1"
    ],
    [
      "i1",
      "n1",
      "n2",
      "n3",
      "n4",
      "b1",
      "n5",
      "n7",
      "b2",
      "n8",
      "n10",
      "b3",
      "n12",
      "b4",
      "n14",
      "n16",
      "c1",
      "n17",
      "b11",
      "n18",
      "n23",
      "b5",
      "n24",
      "n27",
      "b6",
      "n28",
      "n31",
      "b7",
      "e1"
    ],
    [
      "i1",
      "n1",
      "n2",
      "n3",
      "n4",
      "b1",
      "n5",
      "n7",
      "b2",
      "n8",
      "n10",
      "b3",
      "n12",
      "b4",
      "n14",
      "n16",
      "c1",
      "n17",
      "b11",
      "n18",
      "n23",
      "b5",
      "n24",
      "n27",
      "b6",
      "e1"
    ],
    [
      "i1",
      "n1",
      "n2",
      "n3",
      "n4",
      "b1",
      "n5",
      "n7",
      "b2",
      "n8",
      "n10",
      "b3",
      "n12",
      "b4",
      "n14",
      "n16",
      "c1",
      "n17",
      "b11",
      "n18",
      "n23",
      "b5",
      "e1"
    ],
    [
      "i1",
      "n1",
      "n2",
      "n3",
      "n4",
      "b1",
      "n5",
      "n7",
      "b2",
      "n8",
      "n10",
      "b3",
      "n12",
      "b4",
      "n14",
      "n16",
      "c1",
      "n17",
      "b11",
      "n19",
      "n36",
      "n38",
      "b8",
      "c2",
      "n42",
      "b9",
      "n43",
      "n44",
      "n45",
      "e2"
    ],
    [
      "i1",
      "n1",
      "n2",
      "n3",
      "n4",
      "b1",
      "n5",
      "n7",
      "b2",
      "n8",
      "n10",
      "b3",
      "n12",
      "b4",
      "n14",
      "n16",
      "c1",
      "n17",
      "b11",
      "n19",
      "n36",
      "n38",
      "b8",
      "c2",
      "n42",
      "b9",
      "e1"
    ],
    [
      "i1",
      "n1",
      "n2",
      "n3",
      "n4",
      "b1",
      "n5",
      "n7",
      "b2",
      "n8",
      "n10",
      "b3",
      "n12",
      "b4",
      "n14",
      "n16",
      "c1",
      "n17",
      "b11",
      "n19",
      "n36",
      "n38",
      "b8",
      "e1"
    ],
    [
      "i1",
      "n1",
      "n2",
      "n3",
      "n4",
      "b1",
      "n5",
      "n7",
      "b2",
      "n9",
      "e1"
    ],
    [
      "i1",
      "n1",
      "n2",
      "n3",
      "n4",
      "b1",
      "n6",
      "e1"
    ]
  ],
  "source_text_traces": [
    [
      "i1",
      "i2",
      "i3",
      "i5",
      "i7"
    ],
    [
      "i1",
      "i2",
      "i3",
      "i4",
      "i6",
      "i10",
      "i8",
      "i11",
      "i6"
    ],
    [
      "i1",
      "i2",
      "i3",
      "i4",
      "i6",
      "i10",
      "i9",
      "i12",
      "i13",
      "i15",
      "i17",
      "i18",
      "i19",
      "i20"
    ],
    [
      "i1",
      "i2",
      "i3",
      "i4",
      "i6",
      "i10",
      "i9",
      "i12",
      "i14",
      "i16",
      "i13",
      "i15",
      "i17",
      "i18",
      "i19",
      "i20"
    ]
  ]
}