{
  "model_traces": [
    [
      "i1",
      "n1",
      "n1_5",
      "n2",
      "b1",
      "n3",
      "n5",
      "n6",
      "b4",
      "n7",
      "c1",
      "n9",
      "n10",
      "b5",
      "n11",
      "c2",
      "n13",
      "n14",
      "n15",
      "n16",
      "n18",
      "n19",
      "b7",
      "n20",
      "n20_fix",
      "c3",
      "n22",
      "b8",
      "n23",
      "c4",
      "n25",
      "n25_next",
      "n29_note",
      "e_install"
    ],
    [
      "i1",
      "n1",
      "n1_5",
      "n2",
      "b1",
      "n3",
      "n5",
      "n6",
      "b4",
      "n7",
      "c1",
      "n9",
      "n10",
      "b5",
      "n11",
      "c2",
      "n13",
      "n14",
      "n15",
      "n16",
      "n18",
      "n19",
      "b7",
      "n20",
      "n20_fix",
      "c3",
      "n22",
      "b8",
      "n24",
      "c4",
      "n25",
      "n25_next",
      "n29_note",
      "e_install"
    ],
    [
      "i1",
      "n1",
      "n1_5",
      "n2",
      "b1",
      "n3",
      "n5",
      "n6",
      "b4",
      "n7",
      "c1",
      "n9",
      "n10",
      "b5",
      "n11",
      "c2",
      "n13",
      "n14",
      "n15",
      "n16",
      "n18",
      "n19",
      "b7",
      "n21",
      "c3",
      "n22",
      "b8",
      "n23",
      "c4",
      "n25",
      "n25_next",
      "n29_note",
      "e_install"
    ],
    [
      "i1",
      "n1",
      "n1_5",
      "n2",
      "b1",
      "n3",
      "n5",
      "n6",
      "b4",
      "n7",
      "c1",
      "n9",
      "n10",
      "b5",
      "n11",
      "c2",
      "n13",
      "n14",
      "n15",
      "n16",
      "n18",
      "n19",
      "b7",
      "n21",
      "c3",
      "n22",
      "b8",
      "n24",
      "c4",
      "n25",
      "n25_next",
      "n29_note",
      "e_install"
    ],
    [
      "i1",
      "n1",
      "n1_5",
      "n2",
      "b1",
      "n3",
      "n5",
      "n6",
      "b4",
      "n7",
      "c1",
      "n9",
      "n10",
      "b5",
      "n12",
      "c2",
      "n13",
      "n14",
      "n15",
      "n16",
      "n18",
      "n19",
      "b7",
      "n20",
      "n20_fix",
      "c3",
      "n22",
      "b8",
      "n23",
      "c4",
      "n25",
      "n25_next",
      "n29_note",
      "e_install"
    ],
    [
      "i1",
      "n1",
      "n1_5",
      "n2",
      "b1",
      "n3",
      "n5",
      "n6",
      "b4",
      "n7",
      "c1",
      "n9",
      "n10",
      "b5",
      "n12",
      "c2",
      "n13",
      "n14",
      "n15",
      "n16",
      "n18",
      "n19",
      "b7",
      "n20",
      "n20_fix",
      "c3",
      "n22",
      "b8",
      "n24",
      "c4",
      "n25",
      "n25_next",
      "n29_note",
      "e_install"
    ],
    [
      "i1",
      "n1",
      "n1_5",
      "n2",
      "b1",
      "n3",
      "n5",
      "n6",
      "b4",
      "n7",
      "c1",
      "n9",
      "n10",
      "b5",
      "n12",
      "c2",
      "n13",
      "n14",
      "n15",
      "n16",
      "n18",
      "n19",
      "b7",
      "n21",
      "c3",
      "n22",
      "b8",
      "n23",
      "c4",
      "n25",
      "n25_next",
      "n29_note",
      "e_install"
    ],
    [
      "i1",
      "n1",
      "n1_5",
      "n2",
      "b1",
      "n3",
      "n5",
      "n6",
      "b4",
      "n7",
      "c1",
      "n9",
      "n10",
      "b5",
      "n12",
      "c2",
      "n13",
      "n14",
      "n15",
      "n16",
      "n18",
      "n19",
      "b7",
      "n21",
      "c3",
      "n22",
      "b8",
      "n24",
      "c4",
      "n25",
      "n25_next",
      "n29_note",
      "e_install"
    ],
    [
      "i1",
      "n1",
      "n1_5",
      "n2",
      "b1",
      "n3",
      "n5",
      "n6",
      "b4",
      "n8",
      "c1",
      "n9",
      "n10",
      "b5",
      "n11",
      "c2",
      "n13",
      "n14",
      "n15",
      "n16",
      "n18",
      "n19",
      "b7",
      "n20",
      "n20_fix",
      "c3",
      "n22",
      "b8",
      "n23",
      "c4",
      "n25",
      "n25_next",
      "n29_note",
      "e_install"
    ],
    [
      "i1",
      "n1",
      "n1_5",
      "n2",
      "b1",
      "n3",
      "n5",
      "n6",
      "b4",
      "n8",
      "c1",
      "n9",
      "n10",
      "b5",
      "n11",
      "c2",
      "n13",
      "n14",
      "n15",
      "n16",
      "n18",
      "n19",
      "b7",
      "n20",
      "n20_fix",
      "c3",
      "n22",
      "b8",
      "n24",
      "c4",
      "n25",
      "n25_next",
      "n29_note",
      "e_install"
    ],
    [
      "i1",
      "n1",
      "n1_5",
      "n2",
      "b1",
      "n3",
      "n5",
      "n6",
      "b4",
      "n8",
      "c1",
      "n9",
      "n10",
      "b5",
      "n11",
      "c2",
      "n13",
      "n14",
      "n15",
      "n16",
      "n18",
      "n19",
      "b7",
      "n21",
      "c3",
      "n22",
      "b8",
      "n23",
      "c4",
      "n25",
      "n25_next",
      "n29_note",
      "e_install"
    ],
    [
      "i1",
      "n1",
      "n1_5",
      "n2",
      "b1",
      "n3",
      "n5",
      "n6",
      "b4",
      "n8",
      "c1",
      "n9",
      "n10",
      "b5",
      "n11",
      "c2",
      "n13",
      "n14",
      "n15",
      "n16",
      "n18",
      "n19",
      "b7",
      "n21",
      "c3",
      "n22",
      "b8",
      "n24",
      "c4",
      "n25",
      "n25_next",
      "n29_note",
      "e_install"
    ],
    [
      "i1",
      "n1",
      "n1_5",
      "n2",
      "b1",
      "n3",
      "n5",
      "n6",
      "b4",
      "n8",
      "c1",
      "n9",
      "n10",
      "b5",
      "n12",
      "c2",
      "n13",
      "n14",
      "n15",
      "n16",
      "n18",
      "n19",
      "b7",
      "n20",
      "n20_fix",
      "c3",
      "n22",
      "b8",
      "n23",
      "c4",
      "n25",
      "n25_next",
      "n29_note",
      "e_install"
    ],
    [
      "i1",
      "n1",
      "n1_5",
      "n2",
      "b1",
      "n3",
      "n5",
      "n6",
      "b4",
      "n8",
      "c1",
      "n9",
      "n10",
      "b5",
      "n12",
      "c2",
      "n13",
      "n14",
      "n15",
      "n16",
      "n18",
      "n19",
      "b7",
      "n20",
      "n20_fix",
      "c3",
      "n22",
      "b8",
      "n24",
      "c4",
      "n25",
      "n25_next",
      "n29_note",
      "e_install"
    ],
    [
      "i1",
      "n1",
      "n1_5",
      "n2",
      "b1",
      "n3",
      "n5",
      "n6",
      "b4",
      "n8",
      "c1",
      "n9",
      "n10",
      "b5",
      "n12",
      "c2",
      "n13",
      "n14",
      "n15",
      "n16",
      "n18",
      "n19",
      "b7",
      "n21",
      "c3",
      "n22",
      "b8",
      "n23",
      "c4",
      "n25",
      "n25_next",
      "n29_note",
      "e_install"
    ],
    [
      "i1",
      "n1",
      "n1_5",
      "n2",
      "b1",
      "n3",
      "n5",
      "n6",
      "b4",
      "n8",
      "c1",
      "n9",
      "n10",
      "b5",
      "n12",
      "c2",
      "n13",
      "n14",
      "n15",
      "n16",
      "n18",
      "n19",
      "b7",
      "n21",
      "c3",
      "n22",
      "b8",
      "n24",
      "c4",
      "n25",
      "n25_next",
      "n29_note",
      "e_install"
    ],
    [
      "i1",
      "n1",
      "n1_5",
      "n2",
      "b1",
      "n4",
      "n26",
      "b9",
      "n27_warn",
      "b_off",
      "n27_gui",
      "c_off",
      "c_led",
      "n29",
      "b10",
      "n30",
      "c5",
      "n38",
      "n32",
      "n33",
      "n34",
      "e_remove"
    ],
    [
      "i1",
      "n1",
      "n1_5",
      "n2",
      "b1",
      "n4",
      "n26",
      "b9",
      "n27_warn",
      "b_off",
      "n27_gui",
      "c_off",
      "c_led",
      "n29",
      "b10",
      "n31",
      "c5",
      "n38",
      "n32",
      "n33",
      "n34",
      "e_remove"
    ],
    [
      "i1",
      "n1",
      "n1_5",
      "n2",
      "b1",
      "n4",
      "n26",
      "b9",
      "n27_warn",
      "b_off",
      "n27_cli",
      "c_off",
      "c_led",
      "n29",
      "b10",
      "n30",
      "c5",
      "n38",
      "n32",
      "n33",
      "n34",
      "e_remove"
    ],
    [
      "i1",
      "n1",
      "n1_5",
      "n2",
      "b1",
      "n4",
      "n26",
      "b9",
      "n27_warn",
      "b_off",
      "n27_cli",
      "c_off",
      "c_led",
      "n29",
      "b10",
      "n31",
      "c5",
      "n38",
      "n32",
      "n33",
      "n34",
      "e_remove"
    ],
    [
      "i1",
      "n1",
      "n1_5",
      "n2",
      "b1",
      "n4",
      "n26",
      "b9",
      "n28",
      "c_led",
      "n29",
      "b10",
      "n30",
      "c5",
      "n38",
      "n32",
      "n33",
      "n34",
      "e_remove"
    ],
    [
      "i1",
      "n1",
      "n1_5",
      "n2",
      "b1",
      "n4",
      "n26",
      "b9",
      "n28",
      "c_led",
      "n29",
      "b10",
      "n31",
      "c5",
      "n38",
      "n32",
      "n33",
      "n34",
      "e_remove"
    ]
  ],
  "source_text_traces": [
    [
      "i1",
      "i2",
      "i3",
      "i4",
      "i5",
      "i6",
      "i7",
      "i8",
      "i9",
      "i10",
      "i17"
    ],
    [
      "i1",
      "i2",
      "i3",
      "i11",
      "i12",
      "i13",
      "i14"
    ]
  ]
}