{
  "model_traces": [
    [
      "i1",
      "b1",
      "i2",
      "c1",
      "i3",
      "i5",
      "b_split",
      "i9",
      "i10",
      "b6",
      "i11",
      "e2"
    ],
    [
      "i1",
      "b1",
      "i4",
      "c1",
      "i3",
      "i5",
      "b_split",
      "i9",
      "i10",
      "b6",
      "i11",
      "e2"
    ]
  ],
  "source_text_traces": [
    [
      "i1",
      "i2",
      "i3",
      "i5",
      "i6",
      "i3"
    ],
    [
      "i1",
      "i2",
      "i3",
      "i5",
      "i7",
      "i3"
    ],
    [
      "i1",
      "i2",
      "i3",
      "i5",
      "i8",
      "i3"
    ],
    [
      "i1",
      "i2",
      "i3",
      "i5",
      "i9",
      "i10",
      "i11"
    ],
    [
      "i1",
      "i4",
      "i3",
      "i5",
      "i6",
      "i3"
    ],
    [
      "i1",
      "i4",
      "i3",
      "i5",
      "i7",
      "i3"
    ],
    [
      "i1",
      "i4",
      "i3",
      "i5",
      "i8",
      "i3"
    ],
    [
      "i1",
      "i4",
      "i3",
      "i5",
      "i9",
      "i10",
      "i11"
    ]
  ]
}