{
  "model_traces": [
    [
      "i1",
      "n1",
      "n2",
      "n4",
      "n3",
      "n5",
      "n6",
      "n7",
      "n8",
      "n9",
      "b1",
      "n12",
      "c1",
      "n14",
      "b2",
      "n15",
      "c2",
      "n18",
      "n19",
      "n20",
      "n21",
      "n22",
      "n23",
      "n24",
      "n25",
      "n26",
      "e1"
    ],
    [
      "i1",
      "n1",
      "n2",
      "n4",
      "n3",
      "n5",
      "n6",
      "n7",
      "n8",
      "n9",
      "b1",
      "n12",
      "c1",
      "n14",
      "b2",
      "n16",
      "c2",
      "n18",
      "n19",
      "n20",
      "n21",
      "n22",
      "n23",
      "n24",
      "n25",
      "n26",
      "e1"
    ],
    [
      "i1",
      "n1",
      "n2",
      "n4",
      "n3",
      "n5",
      "n6",
      "n7",
      "n8",
      "n9",
      "b1",
      "n13",
      "c1",
      "n14",
      "b2",
      "n15",
      "c2",
      "n18",
      "n19",
      "n20",
      "n21",
      "n22",
      "n23",
      "n24",
      "n25",
      "n26",
      "e1"
    ],
    [
      "i1",
      "n1",
      "n2",
      "n4",
      "n3",
      "n5",
      "n6",
      "n7",
      "n8",
      "n9",
      "b1",
      "n13",
      "c1",
      "n14",
      "b2",
      "n16",
      "c2",
      "n18",
      "n19",
      "n20",
      "n21",
      "n22",
      "n23",
      "n24",
      "n25",
      "n26",
      "e1"
    ]
  ],
  "source_text_traces": [
    [
      "i1",
      "i2",
      "i3",
      "i5",
      "i4",
      "i6",
      "i7",
      "i8",
      "i12",
      "i10",
      "i13",
      "i14",
      "i15",
      "i16"
    ],
    [
      "i1",
      "i2",
      "i3",
      "i5",
      "i4",
      "i6",
      "i7",
      "i8",
      "i12",
      "i11",
      "i13",
      "i14",
      "i15",
      "i16"
    ],
    [
      "i1",
      "i2",
      "i3",
      "i5",
      "i4",
      "i6",
      "i7",
      "i9",
      "i10",
      "i12",
      "i10",
      "i13",
      "i14",
      "i15",
      "i16"
    ],
    [
      "i1",
      "i2",
      "i3",
      "i5",
      "i4",
      "i6",
      "i7",
      "i9",
      "i10",
      "i12",
      "i11",
      "i13",
      "i14",
      "i15",
      "i16"
    ],
    [
      "i1",
      "i2",
      "i3",
      "i5",
      "i4",
      "i6",
      "i7",
      "i9",
      "i11",
      "i12",
      "i10",
      "i13",
      "i14",
      "i15",
      "i16"
    ],
    [
      "i1",
      "i2",
      "i3",
      "i5",
      "i4",
      "i6",
      "i7",
      "i9",
      "i11",
      "i12",
      "i11",
      "i13",
      "i14",
      "i15",
      "i16"
    ]
  ]
}