{
  "model_traces": [
    [
      "i1",
      "b1",
      "n3",
      "b2",
      "n6",
      "n8",
      "n9",
      "e1"
    ],
    [
      "i1",
      "b1",
      "n3",
      "b2",
      "n7",
      "n10",
      "n11",
      "e2"
    ],
    [
      "i1",
      "b1",
      "n4",
      "b3",
      "n13",
      "n16d",
      "n17d",
      "n18d",
      "n19d",
      "n20d",
      "n21d",
      "n22d",
      "n23",
      "e3"
    ],
    [
      "i1",
      "b1",
      "n4",
      "b3",
      "n14",
      "n16c",
      "n17c",
      "n18c",
      "n19c",
      "n20c",
      "n21c",
      "n22c",
      "n24",
      "n25",
      "n26",
      "n27",
      "n28",
      "n29",
      "n30",
      "e4"
    ],
    [
      "i1",
      "b1",
      "n4",
      "b3",
      "n15",
      "n16r",
      "n17r",
      "n18r",
      "n19r",
      "n20r",
      "n21r",
      "n22r",
      "n31",
      "n32",
      "n33",
      "n34",
      "n35",
      "e5"
    ]
  ],
  "source_text_traces": [
    [
      "i1",
      "i2",
      "i3"
    ],
    [
      "i1",
      "i2",
      "i4"
    ],
    [
      "i1",
      "i5",
      "i6",
      "i7"
    ],
    [
      "i1",
      "i5",
      "i6",
      "i8"
    ]
  ]
}