{
  "model_traces": [
    [
      "i1",
      "n1",
      "n2",
      "n3",
      "b1",
      "n4",
      "c1",
      "n6",
      "n7",
      "n8",
      "n8b",
      "b6",
      "n9",
      "c2",
      "n10",
      "n11",
      "b2",
      "n12",
      "n12b",
      "n12c",
      "n14",
      "b3",
      "n15",
      "e1"
    ],
    [
      "i1",
      "n1",
      "n2",
      "n3",
      "b1",
      "n4",
      "c1",
      "n6",
      "n7",
      "n8",
      "n8b",
      "b6",
      "n9",
      "c2",
      "n10",
      "n11",
      "b2",
      "n12",
      "n12b",
      "n12c",
      "n14",
      "b3",
      "b10",
      "n16",
      "c6",
      "c5",
      "n17",
      "n18",
      "n19_pre",
      "n19",
      "n19_post",
      "n20",
      "b4",
      "n21",
      "e2"
    ],
    [
      "i1",
      "n1",
      "n2",
      "n3",
      "b1",
      "n4",
      "c1",
      "n6",
      "n7",
      "n8",
      "n8b",
      "b6",
      "n9",
      "c2",
      "n10",
      "n11",
      "b2",
      "n12",
      "n12b",
      "n12c",
      "n14",
      "b3",
      "b10",
      "n16",
      "c6",
      "c5",
      "n17",
      "n18",
      "n19_pre",
      "n19",
      "n19_post",
      "n20",
      "b4",
      "n22",
      "n23",
      "b5",
      "n24",
      "e3"
    ],
    [
      "i1",
      "n1",
      "n2",
      "n3",
      "b1",
      "n4",
      "c1",
      "n6",
      "n7",
      "n8",
      "n8b",
      "b6",
      "n9",
      "c2",
      "n10",
      "n11",
      "b2",
      "n12",
      "n12b",
      "n12c",
      "n14",
      "b3",
      "b10",
      "n16",
      "c6",
      "c5",
      "n17",
      "n18",
      "n19_pre",
      "n19",
      "n19_post",
      "n20",
      "b4",
      "n22",
      "n23",
      "b5",
      "n25",
      "n26",
      "n27",
      "n27b",
      "b9",
      "n28",
      "n28b",
      "c4",
      "n31",
      "n32",
      "e4"
    ],
    [
      "i1",
      "n1",
      "n2",
      "n3",
      "b1",
      "n4",
      "c1",
      "n6",
      "n7",
      "n8",
      "n8b",
      "b6",
      "n9",
      "c2",
      "n10",
      "n11",
      "b2",
      "n12",
      "n12b",
      "n12c",
      "n14",
      "b3",
      "b10",
      "n16",
      "c6",
      "c5",
      "n17",
      "n18",
      "n19_pre",
      "n19",
      "n19_post",
      "n20",
      "b4",
      "n22",
      "n23",
      "b5",
      "n25",
      "n26",
      "n27",
      "n27b",
      "b9",
      "n29",
      "n29b",
      "c4",
      "n31",
      "n32",
      "e4"
    ],
    [
      "i1",
      "n1",
      "n2",
      "n3",
      "b1",
      "n4",
      "c1",
      "n6",
      "n7",
      "n8",
      "n8b",
      "b6",
      "n9",
      "c2",
      "n10",
      "n11",
      "b2",
      "n12",
      "n12b",
      "n12c",
      "n14",
      "b3",
      "b10",
      "n16",
      "c6",
      "c5",
      "n17",
      "n18",
      "n19_pre",
      "n19",
      "n19_post",
      "n20",
      "b4",
      "n22",
      "n23",
      "b5",
      "n25",
      "n26",
      "n27",
      "n27b",
      "b9",
      "n30",
      "n30b",
      "c4",
      "n31",
      "n32",
      "e4"
    ],
    [
      "i1",
      "n1",
      "n2",
      "n3",
      "b1",
      "n4",
      "c1",
      "n6",
      "n7",
      "n8",
      "n8b",
      "b6",
      "n9",
      "c2",
      "n10",
      "n11",
      "b2",
      "n12",
      "n12b",
      "n12c",
      "n14",
      "b3",
      "b10",
      "n16b",
      "c6",
      "c5",
      "n17",
      "n18",
      "n19_pre",
      "n19",
      "n19_post",
      "n20",
      "b4",
      "n21",
      "e2"
    ],
    [
      "i1",
      "n1",
      "n2",
      "n3",
      "b1",
      "n4",
      "c1",
      "n6",
      "n7",
      "n8",
      "n8b",
      "b6",
      "n9",
      "c2",
      "n10",
      "n11",
      "b2",
      "n12",
      "n12b",
      "n12c",
      "n14",
      "b3",
      "b10",
      "n16b",
      "c6",
      "c5",
      "n17",
      "n18",
      "n19_pre",
      "n19",
      "n19_post",
      "n20",
      "b4",
      "n22",
      "n23",
      "b5",
      "n24",
      "e3"
    ],
    [
      "i1",
      "n1",
      "n2",
      "n3",
      "b1",
      "n4",
      "c1",
      "n6",
      "n7",
      "n8",
      "n8b",
      "b6",
      "n9",
      "c2",
      "n10",
      "n11",
      "b2",
      "n12",
      "n12b",
      "n12c",
      "n14",
      "b3",
      "b10",
      "n16b",
      "c6",
      "c5",
      "n17",
      "n18",
      "n19_pre",
      "n19",
      "n19_post",
      "n20",
      "b4",
      "n22",
      "n23",
      "b5",
      "n25",
      "n26",
      "n27",
      "n27b",
      "b9",
      "n28",
      "n28b",
      "c4",
      "n31",
      "n32",
      "e4"
    ],
    [
      "i1",
      "n1",
      "n2",
      "n3",
      "b1",
      "n4",
      "c1",
      "n6",
      "n7",
      "n8",
      "n8b",
      "b6",
      "n9",
      "c2",
      "n10",
      "n11",
      "b2",
      "n12",
      "n12b",
      "n12c",
      "n14",
      "b3",
      "b10",
      "n16b",
      "c6",
      "c5",
      "n17",
      "n18",
      "n19_pre",
      "n19",
      "n19_post",
      "n20",
      "b4",
      "n22",
      "n23",
      "b5",
      "n25",
      "n26",
      "n27",
      "n27b",
      "b9",
      "n29",
      "n29b",
      "c4",
      "n31",
      "n32",
      "e4"
    ],
    [
      "i1",
      "n1",
      "n2",
      "n3",
      "b1",
      "n4",
      "c1",
      "n6",
      "n7",
      "n8",
      "n8b",
      "b6",
      "n9",
      "c2",
      "n10",
      "n11",
      "b2",
      "n12",
      "n12b",
      "n12c",
      "n14",
      "b3",
      "b10",
      "n16b",
      "c6",
      "c5",
      "n17",
      "n18",
      "n19_pre",
      "n19",
      "n19_post",
      "n20",
      "b4",
      "n22",
      "n23",
      "b5",
      "n25",
      "n26",
      "n27",
      "n27b",
      "b9",
      "n30",
      "n30b",
      "c4",
      "n31",
      "n32",
      "e4"
    ],
    [
      "i1",
      "n1",
      "n2",
      "n3",
      "b1",
      "n4",
      "c1",
      "n6",
      "n7",
      "n8",
      "n8b",
      "b6",
      "n9",
      "c2",
      "n10",
      "n11",
      "b2",
      "n12",
      "n12b",
      "n12c",
      "n14",
      "b3",
      "b10",
      "n16c",
      "n16d",
      "c6",
      "c5",
      "n17",
      "n18",
      "n19_pre",
      "n19",
      "n19_post",
      "n20",
      "b4",
      "n21",
      "e2"
    ],
    [
      "i1",
      "n1",
      "n2",
      "n3",
      "b1",
      "n4",
      "c1",
      "n6",
      "n7",
      "n8",
      "n8b",
      "b6",
      "n9",
      "c2",
      "n10",
      "n11",
      "b2",
      "n12",
      "n12b",
      "n12c",
      "n14",
      "b3",
      "b10",
      "n16c",
      "n16d",
      "c6",
      "c5",
      "n17",
      "n18",
      "n19_pre",
      "n19",
      "n19_post",
      "n20",
      "b4",
      "n22",
      "n23",
      "b5",
      "n24",
      "e3"
    ],
    [
      "i1",
      "n1",
      "n2",
      "n3",
      "b1",
      "n4",
      "c1",
      "n6",
      "n7",
      "n8",
      "n8b",
      "b6",
      "n9",
      "c2",
      "n10",
      "n11",
      "b2",
      "n12",
      "n12b",
      "n12c",
      "n14",
      "b3",
      "b10",
      "n16c",
      "n16d",
      "c6",
      "c5",
      "n17",
      "n18",
      "n19_pre",
      "n19",
      "n19_post",
      "n20",
      "b4",
      "n22",
      "n23",
      "b5",
      "n25",
      "n26",
      "n27",
      "n27b",
      "b9",
      "n28",
      "n28b",
      "c4",
      "n31",
      "n32",
      "e4"
    ],
    [
      "i1",
      "n1",
      "n2",
      "n3",
      "b1",
      "n4",
      "c1",
      "n6",
      "n7",
      "n8",
      "n8b",
      "b6",
      "n9",
      "c2",
      "n10",
      "n11",
      "b2",
      "n12",
      "n12b",
      "n12c",
      "n14",
      "b3",
      "b10",
      "n16c",
      "n16d",
      "c6",
      "c5",
      "n17",
      "n18",
      "n19_pre",
      "n19",
      "n19_post",
      "n20",
      "b4",
      "n22",
      "n23",
      "b5",
      "n25",
      "n26",
      "n27",
      "n27b",
      "b9",
      "n29",
      "n29b",
      "c4",
      "n31",
      "n32",
      "e4"
    ],
    [
      "i1",
      "n1",
      "n2",
      "n3",
      "b1",
      "n4",
      "c1",
      "n6",
      "n7",
      "n8",
      "n8b",
      "b6",
      "n9",
      "c2",
      "n10",
      "n11",
      "b2",
      "n12",
      "n12b",
      "n12c",
      "n14",
      "b3",
      "b10",
      "n16c",
      "n16d",
      "c6",
      "c5",
      "n17",
      "n18",
      "n19_pre",
      "n19",
      "n19_post",
      "n20",
      "b4",
      "n22",
      "n23",
      "b5",
      "n25",
      "n26",
      "n27",
      "n27b",
      "b9",
      "n30",
      "n30b",
      "c4",
      "n31",
      "n32",
      "e4"
    ],
    [
      "i1",
      "n1",
      "n2",
      "n3",
      "b1",
      "n4",
      "c1",
      "n6",
      "n7",
      "n8",
      "n8b",
      "b6",
      "n9",
      "c2",
      "n10",
      "n11",
      "b2",
      "n13",
      "n13b",
      "n13c",
      "c5",
      "n17",
      "n18",
      "n19_pre",
      "n19",
      "n19_post",
      "n20",
      "b4",
      "n21",
      "e2"
    ],
    [
      "i1",
      "n1",
      "n2",
      "n3",
      "b1",
      "n4",
      "c1",
      "n6",
      "n7",
      "n8",
      "n8b",
      "b6",
      "n9",
      "c2",
      "n10",
      "n11",
      "b2",
      "n13",
      "n13b",
      "n13c",
      "c5",
      "n17",
      "n18",
      "n19_pre",
      "n19",
      "n19_post",
      "n20",
      "b4",
      "n22",
      "n23",
      "b5",
      "n24",
      "e3"
    ],
    [
      "i1",
      "n1",
      "n2",
      "n3",
      "b1",
      "n4",
      "c1",
      "n6",
      "n7",
      "n8",
      "n8b",
      "b6",
      "n9",
      "c2",
      "n10",
      "n11",
      "b2",
      "n13",
      "n13b",
      "n13c",
      "c5",
      "n17",
      "n18",
      "n19_pre",
      "n19",
      "n19_post",
      "n20",
      "b4",
      "n22",
      "n23",
      "b5",
      "n25",
      "n26",
      "n27",
      "n27b",
      "b9",
      "n28",
      "n28b",
      "c4",
      "n31",
      "n32",
      "e4"
    ],
    [
      "i1",
      "n1",
      "n2",
      "n3",
      "b1",
      "n4",
      "c1",
      "n6",
      "n7",
      "n8",
      "n8b",
      "b6",
      "n9",
      "c2",
      "n10",
      "n11",
      "b2",
      "n13",
      "n13b",
      "n13c",
      "c5",
      "n17",
      "n18",
      "n19_pre",
      "n19",
      "n19_post",
      "n20",
      "b4",
      "n22",
      "n23",
      "b5",
      "n25",
      "n26",
      "n27",
      "n27b",
      "b9",
      "n29",
      "n29b",
      "c4",
      "n31",
      "n32",
      "e4"
    ],
    [
      "i1",
      "n1",
      "n2",
      "n3",
      "b1",
      "n4",
      "c1",
      "n6",
      "n7",
      "n8",
      "n8b",
      "b6",
      "n9",
      "c2",
      "n10",
      "n11",
      "b2",
      "n13",
      "n13b",
      "n13c",
      "c5",
      "n17",
      "n18",
      "n19_pre",
      "n19",
      "n19_post",
      "n20",
      "b4",
      "n22",
      "n23",
      "b5",
      "n25",
      "n26",
      "n27",
      "n27b",
      "b9",
      "n30",
      "n30b",
      "c4",
      "n31",
      "n32",
      "e4"
    ],
    [
      "i1",
      "n1",
      "n2",
      "n3",
      "b1",
      "n4",
      "c1",
      "n6",
      "n7",
      "n8",
      "n8b",
      "b6",
      "n9b",
      "c2",
      "n10",
      "n11",
      "b2",
      "n12",
      "n12b",
      "n12c",
      "n14",
      "b3",
      "n15",
      "e1"
    ],
    [
      "i1",
      "n1",
      "n2",
      "n3",
      "b1",
      "n4",
      "c1",
      "n6",
      "n7",
      "n8",
      "n8b",
      "b6",
      "n9b",
      "c2",
      "n10",
      "n11",
      "b2",
      "n12",
      "n12b",
      "n12c",
      "n14",
      "b3",
      "b10",
      "n16",
      "c6",
      "c5",
      "n17",
      "n18",
      "n19_pre",
      "n19",
      "n19_post",
      "n20",
      "b4",
      "n21",
      "e2"
    ],
    [
      "i1",
      "n1",
      "n2",
      "n3",
      "b1",
      "n4",
      "c1",
      "n6",
      "n7",
      "n8",
      "n8b",
      "b6",
      "n9b",
      "c2",
      "n10",
      "n11",
      "b2",
      "n12",
      "n12b",
      "n12c",
      "n14",
      "b3",
      "b10",
      "n16",
      "c6",
      "c5",
      "n17",
      "n18",
      "n19_pre",
      "n19",
      "n19_post",
      "n20",
      "b4",
      "n22",
      "n23",
      "b5",
      "n24",
      "e3"
    ],
    [
      "i1",
      "n1",
      "n2",
      "n3",
      "b1",
      "n4",
      "c1",
      "n6",
      "n7",
      "n8",
      "n8b",
      "b6",
      "n9b",
      "c2",
      "n10",
      "n11",
      "b2",
      "n12",
      "n12b",
      "n12c",
      "n14",
      "b3",
      "b10",
      "n16",
      "c6",
      "c5",
      "n17",
      "n18",
      "n19_pre",
      "n19",
      "n19_post",
      "n20",
      "b4",
      "n22",
      "n23",
      "b5",
      "n25",
      "n26",
      "n27",
      "n27b",
      "b9",
      "n28",
      "n28b",
      "c4",
      "n31",
      "n32",
      "e4"
    ],
    [
      "i1",
      "n1",
      "n2",
      "n3",
      "b1",
      "n4",
      "c1",
      "n6",
      "n7",
      "n8",
      "n8b",
      "b6",
      "n9b",
      "c2",
      "n10",
      "n11",
      "b2",
      "n12",
      "n12b",
      "n12c",
      "n14",
      "b3",
      "b10",
      "n16",
      "c6",
      "c5",
      "n17",
      "n18",
      "n19_pre",
      "n19",
      "n19_post",
      "n20",
      "b4",
      "n22",
      "n23",
      "b5",
      "n25",
      "n26",
      "n27",
      "n27b",
      "b9",
      "n29",
      "n29b",
      "c4",
      "n31",
      "n32",
      "e4"
    ],
    [
      "i1",
      "n1",
      "n2",
      "n3",
      "b1",
      "n4",
      "c1",
      "n6",
      "n7",
      "n8",
      "n8b",
      "b6",
      "n9b",
      "c2",
      "n10",
      "n11",
      "b2",
      "n12",
      "n12b",
      "n12c",
      "n14",
      "b3",
      "b10",
      "n16",
      "c6",
      "c5",
      "n17",
      "n18",
      "n19_pre",
      "n19",
      "n19_post",
      "n20",
      "b4",
      "n22",
      "n23",
      "b5",
      "n25",
      "n26",
      "n27",
      "n27b",
      "b9",
      "n30",
      "n30b",
      "c4",
      "n31",
      "n32",
      "e4"
    ],
    [
      "i1",
      "n1",
      "n2",
      "n3",
      "b1",
      "n4",
      "c1",
      "n6",
      "n7",
      "n8",
      "n8b",
      "b6",
      "n9b",
      "c2",
      "n10",
      "n11",
      "b2",
      "n12",
      "n12b",
      "n12c",
      "n14",
      "b3",
      "b10",
      "n16b",
      "c6",
      "c5",
      "n17",
      "n18",
      "n19_pre",
      "n19",
      "n19_post",
      "n20",
      "b4",
      "n21",
      "e2"
    ],
    [
      "i1",
      "n1",
      "n2",
      "n3",
      "b1",
      "n4",
      "c1",
      "n6",
      "n7",
      "n8",
      "n8b",
      "b6",
      "n9b",
      "c2",
      "n10",
      "n11",
      "b2",
      "n12",
      "n12b",
      "n12c",
      "n14",
      "b3",
      "b10",
      "n16b",
      "c6",
      "c5",
      "n17",
      "n18",
      "n19_pre",
      "n19",
      "n19_post",
      "n20",
      "b4",
      "n22",
      "n23",
      "b5",
      "n24",
      "e3"
    ],
    [
      "i1",
      "n1",
      "n2",
      "n3",
      "b1",
      "n4",
      "c1",
      "n6",
      "n7",
      "n8",
      "n8b",
      "b6",
      "n9b",
      "c2",
      "n10",
      "n11",
      "b2",
      "n12",
      "n12b",
      "n12c",
      "n14",
      "b3",
      "b10",
      "n16b",
      "c6",
      "c5",
      "n17",
      "n18",
      "n19_pre",
      "n19",
      "n19_post",
      "n20",
      "b4",
      "n22",
      "n23",
      "b5",
      "n25",
      "n26",
      "n27",
      "n27b",
      "b9",
      "n28",
      "n28b",
      "c4",
      "n31",
      "n32",
      "e4"
    ],
    [
      "i1",
      "n1",
      "n2",
      "n3",
      "b1",
      "n4",
      "c1",
      "n6",
      "n7",
      "n8",
      "n8b",
      "b6",
      "n9b",
      "c2",
      "n10",
      "n11",
      "b2",
      "n12",
      "n12b",
      "n12c",
      "n14",
      "b3",
      "b10",
      "n16b",
      "c6",
      "c5",
      "n17",
      "n18",
      "n19_pre",
      "n19",
      "n19_post",
      "n20",
      "b4",
      "n22",
      "n23",
      "b5",
      "n25",
      "n26",
      "n27",
      "n27b",
      "b9",
      "n29",
      "n29b",
      "c4",
      "n31",
      "n32",
      "e4"
    ],
    [
      "i1",
      "n1",
      "n2",
      "n3",
      "b1",
      "n4",
      "c1",
      "n6",
      "n7",
      "n8",
      "n8b",
      "b6",
      "n9b",
      "c2",
      "n10",
      "n11",
      "b2",
      "n12",
      "n12b",
      "n12c",
      "n14",
      "b3",
      "b10",
      "n16b",
      "c6",
      "c5",
      "n17",
      "n18",
      "n19_pre",
      "n19",
      "n19_post",
      "n20",
      "b4",
      "n22",
      "n23",
      "b5",
      "n25",
      "n26",
      "n27",
      "n27b",
      "b9",
      "n30",
      "n30b",
      "c4",
      "n31",
      "n32",
      "e4"
    ],
    [
      "i1",
      "n1",
      "n2",
      "n3",
      "b1",
      "n4",
      "c1",
      "n6",
      "n7",
      "n8",
      "n8b",
      "b6",
      "n9b",
      "c2",
      "n10",
      "n11",
      "b2",
      "n12",
      "n12b",
      "n12c",
      "n14",
      "b3",
      "b10",
      "n16c",
      "n16d",
      "c6",
      "c5",
      "n17",
      "n18",
      "n19_pre",
      "n19",
      "n19_post",
      "n20",
      "b4",
      "n21",
      "e2"
    ],
    [
      "i1",
      "n1",
      "n2",
      "n3",
      "b1",
      "n4",
      "c1",
      "n6",
      "n7",
      "n8",
      "n8b",
      "b6",
      "n9b",
      "c2",
      "n10",
      "n11",
      "b2",
      "n12",
      "n12b",
      "n12c",
      "n14",
      "b3",
      "b10",
      "n16c",
      "n16d",
      "c6",
      "c5",
      "n17",
      "n18",
      "n19_pre",
      "n19",
      "n19_post",
      "n20",
      "b4",
      "n22",
      "n23",
      "b5",
      "n24",
      "e3"
    ],
    [
      "i1",
      "n1",
      "n2",
      "n3",
      "b1",
      "n4",
      "c1",
      "n6",
      "n7",
      "n8",
      "n8b",
      "b6",
      "n9b",
      "c2",
      "n10",
      "n11",
      "b2",
      "n12",
      "n12b",
      "n12c",
      "n14",
      "b3",
      "b10",
      "n16c",
      "n16d",
      "c6",
      "c5",
      "n17",
      "n18",
      "n19_pre",
      "n19",
      "n19_post",
      "n20",
      "b4",
      "n22",
      "n23",
      "b5",
      "n25",
      "n26",
      "n27",
      "n27b",
      "b9",
      "n28",
      "n28b",
      "c4",
      "n31",
      "n32",
      "e4"
    ],
    [
      "i1",
      "n1",
      "n2",
      "n3",
      "b1",
      "n4",
      "c1",
      "n6",
      "n7",
      "n8",
      "n8b",
      "b6",
      "n9b",
      "c2",
      "n10",
      "n11",
      "b2",
      "n12",
      "n12b",
      "n12c",
      "n14",
      "b3",
      "b10",
      "n16c",
      "n16d",
      "c6",
      "c5",
      "n17",
      "n18",
      "n19_pre",
      "n19",
      "n19_post",
      "n20",
      "b4",
      "n22",
      "n23",
      "b5",
      "n25",
      "n26",
      "n27",
      "n27b",
      "b9",
      "n29",
      "n29b",
      "c4",
      "n31",
      "n32",
      "e4"
    ],
    [
      "i1",
      "n1",
      "n2",
      "n3",
      "b1",
      "n4",
      "c1",
      "n6",
      "n7",
      "n8",
      "n8b",
      "b6",
      "n9b",
      "c2",
      "n10",
      "n11",
      "b2",
      "n12",
      "n12b",
      "n12c",
      "n14",
      "b3",
      "b10",
      "n16c",
      "n16d",
      "c6",
      "c5",
      "n17",
      "n18",
      "n19_pre",
      "n19",
      "n19_post",
      "n20",
      "b4",
      "n22",
      "n23",
      "b5",
      "n25",
      "n26",
      "n27",
      "n27b",
      "b9",
      "n30",
      "n30b",
      "c4",
      "n31",
      "n32",
      "e4"
    ],
    [
      "i1",
      "n1",
      "n2",
      "n3",
      "b1",
      "n4",
      "c1",
      "n6",
      "n7",
      "n8",
      "n8b",
      "b6",
      "n9b",
      "c2",
      "n10",
      "n11",
      "b2",
      "n13",
      "n13b",
      "n13c",
      "c5",
      "n17",
      "n18",
      "n19_pre",
      "n19",
      "n19_post",
      "n20",
      "b4",
      "n21",
      "e2"
    ],
    [
      "i1",
      "n1",
      "n2",
      "n3",
      "b1",
      "n4",
      "c1",
      "n6",
      "n7",
      "n8",
      "n8b",
      "b6",
      "n9b",
      "c2",
      "n10",
      "n11",
      "b2",
      "n13",
      "n13b",
      "n13c",
      "c5",
      "n17",
      "n18",
      "n19_pre",
      "n19",
      "n19_post",
      "n20",
      "b4",
      "n22",
      "n23",
      "b5",
      "n24",
      "e3"
    ],
    [
      "i1",
      "n1",
      "n2",
      "n3",
      "b1",
      "n4",
      "c1",
      "n6",
      "n7",
      "n8",
      "n8b",
      "b6",
      "n9b",
      "c2",
      "n10",
      "n11",
      "b2",
      "n13",
      "n13b",
      "n13c",
      "c5",
      "n17",
      "n18",
      "n19_pre",
      "n19",
      "n19_post",
      "n20",
      "b4",
      "n22",
      "n23",
      "b5",
      "n25",
      "n26",
      "n27",
      "n27b",
      "b9",
      "n28",
      "n28b",
      "c4",
      "n31",
      "n32",
      "e4"
    ],
    [
      "i1",
      "n1",
      "n2",
      "n3",
      "b1",
      "n4",
      "c1",
      "n6",
      "n7",
      "n8",
      "n8b",
      "b6",
      "n9b",
      "c2",
      "n10",
      "n11",
      "b2",
      "n13",
      "n13b",
      "n13c",
      "c5",
      "n17",
      "n18",
      "n19_pre",
      "n19",
      "n19_post",
      "n20",
      "b4",
      "n22",
      "n23",
      "b5",
      "n25",
      "n26",
      "n27",
      "n27b",
      "b9",
      "n29",
      "n29b",
      "c4",
      "n31",
      "n32",
      "e4"
    ],
    [
      "i1",
      "n1",
      "n2",
      "n3",
      "b1",
      "n4",
      "c1",
      "n6",
      "n7",
      "n8",
      "n8b",
      "b6",
      "n9b",
      "c2",
      "n10",
      "n11",
      "b2",
      "n13",
      "n13b",
      "n13c",
      "c5",
      "n17",
      "n18",
      "n19_pre",
      "n19",
      "n19_post",
      "n20",
      "b4",
      "n22",
      "n23",
      "b5",
      "n25",
      "n26",
      "n27",
      "n27b",
      "b9",
      "n30",
      "n30b",
      "c4",
      "n31",
      "n32",
      "e4"
    ],
    [
      "i1",
      "n1",
      "n2",
      "n3",
      "b1",
      "n5",
      "c1",
      "n6",
      "n7",
      "n8",
      "n8b",
      "b6",
      "n9",
      "c2",
      "n10",
      "n11",
      "b2",
      "n12",
      "n12b",
      "n12c",
      "n14",
      "b3",
      "n15",
      "e1"
    ],
    [
      "i1",
      "n1",
      "n2",
      "n3",
      "b1",
      "n5",
      "c1",
      "n6",
      "n7",
      "n8",
      "n8b",
      "b6",
      "n9",
      "c2",
      "n10",
      "n11",
      "b2",
      "n12",
      "n12b",
      "n12c",
      "n14",
      "b3",
      "b10",
      "n16",
      "c6",
      "c5",
      "n17",
      "n18",
      "n19_pre",
      "n19",
      "n19_post",
      "n20",
      "b4",
      "n21",
      "e2"
    ],
    [
      "i1",
      "n1",
      "n2",
      "n3",
      "b1",
      "n5",
      "c1",
      "n6",
      "n7",
      "n8",
      "n8b",
      "b6",
      "n9",
      "c2",
      "n10",
      "n11",
      "b2",
      "n12",
      "n12b",
      "n12c",
      "n14",
      "b3",
      "b10",
      "n16",
      "c6",
      "c5",
      "n17",
      "n18",
      "n19_pre",
      "n19",
      "n19_post",
      "n20",
      "b4",
      "n22",
      "n23",
      "b5",
      "n24",
      "e3"
    ],
    [
      "i1",
      "n1",
      "n2",
      "n3",
      "b1",
      "n5",
      "c1",
      "n6",
      "n7",
      "n8",
      "n8b",
      "b6",
      "n9",
      "c2",
      "n10",
      "n11",
      "b2",
      "n12",
      "n12b",
      "n12c",
      "n14",
      "b3",
      "b10",
      "n16",
      "c6",
      "c5",
      "n17",
      "n18",
      "n19_pre",
      "n19",
      "n19_post",
      "n20",
      "b4",
      "n22",
      "n23",
      "b5",
      "n25",
      "n26",
      "n27",
      "n27b",
      "b9",
      "n28",
      "n28b",
      "c4",
      "n31",
      "n32",
      "e4"
    ],
    [
      "i1",
      "n1",
      "n2",
      "n3",
      "b1",
      "n5",
      "c1",
      "n6",
      "n7",
      "n8",
      "n8b",
      "b6",
      "n9",
      "c2",
      "n10",
      "n11",
      "b2",
      "n12",
      "n12b",
      "n12c",
      "n14",
      "b3",
      "b10",
      "n16",
      "c6",
      "c5",
      "n17",
      "n18",
      "n19_pre",
      "n19",
      "n19_post",
      "n20",
      "b4",
      "n22",
      "n23",
      "b5",
      "n25",
      "n26",
      "n27",
      "n27b",
      "b9",
      "n29",
      "n29b",
      "c4",
      "n31",
      "n32",
      "e4"
    ],
    [
      "i1",
      "n1",
      "n2",
      "n3",
      "b1",
      "n5",
      "c1",
      "n6",
      "n7",
      "n8",
      "n8b",
      "b6",
      "n9",
      "c2",
      "n10",
      "n11",
      "b2",
      "n12",
      "n12b",
      "n12c",
      "n14",
      "b3",
      "b10",
      "n16",
      "c6",
      "c5",
      "n17",
      "n18",
      "n19_pre",
      "n19",
      "n19_post",
      "n20",
      "b4",
      "n22",
      "n23",
      "b5",
      "n25",
      "n26",
      "n27",
      "n27b",
      "b9",
      "n30",
      "n30b",
      "c4",
      "n31",
      "n32",
      "e4"
    ],
    [
      "i1",
      "n1",
      "n2",
      "n3",
      "b1",
      "n5",
      "c1",
      "n6",
      "n7",
      "n8",
      "n8b",
      "b6",
      "n9",
      "c2",
      "n10",
      "n11",
      "b2",
      "n12",
      "n12b",
      "n12c",
      "n14",
      "b3",
      "b10",
      "n16b",
      "c6",
      "c5",
      "n17",
      "n18",
      "n19_pre",
      "n19",
      "n19_post",
      "n20",
      "b4",
      "n21",
      "e2"
    ],
    [
      "i1",
      "n1",
      "n2",
      "n3",
      "b1",
      "n5",
      "c1",
      "n6",
      "n7",
      "n8",
      "n8b",
      "b6",
      "n9",
      "c2",
      "n10",
      "n11",
      "b2",
      "n12",
      "n12b",
      "n12c",
      "n14",
      "b3",
      "b10",
      "n16b",
      "c6",
      "c5",
      "n17",
      "n18",
      "n19_pre",
      "n19",
      "n19_post",
      "n20",
      "b4",
      "n22",
      "n23",
      "b5",
      "n24",
      "e3"
    ],
    [
      "i1",
      "n1",
      "n2",
      "n3",
      "b1",
      "n5",
      "c1",
      "n6",
      "n7",
      "n8",
      "n8b",
      "b6",
      "n9",
      "c2",
      "n10",
      "n11",
      "b2",
      "n12",
      "n12b",
      "n12c",
      "n14",
      "b3",
      "b10",
      "n16b",
      "c6",
      "c5",
      "n17",
      "n18",
      "n19_pre",
      "n19",
      "n19_post",
      "n20",
      "b4",
      "n22",
      "n23",
      "b5",
      "n25",
      "n26",
      "n27",
      "n27b",
      "b9",
      "n28",
      "n28b",
      "c4",
      "n31",
      "n32",
      "e4"
    ],
    [
      "i1",
      "n1",
      "n2",
      "n3",
      "b1",
      "n5",
      "c1",
      "n6",
      "n7",
      "n8",
      "n8b",
      "b6",
      "n9",
      "c2",
      "n10",
      "n11",
      "b2",
      "n12",
      "n12b",
      "n12c",
      "n14",
      "b3",
      "b10",
      "n16b",
      "c6",
      "c5",
      "n17",
      "n18",
      "n19_pre",
      "n19",
      "n19_post",
      "n20",
      "b4",
      "n22",
      "n23",
      "b5",
      "n25",
      "n26",
      "n27",
      "n27b",
      "b9",
      "n29",
      "n29b",
      "c4",
      "n31",
      "n32",
      "e4"
    ],
    [
      "i1",
      "n1",
      "n2",
      "n3",
      "b1",
      "n5",
      "c1",
      "n6",
      "n7",
      "n8",
      "n8b",
      "b6",
      "n9",
      "c2",
      "n10",
      "n11",
      "b2",
      "n12",
      "n12b",
      "n12c",
      "n14",
      "b3",
      "b10",
      "n16b",
      "c6",
      "c5",
      "n17",
      "n18",
      "n19_pre",
      "n19",
      "n19_post",
      "n20",
      "b4",
      "n22",
      "n23",
      "b5",
      "n25",
      "n26",
      "n27",
      "n27b",
      "b9",
      "n30",
      "n30b",
      "c4",
      "n31",
      "n32",
      "e4"
    ],
    [
      "i1",
      "n1",
      "n2",
      "n3",
      "b1",
      "n5",
      "c1",
      "n6",
      "n7",
      "n8",
      "n8b",
      "b6",
      "n9",
      "c2",
      "n10",
      "n11",
      "b2",
      "n12",
      "n12b",
      "n12c",
      "n14",
      "b3",
      "b10",
      "n16c",
      "n16d",
      "c6",
      "c5",
      "n17",
      "n18",
      "n19_pre",
      "n19",
      "n19_post",
      "n20",
      "b4",
      "n21",
      "e2"
    ],
    [
      "i1",
      "n1",
      "n2",
      "n3",
      "b1",
      "n5",
      "c1",
      "n6",
      "n7",
      "n8",
      "n8b",
      "b6",
      "n9",
      "c2",
      "n10",
      "n11",
      "b2",
      "n12",
      "n12b",
      "n12c",
      "n14",
      "b3",
      "b10",
      "n16c",
      "n16d",
      "c6",
      "c5",
      "n17",
      "n18",
      "n19_pre",
      "n19",
      "n19_post",
      "n20",
      "b4",
      "n22",
      "n23",
      "b5",
      "n24",
      "e3"
    ],
    [
      "i1",
      "n1",
      "n2",
      "n3",
      "b1",
      "n5",
      "c1",
      "n6",
      "n7",
      "n8",
      "n8b",
      "b6",
      "n9",
      "c2",
      "n10",
      "n11",
      "b2",
      "n12",
      "n12b",
      "n12c",
      "n14",
      "b3",
      "b10",
      "n16c",
      "n16d",
      "c6",
      "c5",
      "n17",
      "n18",
      "n19_pre",
      "n19",
      "n19_post",
      "n20",
      "b4",
      "n22",
      "n23",
      "b5",
      "n25",
      "n26",
      "n27",
      "n27b",
      "b9",
      "n28",
      "n28b",
      "c4",
      "n31",
      "n32",
      "e4"
    ],
    [
      "i1",
      "n1",
      "n2",
      "n3",
      "b1",
      "n5",
      "c1",
      "n6",
      "n7",
      "n8",
      "n8b",
      "b6",
      "n9",
      "c2",
      "n10",
      "n11",
      "b2",
      "n12",
      "n12b",
      "n12c",
      "n14",
      "b3",
      "b10",
      "n16c",
      "n16d",
      "c6",
      "c5",
      "n17",
      "n18",
      "n19_pre",
      "n19",
      "n19_post",
      "n20",
      "b4",
      "n22",
      "n23",
      "b5",
      "n25",
      "n26",
      "n27",
      "n27b",
      "b9",
      "n29",
      "n29b",
      "c4",
      "n31",
      "n32",
      "e4"
    ],
    [
      "i1",
      "n1",
      "n2",
      "n3",
      "b1",
      "n5",
      "c1",
      "n6",
      "n7",
      "n8",
      "n8b",
      "b6",
      "n9",
      "c2",
      "n10",
      "n11",
      "b2",
      "n12",
      "n12b",
      "n12c",
      "n14",
      "b3",
      "b10",
      "n16c",
      "n16d",
      "c6",
      "c5",
      "n17",
      "n18",
      "n19_pre",
      "n19",
      "n19_post",
      "n20",
      "b4",
      "n22",
      "n23",
      "b5",
      "n25",
      "n26",
      "n27",
      "n27b",
      "b9",
      "n30",
      "n30b",
      "c4",
      "n31",
      "n32",
      "e4"
    ],
    [
      "i1",
      "n1",
      "n2",
      "n3",
      "b1",
      "n5",
      "c1",
      "n6",
      "n7",
      "n8",
      "n8b",
      "b6",
      "n9",
      "c2",
      "n10",
      "n11",
      "b2",
      "n13",
      "n13b",
      "n13c",
      "c5",
      "n17",
      "n18",
      "n19_pre",
      "n19",
      "n19_post",
      "n20",
      "b4",
      "n21",
      "e2"
    ],
    [
      "i1",
      "n1",
      "n2",
      "n3",
      "b1",
      "n5",
      "c1",
      "n6",
      "n7",
      "n8",
      "n8b",
      "b6",
      "n9",
      "c2",
      "n10",
      "n11",
      "b2",
      "n13",
      "n13b",
      "n13c",
      "c5",
      "n17",
      "n18",
      "n19_pre",
      "n19",
      "n19_post",
      "n20",
      "b4",
      "n22",
      "n23",
      "b5",
      "n24",
      "e3"
    ],
    [
      "i1",
      "n1",
      "n2",
      "n3",
      "b1",
      "n5",
      "c1",
      "n6",
      "n7",
      "n8",
      "n8b",
      "b6",
      "n9",
      "c2",
      "n10",
      "n11",
      "b2",
      "n13",
      "n13b",
      "n13c",
      "c5",
      "n17",
      "n18",
      "n19_pre",
      "n19",
      "n19_post",
      "n20",
      "b4",
      "n22",
      "n23",
      "b5",
      "n25",
      "n26",
      "n27",
      "n27b",
      "b9",
      "n28",
      "n28b",
      "c4",
      "n31",
      "n32",
      "e4"
    ],
    [
      "i1",
      "n1",
      "n2",
      "n3",
      "b1",
      "n5",
      "c1",
      "n6",
      "n7",
      "n8",
      "n8b",
      "b6",
      "n9",
      "c2",
      "n10",
      "n11",
      "b2",
      "n13",
      "n13b",
      "n13c",
      "c5",
      "n17",
      "n18",
      "n19_pre",
      "n19",
      "n19_post",
      "n20",
      "b4",
      "n22",
      "n23",
      "b5",
      "n25",
      "n26",
      "n27",
      "n27b",
      "b9",
      "n29",
      "n29b",
      "c4",
      "n31",
      "n32",
      "e4"
    ],
    [
      "i1",
      "n1",
      "n2",
      "n3",
      "b1",
      "n5",
      "c1",
      "n6",
      "n7",
      "n8",
      "n8b",
      "b6",
      "n9",
      "c2",
      "n10",
      "n11",
      "b2",
      "n13",
      "n13b",
      "n13c",
      "c5",
      "n17",
      "n18",
      "n19_pre",
      "n19",
      "n19_post",
      "n20",
      "b4",
      "n22",
      "n23",
      "b5",
      "n25",
      "n26",
      "n27",
      "n27b",
      "b9",
      "n30",
      "n30b",
      "c4",
      "n31",
      "n32",
      "e4"
    ],
    [
      "i1",
      "n1",
      "n2",
      "n3",
      "b1",
      "n5",
      "c1",
      "n6",
      "n7",
      "n8",
      "n8b",
      "b6",
      "n9b",
      "c2",
      "n10",
      "n11",
      "b2",
      "n12",
      "n12b",
      "n12c",
      "n14",
      "b3",
      "n15",
      "e1"
    ],
    [
      "i1",
      "n1",
      "n2",
      "n3",
      "b1",
      "n5",
      "c1",
      "n6",
      "n7",
      "n8",
      "n8b",
      "b6",
      "n9b",
      "c2",
      "n10",
      "n11",
      "b2",
      "n12",
      "n12b",
      "n12c",
      "n14",
      "b3",
      "b10",
      "n16",
      "c6",
      "c5",
      "n17",
      "n18",
      "n19_pre",
      "n19",
      "n19_post",
      "n20",
      "b4",
      "n21",
      "e2"
    ],
    [
      "i1",
      "n1",
      "n2",
      "n3",
      "b1",
      "n5",
      "c1",
      "n6",
      "n7",
      "n8",
      "n8b",
      "b6",
      "n9b",
      "c2",
      "n10",
      "n11",
      "b2",
      "n12",
      "n12b",
      "n12c",
      "n14",
      "b3",
      "b10",
      "n16",
      "c6",
      "c5",
      "n17",
      "n18",
      "n19_pre",
      "n19",
      "n19_post",
      "n20",
      "b4",
      "n22",
      "n23",
      "b5",
      "n24",
      "e3"
    ],
    [
      "i1",
      "n1",
      "n2",
      "n3",
      "b1",
      "n5",
      "c1",
      "n6",
      "n7",
      "n8",
      "n8b",
      "b6",
      "n9b",
      "c2",
      "n10",
      "n11",
      "b2",
      "n12",
      "n12b",
      "n12c",
      "n14",
      "b3",
      "b10",
      "n16",
      "c6",
      "c5",
      "n17",
      "n18",
      "n19_pre",
      "n19",
      "n19_post",
      "n20",
      "b4",
      "n22",
      "n23",
      "b5",
      "n25",
      "n26",
      "n27",
      "n27b",
      "b9",
      "n28",
      "n28b",
      "c4",
      "n31",
      "n32",
      "e4"
    ],
    [
      "i1",
      "n1",
      "n2",
      "n3",
      "b1",
      "n5",
      "c1",
      "n6",
      "n7",
      "n8",
      "n8b",
      "b6",
      "n9b",
      "c2",
      "n10",
      "n11",
      "b2",
      "n12",
      "n12b",
      "n12c",
      "n14",
      "b3",
      "b10",
      "n16",
      "c6",
      "c5",
      "n17",
      "n18",
      "n19_pre",
      "n19",
      "n19_post",
      "n20",
      "b4",
      "n22",
      "n23",
      "b5",
      "n25",
      "n26",
      "n27",
      "n27b",
      "b9",
      "n29",
      "n29b",
      "c4",
      "n31",
      "n32",
      "e4"
    ],
    [
      "i1",
      "n1",
      "n2",
      "n3",
      "b1",
      "n5",
      "c1",
      "n6",
      "n7",
      "n8",
      "n8b",
      "b6",
      "n9b",
      "c2",
      "n10",
      "n11",
      "b2",
      "n12",
      "n12b",
      "n12c",
      "n14",
      "b3",
      "b10",
      "n16",
      "c6",
      "c5",
      "n17",
      "n18",
      "n19_pre",
      "n19",
      "n19_post",
      "n20",
      "b4",
      "n22",
      "n23",
      "b5",
      "n25",
      "n26",
      "n27",
      "n27b",
      "b9",
      "n30",
      "n30b",
      "c4",
      "n31",
      "n32",
      "e4"
    ],
    [
      "i1",
      "n1",
      "n2",
      "n3",
      "b1",
      "n5",
      "c1",
      "n6",
      "n7",
      "n8",
      "n8b",
      "b6",
      "n9b",
      "c2",
      "n10",
      "n11",
      "b2",
      "n12",
      "n12b",
      "n12c",
      "n14",
      "b3",
      "b10",
      "n16b",
      "c6",
      "c5",
      "n17",
      "n18",
      "n19_pre",
      "n19",
      "n19_post",
      "n20",
      "b4",
      "n21",
      "e2"
    ],
    [
      "i1",
      "n1",
      "n2",
      "n3",
      "b1",
      "n5",
      "c1",
      "n6",
      "n7",
      "n8",
      "n8b",
      "b6",
      "n9b",
      "c2",
      "n10",
      "n11",
      "b2",
      "n12",
      "n12b",
      "n12c",
      "n14",
      "b3",
      "b10",
      "n16b",
      "c6",
      "c5",
      "n17",
      "n18",
      "n19_pre",
      "n19",
      "n19_post",
      "n20",
      "b4",
      "n22",
      "n23",
      "b5",
      "n24",
      "e3"
    ],
    [
      "i1",
      "n1",
      "n2",
      "n3",
      "b1",
      "n5",
      "c1",
      "n6",
      "n7",
      "n8",
      "n8b",
      "b6",
      "n9b",
      "c2",
      "n10",
      "n11",
      "b2",
      "n12",
      "n12b",
      "n12c",
      "n14",
      "b3",
      "b10",
      "n16b",
      "c6",
      "c5",
      "n17",
      "n18",
      "n19_pre",
      "n19",
      "n19_post",
      "n20",
      "b4",
      "n22",
      "n23",
      "b5",
      "n25",
      "n26",
      "n27",
      "n27b",
      "b9",
      "n28",
      "n28b",
      "c4",
      "n31",
      "n32",
      "e4"
    ],
    [
      "i1",
      "n1",
      "n2",
      "n3",
      "b1",
      "n5",
      "c1",
      "n6",
      "n7",
      "n8",
      "n8b",
      "b6",
      "n9b",
      "c2",
      "n10",
      "n11",
      "b2",
      "n12",
      "n12b",
      "n12c",
      "n14",
      "b3",
      "b10",
      "n16b",
      "c6",
      "c5",
      "n17",
      "n18",
      "n19_pre",
      "n19",
      "n19_post",
      "n20",
      "b4",
      "n22",
      "n23",
      "b5",
      "n25",
      "n26",
      "n27",
      "n27b",
      "b9",
      "n29",
      "n29b",
      "c4",
      "n31",
      "n32",
      "e4"
    ],
    [
      "i1",
      "n1",
      "n2",
      "n3",
      "b1",
      "n5",
      "c1",
      "n6",
      "n7",
      "n8",
      "n8b",
      "b6",
      "n9b",
      "c2",
      "n10",
      "n11",
      "b2",
      "n12",
      "n12b",
      "n12c",
      "n14",
      "b3",
      "b10",
      "n16b",
      "c6",
      "c5",
      "n17",
      "n18",
      "n19_pre",
      "n19",
      "n19_post",
      "n20",
      "b4",
      "n22",
      "n23",
      "b5",
      "n25",
      "n26",
      "n27",
      "n27b",
      "b9",
      "n30",
      "n30b",
      "c4",
      "n31",
      "n32",
      "e4"
    ],
    [
      "i1",
      "n1",
      "n2",
      "n3",
      "b1",
      "n5",
      "c1",
      "n6",
      "n7",
      "n8",
      "n8b",
      "b6",
      "n9b",
      "c2",
      "n10",
      "n11",
      "b2",
      "n12",
      "n12b",
      "n12c",
      "n14",
      "b3",
      "b10",
      "n16c",
      "n16d",
      "c6",
      "c5",
      "n17",
      "n18",
      "n19_pre",
      "n19",
      "n19_post",
      "n20",
      "b4",
      "n21",
      "e2"
    ],
    [
      "i1",
      "n1",
      "n2",
      "n3",
      "b1",
      "n5",
      "c1",
      "n6",
      "n7",
      "n8",
      "n8b",
      "b6",
      "n9b",
      "c2",
      "n10",
      "n11",
      "b2",
      "n12",
      "n12b",
      "n12c",
      "n14",
      "b3",
      "b10",
      "n16c",
      "n16d",
      "c6",
      "c5",
      "n17",
      "n18",
      "n19_pre",
      "n19",
      "n19_post",
      "n20",
      "b4",
      "n22",
      "n23",
      "b5",
      "n24",
      "e3"
    ],
    [
      "i1",
      "n1",
      "n2",
      "n3",
      "b1",
      "n5",
      "c1",
      "n6",
      "n7",
      "n8",
      "n8b",
      "b6",
      "n9b",
      "c2",
      "n10",
      "n11",
      "b2",
      "n12",
      "n12b",
      "n12c",
      "n14",
      "b3",
      "b10",
      "n16c",
      "n16d",
      "c6",
      "c5",
      "n17",
      "n18",
      "n19_pre",
      "n19",
      "n19_post",
      "n20",
      "b4",
      "n22",
      "n23",
      "b5",
      "n25",
      "n26",
      "n27",
      "n27b",
      "b9",
      "n28",
      "n28b",
      "c4",
      "n31",
      "n32",
      "e4"
    ],
    [
      "i1",
      "n1",
      "n2",
      "n3",
      "b1",
      "n5",
      "c1",
      "n6",
      "n7",
      "n8",
      "n8b",
      "b6",
      "n9b",
      "c2",
      "n10",
      "n11",
      "b2",
      "n12",
      "n12b",
      "n12c",
      "n14",
      "b3",
      "b10",
      "n16c",
      "n16d",
      "c6",
      "c5",
      "n17",
      "n18",
      "n19_pre",
      "n19",
      "n19_post",
      "n20",
      "b4",
      "n22",
      "n23",
      "b5",
      "n25",
      "n26",
      "n27",
      "n27b",
      "b9",
      "n29",
      "n29b",
      "c4",
      "n31",
      "n32",
      "e4"
    ],
    [
      "i1",
      "n1",
      "n2",
      "n3",
      "b1",
      "n5",
      "c1",
      "n6",
      "n7",
      "n8",
      "n8b",
      "b6",
      "n9b",
      "c2",
      "n10",
      "n11",
      "b2",
      "n12",
      "n12b",
      "n12c",
      "n14",
      "b3",
      "b10",
      "n16c",
      "n16d",
      "c6",
      "c5",
      "n17",
      "n18",
      "n19_pre",
      "n19",
      "n19_post",
      "n20",
      "b4",
      "n22",
      "n23",
      "b5",
      "n25",
      "n26",
      "n27",
      "n27b",
      "b9",
      "n30",
      "n30b",
      "c4",
      "n31",
      "n32",
      "e4"
    ],
    [
      "i1",
      "n1",
      "n2",
      "n3",
      "b1",
      "n5",
      "c1",
      "n6",
      "n7",
      "n8",
      "n8b",
      "b6",
      "n9b",
      "c2",
      "n10",
      "n11",
      "b2",
      "n13",
      "n13b",
      "n13c",
      "c5",
      "n17",
      "n18",
      "n19_pre",
      "n19",
      "n19_post",
      "n20",
      "b4",
      "n21",
      "e2"
    ],
    [
      "i1",
      "n1",
      "n2",
      "n3",
      "b1",
      "n5",
      "c1",
      "n6",
      "n7",
      "n8",
      "n8b",
      "b6",
      "n9b",
      "c2",
      "n10",
      "n11",
      "b2",
      "n13",
      "n13b",
      "n13c",
      "c5",
      "n17",
      "n18",
      "n19_pre",
      "n19",
      "n19_post",
      "n20",
      "b4",
      "n22",
      "n23",
      "b5",
      "n24",
      "e3"
    ],
    [
      "i1",
      "n1",
      "n2",
      "n3",
      "b1",
      "n5",
      "c1",
      "n6",
      "n7",
      "n8",
      "n8b",
      "b6",
      "n9b",
      "c2",
      "n10",
      "n11",
      "b2",
      "n13",
      "n13b",
      "n13c",
      "c5",
      "n17",
      "n18",
      "n19_pre",
      "n19",
      "n19_post",
      "n20",
      "b4",
      "n22",
      "n23",
      "b5",
      "n25",
      "n26",
      "n27",
      "n27b",
      "b9",
      "n28",
      "n28b",
      "c4",
      "n31",
      "n32",
      "e4"
    ],
    [
      "i1",
      "n1",
      "n2",
      "n3",
      "b1",
      "n5",
      "c1",
      "n6",
      "n7",
      "n8",
      "n8b",
      "b6",
      "n9b",
      "c2",
      "n10",
      "n11",
      "b2",
      "n13",
      "n13b",
      "n13c",
      "c5",
      "n17",
      "n18",
      "n19_pre",
      "n19",
      "n19_post",
      "n20",
      "b4",
      "n22",
      "n23",
      "b5",
      "n25",
      "n26",
      "n27",
      "n27b",
      "b9",
      "n29",
      "n29b",
      "c4",
      "n31",
      "n32",
      "e4"
    ],
    [
      "i1",
      "n1",
      "n2",
      "n3",
      "b1",
      "n5",
      "c1",
      "n6",
      "n7",
      "n8",
      "n8b",
      "b6",
      "n9b",
      "c2",
      "n10",
      "n11",
      "b2",
      "n13",
      "n13b",
      "n13c",
      "c5",
      "n17",
      "n18",
      "n19_pre",
      "n19",
      "n19_post",
      "n20",
      "b4",
      "n22",
      "n23",
      "b5",
      "n25",
      "n26",
      "n27",
      "n27b",
      "b9",
      "n30",
      "n30b",
      "c4",
      "n31",
      "n32",
      "e4"
    ]
  ],
  "source_text_traces": [
    [
      "i1",
      "i2",
      "i3",
      "i4",
      "i7",
      "i8",
      "i9",
      "i10",
      "i11",
      "i12",
      "i13",
      "i15",
      "i25",
      "i30",
      "i33",
      "i34",
      "i35",
      "i36",
      "i37",
      "i38",
      "i39",
      "i40",
      "i41",
      "i42",
      "i43",
      "i44"
    ],
    [
      "i1",
      "i2",
      "i3",
      "i4",
      "i7",
      "i8",
      "i9",
      "i10",
      "i11",
      "i12",
      "i13",
      "i15",
      "i25",
      "i30",
      "i31",
      "i32"
    ],
    [
      "i1",
      "i2",
      "i5",
      "i6",
      "i7",
      "i8",
      "i9",
      "i10",
      "i11",
      "i12",
      "i13",
      "i15",
      "i25",
      "i30",
      "i33",
      "i34",
      "i35",
      "i36",
      "i37",
      "i38",
      "i39",
      "i40",
      "i41",
      "i42",
      "i43",
      "i44"
    ],
    [
      "i1",
      "i2",
      "i5",
      "i6",
      "i7",
      "i8",
      "i9",
      "i10",
      "i11",
      "i12",
      "i13",
      "i15",
      "i25",
      "i30",
      "i31",
      "i32"
    ],
    [
      "i1",
      "i2",
      "i3",
      "i4",
      "i7",
      "i8",
      "i9",
      "i10",
      "i11",
      "i16",
      "i17",
      "i26",
      "i27",
      "i31",
      "i32"
    ],
    [
      "i1",
      "i2",
      "i5",
      "i6",
      "i7",
      "i8",
      "i9",
      "i10",
      "i11",
      "i16",
      "i17",
      "i26",
      "i27",
      "i31",
      "i32"
    ],
    [
      "i1",
      "i2",
      "i3",
      "i4",
      "i7",
      "i8",
      "i9",
      "i10",
      "i11",
      "i16",
      "i17",
      "i28",
      "i29",
      "i25",
      "i30",
      "i33",
      "i34",
      "i35",
      "i36",
      "i37",
      "i38",
      "i39",
      "i40",
      "i41",
      "i42",
      "i43",
      "i44"
    ],
    [
      "i1",
      "i2",
      "i5",
      "i6",
      "i7",
      "i8",
      "i9",
      "i10",
      "i11",
      "i16",
      "i17",
      "i28",
      "i29",
      "i25",
      "i30",
      "i33",
      "i34",
      "i35",
      "i36",
      "i37",
      "i38",
      "i39",
      "i40",
      "i41",
      "i42",
      "i43",
      "i44"
    ],
    [
      "i1",
      "i2",
      "i3",
      "i4",
      "i7",
      "i8",
      "i9",
      "i10",
      "i11",
      "i18",
      "i19",
      "i14",
      "i25",
      "i30",
      "i33",
      "i34",
      "i35",
      "i36",
      "i37",
      "i38",
      "i39",
      "i40",
      "i41",
      "i42",
      "i43",
      "i44"
    ],
    [
      "i1",
      "i2",
      "i5",
      "i6",
      "i7",
      "i8",
      "i9",
      "i10",
      "i11",
      "i18",
      "i19",
      "i14",
      "i25",
      "i30",
      "i33",
      "i34",
      "i35",
      "i36",
      "i37",
      "i38",
      "i39",
      "i40",
      "i41",
      "i42",
      "i43",
      "i44"
    ],
    [
      "i1",
      "i2",
      "i3",
      "i4",
      "i7",
      "i8",
      "i9",
      "i10",
      "i11",
      "i20",
      "i21",
      "i22",
      "i23",
      "i24",
      "i25",
      "i30",
      "i33",
      "i34",
      "i35",
      "i36",
      "i37",
      "i38",
      "i39",
      "i40",
      "i41",
      "i42",
      "i43",
      "i44"
    ],
    [
      "i1",
      "i2",
      "i5",
      "i6",
      "i7",
      "i8",
      "i9",
      "i10",
      "i11",
      "i20",
      "i21",
      "i22",
      "i23",
      "i24",
      "i25",
      "i30",
      "i33",
      "i34",
      "i35",
      "i36",
      "i37",
      "i38",
      "i39",
      "i40",
      "i41",
      "i42",
      "i43",
      "i44"
    ]
  ]
}