{
  "model_traces": [
    [
      "i1",
      "n2",
      "b1",
      "n3",
      "b2",
      "n6",
      "b4",
      "n16",
      "n18",
      "e3"
    ],
    [
      "i1",
      "n2",
      "b1",
      "n3",
      "b2",
      "n6",
      "b4",
      "n17",
      "n20",
      "e4"
    ],
    [
      "i1",
      "n2",
      "b1",
      "n3",
      "b2",
      "n7",
      "b3",
      "n9",
      "n11",
      "n12",
      "e1"
    ],
    [
      "i1",
      "n2",
      "b1",
      "n3",
      "b2",
      "n7",
      "b3",
      "n10",
      "n13",
      "e2"
    ],
    [
      "i1",
      "n2",
      "b1",
      "n4",
      "n22",
      "b5",
      "n23",
      "n26",
      "b6",
      "n30",
      "b7",
      "n31",
      "c1",
      "n37",
      "n38",
      "e5"
    ],
    [
      "i1",
      "n2",
      "b1",
      "n4",
      "n22",
      "b5",
      "n23",
      "n26",
      "b6",
      "n30",
      "b7",
      "n32",
      "c1",
      "n37",
      "n38",
      "e5"
    ],
    [
      "i1",
      "n2",
      "b1",
      "n4",
      "n22",
      "b5",
      "n23",
      "n26",
      "b6",
      "n29",
      "b8",
      "n34",
      "c1",
      "n37",
      "n38",
      "e5"
    ],
    [
      "i1",
      "n2",
      "b1",
      "n4",
      "n22",
      "b5",
      "n23",
      "n26",
      "b6",
      "n29",
      "b8",
      "n35",
      "c1",
      "n37",
      "n38",
      "e5"
    ],
    [
      "i1",
      "n2",
      "b1",
      "n4",
      "n22",
      "b5",
      "n23",
      "n26",
      "b6",
      "n29",
      "b8",
      "n36",
      "c1",
      "n37",
      "n38",
      "e5"
    ],
    [
      "i1",
      "n2",
      "b1",
      "n4",
      "n22",
      "b5",
      "n24",
      "n39",
      "n40",
      "n41",
      "n42",
      "e6"
    ],
    [
      "i1",
      "n2",
      "b1",
      "n4",
      "n22",
      "b5",
      "n25",
      "n43",
      "n44",
      "n45",
      "e7"
    ]
  ],
  "source_text_traces": [
    [
      "i1",
      "i5",
      "i6",
      "i8",
      "i9"
    ],
    [
      "i1",
      "i5",
      "i7",
      "i10"
    ],
    [
      "i1",
      "i4",
      "i11",
      "i13"
    ],
    [
      "i1",
      "i4",
      "i12",
      "i14"
    ],
    [
      "i1",
      "i15",
      "i18",
      "i19",
      "i21",
      "i22"
    ],
    [
      "i1",
      "i15",
      "i18",
      "i20",
      "i21",
      "i22"
    ],
    [
      "i1",
      "i16",
      "i23",
      "i24"
    ],
    [
      "i1",
      "i17",
      "i25"
    ]
  ]
}