{
  "model_traces": [
    [
      "i",
      "a1",
      "a2",
      "b_if",
      "a3",
      "c_if",
      "b_mt",
      "b_ss",
      "a7",
      "a8",
      "b_aw",
      "a9",
      "e1"
    ],
    [
      "i",
      "a1",
      "a2",
      "b_if",
      "a3",
      "c_if",
      "b_mt",
      "b_ss",
      "a7",
      "a8",
      "b_aw",
      "c_tc",
      "b_ts",
      "a11",
      "b_ar",
      "a12",
      "e2"
    ],
    [
      "i",
      "a1",
      "a2",
      "b_if",
      "a3",
      "c_if",
      "b_mt",
      "b_ss",
      "a7",
      "a8",
      "b_aw",
      "c_tc",
      "b_ts",
      "a11",
      "b_ar",
      "a13",
      "a14",
      "b_aa",
      "a15",
      "e3"
    ],
    [
      "i",
      "a1",
      "a2",
      "b_if",
      "a3",
      "c_if",
      "b_mt",
      "b_ss",
      "a7",
      "a8",
      "b_aw",
      "c_tc",
      "b_ts",
      "a11",
      "b_ar",
      "a13",
      "a14",
      "b_aa",
      "c_end_support",
      "a16",
      "e4"
    ],
    [
      "i",
      "a1",
      "a2",
      "b_if",
      "a3",
      "c_if",
      "b_mt",
      "b_ss",
      "a7",
      "a8",
      "b_aw",
      "c_tc",
      "b_ts",
      "c_end_support",
      "a16",
      "e4"
    ],
    [
      "i",
      "a1",
      "a2",
      "b_if",
      "a3",
      "c_if",
      "b_mt",
      "b_ss",
      "c_tc",
      "b_ts",
      "a11",
      "b_ar",
      "a12",
      "e2"
    ],
    [
      "i",
      "a1",
      "a2",
      "b_if",
      "a3",
      "c_if",
      "b_mt",
      "b_ss",
      "c_tc",
      "b_ts",
      "a11",
      "b_ar",
      "a13",
      "a14",
      "b_aa",
      "a15",
      "e3"
    ],
    [
      "i",
      "a1",
      "a2",
      "b_if",
      "a3",
      "c_if",
      "b_mt",
      "b_ss",
      "c_tc",
      "b_ts",
      "a11",
      "b_ar",
      "a13",
      "a14",
      "b_aa",
      "c_end_support",
      "a16",
      "e4"
    ],
    [
      "i",
      "a1",
      "a2",
      "b_if",
      "a3",
      "c_if",
      "b_mt",
      "b_ss",
      "c_tc",
      "b_ts",
      "c_end_support",
      "a16",
      "e4"
    ],
    [
      "i",
      "a1",
      "a2",
      "b_if",
      "a4",
      "c_if",
      "b_mt",
      "b_ss",
      "a7",
      "a8",
      "b_aw",
      "a9",
      "e1"
    ],
    [
      "i",
      "a1",
      "a2",
      "b_if",
      "a4",
      "c_if",
      "b_mt",
      "b_ss",
      "a7",
      "a8",
      "b_aw",
      "c_tc",
      "b_ts",
      "a11",
      "b_ar",
      "a12",
      "e2"
    ],
    [
      "i",
      "a1",
      "a2",
      "b_if",
      "a4",
      "c_if",
      "b_mt",
      "b_ss",
      "a7",
      "a8",
      "b_aw",
      "c_tc",
      "b_ts",
      "a11",
      "b_ar",
      "a13",
      "a14",
      "b_aa",
      "a15",
      "e3"
    ],
    [
      "i",
      "a1",
      "a2",
      "b_if",
      "a4",
      "c_if",
      "b_mt",
      "b_ss",
      "a7",
      "a8",
      "b_aw",
      "c_tc",
      "b_ts",
      "a11",
      "b_ar",
      "a13",
      "a14",
      "b_aa",
      "c_end_support",
      "a16",
      "e4"
    ],
    [
      "i",
      "a1",
      "a2",
      "b_if",
      "a4",
      "c_if",
      "b_mt",
      "b_ss",
      "a7",
      "a8",
      "b_aw",
      "c_tc",
      "b_ts",
      "c_end_support",
      "a16",
      "e4"
    ],
    [
      "i",
      "a1",
      "a2",
      "b_if",
      "a4",
      "c_if",
      "b_mt",
      "b_ss",
      "c_tc",
      "b_ts",
      "a11",
      "b_ar",
      "a12",
      "e2"
    ],
    [
      "i",
      "a1",
      "a2",
      "b_if",
      "a4",
      "c_if",
      "b_mt",
      "b_ss",
      "c_tc",
      "b_ts",
      "a11",
      "b_ar",
      "a13",
      "a14",
      "b_aa",
      "a15",
      "e3"
    ],
    [
      "i",
      "a1",
      "a2",
      "b_if",
      "a4",
      "c_if",
      "b_mt",
      "b_ss",
      "c_tc",
      "b_ts",
      "a11",
      "b_ar",
      "a13",
      "a14",
      "b_aa",
      "c_end_support",
      "a16",
      "e4"
    ],
    [
      "i",
      "a1",
      "a2",
      "b_if",
      "a4",
      "c_if",
      "b_mt",
      "b_ss",
      "c_tc",
      "b_ts",
      "c_end_support",
      "a16",
      "e4"
    ]
  ],
  "source_text_traces": [
    [
      "i1",
      "i2",
      "i24",
      "i4",
      "i5",
      "i14",
      "i23"
    ],
    [
      "i1",
      "i2",
      "i24",
      "i4",
      "i6",
      "i7",
      "i8",
      "i10",
      "i11",
      "i12"
    ],
    [
      "i1",
      "i2",
      "i24",
      "i4",
      "i6",
      "i7",
      "i8",
      "i10",
      "i13",
      "i17",
      "i23"
    ],
    [
      "i1",
      "i2",
      "i24",
      "i4",
      "i6",
      "i7",
      "i8",
      "i10",
      "i13",
      "i16",
      "i18",
      "i19",
      "i20",
      "i21",
      "i22",
      "i23"
    ],
    [
      "i1",
      "i2",
      "i24",
      "i4",
      "i6",
      "i9",
      "i16",
      "i18",
      "i19",
      "i20",
      "i21",
      "i22",
      "i23"
    ],
    [
      "i1",
      "i2",
      "i24",
      "i4",
      "i6",
      "i9",
      "i17",
      "i23"
    ],
    [
      "i1",
      "i2",
      "i25",
      "i3",
      "i4",
      "i5",
      "i14",
      "i23"
    ],
    [
      "i1",
      "i2",
      "i25",
      "i3",
      "i4",
      "i6",
      "i7",
      "i8",
      "i10",
      "i11",
      "i12"
    ],
    [
      "i1",
      "i2",
      "i25",
      "i3",
      "i4",
      "i6",
      "i7",
      "i8",
      "i10",
      "i13",
      "i17",
      "i23"
    ],
    [
      "i1",
      "i2",
      "i25",
      "i3",
      "i4",
      "i6",
      "i7",
      "i8",
      "i10",
      "i13",
      "i16",
      "i18",
      "i19",
      "i20",
      "i21",
      "i22",
      "i23"
    ],
    [
      "i1",
      "i2",
      "i25",
      "i3",
      "i4",
      "i6",
      "i9",
      "i16",
      "i18",
      "i19",
      "i20",
      "i21",
      "i22",
      "i23"
    ],
    [
      "i1",
      "i2",
      "i25",
      "i3",
      "i4",
      "i6",
      "i9",
      "i17",
      "i23"
    ]
  ]
}