{
  "model_traces": [
    [
      "s0",
      "c2",
      "i1",
      "b1",
      "i2",
      "e1"
    ],
    [
      "s0",
      "c2",
      "i1",
      "b1",
      "i3",
      "b2",
      "i5",
      "e5"
    ],
    [
      "s0",
      "c2",
      "i1",
      "b1",
      "i3",
      "b2",
      "e6"
    ]
  ],
  "source_text_traces": [
    [
      "i1",
      "i2"
    ],
    [
      "i1",
      "i3",
      "i4",
      "i1"
    ],
    [
      "i1",
      "i3",
      "i5"
    ],
    [
      "i1",
      "i3",
      "i1"
    ],
    [
      "i1",
      "i3"
    ]
  ]
}