{
  "model_traces": [
    [
      "i1",
      "n1",
      "n2",
      "b1",
      "n3",
      "c1",
      "n6",
      "n7",
      "b3",
      "n8",
      "n9",
      "e1"
    ],
    [
      "i1",
      "n1",
      "n2",
      "b1",
      "n3",
      "c1",
      "n6",
      "n7",
      "b3",
      "n10",
      "n14",
      "n15",
      "n16",
      "n18",
      "n19",
      "e4"
    ],
    [
      "i1",
      "n1",
      "n2",
      "b1",
      "n4",
      "b2",
      "n5",
      "c1",
      "n6",
      "n7",
      "b3",
      "n8",
      "n9",
      "e1"
    ],
    [
      "i1",
      "n1",
      "n2",
      "b1",
      "n4",
      "b2",
      "n5",
      "c1",
      "n6",
      "n7",
      "b3",
      "n10",
      "n14",
      "n15",
      "n16",
      "n18",
      "n19",
      "e4"
    ],
    [
      "i1",
      "n1",
      "n2",
      "b1",
      "n4",
      "b2",
      "c1",
      "n6",
      "n7",
      "b3",
      "n8",
      "n9",
      "e1"
    ],
    [
      "i1",
      "n1",
      "n2",
      "b1",
      "n4",
      "b2",
      "c1",
      "n6",
      "n7",
      "b3",
      "n10",
      "n14",
      "n15",
      "n16",
      "n18",
      "n19",
      "e4"
    ]
  ],
  "source_text_traces": [
    [
      "i1",
      "i2",
      "i3",
      "i5",
      "i7",
      "i4",
      "i8"
    ],
    [
      "i1",
      "i2",
      "i3",
      "i5",
      "i7",
      "i9",
      "i10",
      "i11",
      "i12"
    ]
  ]
}