{
  "model_traces": [
    [
      "i1",
      "n1",
      "n2",
      "n4",
      "b2",
      "n5",
      "c2",
      "n13",
      "b6",
      "n14",
      "c3",
      "n17",
      "b8",
      "n18",
      "c1",
      "n23",
      "n24",
      "e2"
    ],
    [
      "i1",
      "n1",
      "n2",
      "n4",
      "b2",
      "n5",
      "c2",
      "n13",
      "b6",
      "n14",
      "c3",
      "n17",
      "b8",
      "n19",
      "b9",
      "n20",
      "c1",
      "n23",
      "n24",
      "e2"
    ],
    [
      "i1",
      "n1",
      "n2",
      "n4",
      "b2",
      "n5",
      "c2",
      "n13",
      "b6",
      "n14",
      "c3",
      "n17",
      "b8",
      "n19",
      "b9",
      "n21",
      "b10",
      "n22",
      "c1",
      "n23",
      "n24",
      "e2"
    ],
    [
      "i1",
      "n1",
      "n2",
      "n4",
      "b2",
      "n5",
      "c2",
      "n13",
      "b6",
      "n14",
      "c3",
      "n17",
      "b8",
      "n19",
      "b9",
      "n21",
      "b10",
      "c1",
      "n23",
      "n24",
      "e2"
    ],
    [
      "i1",
      "n1",
      "n2",
      "n4",
      "b2",
      "n5",
      "c2",
      "n13",
      "b6",
      "n15",
      "b7",
      "n16",
      "c3",
      "n17",
      "b8",
      "n18",
      "c1",
      "n23",
      "n24",
      "e2"
    ],
    [
      "i1",
      "n1",
      "n2",
      "n4",
      "b2",
      "n5",
      "c2",
      "n13",
      "b6",
      "n15",
      "b7",
      "n16",
      "c3",
      "n17",
      "b8",
      "n19",
      "b9",
      "n20",
      "c1",
      "n23",
      "n24",
      "e2"
    ],
    [
      "i1",
      "n1",
      "n2",
      "n4",
      "b2",
      "n5",
      "c2",
      "n13",
      "b6",
      "n15",
      "b7",
      "n16",
      "c3",
      "n17",
      "b8",
      "n19",
      "b9",
      "n21",
      "b10",
      "n22",
      "c1",
      "n23",
      "n24",
      "e2"
    ],
    [
      "i1",
      "n1",
      "n2",
      "n4",
      "b2",
      "n5",
      "c2",
      "n13",
      "b6",
      "n15",
      "b7",
      "n16",
      "c3",
      "n17",
      "b8",
      "n19",
      "b9",
      "n21",
      "b10",
      "c1",
      "n23",
      "n24",
      "e2"
    ],
    [
      "i1",
      "n1",
      "n2",
      "n4",
      "b2",
      "n5",
      "c2",
      "n13",
      "b6",
      "n15",
      "b7",
      "c3",
      "n17",
      "b8",
      "n18",
      "c1",
      "n23",
      "n24",
      "e2"
    ],
    [
      "i1",
      "n1",
      "n2",
      "n4",
      "b2",
      "n5",
      "c2",
      "n13",
      "b6",
      "n15",
      "b7",
      "c3",
      "n17",
      "b8",
      "n19",
      "b9",
      "n20",
      "c1",
      "n23",
      "n24",
      "e2"
    ],
    [
      "i1",
      "n1",
      "n2",
      "n4",
      "b2",
      "n5",
      "c2",
      "n13",
      "b6",
      "n15",
      "b7",
      "c3",
      "n17",
      "b8",
      "n19",
      "b9",
      "n21",
      "b10",
      "n22",
      "c1",
      "n23",
      "n24",
      "e2"
    ],
    [
      "i1",
      "n1",
      "n2",
      "n4",
      "b2",
      "n5",
      "c2",
      "n13",
      "b6",
      "n15",
      "b7",
      "c3",
      "n17",
      "b8",
      "n19",
      "b9",
      "n21",
      "b10",
      "c1",
      "n23",
      "n24",
      "e2"
    ],
    [
      "i1",
      "n1",
      "n2",
      "n4",
      "b2",
      "n6",
      "b3",
      "n7",
      "c2",
      "n13",
      "b6",
      "n14",
      "c3",
      "n17",
      "b8",
      "n18",
      "c1",
      "n23",
      "n24",
      "e2"
    ],
    [
      "i1",
      "n1",
      "n2",
      "n4",
      "b2",
      "n6",
      "b3",
      "n7",
      "c2",
      "n13",
      "b6",
      "n14",
      "c3",
      "n17",
      "b8",
      "n19",
      "b9",
      "n20",
      "c1",
      "n23",
      "n24",
      "e2"
    ],
    [
      "i1",
      "n1",
      "n2",
      "n4",
      "b2",
      "n6",
      "b3",
      "n7",
      "c2",
      "n13",
      "b6",
      "n14",
      "c3",
      "n17",
      "b8",
      "n19",
      "b9",
      "n21",
      "b10",
      "n22",
      "c1",
      "n23",
      "n24",
      "e2"
    ],
    [
      "i1",
      "n1",
      "n2",
      "n4",
      "b2",
      "n6",
      "b3",
      "n7",
      "c2",
      "n13",
      "b6",
      "n14",
      "c3",
      "n17",
      "b8",
      "n19",
      "b9",
      "n21",
      "b10",
      "c1",
      "n23",
      "n24",
      "e2"
    ],
    [
      "i1",
      "n1",
      "n2",
      "n4",
      "b2",
      "n6",
      "b3",
      "n7",
      "c2",
      "n13",
      "b6",
      "n15",
      "b7",
      "n16",
      "c3",
      "n17",
      "b8",
      "n18",
      "c1",
      "n23",
      "n24",
      "e2"
    ],
    [
      "i1",
      "n1",
      "n2",
      "n4",
      "b2",
      "n6",
      "b3",
      "n7",
      "c2",
      "n13",
      "b6",
      "n15",
      "b7",
      "n16",
      "c3",
      "n17",
      "b8",
      "n19",
      "b9",
      "n20",
      "c1",
      "n23",
      "n24",
      "e2"
    ],
    [
      "i1",
      "n1",
      "n2",
      "n4",
      "b2",
      "n6",
      "b3",
      "n7",
      "c2",
      "n13",
      "b6",
      "n15",
      "b7",
      "n16",
      "c3",
      "n17",
      "b8",
      "n19",
      "b9",
      "n21",
      "b10",
      "n22",
      "c1",
      "n23",
      "n24",
      "e2"
    ],
    [
      "i1",
      "n1",
      "n2",
      "n4",
      "b2",
      "n6",
      "b3",
      "n7",
      "c2",
      "n13",
      "b6",
      "n15",
      "b7",
      "n16",
      "c3",
      "n17",
      "b8",
      "n19",
      "b9",
      "n21",
      "b10",
      "c1",
      "n23",
      "n24",
      "e2"
    ],
    [
      "i1",
      "n1",
      "n2",
      "n4",
      "b2",
      "n6",
      "b3",
      "n7",
      "c2",
      "n13",
      "b6",
      "n15",
      "b7",
      "c3",
      "n17",
      "b8",
      "n18",
      "c1",
      "n23",
      "n24",
      "e2"
    ],
    [
      "i1",
      "n1",
      "n2",
      "n4",
      "b2",
      "n6",
      "b3",
      "n7",
      "c2",
      "n13",
      "b6",
      "n15",
      "b7",
      "c3",
      "n17",
      "b8",
      "n19",
      "b9",
      "n20",
      "c1",
      "n23",
      "n24",
      "e2"
    ],
    [
      "i1",
      "n1",
      "n2",
      "n4",
      "b2",
      "n6",
      "b3",
      "n7",
      "c2",
      "n13",
      "b6",
      "n15",
      "b7",
      "c3",
      "n17",
      "b8",
      "n19",
      "b9",
      "n21",
      "b10",
      "n22",
      "c1",
      "n23",
      "n24",
      "e2"
    ],
    [
      "i1",
      "n1",
      "n2",
      "n4",
      "b2",
      "n6",
      "b3",
      "n7",
      "c2",
      "n13",
      "b6",
      "n15",
      "b7",
      "c3",
      "n17",
      "b8",
      "n19",
      "b9",
      "n21",
      "b10",
      "c1",
      "n23",
      "n24",
      "e2"
    ],
    [
      "i1",
      "n1",
      "n2",
      "n4",
      "b2",
      "n6",
      "b3",
      "n8",
      "b4",
      "n9",
      "c2",
      "n13",
      "b6",
      "n14",
      "c3",
      "n17",
      "b8",
      "n18",
      "c1",
      "n23",
      "n24",
      "e2"
    ],
    [
      "i1",
      "n1",
      "n2",
      "n4",
      "b2",
      "n6",
      "b3",
      "n8",
      "b4",
      "n9",
      "c2",
      "n13",
      "b6",
      "n14",
      "c3",
      "n17",
      "b8",
      "n19",
      "b9",
      "n20",
      "c1",
      "n23",
      "n24",
      "e2"
    ],
    [
      "i1",
      "n1",
      "n2",
      "n4",
      "b2",
      "n6",
      "b3",
      "n8",
      "b4",
      "n9",
      "c2",
      "n13",
      "b6",
      "n14",
      "c3",
      "n17",
      "b8",
      "n19",
      "b9",
      "n21",
      "b10",
      "n22",
      "c1",
      "n23",
      "n24",
      "e2"
    ],
    [
      "i1",
      "n1",
      "n2",
      "n4",
      "b2",
      "n6",
      "b3",
      "n8",
      "b4",
      "n9",
      "c2",
      "n13",
      "b6",
      "n14",
      "c3",
      "n17",
      "b8",
      "n19",
      "b9",
      "n21",
      "b10",
      "c1",
      "n23",
      "n24",
      "e2"
    ],
    [
      "i1",
      "n1",
      "n2",
      "n4",
      "b2",
      "n6",
      "b3",
      "n8",
      "b4",
      "n9",
      "c2",
      "n13",
      "b6",
      "n15",
      "b7",
      "n16",
      "c3",
      "n17",
      "b8",
      "n18",
      "c1",
      "n23",
      "n24",
      "e2"
    ],
    [
      "i1",
      "n1",
      "n2",
      "n4",
      "b2",
      "n6",
      "b3",
      "n8",
      "b4",
      "n9",
      "c2",
      "n13",
      "b6",
      "n15",
      "b7",
      "n16",
      "c3",
      "n17",
      "b8",
      "n19",
      "b9",
      "n20",
      "c1",
      "n23",
      "n24",
      "e2"
    ],
    [
      "i1",
      "n1",
      "n2",
      "n4",
      "b2",
      "n6",
      "b3",
      "n8",
      "b4",
      "n9",
      "c2",
      "n13",
      "b6",
      "n15",
      "b7",
      "n16",
      "c3",
      "n17",
      "b8",
      "n19",
      "b9",
      "n21",
      "b10",
      "n22",
      "c1",
      "n23",
      "n24",
      "e2"
    ],
    [
      "i1",
      "n1",
      "n2",
      "n4",
      "b2",
      "n6",
      "b3",
      "n8",
      "b4",
      "n9",
      "c2",
      "n13",
      "b6",
      "n15",
      "b7",
      "n16",
      "c3",
      "n17",
      "b8",
      "n19",
      "b9",
      "n21",
      "b10",
      "c1",
      "n23",
      "n24",
      "e2"
    ],
    [
      "i1",
      "n1",
      "n2",
      "n4",
      "b2",
      "n6",
      "b3",
      "n8",
      "b4",
      "n9",
      "c2",
      "n13",
      "b6",
      "n15",
      "b7",
      "c3",
      "n17",
      "b8",
      "n18",
      "c1",
      "n23",
      "n24",
      "e2"
    ],
    [
      "i1",
      "n1",
      "n2",
      "n4",
      "b2",
      "n6",
      "b3",
      "n8",
      "b4",
      "n9",
      "c2",
      "n13",
      "b6",
      "n15",
      "b7",
      "c3",
      "n17",
      "b8",
      "n19",
      "b9",
      "n20",
      "c1",
      "n23",
      "n24",
      "e2"
    ],
    [
      "i1",
      "n1",
      "n2",
      "n4",
      "b2",
      "n6",
      "b3",
      "n8",
      "b4",
      "n9",
      "c2",
      "n13",
      "b6",
      "n15",
      "b7",
      "c3",
      "n17",
      "b8",
      "n19",
      "b9",
      "n21",
      "b10",
      "n22",
      "c1",
      "n23",
      "n24",
      "e2"
    ],
    [
      "i1",
      "n1",
      "n2",
      "n4",
      "b2",
      "n6",
      "b3",
      "n8",
      "b4",
      "n9",
      "c2",
      "n13",
      "b6",
      "n15",
      "b7",
      "c3",
      "n17",
      "b8",
      "n19",
      "b9",
      "n21",
      "b10",
      "c1",
      "n23",
      "n24",
      "e2"
    ],
    [
      "i1",
      "n1",
      "n2",
      "n4",
      "b2",
      "n6",
      "b3",
      "n8",
      "b4",
      "n10",
      "b5",
      "n11",
      "c2",
      "n13",
      "b6",
      "n14",
      "c3",
      "n17",
      "b8",
      "n18",
      "c1",
      "n23",
      "n24",
      "e2"
    ],
    [
      "i1",
      "n1",
      "n2",
      "n4",
      "b2",
      "n6",
      "b3",
      "n8",
      "b4",
      "n10",
      "b5",
      "n11",
      "c2",
      "n13",
      "b6",
      "n14",
      "c3",
      "n17",
      "b8",
      "n19",
      "b9",
      "n20",
      "c1",
      "n23",
      "n24",
      "e2"
    ],
    [
      "i1",
      "n1",
      "n2",
      "n4",
      "b2",
      "n6",
      "b3",
      "n8",
      "b4",
      "n10",
      "b5",
      "n11",
      "c2",
      "n13",
      "b6",
      "n14",
      "c3",
      "n17",
      "b8",
      "n19",
      "b9",
      "n21",
      "b10",
      "n22",
      "c1",
      "n23",
      "n24",
      "e2"
    ],
    [
      "i1",
      "n1",
      "n2",
      "n4",
      "b2",
      "n6",
      "b3",
      "n8",
      "b4",
      "n10",
      "b5",
      "n11",
      "c2",
      "n13",
      "b6",
      "n14",
      "c3",
      "n17",
      "b8",
      "n19",
      "b9",
      "n21",
      "b10",
      "c1",
      "n23",
      "n24",
      "e2"
    ],
    [
      "i1",
      "n1",
      "n2",
      "n4",
      "b2",
      "n6",
      "b3",
      "n8",
      "b4",
      "n10",
      "b5",
      "n11",
      "c2",
      "n13",
      "b6",
      "n15",
      "b7",
      "n16",
      "c3",
      "n17",
      "b8",
      "n18",
      "c1",
      "n23",
      "n24",
      "e2"
    ],
    [
      "i1",
      "n1",
      "n2",
      "n4",
      "b2",
      "n6",
      "b3",
      "n8",
      "b4",
      "n10",
      "b5",
      "n11",
      "c2",
      "n13",
      "b6",
      "n15",
      "b7",
      "n16",
      "c3",
      "n17",
      "b8",
      "n19",
      "b9",
      "n20",
      "c1",
      "n23",
      "n24",
      "e2"
    ],
    [
      "i1",
      "n1",
      "n2",
      "n4",
      "b2",
      "n6",
      "b3",
      "n8",
      "b4",
      "n10",
      "b5",
      "n11",
      "c2",
      "n13",
      "b6",
      "n15",
      "b7",
      "n16",
      "c3",
      "n17",
      "b8",
      "n19",
      "b9",
      "n21",
      "b10",
      "n22",
      "c1",
      "n23",
      "n24",
      "e2"
    ],
    [
      "i1",
      "n1",
      "n2",
      "n4",
      "b2",
      "n6",
      "b3",
      "n8",
      "b4",
      "n10",
      "b5",
      "n11",
      "c2",
      "n13",
      "b6",
      "n15",
      "b7",
      "n16",
      "c3",
      "n17",
      "b8",
      "n19",
      "b9",
      "n21",
      "b10",
      "c1",
      "n23",
      "n24",
      "e2"
    ],
    [
      "i1",
      "n1",
      "n2",
      "n4",
      "b2",
      "n6",
      "b3",
      "n8",
      "b4",
      "n10",
      "b5",
      "n11",
      "c2",
      "n13",
      "b6",
      "n15",
      "b7",
      "c3",
      "n17",
      "b8",
      "n18",
      "c1",
      "n23",
      "n24",
      "e2"
    ],
    [
      "i1",
      "n1",
      "n2",
      "n4",
      "b2",
      "n6",
      "b3",
      "n8",
      "b4",
      "n10",
      "b5",
      "n11",
      "c2",
      "n13",
      "b6",
      "n15",
      "b7",
      "c3",
      "n17",
      "b8",
      "n19",
      "b9",
      "n20",
      "c1",
      "n23",
      "n24",
      "e2"
    ],
    [
      "i1",
      "n1",
      "n2",
      "n4",
      "b2",
      "n6",
      "b3",
      "n8",
      "b4",
      "n10",
      "b5",
      "n11",
      "c2",
      "n13",
      "b6",
      "n15",
      "b7",
      "c3",
      "n17",
      "b8",
      "n19",
      "b9",
      "n21",
      "b10",
      "n22",
      "c1",
      "n23",
      "n24",
      "e2"
    ],
    [
      "i1",
      "n1",
      "n2",
      "n4",
      "b2",
      "n6",
      "b3",
      "n8",
      "b4",
      "n10",
      "b5",
      "n11",
      "c2",
      "n13",
      "b6",
      "n15",
      "b7",
      "c3",
      "n17",
      "b8",
      "n19",
      "b9",
      "n21",
      "b10",
      "c1",
      "n23",
      "n24",
      "e2"
    ],
    [
      "i1",
      "n1",
      "n2",
      "n4",
      "b2",
      "n6",
      "b3",
      "n8",
      "b4",
      "n10",
      "b5",
      "c2",
      "n13",
      "b6",
      "n14",
      "c3",
      "n17",
      "b8",
      "n18",
      "c1",
      "n23",
      "n24",
      "e2"
    ],
    [
      "i1",
      "n1",
      "n2",
      "n4",
      "b2",
      "n6",
      "b3",
      "n8",
      "b4",
      "n10",
      "b5",
      "c2",
      "n13",
      "b6",
      "n14",
      "c3",
      "n17",
      "b8",
      "n19",
      "b9",
      "n20",
      "c1",
      "n23",
      "n24",
      "e2"
    ],
    [
      "i1",
      "n1",
      "n2",
      "n4",
      "b2",
      "n6",
      "b3",
      "n8",
      "b4",
      "n10",
      "b5",
      "c2",
      "n13",
      "b6",
      "n14",
      "c3",
      "n17",
      "b8",
      "n19",
      "b9",
      "n21",
      "b10",
      "n22",
      "c1",
      "n23",
      "n24",
      "e2"
    ],
    [
      "i1",
      "n1",
      "n2",
      "n4",
      "b2",
      "n6",
      "b3",
      "n8",
      "b4",
      "n10",
      "b5",
      "c2",
      "n13",
      "b6",
      "n14",
      "c3",
      "n17",
      "b8",
      "n19",
      "b9",
      "n21",
      "b10",
      "c1",
      "n23",
      "n24",
      "e2"
    ],
    [
      "i1",
      "n1",
      "n2",
      "n4",
      "b2",
      "n6",
      "b3",
      "n8",
      "b4",
      "n10",
      "b5",
      "c2",
      "n13",
      "b6",
      "n15",
      "b7",
      "n16",
      "c3",
      "n17",
      "b8",
      "n18",
      "c1",
      "n23",
      "n24",
      "e2"
    ],
    [
      "i1",
      "n1",
      "n2",
      "n4",
      "b2",
      "n6",
      "b3",
      "n8",
      "b4",
      "n10",
      "b5",
      "c2",
      "n13",
      "b6",
      "n15",
      "b7",
      "n16",
      "c3",
      "n17",
      "b8",
      "n19",
      "b9",
      "n20",
      "c1",
      "n23",
      "n24",
      "e2"
    ],
    [
      "i1",
      "n1",
      "n2",
      "n4",
      "b2",
      "n6",
      "b3",
      "n8",
      "b4",
      "n10",
      "b5",
      "c2",
      "n13",
      "b6",
      "n15",
      "b7",
      "n16",
      "c3",
      "n17",
      "b8",
      "n19",
      "b9",
      "n21",
      "b10",
      "n22",
      "c1",
      "n23",
      "n24",
      "e2"
    ],
    [
      "i1",
      "n1",
      "n2",
      "n4",
      "b2",
      "n6",
      "b3",
      "n8",
      "b4",
      "n10",
      "b5",
      "c2",
      "n13",
      "b6",
      "n15",
      "b7",
      "n16",
      "c3",
      "n17",
      "b8",
      "n19",
      "b9",
      "n21",
      "b10",
      "c1",
      "n23",
      "n24",
      "e2"
    ],
    [
      "i1",
      "n1",
      "n2",
      "n4",
      "b2",
      "n6",
      "b3",
      "n8",
      "b4",
      "n10",
      "b5",
      "c2",
      "n13",
      "b6",
      "n15",
      "b7",
      "c3",
      "n17",
      "b8",
      "n18",
      "c1",
      "n23",
      "n24",
      "e2"
    ],
    [
      "i1",
      "n1",
      "n2",
      "n4",
      "b2",
      "n6",
      "b3",
      "n8",
      "b4",
      "n10",
      "b5",
      "c2",
      "n13",
      "b6",
      "n15",
      "b7",
      "c3",
      "n17",
      "b8",
      "n19",
      "b9",
      "n20",
      "c1",
      "n23",
      "n24",
      "e2"
    ],
    [
      "i1",
      "n1",
      "n2",
      "n4",
      "b2",
      "n6",
      "b3",
      "n8",
      "b4",
      "n10",
      "b5",
      "c2",
      "n13",
      "b6",
      "n15",
      "b7",
      "c3",
      "n17",
      "b8",
      "n19",
      "b9",
      "n21",
      "b10",
      "n22",
      "c1",
      "n23",
      "n24",
      "e2"
    ],
    [
      "i1",
      "n1",
      "n2",
      "n4",
      "b2",
      "n6",
      "b3",
      "n8",
      "b4",
      "n10",
      "b5",
      "c2",
      "n13",
      "b6",
      "n15",
      "b7",
      "c3",
      "n17",
      "b8",
      "n19",
      "b9",
      "n21",
      "b10",
      "c1",
      "n23",
      "n24",
      "e2"
    ]
  ],
  "source_text_traces": [
    [
      "i1",
      "i2",
      "i3",
      "i4",
      "i14",
      "i15"
    ],
    [
      "i1",
      "i2",
      "i5",
      "i6",
      "i14",
      "i15"
    ],
    [
      "i1",
      "i2",
      "i7",
      "i8",
      "i14",
      "i15"
    ],
    [
      "i1",
      "i2",
      "i9",
      "i10",
      "i14",
      "i15"
    ]
  ]
}