{
  "model_traces": [
    [
      "i1",
      "n2",
      "n3",
      "n4",
      "n5",
      "b1",
      "n6",
      "c1",
      "n8",
      "b8",
      "n18",
      "n19",
      "n20",
      "n21",
      "n22",
      "e1"
    ],
    [
      "i1",
      "n2",
      "n3",
      "n4",
      "n5",
      "b1",
      "n6",
      "c1",
      "n8",
      "b8",
      "n23",
      "n_adj",
      "n25",
      "n26",
      "n27",
      "n28",
      "n29",
      "n30",
      "n31",
      "e2"
    ],
    [
      "i1",
      "n2",
      "n3",
      "n4",
      "n5",
      "b1",
      "n6",
      "c1",
      "n8",
      "b8",
      "n32",
      "n33",
      "e3"
    ],
    [
      "i1",
      "n2",
      "n3",
      "n4",
      "n5",
      "b1",
      "n6",
      "c1",
      "n8",
      "b8",
      "n34",
      "n35",
      "n36",
      "b7",
      "n37",
      "c3",
      "n39",
      "e4"
    ],
    [
      "i1",
      "n2",
      "n3",
      "n4",
      "n5",
      "b1",
      "n6",
      "c1",
      "n8",
      "b8",
      "n34",
      "n35",
      "n36",
      "b7",
      "n38",
      "c3",
      "n39",
      "e4"
    ],
    [
      "i1",
      "n2",
      "n3",
      "n4",
      "n5",
      "b1",
      "n7",
      "c1",
      "n8",
      "b8",
      "n18",
      "n19",
      "n20",
      "n21",
      "n22",
      "e1"
    ],
    [
      "i1",
      "n2",
      "n3",
      "n4",
      "n5",
      "b1",
      "n7",
      "c1",
      "n8",
      "b8",
      "n23",
      "n_adj",
      "n25",
      "n26",
      "n27",
      "n28",
      "n29",
      "n30",
      "n31",
      "e2"
    ],
    [
      "i1",
      "n2",
      "n3",
      "n4",
      "n5",
      "b1",
      "n7",
      "c1",
      "n8",
      "b8",
      "n32",
      "n33",
      "e3"
    ],
    [
      "i1",
      "n2",
      "n3",
      "n4",
      "n5",
      "b1",
      "n7",
      "c1",
      "n8",
      "b8",
      "n34",
      "n35",
      "n36",
      "b7",
      "n37",
      "c3",
      "n39",
      "e4"
    ],
    [
      "i1",
      "n2",
      "n3",
      "n4",
      "n5",
      "b1",
      "n7",
      "c1",
      "n8",
      "b8",
      "n34",
      "n35",
      "n36",
      "b7",
      "n38",
      "c3",
      "n39",
      "e4"
    ]
  ],
  "source_text_traces": [
    [
      "i1",
      "i2",
      "i3",
      "i4",
      "i5",
      "i6",
      "i10",
      "i11",
      "i12",
      "i13"
    ],
    [
      "i1",
      "i2",
      "i3",
      "i4",
      "i5",
      "i7",
      "i14",
      "i15",
      "i16",
      "i17",
      "i23",
      "i18"
    ],
    [
      "i1",
      "i2",
      "i3",
      "i4",
      "i5",
      "i8",
      "i24"
    ],
    [
      "i1",
      "i2",
      "i3",
      "i4",
      "i5",
      "i9",
      "i19",
      "i20",
      "i21"
    ]
  ]
}