{
  "model_traces": [
    [
      "i1",
      "n2",
      "n5",
      "n6",
      "b2",
      "n7",
      "n8",
      "n9",
      "n10",
      "n11",
      "n12",
      "n13",
      "n14",
      "n15",
      "b3",
      "n18",
      "e1"
    ],
    [
      "i1",
      "n2",
      "n5",
      "n6",
      "b2",
      "n19",
      "n20",
      "n21",
      "n22",
      "n23",
      "b4",
      "n24",
      "e2"
    ],
    [
      "i1",
      "n2",
      "n5",
      "n6",
      "b2",
      "n19",
      "n20",
      "n21",
      "n22",
      "n23",
      "b4",
      "e2"
    ]
  ],
  "source_text_traces": [
    [
      "i1",
      "i3",
      "i4",
      "i5",
      "i6",
      "i7",
      "i10"
    ],
    [
      "i1",
      "i3",
      "i4",
      "i5",
      "i6",
      "i7",
      "i8"
    ],
    [
      "i1",
      "i3",
      "i11",
      "i12"
    ]
  ]
}