{
  "model_traces": [
    [
      "start",
      "b1",
      "n3",
      "b2",
      "b3",
      "n8",
      "n9",
      "e1"
    ],
    [
      "start",
      "b1",
      "n3",
      "b2",
      "b3",
      "n10",
      "n11",
      "e2"
    ],
    [
      "start",
      "b1",
      "n3",
      "b2",
      "b3",
      "n12",
      "n13",
      "e3"
    ],
    [
      "start",
      "b1",
      "n3",
      "b2",
      "b3",
      "n14",
      "n15",
      "e4"
    ],
    [
      "start",
      "b1",
      "n3",
      "b2",
      "b3",
      "n16",
      "e5"
    ],
    [
      "start",
      "b1",
      "n3",
      "b2",
      "b4",
      "n18",
      "n19",
      "e6"
    ],
    [
      "start",
      "b1",
      "n3",
      "b2",
      "b4",
      "n20",
      "n21",
      "e7"
    ],
    [
      "start",
      "b1",
      "n3",
      "b2",
      "b4",
      "n22",
      "n23",
      "e8"
    ],
    [
      "start",
      "b1",
      "n4",
      "b5",
      "n25",
      "n26",
      "n27",
      "n28",
      "e9"
    ],
    [
      "start",
      "b1",
      "n4",
      "b5",
      "n29",
      "n29a",
      "n29b",
      "n29c",
      "n30",
      "n31",
      "n32",
      "n33",
      "n34",
      "n35",
      "e10"
    ],
    [
      "start",
      "b1",
      "n4",
      "b5",
      "n36",
      "n36a",
      "n36b",
      "n36c",
      "n37",
      "n38",
      "n39",
      "e11"
    ]
  ],
  "source_text_traces": [
    [
      "i1",
      "i2",
      "i7",
      "i8",
      "i18",
      "i19"
    ],
    [
      "i1",
      "i2",
      "i7",
      "i10",
      "i20",
      "i19"
    ],
    [
      "i1",
      "i2",
      "i7",
      "i12",
      "i21",
      "i19"
    ],
    [
      "i1",
      "i2",
      "i7",
      "i14",
      "i22",
      "i19"
    ],
    [
      "i1",
      "i2",
      "i7",
      "i16",
      "i23"
    ],
    [
      "i1",
      "i2",
      "i6",
      "i24",
      "i29",
      "i19"
    ],
    [
      "i1",
      "i2",
      "i6",
      "i26",
      "i30",
      "i19"
    ],
    [
      "i1",
      "i2",
      "i6",
      "i27",
      "i31",
      "i19"
    ],
    [
      "i1",
      "i3",
      "i4",
      "i32",
      "i38",
      "i39",
      "i40",
      "i19"
    ],
    [
      "i1",
      "i3",
      "i4",
      "i34",
      "i41",
      "i38",
      "i39",
      "i40",
      "i43",
      "i44",
      "i45",
      "i46",
      "i47",
      "i19"
    ],
    [
      "i1",
      "i3",
      "i4",
      "i36",
      "i42",
      "i38",
      "i39",
      "i40",
      "i43",
      "i48",
      "i49"
    ]
  ]
}