{
  "model_traces": [
    [
      "i1",
      "n1",
      "c_loop",
      "n2",
      "b1",
      "n3",
      "n10",
      "n11",
      "n12",
      "b2",
      "n13",
      "e1"
    ],
    [
      "i1",
      "n1",
      "c_loop",
      "n2",
      "b1",
      "n3",
      "n10",
      "n11",
      "n12",
      "b2",
      "n14",
      "n15",
      "b4",
      "n17",
      "e2"
    ],
    [
      "i1",
      "n1",
      "c_loop",
      "n2",
      "b1",
      "n3",
      "n10",
      "n11",
      "n12",
      "b2",
      "n19",
      "n20",
      "e3"
    ]
  ],
  "source_text_traces": [
    [
      "i1",
      "i2",
      "i3",
      "i4",
      "i12",
      "i13",
      "i14",
      "i15",
      "i23",
      "i24"
    ],
    [
      "i1",
      "i2",
      "i3",
      "i4",
      "i12",
      "i13",
      "i14",
      "i16",
      "i17"
    ],
    [
      "i1",
      "i2",
      "i3",
      "i4",
      "i12",
      "i13",
      "i14",
      "i18",
      "i19",
      "i20",
      "i21",
      "i22"
    ],
    [
      "i1",
      "i2",
      "i5",
      "i6",
      "i7",
      "i8",
      "i9",
      "i10",
      "i11",
      "i12",
      "i13",
      "i14",
      "i15",
      "i23",
      "i24"
    ],
    [
      "i1",
      "i2",
      "i5",
      "i6",
      "i7",
      "i8",
      "i9",
      "i10",
      "i11",
      "i12",
      "i13",
      "i14",
      "i16",
      "i17"
    ],
    [
      "i1",
      "i2",
      "i5",
      "i6",
      "i7",
      "i8",
      "i9",
      "i10",
      "i11",
      "i12",
      "i13",
      "i14",
      "i18",
      "i19",
      "i20",
      "i21",
      "i22"
    ]
  ]
}