{
  "model_traces": [
    [
      "i1",
      "b1",
      "n3",
      "b2",
      "n6",
      "b4",
      "n28",
      "n29",
      "e6"
    ],
    [
      "i1",
      "b1",
      "n3",
      "b2",
      "n6",
      "b4",
      "n30",
      "n31",
      "e7"
    ],
    [
      "i1",
      "b1",
      "n3",
      "b2",
      "n6",
      "b4",
      "n32",
      "n33",
      "e8"
    ],
    [
      "i1",
      "b1",
      "n3",
      "b2",
      "n7",
      "b3",
      "n9",
      "n14",
      "n15",
      "e1"
    ],
    [
      "i1",
      "b1",
      "n3",
      "b2",
      "n7",
      "b3",
      "n10",
      "n16",
      "n17",
      "e2"
    ],
    [
      "i1",
      "b1",
      "n3",
      "b2",
      "n7",
      "b3",
      "n11",
      "n18",
      "n19",
      "e3"
    ],
    [
      "i1",
      "b1",
      "n3",
      "b2",
      "n7",
      "b3",
      "n12",
      "n20",
      "n21",
      "e4"
    ],
    [
      "i1",
      "b1",
      "n3",
      "b2",
      "n7",
      "b3",
      "n13",
      "n22",
      "n23",
      "e5"
    ],
    [
      "i1",
      "b1",
      "n4",
      "b5",
      "n38",
      "n39",
      "n40",
      "n41",
      "e9"
    ],
    [
      "i1",
      "b1",
      "n4",
      "b5",
      "n42",
      "n42_1",
      "n42_2",
      "n43",
      "n44",
      "n45",
      "n46",
      "n47",
      "n48",
      "n49",
      "n49_end",
      "e10"
    ],
    [
      "i1",
      "b1",
      "n4",
      "b5",
      "n50",
      "n50_1",
      "n50_2",
      "n51",
      "n52",
      "n53",
      "n54",
      "n54_end",
      "e11"
    ]
  ],
  "source_text_traces": [
    [
      "i1",
      "i3",
      "i4",
      "i9",
      "i10"
    ],
    [
      "i1",
      "i3",
      "i5",
      "i11",
      "i10"
    ],
    [
      "i1",
      "i3",
      "i6",
      "i12",
      "i10"
    ],
    [
      "i1",
      "i3",
      "i7",
      "i13"
    ],
    [
      "i1",
      "i3",
      "i8",
      "i14"
    ],
    [
      "i1",
      "i3",
      "i15",
      "i18",
      "i10"
    ],
    [
      "i1",
      "i3",
      "i16",
      "i19",
      "i10"
    ],
    [
      "i1",
      "i3",
      "i17",
      "i20",
      "i10"
    ],
    [
      "i1",
      "i21",
      "i24",
      "i25",
      "i26",
      "i10"
    ],
    [
      "i1",
      "i22",
      "i24",
      "i25",
      "i26",
      "i28",
      "i29",
      "i30",
      "i31",
      "i32",
      "i33",
      "i10"
    ],
    [
      "i1",
      "i23",
      "i24",
      "i25",
      "i26",
      "i35",
      "i36",
      "i37"
    ]
  ]
}