{
  "model_traces": [
    [
      "i1",
      "n1",
      "n3",
      "b_start",
      "n2",
      "e2"
    ],
    [
      "i1",
      "n1",
      "n3",
      "b_start",
      "n_monitor",
      "b1",
      "n4",
      "c1",
      "n13",
      "n14",
      "n15",
      "b4",
      "n16",
      "b5",
      "n17",
      "c2",
      "n20",
      "e3"
    ],
    [
      "i1",
      "n1",
      "n3",
      "b_start",
      "n_monitor",
      "b1",
      "n4",
      "c1",
      "n13",
      "n14",
      "n15",
      "b4",
      "n16",
      "b5",
      "n19",
      "c2",
      "n20",
      "e3"
    ],
    [
      "i1",
      "n1",
      "n3",
      "b_start",
      "n_monitor",
      "b1",
      "n4",
      "c1",
      "n13",
      "n14",
      "n15",
      "b4",
      "n18",
      "c2",
      "n20",
      "e3"
    ],
    [
      "i1",
      "n1",
      "n3",
      "b_start",
      "n_monitor",
      "b1",
      "n_i8",
      "n5",
      "c_n6",
      "n6",
      "b2",
      "n8",
      "c1",
      "n13",
      "n14",
      "n15",
      "b4",
      "n16",
      "b5",
      "n17",
      "c2",
      "n20",
      "e3"
    ],
    [
      "i1",
      "n1",
      "n3",
      "b_start",
      "n_monitor",
      "b1",
      "n_i8",
      "n5",
      "c_n6",
      "n6",
      "b2",
      "n8",
      "c1",
      "n13",
      "n14",
      "n15",
      "b4",
      "n16",
      "b5",
      "n19",
      "c2",
      "n20",
      "e3"
    ],
    [
      "i1",
      "n1",
      "n3",
      "b_start",
      "n_monitor",
      "b1",
      "n_i8",
      "n5",
      "c_n6",
      "n6",
      "b2",
      "n8",
      "c1",
      "n13",
      "n14",
      "n15",
      "b4",
      "n18",
      "c2",
      "n20",
      "e3"
    ]
  ],
  "source_text_traces": [
    [
      "i1",
      "i3",
      "i2"
    ],
    [
      "i1",
      "i3",
      "i4",
      "i5",
      "i7",
      "i14",
      "i15",
      "i16",
      "i19",
      "i24"
    ],
    [
      "i1",
      "i3",
      "i4",
      "i5",
      "i7",
      "i14",
      "i15",
      "i16",
      "i17",
      "i18",
      "i20",
      "i21",
      "i24"
    ],
    [
      "i1",
      "i3",
      "i4",
      "i5",
      "i7",
      "i14",
      "i15",
      "i16",
      "i17",
      "i18",
      "i22",
      "i23",
      "i24"
    ],
    [
      "i1",
      "i3",
      "i4",
      "i8",
      "i9",
      "i10",
      "i6",
      "i11",
      "i14",
      "i15",
      "i16",
      "i19",
      "i24"
    ],
    [
      "i1",
      "i3",
      "i4",
      "i8",
      "i9",
      "i10",
      "i6",
      "i11",
      "i14",
      "i15",
      "i16",
      "i17",
      "i18",
      "i20",
      "i21",
      "i24"
    ],
    [
      "i1",
      "i3",
      "i4",
      "i8",
      "i9",
      "i10",
      "i6",
      "i11",
      "i14",
      "i15",
      "i16",
      "i17",
      "i18",
      "i22",
      "i23",
      "i24"
    ],
    [
      "i1",
      "i3",
      "i4",
      "i8",
      "i9",
      "i10",
      "i12",
      "i13",
      "i10"
    ]
  ]
}