{
  "model_traces": [
    [
      "i1",
      "n1",
      "n2",
      "n3",
      "b1",
      "n5",
      "c_po",
      "n8",
      "n17",
      "b3",
      "n13",
      "b4",
      "n18",
      "n24",
      "c2",
      "n28",
      "n32",
      "n43",
      "n44",
      "n45",
      "e2"
    ],
    [
      "i1",
      "n1",
      "n2",
      "n3",
      "b1",
      "n5",
      "c_po",
      "n8",
      "n17",
      "b3",
      "n13",
      "b4",
      "n19",
      "n36",
      "n39",
      "c2",
      "n28",
      "n32",
      "n43",
      "n44",
      "n45",
      "e2"
    ],
    [
      "i1",
      "n1",
      "n2",
      "n3",
      "b1",
      "n6",
      "e1"
    ]
  ],
  "source_text_traces": [
    [
      "i1",
      "i2"
    ],
    [
      "i1",
      "i2",
      "i5",
      "i18"
    ],
    [
      "i1",
      "i2",
      "i5",
      "i18",
      "i11",
      "i12",
      "i14",
      "i16",
      "i17"
    ],
    [
      "i1",
      "i2",
      "i5",
      "i18",
      "i11",
      "i13",
      "i15",
      "i14",
      "i16",
      "i17"
    ]
  ]
}