{
  "model_traces": [
    [
      "i1",
      "n1",
      "n_check",
      "b1",
      "n3",
      "c1",
      "n_create",
      "n7",
      "e1"
    ],
    [
      "i1",
      "n1",
      "n_check",
      "b1",
      "n4",
      "c1",
      "n_create",
      "n7",
      "e1"
    ],
    [
      "i1",
      "n1",
      "n_check",
      "b1",
      "n5",
      "c1",
      "n_create",
      "n7",
      "e1"
    ],
    [
      "i1",
      "n1",
      "n_check",
      "b1",
      "n6",
      "c1",
      "n_create",
      "n7",
      "e1"
    ]
  ],
  "source_text_traces": [
    [
      "i1",
      "i2",
      "i4",
      "i5",
      "i15",
      "i17",
      "i16"
    ],
    [
      "i1",
      "i2",
      "i7",
      "i8",
      "i15",
      "i17",
      "i16"
    ],
    [
      "i1",
      "i2",
      "i10",
      "i11",
      "i15",
      "i17",
      "i16"
    ],
    [
      "i1",
      "i2",
      "i13",
      "i14",
      "i15",
      "i17",
      "i16"
    ]
  ]
}