{
  "model_traces": [
    [
      "i1",
      "n1",
      "n2",
      "n3",
      "n4",
      "n5",
      "b1",
      "n6",
      "n8",
      "n9",
      "c1",
      "n10",
      "n11",
      "n33",
      "n12",
      "b4",
      "n13",
      "n15",
      "e1"
    ],
    [
      "i1",
      "n1",
      "n2",
      "n3",
      "n4",
      "n5",
      "b1",
      "n7",
      "n17",
      "c3",
      "n18",
      "n19",
      "b7",
      "n21",
      "n25",
      "c2",
      "n26",
      "n27",
      "n28",
      "b11",
      "n29",
      "n31",
      "e2"
    ]
  ],
  "source_text_traces": [
    [
      "i1",
      "i2",
      "i3",
      "i4",
      "i5",
      "i6",
      "i7",
      "i8",
      "i11",
      "i12",
      "i13",
      "i14",
      "i15",
      "i16",
      "i17"
    ],
    [
      "i1",
      "i2",
      "i3",
      "i4",
      "i5",
      "i9",
      "i10",
      "i18",
      "i20",
      "i23",
      "i24",
      "i25",
      "i26",
      "i27",
      "i28",
      "i29"
    ],
    [
      "i1",
      "i2",
      "i3",
      "i4",
      "i5",
      "i9",
      "i10",
      "i18",
      "i19",
      "i21",
      "i22"
    ]
  ]
}