{
  "model_traces": [
    [
      "i1",
      "n2",
      "n3",
      "n4",
      "n5",
      "b1",
      "n6",
      "c1",
      "n8",
      "b2",
      "n9",
      "c2",
      "n11",
      "e1"
    ],
    [
      "i1",
      "n2",
      "n3",
      "n4",
      "n5",
      "b1",
      "n6",
      "c1",
      "n8",
      "b2",
      "n10",
      "c2",
      "n11",
      "e1"
    ],
    [
      "i1",
      "n2",
      "n3",
      "n4",
      "n5",
      "b1",
      "n7",
      "c1",
      "n8",
      "b2",
      "n9",
      "c2",
      "n11",
      "e1"
    ],
    [
      "i1",
      "n2",
      "n3",
      "n4",
      "n5",
      "b1",
      "n7",
      "c1",
      "n8",
      "b2",
      "n10",
      "c2",
      "n11",
      "e1"
    ]
  ],
  "source_text_traces": [
    [
      "i1",
      "i2",
      "i4",
      "i5",
      "i6",
      "i7",
      "i8",
      "i11",
      "i12",
      "i8"
    ],
    [
      "i1",
      "i2",
      "i4",
      "i5",
      "i6",
      "i7",
      "i8",
      "i11",
      "i13",
      "i14",
      "i16",
      "i17"
    ],
    [
      "i1",
      "i2",
      "i4",
      "i5",
      "i6",
      "i9",
      "i10",
      "i11",
      "i12",
      "i8"
    ],
    [
      "i1",
      "i2",
      "i4",
      "i5",
      "i6",
      "i9",
      "i10",
      "i11",
      "i13",
      "i14",
      "i16",
      "i17"
    ]
  ]
}