{
  "model_traces": [
    [
      "i1",
      "n_cli",
      "n2",
      "n_cmd1",
      "n3",
      "n_cmd2",
      "n4",
      "b1",
      "n5",
      "n6",
      "e1"
    ],
    [
      "i1",
      "n_cli",
      "n2",
      "n_cmd1",
      "n3",
      "n_cmd2",
      "n4",
      "b1",
      "n7",
      "n8",
      "b4",
      "n9",
      "n_cmd3",
      "c1",
      "e2"
    ],
    [
      "i1",
      "n_cli",
      "n2",
      "n_cmd1",
      "n3",
      "n_cmd2",
      "n4",
      "b1",
      "n7",
      "n8",
      "b4",
      "c1",
      "e2"
    ]
  ],
  "source_text_traces": [
    [
      "i1",
      "i2",
      "i3",
      "i4",
      "i5",
      "i6",
      "i7",
      "i8"
    ],
    [
      "i1",
      "i2",
      "i3",
      "i4",
      "i5",
      "i6",
      "i9",
      "i10",
      "i11",
      "i12"
    ]
  ]
}