{
  "model_traces": [
    [
      "i1",
      "n1",
      "n2",
      "n3",
      "n4",
      "n5",
      "n6",
      "n7",
      "n8",
      "n9",
      "b1",
      "n11",
      "n12",
      "b2",
      "n14",
      "n36",
      "b8",
      "n37",
      "n38",
      "n39",
      "n40",
      "n41",
      "n44",
      "n45",
      "b9",
      "n47",
      "n48",
      "b10",
      "n50",
      "n51",
      "b11",
      "n53",
      "n54",
      "b12",
      "n56",
      "n57",
      "b13",
      "n59",
      "n60",
      "b14",
      "n62",
      "n63",
      "b15",
      "n65",
      "e1"
    ]
  ],
  "source_text_traces": [
    [
      "i1",
      "i2",
      "i3",
      "i4",
      "i5",
      "i6",
      "i7",
      "i8",
      "i9",
      "i10",
      "i11",
      "i12",
      "i13",
      "i14",
      "i17",
      "i18",
      "i19",
      "i20",
      "i21",
      "i22",
      "i23",
      "i24"
    ],
    [
      "i1",
      "i2",
      "i3",
      "i4",
      "i5",
      "i6",
      "i7",
      "i8",
      "i9",
      "i10",
      "i11",
      "i12",
      "i13",
      "i14",
      "i17",
      "i18",
      "i19",
      "i20",
      "i21",
      "i22",
      "i23",
      "i26",
      "i27",
      "i24"
    ],
    [
      "i1",
      "i2",
      "i3",
      "i4",
      "i5",
      "i6",
      "i7",
      "i8",
      "i9",
      "i10",
      "i11",
      "i12",
      "i13",
      "i14",
      "i17",
      "i18",
      "i19",
      "i20",
      "i21",
      "i22",
      "i23",
      "i26",
      "i27",
      "i28",
      "i29",
      "i24"
    ],
    [
      "i1",
      "i2",
      "i3",
      "i4",
      "i5",
      "i6",
      "i7",
      "i8",
      "i9",
      "i10",
      "i11",
      "i12",
      "i13",
      "i14",
      "i17",
      "i18",
      "i19",
      "i20",
      "i21",
      "i22",
      "i23",
      "i26",
      "i27",
      "i28",
      "i29",
      "i30",
      "i31",
      "i24"
    ],
    [
      "i1",
      "i2",
      "i3",
      "i4",
      "i5",
      "i6",
      "i7",
      "i8",
      "i9",
      "i10",
      "i11",
      "i12",
      "i13",
      "i14",
      "i17",
      "i18",
      "i19",
      "i20",
      "i21",
      "i22",
      "i23",
      "i26",
      "i27",
      "i28",
      "i29",
      "i30",
      "i31",
      "i32",
      "i25",
      "i24"
    ],
    [
      "i1",
      "i2",
      "i3",
      "i4",
      "i5",
      "i6",
      "i7",
      "i8",
      "i9",
      "i10",
      "i11",
      "i12",
      "i13",
      "i14",
      "i17",
      "i18",
      "i19",
      "i20",
      "i21",
      "i22",
      "i23",
      "i26",
      "i27",
      "i28",
      "i29",
      "i30",
      "i31",
      "i32",
      "i33",
      "i34",
      "i35",
      "i36",
      "i37",
      "i38",
      "i39",
      "i42",
      "i31",
      "i24"
    ],
    [
      "i1",
      "i2",
      "i3",
      "i4",
      "i5",
      "i6",
      "i7",
      "i8",
      "i9",
      "i10",
      "i11",
      "i12",
      "i13",
      "i14",
      "i17",
      "i18",
      "i19",
      "i20",
      "i21",
      "i22",
      "i23",
      "i26",
      "i27",
      "i28",
      "i29",
      "i30",
      "i31",
      "i32",
      "i33",
      "i34",
      "i35",
      "i36",
      "i37",
      "i38",
      "i39",
      "i42",
      "i31",
      "i43",
      "i44",
      "i24"
    ],
    [
      "i1",
      "i2",
      "i3",
      "i4",
      "i5",
      "i6",
      "i7",
      "i8",
      "i9",
      "i10",
      "i11",
      "i12",
      "i13",
      "i14",
      "i17",
      "i18",
      "i19",
      "i20",
      "i21",
      "i22",
      "i23",
      "i26",
      "i27",
      "i28",
      "i29",
      "i30",
      "i31",
      "i32",
      "i33",
      "i34",
      "i35",
      "i36",
      "i37",
      "i38",
      "i39",
      "i42",
      "i31",
      "i43",
      "i44",
      "i45",
      "i46",
      "i24"
    ],
    [
      "i1",
      "i2",
      "i3",
      "i4",
      "i5",
      "i6",
      "i7",
      "i8",
      "i9",
      "i10",
      "i11",
      "i12",
      "i13",
      "i14",
      "i17",
      "i18",
      "i19",
      "i20",
      "i21",
      "i22",
      "i23",
      "i26",
      "i27",
      "i28",
      "i29",
      "i30",
      "i31",
      "i32",
      "i33",
      "i34",
      "i35",
      "i36",
      "i37",
      "i38",
      "i39",
      "i42",
      "i31",
      "i43",
      "i44",
      "i45",
      "i46",
      "i47",
      "i46",
      "i24"
    ],
    [
      "i1",
      "i2",
      "i3",
      "i4",
      "i5",
      "i6",
      "i7",
      "i8",
      "i9",
      "i10",
      "i11",
      "i12",
      "i13",
      "i14",
      "i17",
      "i18",
      "i19",
      "i20",
      "i21",
      "i22",
      "i23",
      "i26",
      "i27",
      "i28",
      "i29",
      "i30",
      "i31",
      "i32",
      "i33",
      "i34",
      "i35",
      "i36",
      "i37",
      "i38",
      "i39",
      "i42",
      "i31",
      "i43",
      "i44",
      "i45",
      "i46",
      "i47",
      "i46",
      "i48",
      "i31",
      "i24"
    ],
    [
      "i1",
      "i2",
      "i3",
      "i4",
      "i5",
      "i6",
      "i7",
      "i8",
      "i9",
      "i10",
      "i11",
      "i12",
      "i13",
      "i14",
      "i17",
      "i18",
      "i19",
      "i20",
      "i21",
      "i22",
      "i23",
      "i26",
      "i27",
      "i28",
      "i29",
      "i30",
      "i31",
      "i32",
      "i33",
      "i34",
      "i35",
      "i36",
      "i37",
      "i38",
      "i39",
      "i42",
      "i31",
      "i43",
      "i44",
      "i45",
      "i46",
      "i47",
      "i46",
      "i48",
      "i31",
      "i49",
      "i46",
      "i24"
    ],
    [
      "i1",
      "i2",
      "i3",
      "i4",
      "i5",
      "i6",
      "i7",
      "i8",
      "i9",
      "i10",
      "i11",
      "i12",
      "i13",
      "i14",
      "i17",
      "i18",
      "i19",
      "i20",
      "i21",
      "i22",
      "i23",
      "i26",
      "i27",
      "i28",
      "i29",
      "i30",
      "i31",
      "i32",
      "i33",
      "i34",
      "i35",
      "i36",
      "i37",
      "i38",
      "i39",
      "i42",
      "i31",
      "i43",
      "i44",
      "i45",
      "i46",
      "i47",
      "i46",
      "i48",
      "i31",
      "i49",
      "i46",
      "i50",
      "i31",
      "i24"
    ],
    [
      "i1",
      "i2",
      "i3",
      "i4",
      "i5",
      "i6",
      "i7",
      "i8",
      "i9",
      "i10",
      "i11",
      "i12",
      "i13",
      "i14",
      "i17",
      "i18",
      "i19",
      "i20",
      "i21",
      "i22",
      "i23",
      "i26",
      "i27",
      "i28",
      "i29",
      "i30",
      "i31",
      "i32",
      "i33",
      "i34",
      "i35",
      "i36",
      "i37",
      "i38",
      "i39",
      "i42",
      "i31",
      "i43",
      "i44",
      "i45",
      "i46",
      "i47",
      "i46",
      "i48",
      "i31",
      "i49",
      "i46",
      "i50",
      "i31",
      "i51"
    ],
    [
      "i1",
      "i2",
      "i3",
      "i4",
      "i5",
      "i6",
      "i7",
      "i8",
      "i9",
      "i10",
      "i11",
      "i12",
      "i13",
      "i14",
      "i17",
      "i18",
      "i19",
      "i20",
      "i21",
      "i22",
      "i23",
      "i26",
      "i27",
      "i28",
      "i29",
      "i30",
      "i31",
      "i32",
      "i33",
      "i34",
      "i40",
      "i41",
      "i42",
      "i31",
      "i24"
    ],
    [
      "i1",
      "i2",
      "i3",
      "i4",
      "i5",
      "i6",
      "i7",
      "i8",
      "i9",
      "i10",
      "i11",
      "i12",
      "i13",
      "i14",
      "i17",
      "i18",
      "i19",
      "i20",
      "i21",
      "i22",
      "i23",
      "i26",
      "i27",
      "i28",
      "i29",
      "i30",
      "i31",
      "i32",
      "i33",
      "i34",
      "i40",
      "i41",
      "i42",
      "i31",
      "i43",
      "i44",
      "i24"
    ],
    [
      "i1",
      "i2",
      "i3",
      "i4",
      "i5",
      "i6",
      "i7",
      "i8",
      "i9",
      "i10",
      "i11",
      "i12",
      "i13",
      "i14",
      "i17",
      "i18",
      "i19",
      "i20",
      "i21",
      "i22",
      "i23",
      "i26",
      "i27",
      "i28",
      "i29",
      "i30",
      "i31",
      "i32",
      "i33",
      "i34",
      "i40",
      "i41",
      "i42",
      "i31",
      "i43",
      "i44",
      "i45",
      "i46",
      "i24"
    ],
    [
      "i1",
      "i2",
      "i3",
      "i4",
      "i5",
      "i6",
      "i7",
      "i8",
      "i9",
      "i10",
      "i11",
      "i12",
      "i13",
      "i14",
      "i17",
      "i18",
      "i19",
      "i20",
      "i21",
      "i22",
      "i23",
      "i26",
      "i27",
      "i28",
      "i29",
      "i30",
      "i31",
      "i32",
      "i33",
      "i34",
      "i40",
      "i41",
      "i42",
      "i31",
      "i43",
      "i44",
      "i45",
      "i46",
      "i47",
      "i46",
      "i24"
    ],
    [
      "i1",
      "i2",
      "i3",
      "i4",
      "i5",
      "i6",
      "i7",
      "i8",
      "i9",
      "i10",
      "i11",
      "i12",
      "i13",
      "i14",
      "i17",
      "i18",
      "i19",
      "i20",
      "i21",
      "i22",
      "i23",
      "i26",
      "i27",
      "i28",
      "i29",
      "i30",
      "i31",
      "i32",
      "i33",
      "i34",
      "i40",
      "i41",
      "i42",
      "i31",
      "i43",
      "i44",
      "i45",
      "i46",
      "i47",
      "i46",
      "i48",
      "i31",
      "i24"
    ],
    [
      "i1",
      "i2",
      "i3",
      "i4",
      "i5",
      "i6",
      "i7",
      "i8",
      "i9",
      "i10",
      "i11",
      "i12",
      "i13",
      "i14",
      "i17",
      "i18",
      "i19",
      "i20",
      "i21",
      "i22",
      "i23",
      "i26",
      "i27",
      "i28",
      "i29",
      "i30",
      "i31",
      "i32",
      "i33",
      "i34",
      "i40",
      "i41",
      "i42",
      "i31",
      "i43",
      "i44",
      "i45",
      "i46",
      "i47",
      "i46",
      "i48",
      "i31",
      "i49",
      "i46",
      "i24"
    ],
    [
      "i1",
      "i2",
      "i3",
      "i4",
      "i5",
      "i6",
      "i7",
      "i8",
      "i9",
      "i10",
      "i11",
      "i12",
      "i13",
      "i14",
      "i17",
      "i18",
      "i19",
      "i20",
      "i21",
      "i22",
      "i23",
      "i26",
      "i27",
      "i28",
      "i29",
      "i30",
      "i31",
      "i32",
      "i33",
      "i34",
      "i40",
      "i41",
      "i42",
      "i31",
      "i43",
      "i44",
      "i45",
      "i46",
      "i47",
      "i46",
      "i48",
      "i31",
      "i49",
      "i46",
      "i50",
      "i31",
      "i24"
    ],
    [
      "i1",
      "i2",
      "i3",
      "i4",
      "i5",
      "i6",
      "i7",
      "i8",
      "i9",
      "i10",
      "i11",
      "i12",
      "i13",
      "i14",
      "i17",
      "i18",
      "i19",
      "i20",
      "i21",
      "i22",
      "i23",
      "i26",
      "i27",
      "i28",
      "i29",
      "i30",
      "i31",
      "i32",
      "i33",
      "i34",
      "i40",
      "i41",
      "i42",
      "i31",
      "i43",
      "i44",
      "i45",
      "i46",
      "i47",
      "i46",
      "i48",
      "i31",
      "i49",
      "i46",
      "i50",
      "i31",
      "i51"
    ],
    [
      "i1",
      "i2",
      "i3",
      "i4",
      "i5",
      "i6",
      "i7",
      "i8",
      "i9",
      "i10",
      "i11",
      "i12",
      "i15",
      "i16",
      "i34",
      "i35",
      "i36",
      "i37",
      "i38",
      "i39",
      "i42",
      "i31",
      "i43",
      "i44",
      "i45",
      "i46",
      "i47",
      "i46",
      "i48",
      "i31",
      "i49",
      "i46",
      "i50",
      "i31",
      "i51"
    ],
    [
      "i1",
      "i2",
      "i3",
      "i4",
      "i5",
      "i6",
      "i7",
      "i8",
      "i9",
      "i10",
      "i11",
      "i12",
      "i15",
      "i16",
      "i34",
      "i40",
      "i41",
      "i42",
      "i31",
      "i43",
      "i44",
      "i45",
      "i46",
      "i47",
      "i46",
      "i48",
      "i31",
      "i49",
      "i46",
      "i50",
      "i31",
      "i51"
    ]
  ]
}