{
  "model_traces": [
    [
      "i1",
      "b1",
      "n3",
      "c1",
      "n6",
      "b3",
      "n8",
      "e1"
    ],
    [
      "i1",
      "b1",
      "n3",
      "c1",
      "n6",
      "b3",
      "n9",
      "b4",
      "n11",
      "e2"
    ],
    [
      "i1",
      "b1",
      "n3",
      "c1",
      "n6",
      "b3",
      "n9",
      "b4",
      "n12",
      "b5",
      "n15",
      "n16",
      "e4"
    ],
    [
      "i1",
      "b1",
      "n3",
      "c1",
      "n6",
      "b3",
      "n9",
      "b4",
      "n12",
      "b5",
      "e3"
    ],
    [
      "i1",
      "b1",
      "c1",
      "n6",
      "b3",
      "n8",
      "e1"
    ],
    [
      "i1",
      "b1",
      "c1",
      "n6",
      "b3",
      "n9",
      "b4",
      "n11",
      "e2"
    ],
    [
      "i1",
      "b1",
      "c1",
      "n6",
      "b3",
      "n9",
      "b4",
      "n12",
      "b5",
      "n15",
      "n16",
      "e4"
    ],
    [
      "i1",
      "b1",
      "c1",
      "n6",
      "b3",
      "n9",
      "b4",
      "n12",
      "b5",
      "e3"
    ]
  ],
  "source_text_traces": [
    [
      "i2",
      "i3",
      "i4",
      "i5",
      "i6"
    ],
    [
      "i2",
      "i3",
      "i4",
      "i5",
      "i7",
      "i8",
      "i9"
    ]
  ]
}