{
  "model_traces": [
    [
      "i1",
      "n2",
      "b1",
      "n3",
      "n4",
      "c1",
      "n5",
      "b2",
      "n7",
      "b4",
      "n9",
      "n10",
      "c2",
      "b5",
      "n11",
      "n12",
      "c3",
      "n13",
      "n14",
      "n15",
      "b6",
      "n16",
      "n17",
      "e3"
    ],
    [
      "i1",
      "n2",
      "b1",
      "n3",
      "n4",
      "c1",
      "n5",
      "b2",
      "n7",
      "b4",
      "n9",
      "n10",
      "c2",
      "b5",
      "n11",
      "n12",
      "c3",
      "n13",
      "n14",
      "n15",
      "b6",
      "b7",
      "n18",
      "n19",
      "c5",
      "n20",
      "n28",
      "e1"
    ],
    [
      "i1",
      "n2",
      "b1",
      "n3",
      "n4",
      "c1",
      "n5",
      "b2",
      "n7",
      "b4",
      "n9",
      "n10",
      "c2",
      "b5",
      "n11",
      "n12",
      "c3",
      "n13",
      "n14",
      "n15",
      "b6",
      "b7",
      "c5",
      "n20",
      "n28",
      "e1"
    ],
    [
      "i1",
      "n2",
      "b1",
      "n3",
      "n4",
      "c1",
      "n5",
      "b2",
      "n7",
      "b4",
      "n9",
      "n10",
      "c2",
      "b5",
      "c3",
      "n13",
      "n14",
      "n15",
      "b6",
      "n16",
      "n17",
      "e3"
    ],
    [
      "i1",
      "n2",
      "b1",
      "n3",
      "n4",
      "c1",
      "n5",
      "b2",
      "n7",
      "b4",
      "n9",
      "n10",
      "c2",
      "b5",
      "c3",
      "n13",
      "n14",
      "n15",
      "b6",
      "b7",
      "n18",
      "n19",
      "c5",
      "n20",
      "n28",
      "e1"
    ],
    [
      "i1",
      "n2",
      "b1",
      "n3",
      "n4",
      "c1",
      "n5",
      "b2",
      "n7",
      "b4",
      "n9",
      "n10",
      "c2",
      "b5",
      "c3",
      "n13",
      "n14",
      "n15",
      "b6",
      "b7",
      "c5",
      "n20",
      "n28",
      "e1"
    ],
    [
      "i1",
      "n2",
      "b1",
      "n3",
      "n4",
      "c1",
      "n5",
      "b2",
      "n7",
      "b4",
      "c2",
      "b5",
      "n11",
      "n12",
      "c3",
      "n13",
      "n14",
      "n15",
      "b6",
      "n16",
      "n17",
      "e3"
    ],
    [
      "i1",
      "n2",
      "b1",
      "n3",
      "n4",
      "c1",
      "n5",
      "b2",
      "n7",
      "b4",
      "c2",
      "b5",
      "n11",
      "n12",
      "c3",
      "n13",
      "n14",
      "n15",
      "b6",
      "b7",
      "n18",
      "n19",
      "c5",
      "n20",
      "n28",
      "e1"
    ],
    [
      "i1",
      "n2",
      "b1",
      "n3",
      "n4",
      "c1",
      "n5",
      "b2",
      "n7",
      "b4",
      "c2",
      "b5",
      "n11",
      "n12",
      "c3",
      "n13",
      "n14",
      "n15",
      "b6",
      "b7",
      "c5",
      "n20",
      "n28",
      "e1"
    ],
    [
      "i1",
      "n2",
      "b1",
      "n3",
      "n4",
      "c1",
      "n5",
      "b2",
      "n7",
      "b4",
      "c2",
      "b5",
      "c3",
      "n13",
      "n14",
      "n15",
      "b6",
      "n16",
      "n17",
      "e3"
    ],
    [
      "i1",
      "n2",
      "b1",
      "n3",
      "n4",
      "c1",
      "n5",
      "b2",
      "n7",
      "b4",
      "c2",
      "b5",
      "c3",
      "n13",
      "n14",
      "n15",
      "b6",
      "b7",
      "n18",
      "n19",
      "c5",
      "n20",
      "n28",
      "e1"
    ],
    [
      "i1",
      "n2",
      "b1",
      "n3",
      "n4",
      "c1",
      "n5",
      "b2",
      "n7",
      "b4",
      "c2",
      "b5",
      "c3",
      "n13",
      "n14",
      "n15",
      "b6",
      "b7",
      "c5",
      "n20",
      "n28",
      "e1"
    ],
    [
      "i1",
      "n2",
      "b1",
      "n3",
      "n4",
      "c1",
      "n5",
      "b2",
      "n8",
      "b3",
      "n22",
      "c6",
      "b8",
      "n24",
      "n25",
      "c7",
      "n26",
      "n27",
      "e2"
    ],
    [
      "i1",
      "n2",
      "b1",
      "n3",
      "n4",
      "c1",
      "n5",
      "b2",
      "n8",
      "b3",
      "n22",
      "c6",
      "b8",
      "c7",
      "n26",
      "n27",
      "e2"
    ],
    [
      "i1",
      "n2",
      "b1",
      "n3",
      "n4",
      "c1",
      "n5",
      "b2",
      "n8",
      "b3",
      "n23",
      "c6",
      "b8",
      "n24",
      "n25",
      "c7",
      "n26",
      "n27",
      "e2"
    ],
    [
      "i1",
      "n2",
      "b1",
      "n3",
      "n4",
      "c1",
      "n5",
      "b2",
      "n8",
      "b3",
      "n23",
      "c6",
      "b8",
      "c7",
      "n26",
      "n27",
      "e2"
    ],
    [
      "i1",
      "n2",
      "b1",
      "n3",
      "n4",
      "c1",
      "n5",
      "b2",
      "n8",
      "b3",
      "c6",
      "b8",
      "n24",
      "n25",
      "c7",
      "n26",
      "n27",
      "e2"
    ],
    [
      "i1",
      "n2",
      "b1",
      "n3",
      "n4",
      "c1",
      "n5",
      "b2",
      "n8",
      "b3",
      "c6",
      "b8",
      "c7",
      "n26",
      "n27",
      "e2"
    ],
    [
      "i1",
      "n2",
      "b1",
      "c1",
      "n5",
      "b2",
      "n7",
      "b4",
      "n9",
      "n10",
      "c2",
      "b5",
      "n11",
      "n12",
      "c3",
      "n13",
      "n14",
      "n15",
      "b6",
      "n16",
      "n17",
      "e3"
    ],
    [
      "i1",
      "n2",
      "b1",
      "c1",
      "n5",
      "b2",
      "n7",
      "b4",
      "n9",
      "n10",
      "c2",
      "b5",
      "n11",
      "n12",
      "c3",
      "n13",
      "n14",
      "n15",
      "b6",
      "b7",
      "n18",
      "n19",
      "c5",
      "n20",
      "n28",
      "e1"
    ],
    [
      "i1",
      "n2",
      "b1",
      "c1",
      "n5",
      "b2",
      "n7",
      "b4",
      "n9",
      "n10",
      "c2",
      "b5",
      "n11",
      "n12",
      "c3",
      "n13",
      "n14",
      "n15",
      "b6",
      "b7",
      "c5",
      "n20",
      "n28",
      "e1"
    ],
    [
      "i1",
      "n2",
      "b1",
      "c1",
      "n5",
      "b2",
      "n7",
      "b4",
      "n9",
      "n10",
      "c2",
      "b5",
      "c3",
      "n13",
      "n14",
      "n15",
      "b6",
      "n16",
      "n17",
      "e3"
    ],
    [
      "i1",
      "n2",
      "b1",
      "c1",
      "n5",
      "b2",
      "n7",
      "b4",
      "n9",
      "n10",
      "c2",
      "b5",
      "c3",
      "n13",
      "n14",
      "n15",
      "b6",
      "b7",
      "n18",
      "n19",
      "c5",
      "n20",
      "n28",
      "e1"
    ],
    [
      "i1",
      "n2",
      "b1",
      "c1",
      "n5",
      "b2",
      "n7",
      "b4",
      "n9",
      "n10",
      "c2",
      "b5",
      "c3",
      "n13",
      "n14",
      "n15",
      "b6",
      "b7",
      "c5",
      "n20",
      "n28",
      "e1"
    ],
    [
      "i1",
      "n2",
      "b1",
      "c1",
      "n5",
      "b2",
      "n7",
      "b4",
      "c2",
      "b5",
      "n11",
      "n12",
      "c3",
      "n13",
      "n14",
      "n15",
      "b6",
      "n16",
      "n17",
      "e3"
    ],
    [
      "i1",
      "n2",
      "b1",
      "c1",
      "n5",
      "b2",
      "n7",
      "b4",
      "c2",
      "b5",
      "n11",
      "n12",
      "c3",
      "n13",
      "n14",
      "n15",
      "b6",
      "b7",
      "n18",
      "n19",
      "c5",
      "n20",
      "n28",
      "e1"
    ],
    [
      "i1",
      "n2",
      "b1",
      "c1",
      "n5",
      "b2",
      "n7",
      "b4",
      "c2",
      "b5",
      "n11",
      "n12",
      "c3",
      "n13",
      "n14",
      "n15",
      "b6",
      "b7",
      "c5",
      "n20",
      "n28",
      "e1"
    ],
    [
      "i1",
      "n2",
      "b1",
      "c1",
      "n5",
      "b2",
      "n7",
      "b4",
      "c2",
      "b5",
      "c3",
      "n13",
      "n14",
      "n15",
      "b6",
      "n16",
      "n17",
      "e3"
    ],
    [
      "i1",
      "n2",
      "b1",
      "c1",
      "n5",
      "b2",
      "n7",
      "b4",
      "c2",
      "b5",
      "c3",
      "n13",
      "n14",
      "n15",
      "b6",
      "b7",
      "n18",
      "n19",
      "c5",
      "n20",
      "n28",
      "e1"
    ],
    [
      "i1",
      "n2",
      "b1",
      "c1",
      "n5",
      "b2",
      "n7",
      "b4",
      "c2",
      "b5",
      "c3",
      "n13",
      "n14",
      "n15",
      "b6",
      "b7",
      "c5",
      "n20",
      "n28",
      "e1"
    ],
    [
      "i1",
      "n2",
      "b1",
      "c1",
      "n5",
      "b2",
      "n8",
      "b3",
      "n22",
      "c6",
      "b8",
      "n24",
      "n25",
      "c7",
      "n26",
      "n27",
      "e2"
    ],
    [
      "i1",
      "n2",
      "b1",
      "c1",
      "n5",
      "b2",
      "n8",
      "b3",
      "n22",
      "c6",
      "b8",
      "c7",
      "n26",
      "n27",
      "e2"
    ],
    [
      "i1",
      "n2",
      "b1",
      "c1",
      "n5",
      "b2",
      "n8",
      "b3",
      "n23",
      "c6",
      "b8",
      "n24",
      "n25",
      "c7",
      "n26",
      "n27",
      "e2"
    ],
    [
      "i1",
      "n2",
      "b1",
      "c1",
      "n5",
      "b2",
      "n8",
      "b3",
      "n23",
      "c6",
      "b8",
      "c7",
      "n26",
      "n27",
      "e2"
    ],
    [
      "i1",
      "n2",
      "b1",
      "c1",
      "n5",
      "b2",
      "n8",
      "b3",
      "c6",
      "b8",
      "n24",
      "n25",
      "c7",
      "n26",
      "n27",
      "e2"
    ],
    [
      "i1",
      "n2",
      "b1",
      "c1",
      "n5",
      "b2",
      "n8",
      "b3",
      "c6",
      "b8",
      "c7",
      "n26",
      "n27",
      "e2"
    ]
  ],
  "source_text_traces": []
}