{
  "model_traces": [
    [
      "i1",
      "b1",
      "n3",
      "b2",
      "n4",
      "b3",
      "n6",
      "e1"
    ],
    [
      "i1",
      "b1",
      "n3",
      "b2",
      "n4",
      "b3",
      "n7",
      "e2"
    ],
    [
      "i1",
      "b1",
      "n3",
      "b2",
      "n5",
      "b4",
      "n10",
      "e3"
    ],
    [
      "i1",
      "b1",
      "n3",
      "b2",
      "n5",
      "b4",
      "n11",
      "e4"
    ],
    [
      "i1",
      "b1",
      "n14",
      "b5",
      "n15",
      "b6",
      "n19",
      "c1",
      "n25",
      "e5"
    ],
    [
      "i1",
      "b1",
      "n14",
      "b5",
      "n15",
      "b6",
      "n20",
      "c1",
      "n25",
      "e5"
    ],
    [
      "i1",
      "b1",
      "n14",
      "b5",
      "n15",
      "b6",
      "n22",
      "c1",
      "n25",
      "e5"
    ],
    [
      "i1",
      "b1",
      "n14",
      "b5",
      "n15",
      "b6",
      "n23",
      "c1",
      "n25",
      "e5"
    ],
    [
      "i1",
      "b1",
      "n14",
      "b5",
      "n15",
      "b6",
      "n24",
      "c1",
      "n25",
      "e5"
    ],
    [
      "i1",
      "b1",
      "n14",
      "b5",
      "n16",
      "n27",
      "n28",
      "e6"
    ],
    [
      "i1",
      "b1",
      "n14",
      "b5",
      "n17",
      "n30",
      "e7"
    ]
  ],
  "source_text_traces": [
    [
      "i1",
      "i2",
      "i14",
      "i3"
    ],
    [
      "i1",
      "i2",
      "i14",
      "i15"
    ],
    [
      "i1",
      "i2",
      "i16",
      "i4"
    ],
    [
      "i1",
      "i2",
      "i16",
      "i5"
    ],
    [
      "i1",
      "i17",
      "i18",
      "i8"
    ],
    [
      "i1",
      "i17",
      "i19",
      "i8"
    ],
    [
      "i1",
      "i17",
      "i10",
      "i11"
    ],
    [
      "i1",
      "i17",
      "i13"
    ]
  ]
}