{
  "model_traces": [
    [
      "i1",
      "n1",
      "n2",
      "n3",
      "n4",
      "b1",
      "n5",
      "c1",
      "n6",
      "b2",
      "n7",
      "c2",
      "n8",
      "e1"
    ],
    [
      "i1",
      "n1",
      "n2",
      "n3",
      "n4",
      "b1",
      "n5",
      "c1",
      "n6",
      "b2",
      "n9",
      "b3",
      "n10",
      "n11",
      "n12",
      "b4",
      "c3",
      "n13",
      "e2"
    ],
    [
      "i1",
      "n1",
      "n2",
      "n3",
      "n4",
      "b1",
      "n5",
      "c1",
      "n6",
      "b2",
      "n9",
      "b3",
      "n10",
      "n11",
      "n12",
      "b4",
      "c4",
      "n14",
      "b5",
      "n15",
      "n16",
      "b6",
      "c3",
      "n13",
      "e2"
    ],
    [
      "i1",
      "n1",
      "n2",
      "n3",
      "n4",
      "b1",
      "n5",
      "c1",
      "n6",
      "b2",
      "n9",
      "b3",
      "n10",
      "n11",
      "n12",
      "b4",
      "c4",
      "n14",
      "b5",
      "n15",
      "n16",
      "b6",
      "n17",
      "n21",
      "b8",
      "c3",
      "n13",
      "e2"
    ],
    [
      "i1",
      "n1",
      "n2",
      "n3",
      "n4",
      "b1",
      "n5",
      "c1",
      "n6",
      "b2",
      "n9",
      "b3",
      "n10",
      "n11",
      "n12",
      "b4",
      "c4",
      "n14",
      "b5",
      "n15",
      "n16",
      "b6",
      "n17",
      "n21",
      "b8",
      "n18",
      "n19",
      "b7",
      "c3",
      "n13",
      "e2"
    ],
    [
      "i1",
      "n1",
      "n2",
      "n3",
      "n4",
      "b1",
      "n5",
      "c1",
      "n6",
      "b2",
      "n9",
      "b3",
      "n10",
      "n11",
      "n12",
      "b4",
      "c4",
      "n14",
      "b5",
      "n15",
      "n16",
      "b6",
      "n17",
      "n21",
      "b8",
      "n18",
      "n19",
      "b7",
      "c2",
      "n8",
      "e1"
    ],
    [
      "i1",
      "n1",
      "n2",
      "n3",
      "n4",
      "b1",
      "n5",
      "c1",
      "n6",
      "b2",
      "n9",
      "b3",
      "n10",
      "n11",
      "n12",
      "b4",
      "c4",
      "n14",
      "b5",
      "c2",
      "n8",
      "e1"
    ],
    [
      "i1",
      "n1",
      "n2",
      "n3",
      "n4",
      "b1",
      "n5",
      "c1",
      "n6",
      "b2",
      "n9",
      "b3",
      "c4",
      "n14",
      "b5",
      "n15",
      "n16",
      "b6",
      "c3",
      "n13",
      "e2"
    ],
    [
      "i1",
      "n1",
      "n2",
      "n3",
      "n4",
      "b1",
      "n5",
      "c1",
      "n6",
      "b2",
      "n9",
      "b3",
      "c4",
      "n14",
      "b5",
      "n15",
      "n16",
      "b6",
      "n17",
      "n21",
      "b8",
      "c3",
      "n13",
      "e2"
    ],
    [
      "i1",
      "n1",
      "n2",
      "n3",
      "n4",
      "b1",
      "n5",
      "c1",
      "n6",
      "b2",
      "n9",
      "b3",
      "c4",
      "n14",
      "b5",
      "n15",
      "n16",
      "b6",
      "n17",
      "n21",
      "b8",
      "n18",
      "n19",
      "b7",
      "c3",
      "n13",
      "e2"
    ],
    [
      "i1",
      "n1",
      "n2",
      "n3",
      "n4",
      "b1",
      "n5",
      "c1",
      "n6",
      "b2",
      "n9",
      "b3",
      "c4",
      "n14",
      "b5",
      "n15",
      "n16",
      "b6",
      "n17",
      "n21",
      "b8",
      "n18",
      "n19",
      "b7",
      "c2",
      "n8",
      "e1"
    ],
    [
      "i1",
      "n1",
      "n2",
      "n3",
      "n4",
      "b1",
      "n5",
      "c1",
      "n6",
      "b2",
      "n9",
      "b3",
      "c4",
      "n14",
      "b5",
      "c2",
      "n8",
      "e1"
    ],
    [
      "i1",
      "n1",
      "n2",
      "n3",
      "n4",
      "b1",
      "n20",
      "c1",
      "n6",
      "b2",
      "n7",
      "c2",
      "n8",
      "e1"
    ],
    [
      "i1",
      "n1",
      "n2",
      "n3",
      "n4",
      "b1",
      "n20",
      "c1",
      "n6",
      "b2",
      "n9",
      "b3",
      "n10",
      "n11",
      "n12",
      "b4",
      "c3",
      "n13",
      "e2"
    ],
    [
      "i1",
      "n1",
      "n2",
      "n3",
      "n4",
      "b1",
      "n20",
      "c1",
      "n6",
      "b2",
      "n9",
      "b3",
      "n10",
      "n11",
      "n12",
      "b4",
      "c4",
      "n14",
      "b5",
      "n15",
      "n16",
      "b6",
      "c3",
      "n13",
      "e2"
    ],
    [
      "i1",
      "n1",
      "n2",
      "n3",
      "n4",
      "b1",
      "n20",
      "c1",
      "n6",
      "b2",
      "n9",
      "b3",
      "n10",
      "n11",
      "n12",
      "b4",
      "c4",
      "n14",
      "b5",
      "n15",
      "n16",
      "b6",
      "n17",
      "n21",
      "b8",
      "c3",
      "n13",
      "e2"
    ],
    [
      "i1",
      "n1",
      "n2",
      "n3",
      "n4",
      "b1",
      "n20",
      "c1",
      "n6",
      "b2",
      "n9",
      "b3",
      "n10",
      "n11",
      "n12",
      "b4",
      "c4",
      "n14",
      "b5",
      "n15",
      "n16",
      "b6",
      "n17",
      "n21",
      "b8",
      "n18",
      "n19",
      "b7",
      "c3",
      "n13",
      "e2"
    ],
    [
      "i1",
      "n1",
      "n2",
      "n3",
      "n4",
      "b1",
      "n20",
      "c1",
      "n6",
      "b2",
      "n9",
      "b3",
      "n10",
      "n11",
      "n12",
      "b4",
      "c4",
      "n14",
      "b5",
      "n15",
      "n16",
      "b6",
      "n17",
      "n21",
      "b8",
      "n18",
      "n19",
      "b7",
      "c2",
      "n8",
      "e1"
    ],
    [
      "i1",
      "n1",
      "n2",
      "n3",
      "n4",
      "b1",
      "n20",
      "c1",
      "n6",
      "b2",
      "n9",
      "b3",
      "n10",
      "n11",
      "n12",
      "b4",
      "c4",
      "n14",
      "b5",
      "c2",
      "n8",
      "e1"
    ],
    [
      "i1",
      "n1",
      "n2",
      "n3",
      "n4",
      "b1",
      "n20",
      "c1",
      "n6",
      "b2",
      "n9",
      "b3",
      "c4",
      "n14",
      "b5",
      "n15",
      "n16",
      "b6",
      "c3",
      "n13",
      "e2"
    ],
    [
      "i1",
      "n1",
      "n2",
      "n3",
      "n4",
      "b1",
      "n20",
      "c1",
      "n6",
      "b2",
      "n9",
      "b3",
      "c4",
      "n14",
      "b5",
      "n15",
      "n16",
      "b6",
      "n17",
      "n21",
      "b8",
      "c3",
      "n13",
      "e2"
    ],
    [
      "i1",
      "n1",
      "n2",
      "n3",
      "n4",
      "b1",
      "n20",
      "c1",
      "n6",
      "b2",
      "n9",
      "b3",
      "c4",
      "n14",
      "b5",
      "n15",
      "n16",
      "b6",
      "n17",
      "n21",
      "b8",
      "n18",
      "n19",
      "b7",
      "c3",
      "n13",
      "e2"
    ],
    [
      "i1",
      "n1",
      "n2",
      "n3",
      "n4",
      "b1",
      "n20",
      "c1",
      "n6",
      "b2",
      "n9",
      "b3",
      "c4",
      "n14",
      "b5",
      "n15",
      "n16",
      "b6",
      "n17",
      "n21",
      "b8",
      "n18",
      "n19",
      "b7",
      "c2",
      "n8",
      "e1"
    ],
    [
      "i1",
      "n1",
      "n2",
      "n3",
      "n4",
      "b1",
      "n20",
      "c1",
      "n6",
      "b2",
      "n9",
      "b3",
      "c4",
      "n14",
      "b5",
      "c2",
      "n8",
      "e1"
    ]
  ],
  "source_text_traces": [
    [
      "i1",
      "i2",
      "i3",
      "i4",
      "i8",
      "i9",
      "i10",
      "i11",
      "i24",
      "i37"
    ],
    [
      "i1",
      "i2",
      "i3",
      "i4",
      "i8",
      "i9",
      "i12",
      "i13",
      "i14",
      "i15",
      "i16",
      "i19",
      "i21",
      "i20",
      "i22"
    ],
    [
      "i1",
      "i2",
      "i3",
      "i4",
      "i8",
      "i9",
      "i12",
      "i13",
      "i14",
      "i15",
      "i16",
      "i19",
      "i21",
      "i23",
      "i25",
      "i26",
      "i29",
      "i30",
      "i31",
      "i21"
    ],
    [
      "i1",
      "i2",
      "i3",
      "i4",
      "i8",
      "i9",
      "i12",
      "i13",
      "i14",
      "i15",
      "i16",
      "i19",
      "i21",
      "i23",
      "i27",
      "i28",
      "i37"
    ],
    [
      "i1",
      "i2",
      "i3",
      "i4",
      "i8",
      "i9",
      "i12",
      "i13",
      "i17",
      "i18",
      "i25",
      "i26",
      "i29",
      "i30",
      "i31",
      "i21",
      "i20",
      "i22"
    ],
    [
      "i1",
      "i2",
      "i3",
      "i4",
      "i8",
      "i9",
      "i12",
      "i13",
      "i17",
      "i18",
      "i25",
      "i26",
      "i29",
      "i30",
      "i31",
      "i21",
      "i23",
      "i32",
      "i33",
      "i34",
      "i35",
      "i36",
      "i21"
    ],
    [
      "i1",
      "i2",
      "i3",
      "i4",
      "i8",
      "i9",
      "i12",
      "i13",
      "i17",
      "i18",
      "i27",
      "i28",
      "i37"
    ],
    [
      "i1",
      "i2",
      "i3",
      "i5",
      "i6",
      "i7",
      "i10",
      "i11",
      "i24",
      "i37"
    ],
    [
      "i1",
      "i2",
      "i3",
      "i5",
      "i6",
      "i7",
      "i12",
      "i13",
      "i14",
      "i15",
      "i16",
      "i19",
      "i21",
      "i20",
      "i22"
    ],
    [
      "i1",
      "i2",
      "i3",
      "i5",
      "i6",
      "i7",
      "i12",
      "i13",
      "i14",
      "i15",
      "i16",
      "i19",
      "i21",
      "i23",
      "i25",
      "i26",
      "i29",
      "i30",
      "i31",
      "i21"
    ],
    [
      "i1",
      "i2",
      "i3",
      "i5",
      "i6",
      "i7",
      "i12",
      "i13",
      "i14",
      "i15",
      "i16",
      "i19",
      "i21",
      "i23",
      "i27",
      "i28",
      "i37"
    ],
    [
      "i1",
      "i2",
      "i3",
      "i5",
      "i6",
      "i7",
      "i12",
      "i13",
      "i17",
      "i18",
      "i25",
      "i26",
      "i29",
      "i30",
      "i31",
      "i21",
      "i20",
      "i22"
    ],
    [
      "i1",
      "i2",
      "i3",
      "i5",
      "i6",
      "i7",
      "i12",
      "i13",
      "i17",
      "i18",
      "i25",
      "i26",
      "i29",
      "i30",
      "i31",
      "i21",
      "i23",
      "i32",
      "i33",
      "i34",
      "i35",
      "i36",
      "i21"
    ],
    [
      "i1",
      "i2",
      "i3",
      "i5",
      "i6",
      "i7",
      "i12",
      "i13",
      "i17",
      "i18",
      "i27",
      "i28",
      "i37"
    ]
  ]
}