{
  "model_traces": [
    [
      "i1",
      "n1",
      "n2",
      "n3",
      "n5",
      "c_loop",
      "n8",
      "n7",
      "n13",
      "n19",
      "e2"
    ],
    [
      "i1",
      "n1",
      "n2",
      "n3",
      "n6",
      "e1"
    ]
  ],
  "source_text_traces": [
    [
      "i1",
      "i2",
      "i6"
    ],
    [
      "i1",
      "i2",
      "i3",
      "i5",
      "i8",
      "i13",
      "i19"
    ],
    [
      "i1",
      "i2",
      "i3",
      "i5",
      "i8",
      "i13",
      "i20"
    ],
    [
      "i1",
      "i2",
      "i3",
      "i5",
      "i8",
      "i9",
      "i11",
      "i8"
    ]
  ]
}