{
  "model_traces": [
    [
      "i1",
      "n1",
      "n2",
      "n3",
      "b1",
      "n4",
      "e1"
    ],
    [
      "i1",
      "n1",
      "n2",
      "n3",
      "b1",
      "n5",
      "n6",
      "b2",
      "n7",
      "e2"
    ]
  ],
  "source_text_traces": [
    [
      "i1",
      "i2",
      "i4"
    ],
    [
      "i1",
      "i2",
      "i3",
      "i6",
      "i5"
    ],
    [
      "i1",
      "i2",
      "i3",
      "i6",
      "i3"
    ],
    [
      "i1",
      "i2",
      "i3",
      "i6",
      "i7",
      "i8",
      "i11",
      "i12"
    ],
    [
      "i1",
      "i2",
      "i3",
      "i6",
      "i7",
      "i9",
      "i10",
      "i11",
      "i12"
    ],
    [
      "i1",
      "i2",
      "i3",
      "i6",
      "i7",
      "i8",
      "i11",
      "i21",
      "i22",
      "i13",
      "i14",
      "i20",
      "i15"
    ],
    [
      "i1",
      "i2",
      "i3",
      "i6",
      "i7",
      "i8",
      "i11",
      "i21",
      "i22",
      "i17",
      "i14",
      "i20",
      "i15"
    ],
    [
      "i1",
      "i2",
      "i3",
      "i6",
      "i7",
      "i8",
      "i11",
      "i21",
      "i22",
      "i19",
      "i14",
      "i20",
      "i15"
    ],
    [
      "i1",
      "i2",
      "i3",
      "i6",
      "i7",
      "i9",
      "i10",
      "i11",
      "i21",
      "i22",
      "i13",
      "i14",
      "i20",
      "i15"
    ],
    [
      "i1",
      "i2",
      "i3",
      "i6",
      "i7",
      "i9",
      "i10",
      "i11",
      "i21",
      "i22",
      "i17",
      "i14",
      "i20",
      "i15"
    ],
    [
      "i1",
      "i2",
      "i3",
      "i6",
      "i7",
      "i9",
      "i10",
      "i11",
      "i21",
      "i22",
      "i19",
      "i14",
      "i20",
      "i15"
    ]
  ]
}