{
  "model_traces": [
    [
      "i1",
      "n1",
      "n2",
      "n3",
      "b1",
      "n4",
      "n5",
      "n8",
      "n9",
      "c3",
      "n10",
      "n11",
      "n12",
      "b3",
      "n14",
      "n15",
      "n16",
      "n17",
      "e1"
    ],
    [
      "i1",
      "n1",
      "n2",
      "n3",
      "b1",
      "n19",
      "n20",
      "n21",
      "n22",
      "e2"
    ]
  ],
  "source_text_traces": [
    [
      "i1",
      "i2",
      "i3",
      "i4",
      "i5",
      "i6",
      "i7",
      "i8",
      "i9",
      "i10",
      "i14",
      "i11",
      "i15"
    ],
    [
      "i1",
      "i2",
      "i3",
      "i12",
      "i13"
    ]
  ]
}