{
  "model_traces": [
    [
      "i1",
      "n1",
      "n2",
      "n3",
      "n4",
      "n5",
      "n6",
      "n7",
      "n8",
      "n9",
      "b2",
      "n11",
      "c1",
      "n12",
      "b1",
      "n13",
      "n15",
      "n20",
      "n21",
      "n22",
      "n23",
      "n24",
      "b7",
      "n27",
      "b8",
      "n30",
      "b9",
      "n33",
      "n34",
      "b10",
      "n16",
      "n37",
      "b11",
      "c5",
      "n40",
      "c2",
      "b12",
      "n48",
      "n49",
      "n50",
      "n51",
      "n52",
      "c3",
      "n54",
      "n55",
      "n56",
      "n57",
      "n58",
      "n59",
      "n61",
      "n62",
      "n63",
      "b14",
      "c4",
      "n67",
      "e8"
    ],
    [
      "i1",
      "n1",
      "n2",
      "n3",
      "n4",
      "n5",
      "n6",
      "n7",
      "n8",
      "n9",
      "b2",
      "n11",
      "c1",
      "n12",
      "b1",
      "n13",
      "n15",
      "n20",
      "n21",
      "n22",
      "n23",
      "n24",
      "b7",
      "n27",
      "b8",
      "n30",
      "b9",
      "n33",
      "n34",
      "b10",
      "n16",
      "n37",
      "b11",
      "c5",
      "n40",
      "c2",
      "b12",
      "n48",
      "n49",
      "n50",
      "n51",
      "n52",
      "c3",
      "n54",
      "n55",
      "n56",
      "n57",
      "n58",
      "n59",
      "n61",
      "n62",
      "n63",
      "b14",
      "n65",
      "e10"
    ],
    [
      "i1",
      "n1",
      "n2",
      "n3",
      "n4",
      "n5",
      "n6",
      "n7",
      "n8",
      "n9",
      "b2",
      "n11",
      "c1",
      "n12",
      "b1",
      "n13",
      "n15",
      "n20",
      "n21",
      "n22",
      "n23",
      "n24",
      "b7",
      "n27",
      "b8",
      "n30",
      "b9",
      "n33",
      "n34",
      "b10",
      "n16",
      "n37",
      "b11",
      "c5",
      "n40",
      "c2",
      "b12",
      "n48",
      "n49",
      "n50",
      "n51",
      "n52",
      "c3",
      "n54",
      "n55",
      "n56",
      "n57",
      "n58",
      "n59",
      "n61",
      "c4",
      "n67",
      "e8"
    ],
    [
      "i1",
      "n1",
      "n2",
      "n3",
      "n4",
      "n5",
      "n6",
      "n7",
      "n8",
      "n9",
      "b2",
      "n11",
      "c1",
      "n12",
      "b1",
      "n13",
      "n15",
      "n20",
      "n21",
      "n22",
      "n23",
      "n24",
      "b7",
      "n27",
      "b8",
      "n30",
      "b9",
      "n33",
      "n34",
      "b10",
      "n16",
      "n37",
      "b11",
      "c5",
      "n40",
      "c2",
      "b12",
      "n48",
      "n49",
      "n50",
      "n51",
      "n52",
      "c3",
      "n54",
      "n55",
      "n56",
      "n57",
      "n58",
      "n59",
      "n60",
      "n66",
      "e7"
    ],
    [
      "i1",
      "n1",
      "n2",
      "n3",
      "n4",
      "n5",
      "n6",
      "n7",
      "n8",
      "n9",
      "b2",
      "n11",
      "c1",
      "n12",
      "b1",
      "n13",
      "n15",
      "n20",
      "n21",
      "n22",
      "n23",
      "n24",
      "b7",
      "n27",
      "b8",
      "n30",
      "b9",
      "n33",
      "n34",
      "b10",
      "n16",
      "n37",
      "b11",
      "c5",
      "n40",
      "c2",
      "b12",
      "n53",
      "c3",
      "n54",
      "n55",
      "n56",
      "n57",
      "n58",
      "n59",
      "n61",
      "n62",
      "n63",
      "b14",
      "c4",
      "n67",
      "e8"
    ],
    [
      "i1",
      "n1",
      "n2",
      "n3",
      "n4",
      "n5",
      "n6",
      "n7",
      "n8",
      "n9",
      "b2",
      "n11",
      "c1",
      "n12",
      "b1",
      "n13",
      "n15",
      "n20",
      "n21",
      "n22",
      "n23",
      "n24",
      "b7",
      "n27",
      "b8",
      "n30",
      "b9",
      "n33",
      "n34",
      "b10",
      "n16",
      "n37",
      "b11",
      "c5",
      "n40",
      "c2",
      "b12",
      "n53",
      "c3",
      "n54",
      "n55",
      "n56",
      "n57",
      "n58",
      "n59",
      "n61",
      "n62",
      "n63",
      "b14",
      "n65",
      "e10"
    ],
    [
      "i1",
      "n1",
      "n2",
      "n3",
      "n4",
      "n5",
      "n6",
      "n7",
      "n8",
      "n9",
      "b2",
      "n11",
      "c1",
      "n12",
      "b1",
      "n13",
      "n15",
      "n20",
      "n21",
      "n22",
      "n23",
      "n24",
      "b7",
      "n27",
      "b8",
      "n30",
      "b9",
      "n33",
      "n34",
      "b10",
      "n16",
      "n37",
      "b11",
      "c5",
      "n40",
      "c2",
      "b12",
      "n53",
      "c3",
      "n54",
      "n55",
      "n56",
      "n57",
      "n58",
      "n59",
      "n61",
      "c4",
      "n67",
      "e8"
    ],
    [
      "i1",
      "n1",
      "n2",
      "n3",
      "n4",
      "n5",
      "n6",
      "n7",
      "n8",
      "n9",
      "b2",
      "n11",
      "c1",
      "n12",
      "b1",
      "n13",
      "n15",
      "n20",
      "n21",
      "n22",
      "n23",
      "n24",
      "b7",
      "n27",
      "b8",
      "n30",
      "b9",
      "n33",
      "n34",
      "b10",
      "n16",
      "n37",
      "b11",
      "c5",
      "n40",
      "c2",
      "b12",
      "n53",
      "c3",
      "n54",
      "n55",
      "n56",
      "n57",
      "n58",
      "n59",
      "n60",
      "n66",
      "e7"
    ],
    [
      "i1",
      "n1",
      "n2",
      "n3",
      "n4",
      "n5",
      "n6",
      "n7",
      "n8",
      "n9",
      "b2",
      "n11",
      "c1",
      "n12",
      "b1",
      "n13",
      "n15",
      "n20",
      "n21",
      "n22",
      "n23",
      "n24",
      "b7",
      "n27",
      "b8",
      "n30",
      "b9",
      "n33",
      "n34",
      "b10",
      "n16",
      "n37",
      "b11",
      "n39",
      "e9"
    ],
    [
      "i1",
      "n1",
      "n2",
      "n3",
      "n4",
      "n5",
      "n6",
      "n7",
      "n8",
      "n9",
      "b2",
      "n11",
      "c1",
      "n12",
      "b1",
      "n13",
      "n15",
      "n20",
      "n21",
      "n22",
      "n23",
      "n24",
      "b7",
      "n27",
      "b8",
      "n30",
      "b9",
      "n33",
      "n34",
      "b10",
      "c5",
      "n40",
      "c2",
      "b12",
      "n48",
      "n49",
      "n50",
      "n51",
      "n52",
      "c3",
      "n54",
      "n55",
      "n56",
      "n57",
      "n58",
      "n59",
      "n61",
      "n62",
      "n63",
      "b14",
      "c4",
      "n67",
      "e8"
    ],
    [
      "i1",
      "n1",
      "n2",
      "n3",
      "n4",
      "n5",
      "n6",
      "n7",
      "n8",
      "n9",
      "b2",
      "n11",
      "c1",
      "n12",
      "b1",
      "n13",
      "n15",
      "n20",
      "n21",
      "n22",
      "n23",
      "n24",
      "b7",
      "n27",
      "b8",
      "n30",
      "b9",
      "n33",
      "n34",
      "b10",
      "c5",
      "n40",
      "c2",
      "b12",
      "n48",
      "n49",
      "n50",
      "n51",
      "n52",
      "c3",
      "n54",
      "n55",
      "n56",
      "n57",
      "n58",
      "n59",
      "n61",
      "n62",
      "n63",
      "b14",
      "n65",
      "e10"
    ],
    [
      "i1",
      "n1",
      "n2",
      "n3",
      "n4",
      "n5",
      "n6",
      "n7",
      "n8",
      "n9",
      "b2",
      "n11",
      "c1",
      "n12",
      "b1",
      "n13",
      "n15",
      "n20",
      "n21",
      "n22",
      "n23",
      "n24",
      "b7",
      "n27",
      "b8",
      "n30",
      "b9",
      "n33",
      "n34",
      "b10",
      "c5",
      "n40",
      "c2",
      "b12",
      "n48",
      "n49",
      "n50",
      "n51",
      "n52",
      "c3",
      "n54",
      "n55",
      "n56",
      "n57",
      "n58",
      "n59",
      "n61",
      "c4",
      "n67",
      "e8"
    ],
    [
      "i1",
      "n1",
      "n2",
      "n3",
      "n4",
      "n5",
      "n6",
      "n7",
      "n8",
      "n9",
      "b2",
      "n11",
      "c1",
      "n12",
      "b1",
      "n13",
      "n15",
      "n20",
      "n21",
      "n22",
      "n23",
      "n24",
      "b7",
      "n27",
      "b8",
      "n30",
      "b9",
      "n33",
      "n34",
      "b10",
      "c5",
      "n40",
      "c2",
      "b12",
      "n48",
      "n49",
      "n50",
      "n51",
      "n52",
      "c3",
      "n54",
      "n55",
      "n56",
      "n57",
      "n58",
      "n59",
      "n60",
      "n66",
      "e7"
    ],
    [
      "i1",
      "n1",
      "n2",
      "n3",
      "n4",
      "n5",
      "n6",
      "n7",
      "n8",
      "n9",
      "b2",
      "n11",
      "c1",
      "n12",
      "b1",
      "n13",
      "n15",
      "n20",
      "n21",
      "n22",
      "n23",
      "n24",
      "b7",
      "n27",
      "b8",
      "n30",
      "b9",
      "n33",
      "n34",
      "b10",
      "c5",
      "n40",
      "c2",
      "b12",
      "n53",
      "c3",
      "n54",
      "n55",
      "n56",
      "n57",
      "n58",
      "n59",
      "n61",
      "n62",
      "n63",
      "b14",
      "c4",
      "n67",
      "e8"
    ],
    [
      "i1",
      "n1",
      "n2",
      "n3",
      "n4",
      "n5",
      "n6",
      "n7",
      "n8",
      "n9",
      "b2",
      "n11",
      "c1",
      "n12",
      "b1",
      "n13",
      "n15",
      "n20",
      "n21",
      "n22",
      "n23",
      "n24",
      "b7",
      "n27",
      "b8",
      "n30",
      "b9",
      "n33",
      "n34",
      "b10",
      "c5",
      "n40",
      "c2",
      "b12",
      "n53",
      "c3",
      "n54",
      "n55",
      "n56",
      "n57",
      "n58",
      "n59",
      "n61",
      "n62",
      "n63",
      "b14",
      "n65",
      "e10"
    ],
    [
      "i1",
      "n1",
      "n2",
      "n3",
      "n4",
      "n5",
      "n6",
      "n7",
      "n8",
      "n9",
      "b2",
      "n11",
      "c1",
      "n12",
      "b1",
      "n13",
      "n15",
      "n20",
      "n21",
      "n22",
      "n23",
      "n24",
      "b7",
      "n27",
      "b8",
      "n30",
      "b9",
      "n33",
      "n34",
      "b10",
      "c5",
      "n40",
      "c2",
      "b12",
      "n53",
      "c3",
      "n54",
      "n55",
      "n56",
      "n57",
      "n58",
      "n59",
      "n61",
      "c4",
      "n67",
      "e8"
    ],
    [
      "i1",
      "n1",
      "n2",
      "n3",
      "n4",
      "n5",
      "n6",
      "n7",
      "n8",
      "n9",
      "b2",
      "n11",
      "c1",
      "n12",
      "b1",
      "n13",
      "n15",
      "n20",
      "n21",
      "n22",
      "n23",
      "n24",
      "b7",
      "n27",
      "b8",
      "n30",
      "b9",
      "n33",
      "n34",
      "b10",
      "c5",
      "n40",
      "c2",
      "b12",
      "n53",
      "c3",
      "n54",
      "n55",
      "n56",
      "n57",
      "n58",
      "n59",
      "n60",
      "n66",
      "e7"
    ],
    [
      "i1",
      "n1",
      "n2",
      "n3",
      "n4",
      "n5",
      "n6",
      "n7",
      "n8",
      "n9",
      "b2",
      "n11",
      "c1",
      "n12",
      "b1",
      "n13",
      "n15",
      "n20",
      "n21",
      "n22",
      "n23",
      "n24",
      "b7",
      "n27",
      "b8",
      "n30",
      "b9",
      "n33",
      "n34",
      "n35",
      "n41",
      "e1"
    ],
    [
      "i1",
      "n1",
      "n2",
      "n3",
      "n4",
      "n5",
      "n6",
      "n7",
      "n8",
      "n9",
      "b2",
      "n11",
      "c1",
      "n12",
      "b1",
      "n13",
      "n15",
      "n20",
      "n21",
      "n22",
      "n23",
      "n24",
      "b7",
      "n27",
      "b8",
      "n30",
      "b9",
      "n32",
      "n43",
      "e3"
    ],
    [
      "i1",
      "n1",
      "n2",
      "n3",
      "n4",
      "n5",
      "n6",
      "n7",
      "n8",
      "n9",
      "b2",
      "n11",
      "c1",
      "n12",
      "b1",
      "n13",
      "n15",
      "n20",
      "n21",
      "n22",
      "n23",
      "n24",
      "b7",
      "n27",
      "b8",
      "n29",
      "n42",
      "e2"
    ],
    [
      "i1",
      "n1",
      "n2",
      "n3",
      "n4",
      "n5",
      "n6",
      "n7",
      "n8",
      "n9",
      "b2",
      "n11",
      "c1",
      "n12",
      "b1",
      "n13",
      "n15",
      "n20",
      "n21",
      "n22",
      "n23",
      "n24",
      "b7",
      "n26",
      "n44",
      "e4"
    ],
    [
      "i1",
      "n1",
      "n2",
      "n3",
      "n4",
      "n5",
      "n6",
      "n7",
      "n8",
      "n9",
      "b2",
      "n11",
      "c1",
      "n12",
      "b1",
      "n14",
      "c2",
      "b12",
      "n48",
      "n49",
      "n50",
      "n51",
      "n52",
      "c3",
      "n54",
      "n55",
      "n56",
      "n57",
      "n58",
      "n59",
      "n61",
      "n62",
      "n63",
      "b14",
      "c4",
      "n67",
      "e8"
    ],
    [
      "i1",
      "n1",
      "n2",
      "n3",
      "n4",
      "n5",
      "n6",
      "n7",
      "n8",
      "n9",
      "b2",
      "n11",
      "c1",
      "n12",
      "b1",
      "n14",
      "c2",
      "b12",
      "n48",
      "n49",
      "n50",
      "n51",
      "n52",
      "c3",
      "n54",
      "n55",
      "n56",
      "n57",
      "n58",
      "n59",
      "n61",
      "n62",
      "n63",
      "b14",
      "n65",
      "e10"
    ],
    [
      "i1",
      "n1",
      "n2",
      "n3",
      "n4",
      "n5",
      "n6",
      "n7",
      "n8",
      "n9",
      "b2",
      "n11",
      "c1",
      "n12",
      "b1",
      "n14",
      "c2",
      "b12",
      "n48",
      "n49",
      "n50",
      "n51",
      "n52",
      "c3",
      "n54",
      "n55",
      "n56",
      "n57",
      "n58",
      "n59",
      "n61",
      "c4",
      "n67",
      "e8"
    ],
    [
      "i1",
      "n1",
      "n2",
      "n3",
      "n4",
      "n5",
      "n6",
      "n7",
      "n8",
      "n9",
      "b2",
      "n11",
      "c1",
      "n12",
      "b1",
      "n14",
      "c2",
      "b12",
      "n48",
      "n49",
      "n50",
      "n51",
      "n52",
      "c3",
      "n54",
      "n55",
      "n56",
      "n57",
      "n58",
      "n59",
      "n60",
      "n66",
      "e7"
    ],
    [
      "i1",
      "n1",
      "n2",
      "n3",
      "n4",
      "n5",
      "n6",
      "n7",
      "n8",
      "n9",
      "b2",
      "n11",
      "c1",
      "n12",
      "b1",
      "n14",
      "c2",
      "b12",
      "n53",
      "c3",
      "n54",
      "n55",
      "n56",
      "n57",
      "n58",
      "n59",
      "n61",
      "n62",
      "n63",
      "b14",
      "c4",
      "n67",
      "e8"
    ],
    [
      "i1",
      "n1",
      "n2",
      "n3",
      "n4",
      "n5",
      "n6",
      "n7",
      "n8",
      "n9",
      "b2",
      "n11",
      "c1",
      "n12",
      "b1",
      "n14",
      "c2",
      "b12",
      "n53",
      "c3",
      "n54",
      "n55",
      "n56",
      "n57",
      "n58",
      "n59",
      "n61",
      "n62",
      "n63",
      "b14",
      "n65",
      "e10"
    ],
    [
      "i1",
      "n1",
      "n2",
      "n3",
      "n4",
      "n5",
      "n6",
      "n7",
      "n8",
      "n9",
      "b2",
      "n11",
      "c1",
      "n12",
      "b1",
      "n14",
      "c2",
      "b12",
      "n53",
      "c3",
      "n54",
      "n55",
      "n56",
      "n57",
      "n58",
      "n59",
      "n61",
      "c4",
      "n67",
      "e8"
    ],
    [
      "i1",
      "n1",
      "n2",
      "n3",
      "n4",
      "n5",
      "n6",
      "n7",
      "n8",
      "n9",
      "b2",
      "n11",
      "c1",
      "n12",
      "b1",
      "n14",
      "c2",
      "b12",
      "n53",
      "c3",
      "n54",
      "n55",
      "n56",
      "n57",
      "n58",
      "n59",
      "n60",
      "n66",
      "e7"
    ],
    [
      "i1",
      "n1",
      "n2",
      "n3",
      "n4",
      "n5",
      "n6",
      "n7",
      "n8",
      "n9",
      "b2",
      "c1",
      "n12",
      "b1",
      "n13",
      "n15",
      "n20",
      "n21",
      "n22",
      "n23",
      "n24",
      "b7",
      "n27",
      "b8",
      "n30",
      "b9",
      "n33",
      "n34",
      "b10",
      "n16",
      "n37",
      "b11",
      "c5",
      "n40",
      "c2",
      "b12",
      "n48",
      "n49",
      "n50",
      "n51",
      "n52",
      "c3",
      "n54",
      "n55",
      "n56",
      "n57",
      "n58",
      "n59",
      "n61",
      "n62",
      "n63",
      "b14",
      "c4",
      "n67",
      "e8"
    ],
    [
      "i1",
      "n1",
      "n2",
      "n3",
      "n4",
      "n5",
      "n6",
      "n7",
      "n8",
      "n9",
      "b2",
      "c1",
      "n12",
      "b1",
      "n13",
      "n15",
      "n20",
      "n21",
      "n22",
      "n23",
      "n24",
      "b7",
      "n27",
      "b8",
      "n30",
      "b9",
      "n33",
      "n34",
      "b10",
      "n16",
      "n37",
      "b11",
      "c5",
      "n40",
      "c2",
      "b12",
      "n48",
      "n49",
      "n50",
      "n51",
      "n52",
      "c3",
      "n54",
      "n55",
      "n56",
      "n57",
      "n58",
      "n59",
      "n61",
      "n62",
      "n63",
      "b14",
      "n65",
      "e10"
    ],
    [
      "i1",
      "n1",
      "n2",
      "n3",
      "n4",
      "n5",
      "n6",
      "n7",
      "n8",
      "n9",
      "b2",
      "c1",
      "n12",
      "b1",
      "n13",
      "n15",
      "n20",
      "n21",
      "n22",
      "n23",
      "n24",
      "b7",
      "n27",
      "b8",
      "n30",
      "b9",
      "n33",
      "n34",
      "b10",
      "n16",
      "n37",
      "b11",
      "c5",
      "n40",
      "c2",
      "b12",
      "n48",
      "n49",
      "n50",
      "n51",
      "n52",
      "c3",
      "n54",
      "n55",
      "n56",
      "n57",
      "n58",
      "n59",
      "n61",
      "c4",
      "n67",
      "e8"
    ],
    [
      "i1",
      "n1",
      "n2",
      "n3",
      "n4",
      "n5",
      "n6",
      "n7",
      "n8",
      "n9",
      "b2",
      "c1",
      "n12",
      "b1",
      "n13",
      "n15",
      "n20",
      "n21",
      "n22",
      "n23",
      "n24",
      "b7",
      "n27",
      "b8",
      "n30",
      "b9",
      "n33",
      "n34",
      "b10",
      "n16",
      "n37",
      "b11",
      "c5",
      "n40",
      "c2",
      "b12",
      "n48",
      "n49",
      "n50",
      "n51",
      "n52",
      "c3",
      "n54",
      "n55",
      "n56",
      "n57",
      "n58",
      "n59",
      "n60",
      "n66",
      "e7"
    ],
    [
      "i1",
      "n1",
      "n2",
      "n3",
      "n4",
      "n5",
      "n6",
      "n7",
      "n8",
      "n9",
      "b2",
      "c1",
      "n12",
      "b1",
      "n13",
      "n15",
      "n20",
      "n21",
      "n22",
      "n23",
      "n24",
      "b7",
      "n27",
      "b8",
      "n30",
      "b9",
      "n33",
      "n34",
      "b10",
      "n16",
      "n37",
      "b11",
      "c5",
      "n40",
      "c2",
      "b12",
      "n53",
      "c3",
      "n54",
      "n55",
      "n56",
      "n57",
      "n58",
      "n59",
      "n61",
      "n62",
      "n63",
      "b14",
      "c4",
      "n67",
      "e8"
    ],
    [
      "i1",
      "n1",
      "n2",
      "n3",
      "n4",
      "n5",
      "n6",
      "n7",
      "n8",
      "n9",
      "b2",
      "c1",
      "n12",
      "b1",
      "n13",
      "n15",
      "n20",
      "n21",
      "n22",
      "n23",
      "n24",
      "b7",
      "n27",
      "b8",
      "n30",
      "b9",
      "n33",
      "n34",
      "b10",
      "n16",
      "n37",
      "b11",
      "c5",
      "n40",
      "c2",
      "b12",
      "n53",
      "c3",
      "n54",
      "n55",
      "n56",
      "n57",
      "n58",
      "n59",
      "n61",
      "n62",
      "n63",
      "b14",
      "n65",
      "e10"
    ],
    [
      "i1",
      "n1",
      "n2",
      "n3",
      "n4",
      "n5",
      "n6",
      "n7",
      "n8",
      "n9",
      "b2",
      "c1",
      "n12",
      "b1",
      "n13",
      "n15",
      "n20",
      "n21",
      "n22",
      "n23",
      "n24",
      "b7",
      "n27",
      "b8",
      "n30",
      "b9",
      "n33",
      "n34",
      "b10",
      "n16",
      "n37",
      "b11",
      "c5",
      "n40",
      "c2",
      "b12",
      "n53",
      "c3",
      "n54",
      "n55",
      "n56",
      "n57",
      "n58",
      "n59",
      "n61",
      "c4",
      "n67",
      "e8"
    ],
    [
      "i1",
      "n1",
      "n2",
      "n3",
      "n4",
      "n5",
      "n6",
      "n7",
      "n8",
      "n9",
      "b2",
      "c1",
      "n12",
      "b1",
      "n13",
      "n15",
      "n20",
      "n21",
      "n22",
      "n23",
      "n24",
      "b7",
      "n27",
      "b8",
      "n30",
      "b9",
      "n33",
      "n34",
      "b10",
      "n16",
      "n37",
      "b11",
      "c5",
      "n40",
      "c2",
      "b12",
      "n53",
      "c3",
      "n54",
      "n55",
      "n56",
      "n57",
      "n58",
      "n59",
      "n60",
      "n66",
      "e7"
    ],
    [
      "i1",
      "n1",
      "n2",
      "n3",
      "n4",
      "n5",
      "n6",
      "n7",
      "n8",
      "n9",
      "b2",
      "c1",
      "n12",
      "b1",
      "n13",
      "n15",
      "n20",
      "n21",
      "n22",
      "n23",
      "n24",
      "b7",
      "n27",
      "b8",
      "n30",
      "b9",
      "n33",
      "n34",
      "b10",
      "n16",
      "n37",
      "b11",
      "n39",
      "e9"
    ],
    [
      "i1",
      "n1",
      "n2",
      "n3",
      "n4",
      "n5",
      "n6",
      "n7",
      "n8",
      "n9",
      "b2",
      "c1",
      "n12",
      "b1",
      "n13",
      "n15",
      "n20",
      "n21",
      "n22",
      "n23",
      "n24",
      "b7",
      "n27",
      "b8",
      "n30",
      "b9",
      "n33",
      "n34",
      "b10",
      "c5",
      "n40",
      "c2",
      "b12",
      "n48",
      "n49",
      "n50",
      "n51",
      "n52",
      "c3",
      "n54",
      "n55",
      "n56",
      "n57",
      "n58",
      "n59",
      "n61",
      "n62",
      "n63",
      "b14",
      "c4",
      "n67",
      "e8"
    ],
    [
      "i1",
      "n1",
      "n2",
      "n3",
      "n4",
      "n5",
      "n6",
      "n7",
      "n8",
      "n9",
      "b2",
      "c1",
      "n12",
      "b1",
      "n13",
      "n15",
      "n20",
      "n21",
      "n22",
      "n23",
      "n24",
      "b7",
      "n27",
      "b8",
      "n30",
      "b9",
      "n33",
      "n34",
      "b10",
      "c5",
      "n40",
      "c2",
      "b12",
      "n48",
      "n49",
      "n50",
      "n51",
      "n52",
      "c3",
      "n54",
      "n55",
      "n56",
      "n57",
      "n58",
      "n59",
      "n61",
      "n62",
      "n63",
      "b14",
      "n65",
      "e10"
    ],
    [
      "i1",
      "n1",
      "n2",
      "n3",
      "n4",
      "n5",
      "n6",
      "n7",
      "n8",
      "n9",
      "b2",
      "c1",
      "n12",
      "b1",
      "n13",
      "n15",
      "n20",
      "n21",
      "n22",
      "n23",
      "n24",
      "b7",
      "n27",
      "b8",
      "n30",
      "b9",
      "n33",
      "n34",
      "b10",
      "c5",
      "n40",
      "c2",
      "b12",
      "n48",
      "n49",
      "n50",
      "n51",
      "n52",
      "c3",
      "n54",
      "n55",
      "n56",
      "n57",
      "n58",
      "n59",
      "n61",
      "c4",
      "n67",
      "e8"
    ],
    [
      "i1",
      "n1",
      "n2",
      "n3",
      "n4",
      "n5",
      "n6",
      "n7",
      "n8",
      "n9",
      "b2",
      "c1",
      "n12",
      "b1",
      "n13",
      "n15",
      "n20",
      "n21",
      "n22",
      "n23",
      "n24",
      "b7",
      "n27",
      "b8",
      "n30",
      "b9",
      "n33",
      "n34",
      "b10",
      "c5",
      "n40",
      "c2",
      "b12",
      "n48",
      "n49",
      "n50",
      "n51",
      "n52",
      "c3",
      "n54",
      "n55",
      "n56",
      "n57",
      "n58",
      "n59",
      "n60",
      "n66",
      "e7"
    ],
    [
      "i1",
      "n1",
      "n2",
      "n3",
      "n4",
      "n5",
      "n6",
      "n7",
      "n8",
      "n9",
      "b2",
      "c1",
      "n12",
      "b1",
      "n13",
      "n15",
      "n20",
      "n21",
      "n22",
      "n23",
      "n24",
      "b7",
      "n27",
      "b8",
      "n30",
      "b9",
      "n33",
      "n34",
      "b10",
      "c5",
      "n40",
      "c2",
      "b12",
      "n53",
      "c3",
      "n54",
      "n55",
      "n56",
      "n57",
      "n58",
      "n59",
      "n61",
      "n62",
      "n63",
      "b14",
      "c4",
      "n67",
      "e8"
    ],
    [
      "i1",
      "n1",
      "n2",
      "n3",
      "n4",
      "n5",
      "n6",
      "n7",
      "n8",
      "n9",
      "b2",
      "c1",
      "n12",
      "b1",
      "n13",
      "n15",
      "n20",
      "n21",
      "n22",
      "n23",
      "n24",
      "b7",
      "n27",
      "b8",
      "n30",
      "b9",
      "n33",
      "n34",
      "b10",
      "c5",
      "n40",
      "c2",
      "b12",
      "n53",
      "c3",
      "n54",
      "n55",
      "n56",
      "n57",
      "n58",
      "n59",
      "n61",
      "n62",
      "n63",
      "b14",
      "n65",
      "e10"
    ],
    [
      "i1",
      "n1",
      "n2",
      "n3",
      "n4",
      "n5",
      "n6",
      "n7",
      "n8",
      "n9",
      "b2",
      "c1",
      "n12",
      "b1",
      "n13",
      "n15",
      "n20",
      "n21",
      "n22",
      "n23",
      "n24",
      "b7",
      "n27",
      "b8",
      "n30",
      "b9",
      "n33",
      "n34",
      "b10",
      "c5",
      "n40",
      "c2",
      "b12",
      "n53",
      "c3",
      "n54",
      "n55",
      "n56",
      "n57",
      "n58",
      "n59",
      "n61",
      "c4",
      "n67",
      "e8"
    ],
    [
      "i1",
      "n1",
      "n2",
      "n3",
      "n4",
      "n5",
      "n6",
      "n7",
      "n8",
      "n9",
      "b2",
      "c1",
      "n12",
      "b1",
      "n13",
      "n15",
      "n20",
      "n21",
      "n22",
      "n23",
      "n24",
      "b7",
      "n27",
      "b8",
      "n30",
      "b9",
      "n33",
      "n34",
      "b10",
      "c5",
      "n40",
      "c2",
      "b12",
      "n53",
      "c3",
      "n54",
      "n55",
      "n56",
      "n57",
      "n58",
      "n59",
      "n60",
      "n66",
      "e7"
    ],
    [
      "i1",
      "n1",
      "n2",
      "n3",
      "n4",
      "n5",
      "n6",
      "n7",
      "n8",
      "n9",
      "b2",
      "c1",
      "n12",
      "b1",
      "n13",
      "n15",
      "n20",
      "n21",
      "n22",
      "n23",
      "n24",
      "b7",
      "n27",
      "b8",
      "n30",
      "b9",
      "n33",
      "n34",
      "n35",
      "n41",
      "e1"
    ],
    [
      "i1",
      "n1",
      "n2",
      "n3",
      "n4",
      "n5",
      "n6",
      "n7",
      "n8",
      "n9",
      "b2",
      "c1",
      "n12",
      "b1",
      "n13",
      "n15",
      "n20",
      "n21",
      "n22",
      "n23",
      "n24",
      "b7",
      "n27",
      "b8",
      "n30",
      "b9",
      "n32",
      "n43",
      "e3"
    ],
    [
      "i1",
      "n1",
      "n2",
      "n3",
      "n4",
      "n5",
      "n6",
      "n7",
      "n8",
      "n9",
      "b2",
      "c1",
      "n12",
      "b1",
      "n13",
      "n15",
      "n20",
      "n21",
      "n22",
      "n23",
      "n24",
      "b7",
      "n27",
      "b8",
      "n29",
      "n42",
      "e2"
    ],
    [
      "i1",
      "n1",
      "n2",
      "n3",
      "n4",
      "n5",
      "n6",
      "n7",
      "n8",
      "n9",
      "b2",
      "c1",
      "n12",
      "b1",
      "n13",
      "n15",
      "n20",
      "n21",
      "n22",
      "n23",
      "n24",
      "b7",
      "n26",
      "n44",
      "e4"
    ],
    [
      "i1",
      "n1",
      "n2",
      "n3",
      "n4",
      "n5",
      "n6",
      "n7",
      "n8",
      "n9",
      "b2",
      "c1",
      "n12",
      "b1",
      "n14",
      "c2",
      "b12",
      "n48",
      "n49",
      "n50",
      "n51",
      "n52",
      "c3",
      "n54",
      "n55",
      "n56",
      "n57",
      "n58",
      "n59",
      "n61",
      "n62",
      "n63",
      "b14",
      "c4",
      "n67",
      "e8"
    ],
    [
      "i1",
      "n1",
      "n2",
      "n3",
      "n4",
      "n5",
      "n6",
      "n7",
      "n8",
      "n9",
      "b2",
      "c1",
      "n12",
      "b1",
      "n14",
      "c2",
      "b12",
      "n48",
      "n49",
      "n50",
      "n51",
      "n52",
      "c3",
      "n54",
      "n55",
      "n56",
      "n57",
      "n58",
      "n59",
      "n61",
      "n62",
      "n63",
      "b14",
      "n65",
      "e10"
    ],
    [
      "i1",
      "n1",
      "n2",
      "n3",
      "n4",
      "n5",
      "n6",
      "n7",
      "n8",
      "n9",
      "b2",
      "c1",
      "n12",
      "b1",
      "n14",
      "c2",
      "b12",
      "n48",
      "n49",
      "n50",
      "n51",
      "n52",
      "c3",
      "n54",
      "n55",
      "n56",
      "n57",
      "n58",
      "n59",
      "n61",
      "c4",
      "n67",
      "e8"
    ],
    [
      "i1",
      "n1",
      "n2",
      "n3",
      "n4",
      "n5",
      "n6",
      "n7",
      "n8",
      "n9",
      "b2",
      "c1",
      "n12",
      "b1",
      "n14",
      "c2",
      "b12",
      "n48",
      "n49",
      "n50",
      "n51",
      "n52",
      "c3",
      "n54",
      "n55",
      "n56",
      "n57",
      "n58",
      "n59",
      "n60",
      "n66",
      "e7"
    ],
    [
      "i1",
      "n1",
      "n2",
      "n3",
      "n4",
      "n5",
      "n6",
      "n7",
      "n8",
      "n9",
      "b2",
      "c1",
      "n12",
      "b1",
      "n14",
      "c2",
      "b12",
      "n53",
      "c3",
      "n54",
      "n55",
      "n56",
      "n57",
      "n58",
      "n59",
      "n61",
      "n62",
      "n63",
      "b14",
      "c4",
      "n67",
      "e8"
    ],
    [
      "i1",
      "n1",
      "n2",
      "n3",
      "n4",
      "n5",
      "n6",
      "n7",
      "n8",
      "n9",
      "b2",
      "c1",
      "n12",
      "b1",
      "n14",
      "c2",
      "b12",
      "n53",
      "c3",
      "n54",
      "n55",
      "n56",
      "n57",
      "n58",
      "n59",
      "n61",
      "n62",
      "n63",
      "b14",
      "n65",
      "e10"
    ],
    [
      "i1",
      "n1",
      "n2",
      "n3",
      "n4",
      "n5",
      "n6",
      "n7",
      "n8",
      "n9",
      "b2",
      "c1",
      "n12",
      "b1",
      "n14",
      "c2",
      "b12",
      "n53",
      "c3",
      "n54",
      "n55",
      "n56",
      "n57",
      "n58",
      "n59",
      "n61",
      "c4",
      "n67",
      "e8"
    ],
    [
      "i1",
      "n1",
      "n2",
      "n3",
      "n4",
      "n5",
      "n6",
      "n7",
      "n8",
      "n9",
      "b2",
      "c1",
      "n12",
      "b1",
      "n14",
      "c2",
      "b12",
      "n53",
      "c3",
      "n54",
      "n55",
      "n56",
      "n57",
      "n58",
      "n59",
      "n60",
      "n66",
      "e7"
    ]
  ],
  "source_text_traces": [
    [
      "i1",
      "i2",
      "i3",
      "i4",
      "i5",
      "i6",
      "i7",
      "i8",
      "i9",
      "i10",
      "i11",
      "i26",
      "i28",
      "i12",
      "i13",
      "i30",
      "i31",
      "i14",
      "i15",
      "i32",
      "i16",
      "i17",
      "i33",
      "i34",
      "i35",
      "i19",
      "i20",
      "i21",
      "i18"
    ],
    [
      "i1",
      "i2",
      "i3",
      "i4",
      "i5",
      "i6",
      "i7",
      "i8",
      "i9",
      "i10",
      "i11",
      "i26",
      "i28",
      "i12",
      "i13",
      "i30",
      "i31",
      "i14",
      "i15",
      "i32",
      "i16",
      "i17",
      "i33",
      "i34",
      "i35",
      "i19",
      "i20",
      "i21",
      "i22",
      "i23",
      "i14"
    ],
    [
      "i1",
      "i2",
      "i3",
      "i4",
      "i5",
      "i6",
      "i7",
      "i8",
      "i9",
      "i10",
      "i11",
      "i26",
      "i28",
      "i12",
      "i13",
      "i30",
      "i31",
      "i14",
      "i15",
      "i32",
      "i16",
      "i17",
      "i33",
      "i34",
      "i35",
      "i19",
      "i20",
      "i21",
      "i22",
      "i36",
      "i33"
    ],
    [
      "i1",
      "i2",
      "i3",
      "i4",
      "i5",
      "i6",
      "i7",
      "i8",
      "i9",
      "i10",
      "i11",
      "i27",
      "i29",
      "i23",
      "i14",
      "i15",
      "i32",
      "i16",
      "i17",
      "i33",
      "i34",
      "i37",
      "i38",
      "i39",
      "i40",
      "i41",
      "i18"
    ],
    [
      "i1",
      "i2",
      "i3",
      "i4",
      "i5",
      "i6",
      "i7",
      "i8",
      "i9",
      "i10",
      "i11",
      "i27",
      "i29",
      "i23",
      "i14",
      "i15",
      "i32",
      "i16",
      "i17",
      "i33",
      "i34",
      "i37",
      "i38",
      "i39",
      "i40",
      "i41",
      "i24"
    ],
    [
      "i1",
      "i2",
      "i3",
      "i4",
      "i5",
      "i6",
      "i7",
      "i8",
      "i9",
      "i10",
      "i11",
      "i27",
      "i29",
      "i36",
      "i33",
      "i34",
      "i37",
      "i38",
      "i39",
      "i40",
      "i41",
      "i18"
    ],
    [
      "i1",
      "i2",
      "i3",
      "i4",
      "i5",
      "i6",
      "i7",
      "i8",
      "i9",
      "i10",
      "i11",
      "i27",
      "i29",
      "i36",
      "i33",
      "i34",
      "i37",
      "i38",
      "i39",
      "i40",
      "i41",
      "i24"
    ]
  ]
}