{
  "model_traces": [
    [
      "i1",
      "n2",
      "n3",
      "c1",
      "n4",
      "n5",
      "b1",
      "n6",
      "b2",
      "n8",
      "n9",
      "n10",
      "n_step5",
      "n11",
      "n12",
      "b4",
      "n13",
      "b5",
      "n15",
      "e1"
    ],
    [
      "i1",
      "n2",
      "n3",
      "c1",
      "n4",
      "n5",
      "b1",
      "n7",
      "b3",
      "n17",
      "n_i10",
      "n_i11",
      "n18",
      "n_i17",
      "n19",
      "b7",
      "n21",
      "b9",
      "n25",
      "n26",
      "n_i22",
      "n27",
      "n28",
      "b11",
      "n29",
      "b12",
      "n31",
      "e2"
    ]
  ],
  "source_text_traces": [
    [
      "i1",
      "i2",
      "i3",
      "i4",
      "i5",
      "i6",
      "i7",
      "i12",
      "i13",
      "i14",
      "i15",
      "i16"
    ],
    [
      "i1",
      "i2",
      "i3",
      "i4",
      "i5",
      "i6",
      "i7",
      "i12",
      "i13",
      "i14",
      "i3"
    ],
    [
      "i1",
      "i2",
      "i3",
      "i4",
      "i8",
      "i9",
      "i10",
      "i11",
      "i17",
      "i18",
      "i21",
      "i17"
    ],
    [
      "i1",
      "i2",
      "i3",
      "i4",
      "i8",
      "i9",
      "i10",
      "i11",
      "i17",
      "i20",
      "i22",
      "i23",
      "i24",
      "i25",
      "i26"
    ],
    [
      "i1",
      "i2",
      "i3",
      "i4",
      "i8",
      "i9",
      "i10",
      "i11",
      "i17",
      "i20",
      "i22",
      "i23",
      "i24",
      "i22"
    ]
  ]
}