{
  "model_traces": [
    [
      "i1",
      "n1",
      "n2",
      "b1",
      "n3",
      "n5",
      "n8",
      "n9",
      "e1"
    ],
    [
      "i1",
      "n1",
      "n2",
      "b1",
      "n3",
      "n5",
      "n10",
      "n11",
      "e2"
    ],
    [
      "i1",
      "n1",
      "n2",
      "b1",
      "n4",
      "n12",
      "n16",
      "n17",
      "n18",
      "n19",
      "e3"
    ],
    [
      "i1",
      "n1",
      "n2",
      "b1",
      "n4",
      "n12",
      "n20",
      "n31",
      "n32",
      "n21",
      "n22",
      "n23",
      "n24",
      "n25",
      "e4"
    ],
    [
      "i1",
      "n1",
      "n2",
      "b1",
      "n4",
      "n12",
      "n26",
      "n33",
      "n34",
      "n27",
      "n28",
      "n29",
      "n30",
      "e5"
    ]
  ],
  "source_text_traces": [
    [
      "i2",
      "i8",
      "i13",
      "i14",
      "i15"
    ],
    [
      "i2",
      "i10",
      "i16",
      "i17",
      "i15"
    ],
    [
      "i5",
      "i19",
      "i24",
      "i25",
      "i26",
      "i34"
    ],
    [
      "i5",
      "i21",
      "i28",
      "i29",
      "i30",
      "i31",
      "i34"
    ],
    [
      "i5",
      "i22",
      "i28",
      "i32",
      "i33",
      "i34"
    ]
  ]
}