{
  "model_traces": [
    [
      "start",
      "i1",
      "n2",
      "b1",
      "n3",
      "n5",
      "b2",
      "n6",
      "n23",
      "b4",
      "n24",
      "n27",
      "n28",
      "e5"
    ],
    [
      "start",
      "i1",
      "n2",
      "b1",
      "n3",
      "n5",
      "b2",
      "n6",
      "n23",
      "b4",
      "n25",
      "n29",
      "n30",
      "e6"
    ],
    [
      "start",
      "i1",
      "n2",
      "b1",
      "n3",
      "n5",
      "b2",
      "n6",
      "n23",
      "b4",
      "n26",
      "n31",
      "n32",
      "e7"
    ],
    [
      "start",
      "i1",
      "n2",
      "b1",
      "n3",
      "n5",
      "b2",
      "n7",
      "n8",
      "b3",
      "n9",
      "n14",
      "n15",
      "e1"
    ],
    [
      "start",
      "i1",
      "n2",
      "b1",
      "n3",
      "n5",
      "b2",
      "n7",
      "n8",
      "b3",
      "n10",
      "n16",
      "n17",
      "e2"
    ],
    [
      "start",
      "i1",
      "n2",
      "b1",
      "n3",
      "n5",
      "b2",
      "n7",
      "n8",
      "b3",
      "n11",
      "n18",
      "n19",
      "e3"
    ],
    [
      "start",
      "i1",
      "n2",
      "b1",
      "n3",
      "n5",
      "b2",
      "n7",
      "n8",
      "b3",
      "n12",
      "n20",
      "n21",
      "e4"
    ],
    [
      "start",
      "i1",
      "n2",
      "b1",
      "n3",
      "n5",
      "b2",
      "n7",
      "n8",
      "b3",
      "n13",
      "n22",
      "e1"
    ],
    [
      "start",
      "i1",
      "n2",
      "b1",
      "i25",
      "i29",
      "i30",
      "i31",
      "i32",
      "i33",
      "i34",
      "b5",
      "c_join_i14",
      "i14",
      "e8"
    ],
    [
      "start",
      "i1",
      "n2",
      "b1",
      "i25",
      "i29",
      "i30",
      "i31",
      "i32",
      "i33",
      "i34",
      "b5",
      "i35",
      "b6",
      "i36",
      "i37",
      "i38",
      "i39",
      "i40",
      "c_join_i14",
      "i14",
      "e8"
    ],
    [
      "start",
      "i1",
      "n2",
      "b1",
      "i25",
      "i29",
      "i30",
      "i31",
      "i32",
      "i33",
      "i34",
      "b5",
      "i35",
      "b6",
      "i41",
      "i42",
      "i43",
      "e10"
    ]
  ],
  "source_text_traces": [
    [
      "i1",
      "i4",
      "i7",
      "i13",
      "i14"
    ],
    [
      "i1",
      "i4",
      "i7",
      "i15",
      "i14"
    ],
    [
      "i1",
      "i4",
      "i7",
      "i16",
      "i14"
    ],
    [
      "i1",
      "i4",
      "i7",
      "i17",
      "i14"
    ],
    [
      "i1",
      "i4",
      "i7",
      "i18"
    ],
    [
      "i1",
      "i4",
      "i19",
      "i22",
      "i14"
    ],
    [
      "i1",
      "i4",
      "i19",
      "i23",
      "i14"
    ],
    [
      "i1",
      "i4",
      "i19",
      "i24",
      "i14"
    ],
    [
      "i1",
      "i25",
      "i29",
      "i30",
      "i31",
      "i32",
      "i33",
      "i34",
      "i14"
    ],
    [
      "i1",
      "i25",
      "i29",
      "i30",
      "i31",
      "i32",
      "i33",
      "i34",
      "i35",
      "i36",
      "i37",
      "i38",
      "i39",
      "i40",
      "i14"
    ],
    [
      "i1",
      "i25",
      "i29",
      "i30",
      "i31",
      "i32",
      "i33",
      "i34",
      "i35",
      "i41",
      "i42",
      "i43"
    ]
  ]
}