{
  "model_traces": [
    [
      "i1",
      "b_pip",
      "c_inst",
      "n1",
      "n2",
      "n3",
      "n4",
      "n5",
      "n6",
      "c_test",
      "n7",
      "n8",
      "b_led",
      "n9",
      "n12",
      "n13",
      "e1"
    ],
    [
      "i1",
      "b_pip",
      "c_inst",
      "n1",
      "n2",
      "n3",
      "n4",
      "n5",
      "n6",
      "c_test",
      "n7",
      "n8",
      "b_led",
      "n10",
      "e1"
    ],
    [
      "i1",
      "b_pip",
      "c_inst",
      "n1",
      "n2",
      "n3",
      "n4",
      "n5",
      "n6",
      "c_test",
      "n7",
      "n8",
      "b_led",
      "n11",
      "b_eng",
      "n16",
      "e1"
    ],
    [
      "i1",
      "b_pip",
      "c_test",
      "n7",
      "n8",
      "b_led",
      "n9",
      "n12",
      "n13",
      "e1"
    ],
    [
      "i1",
      "b_pip",
      "c_test",
      "n7",
      "n8",
      "b_led",
      "n10",
      "e1"
    ],
    [
      "i1",
      "b_pip",
      "c_test",
      "n7",
      "n8",
      "b_led",
      "n11",
      "b_eng",
      "n16",
      "e1"
    ]
  ],
  "source_text_traces": [
    [
      "i2",
      "i11",
      "i12",
      "i17",
      "i18"
    ],
    [
      "i2",
      "i11",
      "i12",
      "i13"
    ],
    [
      "i2",
      "i11",
      "i12",
      "i14",
      "i4"
    ],
    [
      "i2",
      "i11",
      "i12",
      "i14",
      "i16"
    ],
    [
      "i3",
      "i4",
      "i5",
      "i6",
      "i7",
      "i8",
      "i9",
      "i4"
    ]
  ]
}