{
  "model_traces": [
    [
      "i1",
      "n1",
      "n2",
      "b1",
      "n3",
      "n5",
      "b2",
      "n6",
      "b3",
      "n7",
      "e1"
    ],
    [
      "i1",
      "n1",
      "n2",
      "b1",
      "n3",
      "n5",
      "b2",
      "n6",
      "b3",
      "n9",
      "e2"
    ],
    [
      "i1",
      "n1",
      "n2",
      "b1",
      "n3",
      "n5",
      "b2",
      "n11",
      "b4",
      "n12",
      "e3"
    ],
    [
      "i1",
      "n1",
      "n2",
      "b1",
      "n3",
      "n5",
      "b2",
      "n11",
      "b4",
      "n14",
      "e4"
    ],
    [
      "i1",
      "n1",
      "n2",
      "b1",
      "n4",
      "n16",
      "b5",
      "n17",
      "n20",
      "b6",
      "n21",
      "c1",
      "n23",
      "b7",
      "n24",
      "c2",
      "n27",
      "e5"
    ],
    [
      "i1",
      "n1",
      "n2",
      "b1",
      "n4",
      "n16",
      "b5",
      "n17",
      "n20",
      "b6",
      "n21",
      "c1",
      "n23",
      "b7",
      "n25",
      "c2",
      "n27",
      "e5"
    ],
    [
      "i1",
      "n1",
      "n2",
      "b1",
      "n4",
      "n16",
      "b5",
      "n17",
      "n20",
      "b6",
      "n21",
      "c1",
      "n23",
      "b7",
      "n26",
      "c2",
      "n27",
      "e5"
    ],
    [
      "i1",
      "n1",
      "n2",
      "b1",
      "n4",
      "n16",
      "b5",
      "n17",
      "n20",
      "b6",
      "n22",
      "c1",
      "n23",
      "b7",
      "n24",
      "c2",
      "n27",
      "e5"
    ],
    [
      "i1",
      "n1",
      "n2",
      "b1",
      "n4",
      "n16",
      "b5",
      "n17",
      "n20",
      "b6",
      "n22",
      "c1",
      "n23",
      "b7",
      "n25",
      "c2",
      "n27",
      "e5"
    ],
    [
      "i1",
      "n1",
      "n2",
      "b1",
      "n4",
      "n16",
      "b5",
      "n17",
      "n20",
      "b6",
      "n22",
      "c1",
      "n23",
      "b7",
      "n26",
      "c2",
      "n27",
      "e5"
    ],
    [
      "i1",
      "n1",
      "n2",
      "b1",
      "n4",
      "n16",
      "b5",
      "n18",
      "n29",
      "n30",
      "n31",
      "n32",
      "e6"
    ],
    [
      "i1",
      "n1",
      "n2",
      "b1",
      "n4",
      "n16",
      "b5",
      "n19",
      "n34",
      "n35",
      "e7"
    ]
  ],
  "source_text_traces": [
    [
      "i21",
      "i1",
      "i3",
      "i22",
      "i4",
      "i26",
      "i27",
      "i8"
    ],
    [
      "i21",
      "i1",
      "i3",
      "i22",
      "i4",
      "i26",
      "i28",
      "i8"
    ],
    [
      "i21",
      "i1",
      "i3",
      "i22",
      "i5",
      "i23",
      "i6",
      "i24",
      "i8"
    ],
    [
      "i21",
      "i1",
      "i3",
      "i22",
      "i5",
      "i23",
      "i7",
      "i25",
      "i8"
    ],
    [
      "i21",
      "i2",
      "i29",
      "i9",
      "i30",
      "i31",
      "i32",
      "i34",
      "i35",
      "i15",
      "i8"
    ],
    [
      "i21",
      "i2",
      "i29",
      "i9",
      "i30",
      "i31",
      "i33",
      "i34",
      "i35",
      "i15",
      "i8"
    ],
    [
      "i21",
      "i2",
      "i29",
      "i10",
      "i36",
      "i16",
      "i17",
      "i18",
      "i19",
      "i8"
    ],
    [
      "i21",
      "i2",
      "i29",
      "i11",
      "i37",
      "i38",
      "i20",
      "i8"
    ]
  ]
}