{
  "model_traces": [
    [
      "i1",
      "n1",
      "b1",
      "n3",
      "e1"
    ],
    [
      "i1",
      "n1",
      "b1",
      "n4",
      "sb",
      "esf"
    ],
    [
      "i1",
      "n1",
      "b1",
      "n4",
      "sb",
      "b6",
      "n5",
      "c1",
      "n7",
      "cr",
      "n8",
      "b2",
      "n10",
      "b3",
      "n11",
      "e3"
    ],
    [
      "i1",
      "n1",
      "b1",
      "n4",
      "sb",
      "b6",
      "n5",
      "c1",
      "n7",
      "cr",
      "n8",
      "b2",
      "n10",
      "b3",
      "n12",
      "brb",
      "e3"
    ],
    [
      "i1",
      "n1",
      "b1",
      "n4",
      "sb",
      "b6",
      "n5",
      "c1",
      "n7",
      "cr",
      "n8",
      "b2",
      "n10",
      "b3",
      "n12",
      "brb",
      "n17",
      "e_rb_end"
    ],
    [
      "i1",
      "n1",
      "b1",
      "n4",
      "sb",
      "b6",
      "n6",
      "c1",
      "n7",
      "cr",
      "n8",
      "b2",
      "n10",
      "b3",
      "n11",
      "e3"
    ],
    [
      "i1",
      "n1",
      "b1",
      "n4",
      "sb",
      "b6",
      "n6",
      "c1",
      "n7",
      "cr",
      "n8",
      "b2",
      "n10",
      "b3",
      "n12",
      "brb",
      "e3"
    ],
    [
      "i1",
      "n1",
      "b1",
      "n4",
      "sb",
      "b6",
      "n6",
      "c1",
      "n7",
      "cr",
      "n8",
      "b2",
      "n10",
      "b3",
      "n12",
      "brb",
      "n17",
      "e_rb_end"
    ]
  ],
  "source_text_traces": [
    [
      "i1",
      "i4",
      "i5"
    ],
    [
      "i1",
      "i2",
      "i3",
      "i6",
      "i7",
      "i9",
      "i10",
      "i11",
      "i12",
      "i13",
      "i5"
    ],
    [
      "i1",
      "i2",
      "i3",
      "i6",
      "i8",
      "i9",
      "i10",
      "i11",
      "i12",
      "i13",
      "i5"
    ],
    [
      "i1",
      "i2",
      "i3",
      "i6",
      "i7",
      "i9",
      "i10",
      "i11",
      "i12",
      "i14",
      "i15",
      "i16",
      "i5"
    ],
    [
      "i1",
      "i2",
      "i3",
      "i6",
      "i8",
      "i9",
      "i10",
      "i11",
      "i12",
      "i14",
      "i15",
      "i16",
      "i5"
    ],
    [
      "i1",
      "i2",
      "i3",
      "i6",
      "i7",
      "i9",
      "i10",
      "i11",
      "i12",
      "i14",
      "i15",
      "i17",
      "i18",
      "i5"
    ],
    [
      "i1",
      "i2",
      "i3",
      "i6",
      "i8",
      "i9",
      "i10",
      "i11",
      "i12",
      "i14",
      "i15",
      "i17",
      "i18",
      "i5"
    ]
  ]
}