{
  "model_traces": [
    [
      "start",
      "n1",
      "n2",
      "n3",
      "n4",
      "b1",
      "n5",
      "n6",
      "e1"
    ],
    [
      "start",
      "n1",
      "n2",
      "n3",
      "n4",
      "b1",
      "n8",
      "n11",
      "n12",
      "n13",
      "n14",
      "b3",
      "n16",
      "n17",
      "e3"
    ],
    [
      "start",
      "n1",
      "n2",
      "n3",
      "n4",
      "b1",
      "n8",
      "n11",
      "n12",
      "n13",
      "n14",
      "b3",
      "n18",
      "n19",
      "n20",
      "b4",
      "n21",
      "n22",
      "e4"
    ],
    [
      "start",
      "n1",
      "n2",
      "n3",
      "n4",
      "b1",
      "n8",
      "n11",
      "n12",
      "n13",
      "n14",
      "b3",
      "n18",
      "n19",
      "n20",
      "b4",
      "n24",
      "e4"
    ],
    [
      "start",
      "n1",
      "n2",
      "n3",
      "n4",
      "b1",
      "n9",
      "e2"
    ]
  ],
  "source_text_traces": [
    [
      "i1",
      "i2",
      "i3",
      "i4",
      "i6"
    ],
    [
      "i1",
      "i2",
      "i3",
      "i7"
    ],
    [
      "i1",
      "i2",
      "i3",
      "i5",
      "i8",
      "i9",
      "i10",
      "i11",
      "i12",
      "i13"
    ],
    [
      "i1",
      "i2",
      "i3",
      "i5",
      "i8",
      "i9",
      "i10",
      "i11",
      "i14",
      "i15",
      "i16",
      "i6"
    ],
    [
      "i1",
      "i2",
      "i3",
      "i5",
      "i8",
      "i9",
      "i10",
      "i11",
      "i14",
      "i15",
      "i16",
      "i7"
    ]
  ]
}