{
  "model_traces": [
    [
      "i1",
      "n2",
      "b3",
      "n3",
      "c1",
      "n7",
      "n8",
      "n9",
      "n10",
      "n11",
      "n12",
      "b2",
      "n14",
      "n16",
      "e1"
    ],
    [
      "i1",
      "n2",
      "b3",
      "n3",
      "c1",
      "n7",
      "n8",
      "n9",
      "n10",
      "n11",
      "n12",
      "b2",
      "n15",
      "e1"
    ],
    [
      "i1",
      "n2",
      "b3",
      "n4",
      "c1",
      "n7",
      "n8",
      "n9",
      "n10",
      "n11",
      "n12",
      "b2",
      "n14",
      "n16",
      "e1"
    ],
    [
      "i1",
      "n2",
      "b3",
      "n4",
      "c1",
      "n7",
      "n8",
      "n9",
      "n10",
      "n11",
      "n12",
      "b2",
      "n15",
      "e1"
    ]
  ],
  "source_text_traces": [
    [
      "i1",
      "i2",
      "i4",
      "i5",
      "i6",
      "i7",
      "i8",
      "i10"
    ],
    [
      "i1",
      "i2",
      "i4",
      "i5",
      "i6",
      "i7",
      "i9"
    ]
  ]
}