{
  "model_traces": [
    [
      "i1",
      "n2",
      "b1",
      "n3",
      "b2",
      "n4",
      "n5",
      "e1"
    ],
    [
      "i1",
      "n2",
      "b1",
      "n3",
      "b2",
      "n6",
      "n7",
      "e2"
    ],
    [
      "i1",
      "n2",
      "b1",
      "n8",
      "b3",
      "n9",
      "n10",
      "n11",
      "n12",
      "n13",
      "n14",
      "n15",
      "b4",
      "n16",
      "e3"
    ],
    [
      "i1",
      "n2",
      "b1",
      "n8",
      "b3",
      "n9",
      "n10",
      "n11",
      "n12",
      "n13",
      "n14",
      "n15",
      "b4",
      "n24",
      "n25",
      "n26",
      "n27",
      "n28",
      "n29",
      "e4"
    ],
    [
      "i1",
      "n2",
      "b1",
      "n8",
      "b3",
      "n9",
      "n10",
      "n11",
      "n12",
      "n13",
      "n14",
      "n15",
      "b4",
      "n37",
      "n38",
      "n39",
      "n40",
      "e5"
    ]
  ],
  "source_text_traces": [
    [
      "i1",
      "i4",
      "i8"
    ],
    [
      "i1",
      "i4",
      "i10"
    ],
    [
      "i1",
      "i11",
      "i14",
      "i15",
      "i16"
    ],
    [
      "i1",
      "i11",
      "i14",
      "i15",
      "i16",
      "i18",
      "i19",
      "i20",
      "i21"
    ],
    [
      "i1",
      "i11",
      "i14",
      "i15",
      "i16",
      "i22",
      "i23",
      "i24"
    ]
  ]
}