{
  "model_traces": [
    [
      "i1",
      "n1",
      "n2",
      "b1",
      "n3",
      "n5",
      "b2",
      "n6",
      "b3",
      "n7",
      "n8",
      "e1"
    ],
    [
      "i1",
      "n1",
      "n2",
      "b1",
      "n3",
      "n5",
      "b2",
      "n6",
      "b3",
      "n9",
      "n10",
      "e2"
    ],
    [
      "i1",
      "n1",
      "n2",
      "b1",
      "n3",
      "n5",
      "b2",
      "n11",
      "b4",
      "n12",
      "n13",
      "e3"
    ],
    [
      "i1",
      "n1",
      "n2",
      "b1",
      "n3",
      "n5",
      "b2",
      "n11",
      "b4",
      "n14",
      "n15",
      "e4"
    ],
    [
      "i1",
      "n1",
      "n2",
      "b1",
      "n4",
      "n16",
      "b5",
      "n18",
      "n29",
      "n30",
      "n31",
      "n32",
      "n33",
      "e6"
    ],
    [
      "i1",
      "n1",
      "n2",
      "b1",
      "n4",
      "n16",
      "b5",
      "n19",
      "n34",
      "n35",
      "n36",
      "e7"
    ]
  ],
  "source_text_traces": [
    [
      "i2",
      "i3",
      "i4",
      "i15",
      "i16"
    ],
    [
      "i2",
      "i3",
      "i4",
      "i15",
      "i17"
    ],
    [
      "i2",
      "i3",
      "i4",
      "i12",
      "i13",
      "i5"
    ],
    [
      "i2",
      "i3",
      "i4",
      "i12",
      "i14"
    ],
    [
      "i2",
      "i6",
      "i18",
      "i19",
      "i21"
    ],
    [
      "i2",
      "i6",
      "i18",
      "i20",
      "i21"
    ],
    [
      "i2",
      "i6",
      "i18",
      "i22"
    ],
    [
      "i2",
      "i6",
      "i18",
      "i23"
    ]
  ]
}