{
  "model_traces": [
    [
      "start_node",
      "i1",
      "i2",
      "i3",
      "b1",
      "i4",
      "c_receive",
      "i5",
      "i7",
      "i8",
      "i9",
      "i10",
      "i12",
      "i11",
      "b2",
      "i13",
      "i14",
      "i15",
      "i16",
      "i17",
      "c_merge_05",
      "n25_correct",
      "n26_correct",
      "n31_correct",
      "i33",
      "i35",
      "i36",
      "i37",
      "i38",
      "i39",
      "b6",
      "i40",
      "c3",
      "i45",
      "i46",
      "c_end",
      "i47",
      "e1"
    ],
    [
      "start_node",
      "i1",
      "i2",
      "i3",
      "b1",
      "i4",
      "c_receive",
      "i5",
      "i7",
      "i8",
      "i9",
      "i10",
      "i12",
      "i11",
      "b2",
      "i13",
      "i14",
      "i15",
      "i16",
      "i17",
      "c_merge_05",
      "n25_correct",
      "n26_correct",
      "n31_correct",
      "i33",
      "i35",
      "i36",
      "i37",
      "i38",
      "i39",
      "b6",
      "i41",
      "i42",
      "i43",
      "i44",
      "c3",
      "i45",
      "i46",
      "c_end",
      "i47",
      "e1"
    ],
    [
      "start_node",
      "i1",
      "i2",
      "i3",
      "b1",
      "i4",
      "c_receive",
      "i5",
      "i7",
      "i8",
      "i9",
      "i10",
      "i12",
      "i11",
      "b2",
      "i18",
      "b3",
      "i19",
      "n15_2",
      "c_merge_23",
      "i25",
      "i26",
      "i31",
      "i32",
      "i34",
      "c_end",
      "i47",
      "e1"
    ],
    [
      "start_node",
      "i1",
      "i2",
      "i3",
      "b1",
      "i4",
      "c_receive",
      "i5",
      "i7",
      "i8",
      "i9",
      "i10",
      "i12",
      "i11",
      "b2",
      "i18",
      "b3",
      "i20",
      "i21",
      "b4",
      "i22",
      "i23",
      "i24",
      "c_merge_23",
      "i25",
      "i26",
      "i31",
      "i32",
      "i34",
      "c_end",
      "i47",
      "e1"
    ],
    [
      "start_node",
      "i1",
      "i2",
      "i3",
      "b1",
      "i4",
      "c_receive",
      "i5",
      "i7",
      "i8",
      "i9",
      "i10",
      "i12",
      "i11",
      "b2",
      "i18",
      "b3",
      "i20",
      "i21",
      "b4",
      "i27",
      "i28",
      "n32_4",
      "n34_4",
      "c_end",
      "i47",
      "e1"
    ],
    [
      "start_node",
      "i1",
      "i2",
      "i3",
      "b1",
      "i4",
      "c_receive",
      "i5",
      "i7",
      "i8",
      "i9",
      "i10",
      "i12",
      "i11",
      "b2",
      "i18",
      "b3",
      "i20",
      "i21",
      "b4",
      "i29",
      "i30",
      "c_merge_05",
      "n25_correct",
      "n26_correct",
      "n31_correct",
      "i33",
      "i35",
      "i36",
      "i37",
      "i38",
      "i39",
      "b6",
      "i40",
      "c3",
      "i45",
      "i46",
      "c_end",
      "i47",
      "e1"
    ],
    [
      "start_node",
      "i1",
      "i2",
      "i3",
      "b1",
      "i4",
      "c_receive",
      "i5",
      "i7",
      "i8",
      "i9",
      "i10",
      "i12",
      "i11",
      "b2",
      "i18",
      "b3",
      "i20",
      "i21",
      "b4",
      "i29",
      "i30",
      "c_merge_05",
      "n25_correct",
      "n26_correct",
      "n31_correct",
      "i33",
      "i35",
      "i36",
      "i37",
      "i38",
      "i39",
      "b6",
      "i41",
      "i42",
      "i43",
      "i44",
      "c3",
      "i45",
      "i46",
      "c_end",
      "i47",
      "e1"
    ],
    [
      "start_node",
      "i1",
      "i2",
      "i3",
      "b1",
      "i6",
      "c_receive",
      "i5",
      "i7",
      "i8",
      "i9",
      "i10",
      "i12",
      "i11",
      "b2",
      "i13",
      "i14",
      "i15",
      "i16",
      "i17",
      "c_merge_05",
      "n25_correct",
      "n26_correct",
      "n31_correct",
      "i33",
      "i35",
      "i36",
      "i37",
      "i38",
      "i39",
      "b6",
      "i40",
      "c3",
      "i45",
      "i46",
      "c_end",
      "i47",
      "e1"
    ],
    [
      "start_node",
      "i1",
      "i2",
      "i3",
      "b1",
      "i6",
      "c_receive",
      "i5",
      "i7",
      "i8",
      "i9",
      "i10",
      "i12",
      "i11",
      "b2",
      "i13",
      "i14",
      "i15",
      "i16",
      "i17",
      "c_merge_05",
      "n25_correct",
      "n26_correct",
      "n31_correct",
      "i33",
      "i35",
      "i36",
      "i37",
      "i38",
      "i39",
      "b6",
      "i41",
      "i42",
      "i43",
      "i44",
      "c3",
      "i45",
      "i46",
      "c_end",
      "i47",
      "e1"
    ],
    [
      "start_node",
      "i1",
      "i2",
      "i3",
      "b1",
      "i6",
      "c_receive",
      "i5",
      "i7",
      "i8",
      "i9",
      "i10",
      "i12",
      "i11",
      "b2",
      "i18",
      "b3",
      "i19",
      "n15_2",
      "c_merge_23",
      "i25",
      "i26",
      "i31",
      "i32",
      "i34",
      "c_end",
      "i47",
      "e1"
    ],
    [
      "start_node",
      "i1",
      "i2",
      "i3",
      "b1",
      "i6",
      "c_receive",
      "i5",
      "i7",
      "i8",
      "i9",
      "i10",
      "i12",
      "i11",
      "b2",
      "i18",
      "b3",
      "i20",
      "i21",
      "b4",
      "i22",
      "i23",
      "i24",
      "c_merge_23",
      "i25",
      "i26",
      "i31",
      "i32",
      "i34",
      "c_end",
      "i47",
      "e1"
    ],
    [
      "start_node",
      "i1",
      "i2",
      "i3",
      "b1",
      "i6",
      "c_receive",
      "i5",
      "i7",
      "i8",
      "i9",
      "i10",
      "i12",
      "i11",
      "b2",
      "i18",
      "b3",
      "i20",
      "i21",
      "b4",
      "i27",
      "i28",
      "n32_4",
      "n34_4",
      "c_end",
      "i47",
      "e1"
    ],
    [
      "start_node",
      "i1",
      "i2",
      "i3",
      "b1",
      "i6",
      "c_receive",
      "i5",
      "i7",
      "i8",
      "i9",
      "i10",
      "i12",
      "i11",
      "b2",
      "i18",
      "b3",
      "i20",
      "i21",
      "b4",
      "i29",
      "i30",
      "c_merge_05",
      "n25_correct",
      "n26_correct",
      "n31_correct",
      "i33",
      "i35",
      "i36",
      "i37",
      "i38",
      "i39",
      "b6",
      "i40",
      "c3",
      "i45",
      "i46",
      "c_end",
      "i47",
      "e1"
    ],
    [
      "start_node",
      "i1",
      "i2",
      "i3",
      "b1",
      "i6",
      "c_receive",
      "i5",
      "i7",
      "i8",
      "i9",
      "i10",
      "i12",
      "i11",
      "b2",
      "i18",
      "b3",
      "i20",
      "i21",
      "b4",
      "i29",
      "i30",
      "c_merge_05",
      "n25_correct",
      "n26_correct",
      "n31_correct",
      "i33",
      "i35",
      "i36",
      "i37",
      "i38",
      "i39",
      "b6",
      "i41",
      "i42",
      "i43",
      "i44",
      "c3",
      "i45",
      "i46",
      "c_end",
      "i47",
      "e1"
    ]
  ],
  "source_text_traces": [
    [
      "i1",
      "i2",
      "i3",
      "i4",
      "i5",
      "i7",
      "i8",
      "i9",
      "i10",
      "i12",
      "i11",
      "i13",
      "i14",
      "i15",
      "i16",
      "i17",
      "i25",
      "i26",
      "i31",
      "i33",
      "i35",
      "i36",
      "i37",
      "i38",
      "i39",
      "i40",
      "i45",
      "i46",
      "i47"
    ],
    [
      "i1",
      "i2",
      "i3",
      "i4",
      "i5",
      "i7",
      "i8",
      "i9",
      "i10",
      "i12",
      "i11",
      "i13",
      "i14",
      "i15",
      "i16",
      "i17",
      "i25",
      "i26",
      "i31",
      "i33",
      "i35",
      "i36",
      "i37",
      "i38",
      "i39",
      "i41",
      "i42",
      "i43",
      "i44",
      "i45",
      "i46",
      "i47"
    ],
    [
      "i1",
      "i2",
      "i3",
      "i6",
      "i5",
      "i7",
      "i8",
      "i9",
      "i10",
      "i12",
      "i11",
      "i18",
      "i19",
      "i15",
      "i25",
      "i26",
      "i31",
      "i32",
      "i34",
      "i47"
    ],
    [
      "i1",
      "i2",
      "i3",
      "i6",
      "i5",
      "i7",
      "i8",
      "i9",
      "i10",
      "i12",
      "i11",
      "i18",
      "i20",
      "i21",
      "i22",
      "i23",
      "i24",
      "i25",
      "i26",
      "i31",
      "i32",
      "i34",
      "i47"
    ],
    [
      "i1",
      "i2",
      "i3",
      "i4",
      "i5",
      "i7",
      "i8",
      "i9",
      "i10",
      "i12",
      "i11",
      "i18",
      "i20",
      "i21",
      "i27",
      "i28",
      "i32",
      "i34",
      "i47"
    ],
    [
      "i1",
      "i2",
      "i3",
      "i6",
      "i5",
      "i7",
      "i8",
      "i9",
      "i10",
      "i12",
      "i11",
      "i18",
      "i20",
      "i21",
      "i29",
      "i30",
      "i25",
      "i26",
      "i31",
      "i33",
      "i35",
      "i36",
      "i37",
      "i38",
      "i39",
      "i40",
      "i45",
      "i46",
      "i47"
    ]
  ]
}