{
  "model_traces": [
    [
      "i1",
      "b_order",
      "c_order",
      "b_parallel",
      "n_prepare",
      "c_parallel",
      "b_availability",
      "n_check_again",
      "e_backorder"
    ],
    [
      "i1",
      "b_order",
      "c_order",
      "b_parallel",
      "n_prepare",
      "c_parallel",
      "b_availability",
      "n_assemble",
      "n_ship",
      "e_final"
    ],
    [
      "i1",
      "b_order",
      "c_order",
      "b_parallel",
      "n_check_avail",
      "c_parallel",
      "b_availability",
      "n_check_again",
      "e_backorder"
    ],
    [
      "i1",
      "b_order",
      "c_order",
      "b_parallel",
      "n_check_avail",
      "c_parallel",
      "b_availability",
      "n_assemble",
      "n_ship",
      "e_final"
    ]
  ],
  "source_text_traces": [
    [
      "i1",
      "i2",
      "i3",
      "i4"
    ],
    [
      "i1",
      "i2",
      "i3",
      "i5",
      "i6"
    ]
  ]
}