{
  "model_traces": [
    [
      "i1",
      "n1",
      "n2",
      "b1",
      "n3",
      "b2",
      "n5",
      "b4",
      "n7",
      "n8",
      "e1"
    ],
    [
      "i1",
      "n1",
      "n2",
      "b1",
      "n3",
      "b2",
      "n6",
      "b5",
      "n9",
      "n10",
      "e2"
    ],
    [
      "i1",
      "n1",
      "n2",
      "b1",
      "n4",
      "b3",
      "n13",
      "b6",
      "n16",
      "n17",
      "n18",
      "n19",
      "n20",
      "e5"
    ],
    [
      "i1",
      "n1",
      "n2",
      "b1",
      "n4",
      "b3",
      "n14",
      "b7",
      "n21",
      "n22",
      "n23",
      "n24",
      "n25",
      "n26",
      "n27",
      "e6"
    ],
    [
      "i1",
      "n1",
      "n2",
      "b1",
      "n4",
      "b3",
      "n15",
      "b8",
      "n28",
      "n29",
      "n30",
      "n31",
      "n32",
      "e7"
    ]
  ],
  "source_text_traces": [
    [
      "i1",
      "i2",
      "i3"
    ],
    [
      "i1",
      "i2",
      "i4"
    ],
    [
      "i1",
      "i5",
      "i6"
    ],
    [
      "i1",
      "i5",
      "i7"
    ],
    [
      "i1",
      "i5",
      "i8"
    ]
  ]
}