{
  "model_traces": [
    [
      "i1",
      "n1",
      "n2",
      "n3",
      "b1",
      "n4",
      "c1",
      "n35",
      "n6",
      "n7",
      "b6",
      "n8",
      "c2",
      "n10",
      "n8a",
      "b2",
      "n12",
      "c_join",
      "n19",
      "n33",
      "b4",
      "n21",
      "e2"
    ],
    [
      "i1",
      "n1",
      "n2",
      "n3",
      "b1",
      "n4",
      "c1",
      "n35",
      "n6",
      "n7",
      "b6",
      "n8",
      "c2",
      "n10",
      "n8a",
      "b2",
      "n12",
      "c_join",
      "n19",
      "n33",
      "b4",
      "n22",
      "b5",
      "n24",
      "e3"
    ],
    [
      "i1",
      "n1",
      "n2",
      "n3",
      "b1",
      "n4",
      "c1",
      "n35",
      "n6",
      "n7",
      "b6",
      "n8",
      "c2",
      "n10",
      "n8a",
      "b2",
      "n12",
      "c_join",
      "n19",
      "n33",
      "b4",
      "n22",
      "b5",
      "n25",
      "n26",
      "n27",
      "n23w",
      "b8",
      "n28",
      "c4",
      "n31",
      "n32",
      "e4"
    ],
    [
      "i1",
      "n1",
      "n2",
      "n3",
      "b1",
      "n4",
      "c1",
      "n35",
      "n6",
      "n7",
      "b6",
      "n8",
      "c2",
      "n10",
      "n8a",
      "b2",
      "n12",
      "c_join",
      "n19",
      "n33",
      "b4",
      "n22",
      "b5",
      "n25",
      "n26",
      "n27",
      "n23w",
      "b8",
      "n29",
      "c4",
      "n31",
      "n32",
      "e4"
    ],
    [
      "i1",
      "n1",
      "n2",
      "n3",
      "b1",
      "n4",
      "c1",
      "n35",
      "n6",
      "n7",
      "b6",
      "n8",
      "c2",
      "n10",
      "n8a",
      "b2",
      "n12",
      "c_join",
      "n19",
      "n33",
      "b4",
      "n22",
      "b5",
      "n25",
      "n26",
      "n27",
      "n23w",
      "b8",
      "n30",
      "c4",
      "n31",
      "n32",
      "e4"
    ],
    [
      "i1",
      "n1",
      "n2",
      "n3",
      "b1",
      "n4",
      "c1",
      "n35",
      "n6",
      "n7",
      "b6",
      "n8",
      "c2",
      "n10",
      "n8a",
      "b2",
      "n12",
      "c_join",
      "n19",
      "n33",
      "b4",
      "n22",
      "b5",
      "n25",
      "n26",
      "n27",
      "n23w",
      "b8",
      "n34",
      "c4",
      "n31",
      "n32",
      "e4"
    ],
    [
      "i1",
      "n1",
      "n2",
      "n3",
      "b1",
      "n4",
      "c1",
      "n35",
      "n6",
      "n7",
      "b6",
      "n8",
      "c2",
      "n10",
      "n8a",
      "b2",
      "n13",
      "n14b",
      "c_pre_signoff",
      "n14",
      "c_join",
      "n19",
      "n33",
      "b4",
      "n21",
      "e2"
    ],
    [
      "i1",
      "n1",
      "n2",
      "n3",
      "b1",
      "n4",
      "c1",
      "n35",
      "n6",
      "n7",
      "b6",
      "n8",
      "c2",
      "n10",
      "n8a",
      "b2",
      "n13",
      "n14b",
      "c_pre_signoff",
      "n14",
      "c_join",
      "n19",
      "n33",
      "b4",
      "n22",
      "b5",
      "n24",
      "e3"
    ],
    [
      "i1",
      "n1",
      "n2",
      "n3",
      "b1",
      "n4",
      "c1",
      "n35",
      "n6",
      "n7",
      "b6",
      "n8",
      "c2",
      "n10",
      "n8a",
      "b2",
      "n13",
      "n14b",
      "c_pre_signoff",
      "n14",
      "c_join",
      "n19",
      "n33",
      "b4",
      "n22",
      "b5",
      "n25",
      "n26",
      "n27",
      "n23w",
      "b8",
      "n28",
      "c4",
      "n31",
      "n32",
      "e4"
    ],
    [
      "i1",
      "n1",
      "n2",
      "n3",
      "b1",
      "n4",
      "c1",
      "n35",
      "n6",
      "n7",
      "b6",
      "n8",
      "c2",
      "n10",
      "n8a",
      "b2",
      "n13",
      "n14b",
      "c_pre_signoff",
      "n14",
      "c_join",
      "n19",
      "n33",
      "b4",
      "n22",
      "b5",
      "n25",
      "n26",
      "n27",
      "n23w",
      "b8",
      "n29",
      "c4",
      "n31",
      "n32",
      "e4"
    ],
    [
      "i1",
      "n1",
      "n2",
      "n3",
      "b1",
      "n4",
      "c1",
      "n35",
      "n6",
      "n7",
      "b6",
      "n8",
      "c2",
      "n10",
      "n8a",
      "b2",
      "n13",
      "n14b",
      "c_pre_signoff",
      "n14",
      "c_join",
      "n19",
      "n33",
      "b4",
      "n22",
      "b5",
      "n25",
      "n26",
      "n27",
      "n23w",
      "b8",
      "n30",
      "c4",
      "n31",
      "n32",
      "e4"
    ],
    [
      "i1",
      "n1",
      "n2",
      "n3",
      "b1",
      "n4",
      "c1",
      "n35",
      "n6",
      "n7",
      "b6",
      "n8",
      "c2",
      "n10",
      "n8a",
      "b2",
      "n13",
      "n14b",
      "c_pre_signoff",
      "n14",
      "c_join",
      "n19",
      "n33",
      "b4",
      "n22",
      "b5",
      "n25",
      "n26",
      "n27",
      "n23w",
      "b8",
      "n34",
      "c4",
      "n31",
      "n32",
      "e4"
    ],
    [
      "i1",
      "n1",
      "n2",
      "n3",
      "b1",
      "n4",
      "c1",
      "n35",
      "n6",
      "n7",
      "b6",
      "n8",
      "c2",
      "n10",
      "n8a",
      "b2",
      "n15",
      "c_join",
      "n19",
      "n33",
      "b4",
      "n21",
      "e2"
    ],
    [
      "i1",
      "n1",
      "n2",
      "n3",
      "b1",
      "n4",
      "c1",
      "n35",
      "n6",
      "n7",
      "b6",
      "n8",
      "c2",
      "n10",
      "n8a",
      "b2",
      "n15",
      "c_join",
      "n19",
      "n33",
      "b4",
      "n22",
      "b5",
      "n24",
      "e3"
    ],
    [
      "i1",
      "n1",
      "n2",
      "n3",
      "b1",
      "n4",
      "c1",
      "n35",
      "n6",
      "n7",
      "b6",
      "n8",
      "c2",
      "n10",
      "n8a",
      "b2",
      "n15",
      "c_join",
      "n19",
      "n33",
      "b4",
      "n22",
      "b5",
      "n25",
      "n26",
      "n27",
      "n23w",
      "b8",
      "n28",
      "c4",
      "n31",
      "n32",
      "e4"
    ],
    [
      "i1",
      "n1",
      "n2",
      "n3",
      "b1",
      "n4",
      "c1",
      "n35",
      "n6",
      "n7",
      "b6",
      "n8",
      "c2",
      "n10",
      "n8a",
      "b2",
      "n15",
      "c_join",
      "n19",
      "n33",
      "b4",
      "n22",
      "b5",
      "n25",
      "n26",
      "n27",
      "n23w",
      "b8",
      "n29",
      "c4",
      "n31",
      "n32",
      "e4"
    ],
    [
      "i1",
      "n1",
      "n2",
      "n3",
      "b1",
      "n4",
      "c1",
      "n35",
      "n6",
      "n7",
      "b6",
      "n8",
      "c2",
      "n10",
      "n8a",
      "b2",
      "n15",
      "c_join",
      "n19",
      "n33",
      "b4",
      "n22",
      "b5",
      "n25",
      "n26",
      "n27",
      "n23w",
      "b8",
      "n30",
      "c4",
      "n31",
      "n32",
      "e4"
    ],
    [
      "i1",
      "n1",
      "n2",
      "n3",
      "b1",
      "n4",
      "c1",
      "n35",
      "n6",
      "n7",
      "b6",
      "n8",
      "c2",
      "n10",
      "n8a",
      "b2",
      "n15",
      "c_join",
      "n19",
      "n33",
      "b4",
      "n22",
      "b5",
      "n25",
      "n26",
      "n27",
      "n23w",
      "b8",
      "n34",
      "c4",
      "n31",
      "n32",
      "e4"
    ],
    [
      "i1",
      "n1",
      "n2",
      "n3",
      "b1",
      "n4",
      "c1",
      "n35",
      "n6",
      "n7",
      "b6",
      "n8",
      "c2",
      "n10",
      "n8a",
      "b2",
      "n16",
      "c_pre_signoff",
      "n14",
      "c_join",
      "n19",
      "n33",
      "b4",
      "n21",
      "e2"
    ],
    [
      "i1",
      "n1",
      "n2",
      "n3",
      "b1",
      "n4",
      "c1",
      "n35",
      "n6",
      "n7",
      "b6",
      "n8",
      "c2",
      "n10",
      "n8a",
      "b2",
      "n16",
      "c_pre_signoff",
      "n14",
      "c_join",
      "n19",
      "n33",
      "b4",
      "n22",
      "b5",
      "n24",
      "e3"
    ],
    [
      "i1",
      "n1",
      "n2",
      "n3",
      "b1",
      "n4",
      "c1",
      "n35",
      "n6",
      "n7",
      "b6",
      "n8",
      "c2",
      "n10",
      "n8a",
      "b2",
      "n16",
      "c_pre_signoff",
      "n14",
      "c_join",
      "n19",
      "n33",
      "b4",
      "n22",
      "b5",
      "n25",
      "n26",
      "n27",
      "n23w",
      "b8",
      "n28",
      "c4",
      "n31",
      "n32",
      "e4"
    ],
    [
      "i1",
      "n1",
      "n2",
      "n3",
      "b1",
      "n4",
      "c1",
      "n35",
      "n6",
      "n7",
      "b6",
      "n8",
      "c2",
      "n10",
      "n8a",
      "b2",
      "n16",
      "c_pre_signoff",
      "n14",
      "c_join",
      "n19",
      "n33",
      "b4",
      "n22",
      "b5",
      "n25",
      "n26",
      "n27",
      "n23w",
      "b8",
      "n29",
      "c4",
      "n31",
      "n32",
      "e4"
    ],
    [
      "i1",
      "n1",
      "n2",
      "n3",
      "b1",
      "n4",
      "c1",
      "n35",
      "n6",
      "n7",
      "b6",
      "n8",
      "c2",
      "n10",
      "n8a",
      "b2",
      "n16",
      "c_pre_signoff",
      "n14",
      "c_join",
      "n19",
      "n33",
      "b4",
      "n22",
      "b5",
      "n25",
      "n26",
      "n27",
      "n23w",
      "b8",
      "n30",
      "c4",
      "n31",
      "n32",
      "e4"
    ],
    [
      "i1",
      "n1",
      "n2",
      "n3",
      "b1",
      "n4",
      "c1",
      "n35",
      "n6",
      "n7",
      "b6",
      "n8",
      "c2",
      "n10",
      "n8a",
      "b2",
      "n16",
      "c_pre_signoff",
      "n14",
      "c_join",
      "n19",
      "n33",
      "b4",
      "n22",
      "b5",
      "n25",
      "n26",
      "n27",
      "n23w",
      "b8",
      "n34",
      "c4",
      "n31",
      "n32",
      "e4"
    ],
    [
      "i1",
      "n1",
      "n2",
      "n3",
      "b1",
      "n4",
      "c1",
      "n35",
      "n6",
      "n7",
      "b6",
      "n9",
      "c2",
      "n10",
      "n8a",
      "b2",
      "n12",
      "c_join",
      "n19",
      "n33",
      "b4",
      "n21",
      "e2"
    ],
    [
      "i1",
      "n1",
      "n2",
      "n3",
      "b1",
      "n4",
      "c1",
      "n35",
      "n6",
      "n7",
      "b6",
      "n9",
      "c2",
      "n10",
      "n8a",
      "b2",
      "n12",
      "c_join",
      "n19",
      "n33",
      "b4",
      "n22",
      "b5",
      "n24",
      "e3"
    ],
    [
      "i1",
      "n1",
      "n2",
      "n3",
      "b1",
      "n4",
      "c1",
      "n35",
      "n6",
      "n7",
      "b6",
      "n9",
      "c2",
      "n10",
      "n8a",
      "b2",
      "n12",
      "c_join",
      "n19",
      "n33",
      "b4",
      "n22",
      "b5",
      "n25",
      "n26",
      "n27",
      "n23w",
      "b8",
      "n28",
      "c4",
      "n31",
      "n32",
      "e4"
    ],
    [
      "i1",
      "n1",
      "n2",
      "n3",
      "b1",
      "n4",
      "c1",
      "n35",
      "n6",
      "n7",
      "b6",
      "n9",
      "c2",
      "n10",
      "n8a",
      "b2",
      "n12",
      "c_join",
      "n19",
      "n33",
      "b4",
      "n22",
      "b5",
      "n25",
      "n26",
      "n27",
      "n23w",
      "b8",
      "n29",
      "c4",
      "n31",
      "n32",
      "e4"
    ],
    [
      "i1",
      "n1",
      "n2",
      "n3",
      "b1",
      "n4",
      "c1",
      "n35",
      "n6",
      "n7",
      "b6",
      "n9",
      "c2",
      "n10",
      "n8a",
      "b2",
      "n12",
      "c_join",
      "n19",
      "n33",
      "b4",
      "n22",
      "b5",
      "n25",
      "n26",
      "n27",
      "n23w",
      "b8",
      "n30",
      "c4",
      "n31",
      "n32",
      "e4"
    ],
    [
      "i1",
      "n1",
      "n2",
      "n3",
      "b1",
      "n4",
      "c1",
      "n35",
      "n6",
      "n7",
      "b6",
      "n9",
      "c2",
      "n10",
      "n8a",
      "b2",
      "n12",
      "c_join",
      "n19",
      "n33",
      "b4",
      "n22",
      "b5",
      "n25",
      "n26",
      "n27",
      "n23w",
      "b8",
      "n34",
      "c4",
      "n31",
      "n32",
      "e4"
    ],
    [
      "i1",
      "n1",
      "n2",
      "n3",
      "b1",
      "n4",
      "c1",
      "n35",
      "n6",
      "n7",
      "b6",
      "n9",
      "c2",
      "n10",
      "n8a",
      "b2",
      "n13",
      "n14b",
      "c_pre_signoff",
      "n14",
      "c_join",
      "n19",
      "n33",
      "b4",
      "n21",
      "e2"
    ],
    [
      "i1",
      "n1",
      "n2",
      "n3",
      "b1",
      "n4",
      "c1",
      "n35",
      "n6",
      "n7",
      "b6",
      "n9",
      "c2",
      "n10",
      "n8a",
      "b2",
      "n13",
      "n14b",
      "c_pre_signoff",
      "n14",
      "c_join",
      "n19",
      "n33",
      "b4",
      "n22",
      "b5",
      "n24",
      "e3"
    ],
    [
      "i1",
      "n1",
      "n2",
      "n3",
      "b1",
      "n4",
      "c1",
      "n35",
      "n6",
      "n7",
      "b6",
      "n9",
      "c2",
      "n10",
      "n8a",
      "b2",
      "n13",
      "n14b",
      "c_pre_signoff",
      "n14",
      "c_join",
      "n19",
      "n33",
      "b4",
      "n22",
      "b5",
      "n25",
      "n26",
      "n27",
      "n23w",
      "b8",
      "n28",
      "c4",
      "n31",
      "n32",
      "e4"
    ],
    [
      "i1",
      "n1",
      "n2",
      "n3",
      "b1",
      "n4",
      "c1",
      "n35",
      "n6",
      "n7",
      "b6",
      "n9",
      "c2",
      "n10",
      "n8a",
      "b2",
      "n13",
      "n14b",
      "c_pre_signoff",
      "n14",
      "c_join",
      "n19",
      "n33",
      "b4",
      "n22",
      "b5",
      "n25",
      "n26",
      "n27",
      "n23w",
      "b8",
      "n29",
      "c4",
      "n31",
      "n32",
      "e4"
    ],
    [
      "i1",
      "n1",
      "n2",
      "n3",
      "b1",
      "n4",
      "c1",
      "n35",
      "n6",
      "n7",
      "b6",
      "n9",
      "c2",
      "n10",
      "n8a",
      "b2",
      "n13",
      "n14b",
      "c_pre_signoff",
      "n14",
      "c_join",
      "n19",
      "n33",
      "b4",
      "n22",
      "b5",
      "n25",
      "n26",
      "n27",
      "n23w",
      "b8",
      "n30",
      "c4",
      "n31",
      "n32",
      "e4"
    ],
    [
      "i1",
      "n1",
      "n2",
      "n3",
      "b1",
      "n4",
      "c1",
      "n35",
      "n6",
      "n7",
      "b6",
      "n9",
      "c2",
      "n10",
      "n8a",
      "b2",
      "n13",
      "n14b",
      "c_pre_signoff",
      "n14",
      "c_join",
      "n19",
      "n33",
      "b4",
      "n22",
      "b5",
      "n25",
      "n26",
      "n27",
      "n23w",
      "b8",
      "n34",
      "c4",
      "n31",
      "n32",
      "e4"
    ],
    [
      "i1",
      "n1",
      "n2",
      "n3",
      "b1",
      "n4",
      "c1",
      "n35",
      "n6",
      "n7",
      "b6",
      "n9",
      "c2",
      "n10",
      "n8a",
      "b2",
      "n15",
      "c_join",
      "n19",
      "n33",
      "b4",
      "n21",
      "e2"
    ],
    [
      "i1",
      "n1",
      "n2",
      "n3",
      "b1",
      "n4",
      "c1",
      "n35",
      "n6",
      "n7",
      "b6",
      "n9",
      "c2",
      "n10",
      "n8a",
      "b2",
      "n15",
      "c_join",
      "n19",
      "n33",
      "b4",
      "n22",
      "b5",
      "n24",
      "e3"
    ],
    [
      "i1",
      "n1",
      "n2",
      "n3",
      "b1",
      "n4",
      "c1",
      "n35",
      "n6",
      "n7",
      "b6",
      "n9",
      "c2",
      "n10",
      "n8a",
      "b2",
      "n15",
      "c_join",
      "n19",
      "n33",
      "b4",
      "n22",
      "b5",
      "n25",
      "n26",
      "n27",
      "n23w",
      "b8",
      "n28",
      "c4",
      "n31",
      "n32",
      "e4"
    ],
    [
      "i1",
      "n1",
      "n2",
      "n3",
      "b1",
      "n4",
      "c1",
      "n35",
      "n6",
      "n7",
      "b6",
      "n9",
      "c2",
      "n10",
      "n8a",
      "b2",
      "n15",
      "c_join",
      "n19",
      "n33",
      "b4",
      "n22",
      "b5",
      "n25",
      "n26",
      "n27",
      "n23w",
      "b8",
      "n29",
      "c4",
      "n31",
      "n32",
      "e4"
    ],
    [
      "i1",
      "n1",
      "n2",
      "n3",
      "b1",
      "n4",
      "c1",
      "n35",
      "n6",
      "n7",
      "b6",
      "n9",
      "c2",
      "n10",
      "n8a",
      "b2",
      "n15",
      "c_join",
      "n19",
      "n33",
      "b4",
      "n22",
      "b5",
      "n25",
      "n26",
      "n27",
      "n23w",
      "b8",
      "n30",
      "c4",
      "n31",
      "n32",
      "e4"
    ],
    [
      "i1",
      "n1",
      "n2",
      "n3",
      "b1",
      "n4",
      "c1",
      "n35",
      "n6",
      "n7",
      "b6",
      "n9",
      "c2",
      "n10",
      "n8a",
      "b2",
      "n15",
      "c_join",
      "n19",
      "n33",
      "b4",
      "n22",
      "b5",
      "n25",
      "n26",
      "n27",
      "n23w",
      "b8",
      "n34",
      "c4",
      "n31",
      "n32",
      "e4"
    ],
    [
      "i1",
      "n1",
      "n2",
      "n3",
      "b1",
      "n4",
      "c1",
      "n35",
      "n6",
      "n7",
      "b6",
      "n9",
      "c2",
      "n10",
      "n8a",
      "b2",
      "n16",
      "c_pre_signoff",
      "n14",
      "c_join",
      "n19",
      "n33",
      "b4",
      "n21",
      "e2"
    ],
    [
      "i1",
      "n1",
      "n2",
      "n3",
      "b1",
      "n4",
      "c1",
      "n35",
      "n6",
      "n7",
      "b6",
      "n9",
      "c2",
      "n10",
      "n8a",
      "b2",
      "n16",
      "c_pre_signoff",
      "n14",
      "c_join",
      "n19",
      "n33",
      "b4",
      "n22",
      "b5",
      "n24",
      "e3"
    ],
    [
      "i1",
      "n1",
      "n2",
      "n3",
      "b1",
      "n4",
      "c1",
      "n35",
      "n6",
      "n7",
      "b6",
      "n9",
      "c2",
      "n10",
      "n8a",
      "b2",
      "n16",
      "c_pre_signoff",
      "n14",
      "c_join",
      "n19",
      "n33",
      "b4",
      "n22",
      "b5",
      "n25",
      "n26",
      "n27",
      "n23w",
      "b8",
      "n28",
      "c4",
      "n31",
      "n32",
      "e4"
    ],
    [
      "i1",
      "n1",
      "n2",
      "n3",
      "b1",
      "n4",
      "c1",
      "n35",
      "n6",
      "n7",
      "b6",
      "n9",
      "c2",
      "n10",
      "n8a",
      "b2",
      "n16",
      "c_pre_signoff",
      "n14",
      "c_join",
      "n19",
      "n33",
      "b4",
      "n22",
      "b5",
      "n25",
      "n26",
      "n27",
      "n23w",
      "b8",
      "n29",
      "c4",
      "n31",
      "n32",
      "e4"
    ],
    [
      "i1",
      "n1",
      "n2",
      "n3",
      "b1",
      "n4",
      "c1",
      "n35",
      "n6",
      "n7",
      "b6",
      "n9",
      "c2",
      "n10",
      "n8a",
      "b2",
      "n16",
      "c_pre_signoff",
      "n14",
      "c_join",
      "n19",
      "n33",
      "b4",
      "n22",
      "b5",
      "n25",
      "n26",
      "n27",
      "n23w",
      "b8",
      "n30",
      "c4",
      "n31",
      "n32",
      "e4"
    ],
    [
      "i1",
      "n1",
      "n2",
      "n3",
      "b1",
      "n4",
      "c1",
      "n35",
      "n6",
      "n7",
      "b6",
      "n9",
      "c2",
      "n10",
      "n8a",
      "b2",
      "n16",
      "c_pre_signoff",
      "n14",
      "c_join",
      "n19",
      "n33",
      "b4",
      "n22",
      "b5",
      "n25",
      "n26",
      "n27",
      "n23w",
      "b8",
      "n34",
      "c4",
      "n31",
      "n32",
      "e4"
    ],
    [
      "i1",
      "n1",
      "n2",
      "n3",
      "b1",
      "n5",
      "c1",
      "n35",
      "n6",
      "n7",
      "b6",
      "n8",
      "c2",
      "n10",
      "n8a",
      "b2",
      "n12",
      "c_join",
      "n19",
      "n33",
      "b4",
      "n21",
      "e2"
    ],
    [
      "i1",
      "n1",
      "n2",
      "n3",
      "b1",
      "n5",
      "c1",
      "n35",
      "n6",
      "n7",
      "b6",
      "n8",
      "c2",
      "n10",
      "n8a",
      "b2",
      "n12",
      "c_join",
      "n19",
      "n33",
      "b4",
      "n22",
      "b5",
      "n24",
      "e3"
    ],
    [
      "i1",
      "n1",
      "n2",
      "n3",
      "b1",
      "n5",
      "c1",
      "n35",
      "n6",
      "n7",
      "b6",
      "n8",
      "c2",
      "n10",
      "n8a",
      "b2",
      "n12",
      "c_join",
      "n19",
      "n33",
      "b4",
      "n22",
      "b5",
      "n25",
      "n26",
      "n27",
      "n23w",
      "b8",
      "n28",
      "c4",
      "n31",
      "n32",
      "e4"
    ],
    [
      "i1",
      "n1",
      "n2",
      "n3",
      "b1",
      "n5",
      "c1",
      "n35",
      "n6",
      "n7",
      "b6",
      "n8",
      "c2",
      "n10",
      "n8a",
      "b2",
      "n12",
      "c_join",
      "n19",
      "n33",
      "b4",
      "n22",
      "b5",
      "n25",
      "n26",
      "n27",
      "n23w",
      "b8",
      "n29",
      "c4",
      "n31",
      "n32",
      "e4"
    ],
    [
      "i1",
      "n1",
      "n2",
      "n3",
      "b1",
      "n5",
      "c1",
      "n35",
      "n6",
      "n7",
      "b6",
      "n8",
      "c2",
      "n10",
      "n8a",
      "b2",
      "n12",
      "c_join",
      "n19",
      "n33",
      "b4",
      "n22",
      "b5",
      "n25",
      "n26",
      "n27",
      "n23w",
      "b8",
      "n30",
      "c4",
      "n31",
      "n32",
      "e4"
    ],
    [
      "i1",
      "n1",
      "n2",
      "n3",
      "b1",
      "n5",
      "c1",
      "n35",
      "n6",
      "n7",
      "b6",
      "n8",
      "c2",
      "n10",
      "n8a",
      "b2",
      "n12",
      "c_join",
      "n19",
      "n33",
      "b4",
      "n22",
      "b5",
      "n25",
      "n26",
      "n27",
      "n23w",
      "b8",
      "n34",
      "c4",
      "n31",
      "n32",
      "e4"
    ],
    [
      "i1",
      "n1",
      "n2",
      "n3",
      "b1",
      "n5",
      "c1",
      "n35",
      "n6",
      "n7",
      "b6",
      "n8",
      "c2",
      "n10",
      "n8a",
      "b2",
      "n13",
      "n14b",
      "c_pre_signoff",
      "n14",
      "c_join",
      "n19",
      "n33",
      "b4",
      "n21",
      "e2"
    ],
    [
      "i1",
      "n1",
      "n2",
      "n3",
      "b1",
      "n5",
      "c1",
      "n35",
      "n6",
      "n7",
      "b6",
      "n8",
      "c2",
      "n10",
      "n8a",
      "b2",
      "n13",
      "n14b",
      "c_pre_signoff",
      "n14",
      "c_join",
      "n19",
      "n33",
      "b4",
      "n22",
      "b5",
      "n24",
      "e3"
    ],
    [
      "i1",
      "n1",
      "n2",
      "n3",
      "b1",
      "n5",
      "c1",
      "n35",
      "n6",
      "n7",
      "b6",
      "n8",
      "c2",
      "n10",
      "n8a",
      "b2",
      "n13",
      "n14b",
      "c_pre_signoff",
      "n14",
      "c_join",
      "n19",
      "n33",
      "b4",
      "n22",
      "b5",
      "n25",
      "n26",
      "n27",
      "n23w",
      "b8",
      "n28",
      "c4",
      "n31",
      "n32",
      "e4"
    ],
    [
      "i1",
      "n1",
      "n2",
      "n3",
      "b1",
      "n5",
      "c1",
      "n35",
      "n6",
      "n7",
      "b6",
      "n8",
      "c2",
      "n10",
      "n8a",
      "b2",
      "n13",
      "n14b",
      "c_pre_signoff",
      "n14",
      "c_join",
      "n19",
      "n33",
      "b4",
      "n22",
      "b5",
      "n25",
      "n26",
      "n27",
      "n23w",
      "b8",
      "n29",
      "c4",
      "n31",
      "n32",
      "e4"
    ],
    [
      "i1",
      "n1",
      "n2",
      "n3",
      "b1",
      "n5",
      "c1",
      "n35",
      "n6",
      "n7",
      "b6",
      "n8",
      "c2",
      "n10",
      "n8a",
      "b2",
      "n13",
      "n14b",
      "c_pre_signoff",
      "n14",
      "c_join",
      "n19",
      "n33",
      "b4",
      "n22",
      "b5",
      "n25",
      "n26",
      "n27",
      "n23w",
      "b8",
      "n30",
      "c4",
      "n31",
      "n32",
      "e4"
    ],
    [
      "i1",
      "n1",
      "n2",
      "n3",
      "b1",
      "n5",
      "c1",
      "n35",
      "n6",
      "n7",
      "b6",
      "n8",
      "c2",
      "n10",
      "n8a",
      "b2",
      "n13",
      "n14b",
      "c_pre_signoff",
      "n14",
      "c_join",
      "n19",
      "n33",
      "b4",
      "n22",
      "b5",
      "n25",
      "n26",
      "n27",
      "n23w",
      "b8",
      "n34",
      "c4",
      "n31",
      "n32",
      "e4"
    ],
    [
      "i1",
      "n1",
      "n2",
      "n3",
      "b1",
      "n5",
      "c1",
      "n35",
      "n6",
      "n7",
      "b6",
      "n8",
      "c2",
      "n10",
      "n8a",
      "b2",
      "n15",
      "c_join",
      "n19",
      "n33",
      "b4",
      "n21",
      "e2"
    ],
    [
      "i1",
      "n1",
      "n2",
      "n3",
      "b1",
      "n5",
      "c1",
      "n35",
      "n6",
      "n7",
      "b6",
      "n8",
      "c2",
      "n10",
      "n8a",
      "b2",
      "n15",
      "c_join",
      "n19",
      "n33",
      "b4",
      "n22",
      "b5",
      "n24",
      "e3"
    ],
    [
      "i1",
      "n1",
      "n2",
      "n3",
      "b1",
      "n5",
      "c1",
      "n35",
      "n6",
      "n7",
      "b6",
      "n8",
      "c2",
      "n10",
      "n8a",
      "b2",
      "n15",
      "c_join",
      "n19",
      "n33",
      "b4",
      "n22",
      "b5",
      "n25",
      "n26",
      "n27",
      "n23w",
      "b8",
      "n28",
      "c4",
      "n31",
      "n32",
      "e4"
    ],
    [
      "i1",
      "n1",
      "n2",
      "n3",
      "b1",
      "n5",
      "c1",
      "n35",
      "n6",
      "n7",
      "b6",
      "n8",
      "c2",
      "n10",
      "n8a",
      "b2",
      "n15",
      "c_join",
      "n19",
      "n33",
      "b4",
      "n22",
      "b5",
      "n25",
      "n26",
      "n27",
      "n23w",
      "b8",
      "n29",
      "c4",
      "n31",
      "n32",
      "e4"
    ],
    [
      "i1",
      "n1",
      "n2",
      "n3",
      "b1",
      "n5",
      "c1",
      "n35",
      "n6",
      "n7",
      "b6",
      "n8",
      "c2",
      "n10",
      "n8a",
      "b2",
      "n15",
      "c_join",
      "n19",
      "n33",
      "b4",
      "n22",
      "b5",
      "n25",
      "n26",
      "n27",
      "n23w",
      "b8",
      "n30",
      "c4",
      "n31",
      "n32",
      "e4"
    ],
    [
      "i1",
      "n1",
      "n2",
      "n3",
      "b1",
      "n5",
      "c1",
      "n35",
      "n6",
      "n7",
      "b6",
      "n8",
      "c2",
      "n10",
      "n8a",
      "b2",
      "n15",
      "c_join",
      "n19",
      "n33",
      "b4",
      "n22",
      "b5",
      "n25",
      "n26",
      "n27",
      "n23w",
      "b8",
      "n34",
      "c4",
      "n31",
      "n32",
      "e4"
    ],
    [
      "i1",
      "n1",
      "n2",
      "n3",
      "b1",
      "n5",
      "c1",
      "n35",
      "n6",
      "n7",
      "b6",
      "n8",
      "c2",
      "n10",
      "n8a",
      "b2",
      "n16",
      "c_pre_signoff",
      "n14",
      "c_join",
      "n19",
      "n33",
      "b4",
      "n21",
      "e2"
    ],
    [
      "i1",
      "n1",
      "n2",
      "n3",
      "b1",
      "n5",
      "c1",
      "n35",
      "n6",
      "n7",
      "b6",
      "n8",
      "c2",
      "n10",
      "n8a",
      "b2",
      "n16",
      "c_pre_signoff",
      "n14",
      "c_join",
      "n19",
      "n33",
      "b4",
      "n22",
      "b5",
      "n24",
      "e3"
    ],
    [
      "i1",
      "n1",
      "n2",
      "n3",
      "b1",
      "n5",
      "c1",
      "n35",
      "n6",
      "n7",
      "b6",
      "n8",
      "c2",
      "n10",
      "n8a",
      "b2",
      "n16",
      "c_pre_signoff",
      "n14",
      "c_join",
      "n19",
      "n33",
      "b4",
      "n22",
      "b5",
      "n25",
      "n26",
      "n27",
      "n23w",
      "b8",
      "n28",
      "c4",
      "n31",
      "n32",
      "e4"
    ],
    [
      "i1",
      "n1",
      "n2",
      "n3",
      "b1",
      "n5",
      "c1",
      "n35",
      "n6",
      "n7",
      "b6",
      "n8",
      "c2",
      "n10",
      "n8a",
      "b2",
      "n16",
      "c_pre_signoff",
      "n14",
      "c_join",
      "n19",
      "n33",
      "b4",
      "n22",
      "b5",
      "n25",
      "n26",
      "n27",
      "n23w",
      "b8",
      "n29",
      "c4",
      "n31",
      "n32",
      "e4"
    ],
    [
      "i1",
      "n1",
      "n2",
      "n3",
      "b1",
      "n5",
      "c1",
      "n35",
      "n6",
      "n7",
      "b6",
      "n8",
      "c2",
      "n10",
      "n8a",
      "b2",
      "n16",
      "c_pre_signoff",
      "n14",
      "c_join",
      "n19",
      "n33",
      "b4",
      "n22",
      "b5",
      "n25",
      "n26",
      "n27",
      "n23w",
      "b8",
      "n30",
      "c4",
      "n31",
      "n32",
      "e4"
    ],
    [
      "i1",
      "n1",
      "n2",
      "n3",
      "b1",
      "n5",
      "c1",
      "n35",
      "n6",
      "n7",
      "b6",
      "n8",
      "c2",
      "n10",
      "n8a",
      "b2",
      "n16",
      "c_pre_signoff",
      "n14",
      "c_join",
      "n19",
      "n33",
      "b4",
      "n22",
      "b5",
      "n25",
      "n26",
      "n27",
      "n23w",
      "b8",
      "n34",
      "c4",
      "n31",
      "n32",
      "e4"
    ],
    [
      "i1",
      "n1",
      "n2",
      "n3",
      "b1",
      "n5",
      "c1",
      "n35",
      "n6",
      "n7",
      "b6",
      "n9",
      "c2",
      "n10",
      "n8a",
      "b2",
      "n12",
      "c_join",
      "n19",
      "n33",
      "b4",
      "n21",
      "e2"
    ],
    [
      "i1",
      "n1",
      "n2",
      "n3",
      "b1",
      "n5",
      "c1",
      "n35",
      "n6",
      "n7",
      "b6",
      "n9",
      "c2",
      "n10",
      "n8a",
      "b2",
      "n12",
      "c_join",
      "n19",
      "n33",
      "b4",
      "n22",
      "b5",
      "n24",
      "e3"
    ],
    [
      "i1",
      "n1",
      "n2",
      "n3",
      "b1",
      "n5",
      "c1",
      "n35",
      "n6",
      "n7",
      "b6",
      "n9",
      "c2",
      "n10",
      "n8a",
      "b2",
      "n12",
      "c_join",
      "n19",
      "n33",
      "b4",
      "n22",
      "b5",
      "n25",
      "n26",
      "n27",
      "n23w",
      "b8",
      "n28",
      "c4",
      "n31",
      "n32",
      "e4"
    ],
    [
      "i1",
      "n1",
      "n2",
      "n3",
      "b1",
      "n5",
      "c1",
      "n35",
      "n6",
      "n7",
      "b6",
      "n9",
      "c2",
      "n10",
      "n8a",
      "b2",
      "n12",
      "c_join",
      "n19",
      "n33",
      "b4",
      "n22",
      "b5",
      "n25",
      "n26",
      "n27",
      "n23w",
      "b8",
      "n29",
      "c4",
      "n31",
      "n32",
      "e4"
    ],
    [
      "i1",
      "n1",
      "n2",
      "n3",
      "b1",
      "n5",
      "c1",
      "n35",
      "n6",
      "n7",
      "b6",
      "n9",
      "c2",
      "n10",
      "n8a",
      "b2",
      "n12",
      "c_join",
      "n19",
      "n33",
      "b4",
      "n22",
      "b5",
      "n25",
      "n26",
      "n27",
      "n23w",
      "b8",
      "n30",
      "c4",
      "n31",
      "n32",
      "e4"
    ],
    [
      "i1",
      "n1",
      "n2",
      "n3",
      "b1",
      "n5",
      "c1",
      "n35",
      "n6",
      "n7",
      "b6",
      "n9",
      "c2",
      "n10",
      "n8a",
      "b2",
      "n12",
      "c_join",
      "n19",
      "n33",
      "b4",
      "n22",
      "b5",
      "n25",
      "n26",
      "n27",
      "n23w",
      "b8",
      "n34",
      "c4",
      "n31",
      "n32",
      "e4"
    ],
    [
      "i1",
      "n1",
      "n2",
      "n3",
      "b1",
      "n5",
      "c1",
      "n35",
      "n6",
      "n7",
      "b6",
      "n9",
      "c2",
      "n10",
      "n8a",
      "b2",
      "n13",
      "n14b",
      "c_pre_signoff",
      "n14",
      "c_join",
      "n19",
      "n33",
      "b4",
      "n21",
      "e2"
    ],
    [
      "i1",
      "n1",
      "n2",
      "n3",
      "b1",
      "n5",
      "c1",
      "n35",
      "n6",
      "n7",
      "b6",
      "n9",
      "c2",
      "n10",
      "n8a",
      "b2",
      "n13",
      "n14b",
      "c_pre_signoff",
      "n14",
      "c_join",
      "n19",
      "n33",
      "b4",
      "n22",
      "b5",
      "n24",
      "e3"
    ],
    [
      "i1",
      "n1",
      "n2",
      "n3",
      "b1",
      "n5",
      "c1",
      "n35",
      "n6",
      "n7",
      "b6",
      "n9",
      "c2",
      "n10",
      "n8a",
      "b2",
      "n13",
      "n14b",
      "c_pre_signoff",
      "n14",
      "c_join",
      "n19",
      "n33",
      "b4",
      "n22",
      "b5",
      "n25",
      "n26",
      "n27",
      "n23w",
      "b8",
      "n28",
      "c4",
      "n31",
      "n32",
      "e4"
    ],
    [
      "i1",
      "n1",
      "n2",
      "n3",
      "b1",
      "n5",
      "c1",
      "n35",
      "n6",
      "n7",
      "b6",
      "n9",
      "c2",
      "n10",
      "n8a",
      "b2",
      "n13",
      "n14b",
      "c_pre_signoff",
      "n14",
      "c_join",
      "n19",
      "n33",
      "b4",
      "n22",
      "b5",
      "n25",
      "n26",
      "n27",
      "n23w",
      "b8",
      "n29",
      "c4",
      "n31",
      "n32",
      "e4"
    ],
    [
      "i1",
      "n1",
      "n2",
      "n3",
      "b1",
      "n5",
      "c1",
      "n35",
      "n6",
      "n7",
      "b6",
      "n9",
      "c2",
      "n10",
      "n8a",
      "b2",
      "n13",
      "n14b",
      "c_pre_signoff",
      "n14",
      "c_join",
      "n19",
      "n33",
      "b4",
      "n22",
      "b5",
      "n25",
      "n26",
      "n27",
      "n23w",
      "b8",
      "n30",
      "c4",
      "n31",
      "n32",
      "e4"
    ],
    [
      "i1",
      "n1",
      "n2",
      "n3",
      "b1",
      "n5",
      "c1",
      "n35",
      "n6",
      "n7",
      "b6",
      "n9",
      "c2",
      "n10",
      "n8a",
      "b2",
      "n13",
      "n14b",
      "c_pre_signoff",
      "n14",
      "c_join",
      "n19",
      "n33",
      "b4",
      "n22",
      "b5",
      "n25",
      "n26",
      "n27",
      "n23w",
      "b8",
      "n34",
      "c4",
      "n31",
      "n32",
      "e4"
    ],
    [
      "i1",
      "n1",
      "n2",
      "n3",
      "b1",
      "n5",
      "c1",
      "n35",
      "n6",
      "n7",
      "b6",
      "n9",
      "c2",
      "n10",
      "n8a",
      "b2",
      "n15",
      "c_join",
      "n19",
      "n33",
      "b4",
      "n21",
      "e2"
    ],
    [
      "i1",
      "n1",
      "n2",
      "n3",
      "b1",
      "n5",
      "c1",
      "n35",
      "n6",
      "n7",
      "b6",
      "n9",
      "c2",
      "n10",
      "n8a",
      "b2",
      "n15",
      "c_join",
      "n19",
      "n33",
      "b4",
      "n22",
      "b5",
      "n24",
      "e3"
    ],
    [
      "i1",
      "n1",
      "n2",
      "n3",
      "b1",
      "n5",
      "c1",
      "n35",
      "n6",
      "n7",
      "b6",
      "n9",
      "c2",
      "n10",
      "n8a",
      "b2",
      "n15",
      "c_join",
      "n19",
      "n33",
      "b4",
      "n22",
      "b5",
      "n25",
      "n26",
      "n27",
      "n23w",
      "b8",
      "n28",
      "c4",
      "n31",
      "n32",
      "e4"
    ],
    [
      "i1",
      "n1",
      "n2",
      "n3",
      "b1",
      "n5",
      "c1",
      "n35",
      "n6",
      "n7",
      "b6",
      "n9",
      "c2",
      "n10",
      "n8a",
      "b2",
      "n15",
      "c_join",
      "n19",
      "n33",
      "b4",
      "n22",
      "b5",
      "n25",
      "n26",
      "n27",
      "n23w",
      "b8",
      "n29",
      "c4",
      "n31",
      "n32",
      "e4"
    ],
    [
      "i1",
      "n1",
      "n2",
      "n3",
      "b1",
      "n5",
      "c1",
      "n35",
      "n6",
      "n7",
      "b6",
      "n9",
      "c2",
      "n10",
      "n8a",
      "b2",
      "n15",
      "c_join",
      "n19",
      "n33",
      "b4",
      "n22",
      "b5",
      "n25",
      "n26",
      "n27",
      "n23w",
      "b8",
      "n30",
      "c4",
      "n31",
      "n32",
      "e4"
    ],
    [
      "i1",
      "n1",
      "n2",
      "n3",
      "b1",
      "n5",
      "c1",
      "n35",
      "n6",
      "n7",
      "b6",
      "n9",
      "c2",
      "n10",
      "n8a",
      "b2",
      "n15",
      "c_join",
      "n19",
      "n33",
      "b4",
      "n22",
      "b5",
      "n25",
      "n26",
      "n27",
      "n23w",
      "b8",
      "n34",
      "c4",
      "n31",
      "n32",
      "e4"
    ],
    [
      "i1",
      "n1",
      "n2",
      "n3",
      "b1",
      "n5",
      "c1",
      "n35",
      "n6",
      "n7",
      "b6",
      "n9",
      "c2",
      "n10",
      "n8a",
      "b2",
      "n16",
      "c_pre_signoff",
      "n14",
      "c_join",
      "n19",
      "n33",
      "b4",
      "n21",
      "e2"
    ],
    [
      "i1",
      "n1",
      "n2",
      "n3",
      "b1",
      "n5",
      "c1",
      "n35",
      "n6",
      "n7",
      "b6",
      "n9",
      "c2",
      "n10",
      "n8a",
      "b2",
      "n16",
      "c_pre_signoff",
      "n14",
      "c_join",
      "n19",
      "n33",
      "b4",
      "n22",
      "b5",
      "n24",
      "e3"
    ],
    [
      "i1",
      "n1",
      "n2",
      "n3",
      "b1",
      "n5",
      "c1",
      "n35",
      "n6",
      "n7",
      "b6",
      "n9",
      "c2",
      "n10",
      "n8a",
      "b2",
      "n16",
      "c_pre_signoff",
      "n14",
      "c_join",
      "n19",
      "n33",
      "b4",
      "n22",
      "b5",
      "n25",
      "n26",
      "n27",
      "n23w",
      "b8",
      "n28",
      "c4",
      "n31",
      "n32",
      "e4"
    ],
    [
      "i1",
      "n1",
      "n2",
      "n3",
      "b1",
      "n5",
      "c1",
      "n35",
      "n6",
      "n7",
      "b6",
      "n9",
      "c2",
      "n10",
      "n8a",
      "b2",
      "n16",
      "c_pre_signoff",
      "n14",
      "c_join",
      "n19",
      "n33",
      "b4",
      "n22",
      "b5",
      "n25",
      "n26",
      "n27",
      "n23w",
      "b8",
      "n29",
      "c4",
      "n31",
      "n32",
      "e4"
    ],
    [
      "i1",
      "n1",
      "n2",
      "n3",
      "b1",
      "n5",
      "c1",
      "n35",
      "n6",
      "n7",
      "b6",
      "n9",
      "c2",
      "n10",
      "n8a",
      "b2",
      "n16",
      "c_pre_signoff",
      "n14",
      "c_join",
      "n19",
      "n33",
      "b4",
      "n22",
      "b5",
      "n25",
      "n26",
      "n27",
      "n23w",
      "b8",
      "n30",
      "c4",
      "n31",
      "n32",
      "e4"
    ],
    [
      "i1",
      "n1",
      "n2",
      "n3",
      "b1",
      "n5",
      "c1",
      "n35",
      "n6",
      "n7",
      "b6",
      "n9",
      "c2",
      "n10",
      "n8a",
      "b2",
      "n16",
      "c_pre_signoff",
      "n14",
      "c_join",
      "n19",
      "n33",
      "b4",
      "n22",
      "b5",
      "n25",
      "n26",
      "n27",
      "n23w",
      "b8",
      "n34",
      "c4",
      "n31",
      "n32",
      "e4"
    ]
  ],
  "source_text_traces": [
    [
      "i1",
      "i2",
      "i4",
      "i5",
      "i6",
      "i7",
      "i8",
      "i9",
      "i15",
      "i18",
      "i16",
      "i19"
    ],
    [
      "i1",
      "i2",
      "i4",
      "i5",
      "i6",
      "i7",
      "i8",
      "i9",
      "i15",
      "i18",
      "i17",
      "i20",
      "i21",
      "i22",
      "i23",
      "i24",
      "i27"
    ],
    [
      "i1",
      "i2",
      "i4",
      "i5",
      "i6",
      "i7",
      "i8",
      "i9",
      "i15",
      "i18",
      "i17",
      "i20",
      "i21",
      "i22",
      "i23",
      "i25",
      "i27"
    ],
    [
      "i1",
      "i2",
      "i4",
      "i5",
      "i6",
      "i7",
      "i8",
      "i9",
      "i15",
      "i18",
      "i17",
      "i20",
      "i21",
      "i22",
      "i23",
      "i26",
      "i27"
    ],
    [
      "i1",
      "i2",
      "i4",
      "i5",
      "i6",
      "i7",
      "i8",
      "i10",
      "i13",
      "i14",
      "i15",
      "i18",
      "i16",
      "i19"
    ],
    [
      "i1",
      "i2",
      "i4",
      "i5",
      "i6",
      "i7",
      "i8",
      "i10",
      "i13",
      "i14",
      "i15",
      "i18",
      "i17",
      "i20",
      "i21",
      "i22",
      "i23",
      "i24",
      "i27"
    ],
    [
      "i1",
      "i2",
      "i4",
      "i5",
      "i6",
      "i7",
      "i8",
      "i10",
      "i13",
      "i14",
      "i15",
      "i18",
      "i17",
      "i20",
      "i21",
      "i22",
      "i23",
      "i25",
      "i27"
    ],
    [
      "i1",
      "i2",
      "i4",
      "i5",
      "i6",
      "i7",
      "i8",
      "i10",
      "i13",
      "i14",
      "i15",
      "i18",
      "i17",
      "i20",
      "i21",
      "i22",
      "i23",
      "i26",
      "i27"
    ],
    [
      "i1",
      "i2",
      "i4",
      "i5",
      "i6",
      "i7",
      "i8",
      "i11",
      "i15",
      "i18",
      "i16",
      "i19"
    ],
    [
      "i1",
      "i2",
      "i4",
      "i5",
      "i6",
      "i7",
      "i8",
      "i11",
      "i15",
      "i18",
      "i17",
      "i20",
      "i21",
      "i22",
      "i23",
      "i24",
      "i27"
    ],
    [
      "i1",
      "i2",
      "i4",
      "i5",
      "i6",
      "i7",
      "i8",
      "i11",
      "i15",
      "i18",
      "i17",
      "i20",
      "i21",
      "i22",
      "i23",
      "i25",
      "i27"
    ],
    [
      "i1",
      "i2",
      "i4",
      "i5",
      "i6",
      "i7",
      "i8",
      "i11",
      "i15",
      "i18",
      "i17",
      "i20",
      "i21",
      "i22",
      "i23",
      "i26",
      "i27"
    ],
    [
      "i1",
      "i2",
      "i4",
      "i5",
      "i6",
      "i7",
      "i8",
      "i12",
      "i14",
      "i15",
      "i18",
      "i16",
      "i19"
    ],
    [
      "i1",
      "i2",
      "i4",
      "i5",
      "i6",
      "i7",
      "i8",
      "i12",
      "i14",
      "i15",
      "i18",
      "i17",
      "i20",
      "i21",
      "i22",
      "i23",
      "i24",
      "i27"
    ],
    [
      "i1",
      "i2",
      "i4",
      "i5",
      "i6",
      "i7",
      "i8",
      "i12",
      "i14",
      "i15",
      "i18",
      "i17",
      "i20",
      "i21",
      "i22",
      "i23",
      "i25",
      "i27"
    ],
    [
      "i1",
      "i2",
      "i4",
      "i5",
      "i6",
      "i7",
      "i8",
      "i12",
      "i14",
      "i15",
      "i18",
      "i17",
      "i20",
      "i21",
      "i22",
      "i23",
      "i26",
      "i27"
    ],
    [
      "i1",
      "i3",
      "i4",
      "i5",
      "i6",
      "i7",
      "i8",
      "i9",
      "i15",
      "i18",
      "i16",
      "i19"
    ],
    [
      "i1",
      "i3",
      "i4",
      "i5",
      "i6",
      "i7",
      "i8",
      "i9",
      "i15",
      "i18",
      "i17",
      "i20",
      "i21",
      "i22",
      "i23",
      "i24",
      "i27"
    ],
    [
      "i1",
      "i3",
      "i4",
      "i5",
      "i6",
      "i7",
      "i8",
      "i9",
      "i15",
      "i18",
      "i17",
      "i20",
      "i21",
      "i22",
      "i23",
      "i25",
      "i27"
    ],
    [
      "i1",
      "i3",
      "i4",
      "i5",
      "i6",
      "i7",
      "i8",
      "i9",
      "i15",
      "i18",
      "i17",
      "i20",
      "i21",
      "i22",
      "i23",
      "i26",
      "i27"
    ],
    [
      "i1",
      "i3",
      "i4",
      "i5",
      "i6",
      "i7",
      "i8",
      "i10",
      "i13",
      "i14",
      "i15",
      "i18",
      "i16",
      "i19"
    ],
    [
      "i1",
      "i3",
      "i4",
      "i5",
      "i6",
      "i7",
      "i8",
      "i10",
      "i13",
      "i14",
      "i15",
      "i18",
      "i17",
      "i20",
      "i21",
      "i22",
      "i23",
      "i24",
      "i27"
    ],
    [
      "i1",
      "i3",
      "i4",
      "i5",
      "i6",
      "i7",
      "i8",
      "i10",
      "i13",
      "i14",
      "i15",
      "i18",
      "i17",
      "i20",
      "i21",
      "i22",
      "i23",
      "i25",
      "i27"
    ],
    [
      "i1",
      "i3",
      "i4",
      "i5",
      "i6",
      "i7",
      "i8",
      "i10",
      "i13",
      "i14",
      "i15",
      "i18",
      "i17",
      "i20",
      "i21",
      "i22",
      "i23",
      "i26",
      "i27"
    ],
    [
      "i1",
      "i3",
      "i4",
      "i5",
      "i6",
      "i7",
      "i8",
      "i11",
      "i15",
      "i18",
      "i16",
      "i19"
    ],
    [
      "i1",
      "i3",
      "i4",
      "i5",
      "i6",
      "i7",
      "i8",
      "i11",
      "i15",
      "i18",
      "i17",
      "i20",
      "i21",
      "i22",
      "i23",
      "i24",
      "i27"
    ],
    [
      "i1",
      "i3",
      "i4",
      "i5",
      "i6",
      "i7",
      "i8",
      "i11",
      "i15",
      "i18",
      "i17",
      "i20",
      "i21",
      "i22",
      "i23",
      "i25",
      "i27"
    ],
    [
      "i1",
      "i3",
      "i4",
      "i5",
      "i6",
      "i7",
      "i8",
      "i11",
      "i15",
      "i18",
      "i17",
      "i20",
      "i21",
      "i22",
      "i23",
      "i26",
      "i27"
    ],
    [
      "i1",
      "i3",
      "i4",
      "i5",
      "i6",
      "i7",
      "i8",
      "i12",
      "i14",
      "i15",
      "i18",
      "i16",
      "i19"
    ],
    [
      "i1",
      "i3",
      "i4",
      "i5",
      "i6",
      "i7",
      "i8",
      "i12",
      "i14",
      "i15",
      "i18",
      "i17",
      "i20",
      "i21",
      "i22",
      "i23",
      "i24",
      "i27"
    ],
    [
      "i1",
      "i3",
      "i4",
      "i5",
      "i6",
      "i7",
      "i8",
      "i12",
      "i14",
      "i15",
      "i18",
      "i17",
      "i20",
      "i21",
      "i22",
      "i23",
      "i25",
      "i27"
    ],
    [
      "i1",
      "i3",
      "i4",
      "i5",
      "i6",
      "i7",
      "i8",
      "i12",
      "i14",
      "i15",
      "i18",
      "i17",
      "i20",
      "i21",
      "i22",
      "i23",
      "i26",
      "i27"
    ]
  ]
}