{
  "model_traces": [
    [
      "i1",
      "n2",
      "n4",
      "b_task",
      "n7",
      "n8",
      "n9",
      "n10",
      "n11",
      "n12",
      "b_latch",
      "n14",
      "e1"
    ],
    [
      "i1",
      "n2",
      "n4",
      "b_task",
      "n7",
      "n8",
      "n9",
      "n10",
      "n11",
      "n12",
      "b_latch",
      "n15",
      "e2"
    ],
    [
      "i1",
      "n2",
      "n4",
      "b_task",
      "n17",
      "n18",
      "n19",
      "n20",
      "e3"
    ]
  ],
  "source_text_traces": [
    [
      "i1",
      "i2",
      "i3",
      "i4",
      "i5",
      "i6",
      "i9",
      "i10",
      "i11",
      "i12",
      "i13",
      "i14",
      "i15",
      "i16",
      "i17",
      "i18",
      "i19",
      "i20",
      "i21"
    ],
    [
      "i1",
      "i2",
      "i3",
      "i4",
      "i7",
      "i8",
      "i22",
      "i23",
      "i24",
      "i25",
      "i26"
    ]
  ]
}