{
  "model_traces": [
    [
      "i1",
      "n1",
      "n1_b",
      "n2",
      "b1",
      "n3",
      "n5",
      "n6",
      "n9",
      "n11",
      "n13",
      "n14",
      "n15",
      "n16",
      "n18",
      "n15a",
      "b_lock",
      "n20",
      "n20a",
      "e2"
    ],
    [
      "i1",
      "n1",
      "n1_b",
      "n2",
      "b1",
      "n3",
      "n5",
      "n6",
      "n9",
      "n11",
      "n13",
      "n14",
      "n15",
      "n16",
      "n18",
      "n15a",
      "b_lock",
      "n22a",
      "n23",
      "n23a",
      "n24",
      "n25",
      "n25a",
      "e1"
    ],
    [
      "i1",
      "n1",
      "n1_b",
      "n2",
      "b1",
      "n4",
      "n26a",
      "n27",
      "n27a",
      "n29a",
      "n30",
      "n30a",
      "n32",
      "n33",
      "n34",
      "e3"
    ]
  ],
  "source_text_traces": [
    [
      "i1",
      "i2",
      "i3",
      "i4",
      "i6",
      "i7",
      "i8",
      "i9",
      "i10",
      "i11",
      "i12",
      "i13",
      "i14",
      "i15",
      "i16",
      "i17"
    ],
    [
      "i1",
      "i2",
      "i3",
      "i4",
      "i6",
      "i7",
      "i8",
      "i9",
      "i10",
      "i11",
      "i12",
      "i13",
      "i14",
      "i15",
      "i18",
      "i19",
      "i20",
      "i21",
      "i22",
      "i23"
    ],
    [
      "i1",
      "i2",
      "i3",
      "i5",
      "i24",
      "i25",
      "i32",
      "i26",
      "i27",
      "i28",
      "i29",
      "i30",
      "i31"
    ]
  ]
}