{
  "model_traces": [],
  "source_text_traces": [
    [
      "i1",
      "i2",
      "i3",
      "i21",
      "i7",
      "i13",
      "i20"
    ],
    [
      "i1",
      "i2",
      "i3",
      "i6",
      "i7",
      "i13",
      "i20"
    ],
    [
      "i1",
      "i2",
      "i3",
      "i21",
      "i7",
      "i8",
      "i9",
      "i11",
      "i12",
      "i14",
      "i20"
    ],
    [
      "i1",
      "i2",
      "i3",
      "i6",
      "i7",
      "i8",
      "i9",
      "i11",
      "i12",
      "i14",
      "i20"
    ],
    [
      "i1",
      "i2",
      "i3",
      "i21",
      "i7",
      "i8",
      "i9",
      "i11",
      "i12",
      "i14",
      "i15",
      "i16",
      "i17",
      "i18",
      "i19",
      "i20"
    ],
    [
      "i1",
      "i2",
      "i3",
      "i6",
      "i7",
      "i8",
      "i9",
      "i11",
      "i12",
      "i14",
      "i15",
      "i16",
      "i17",
      "i18",
      "i19",
      "i20"
    ]
  ]
}