{
  "model_traces": [
    [
      "i1",
      "n1",
      "n2",
      "b1",
      "n3",
      "c1",
      "n5",
      "b2",
      "n6",
      "b3",
      "n8",
      "c2",
      "n10",
      "c3",
      "n11",
      "n12",
      "n13",
      "n14",
      "n15",
      "n16",
      "b4",
      "n17",
      "c4",
      "n19",
      "b5",
      "n20",
      "e1"
    ],
    [
      "i1",
      "n1",
      "n2",
      "b1",
      "n3",
      "c1",
      "n5",
      "b2",
      "n6",
      "b3",
      "n8",
      "c2",
      "n10",
      "c3",
      "n11",
      "n12",
      "n13",
      "n14",
      "n15",
      "n16",
      "b4",
      "n17",
      "c4",
      "n19",
      "b5",
      "n21",
      "n22",
      "b6",
      "n23",
      "e2"
    ],
    [
      "i1",
      "n1",
      "n2",
      "b1",
      "n3",
      "c1",
      "n5",
      "b2",
      "n6",
      "b3",
      "n8",
      "c2",
      "n10",
      "c3",
      "n11",
      "n12",
      "n13",
      "n14",
      "n15",
      "n16",
      "b4",
      "n17",
      "c4",
      "n19",
      "b5",
      "n21",
      "n22",
      "b6",
      "n24",
      "e3"
    ],
    [
      "i1",
      "n1",
      "n2",
      "b1",
      "n3",
      "c1",
      "n5",
      "b2",
      "n6",
      "b3",
      "n8",
      "c2",
      "n10",
      "c3",
      "n11",
      "n12",
      "n13",
      "n14",
      "n15",
      "n16",
      "b4",
      "n18",
      "c4",
      "n19",
      "b5",
      "n20",
      "e1"
    ],
    [
      "i1",
      "n1",
      "n2",
      "b1",
      "n3",
      "c1",
      "n5",
      "b2",
      "n6",
      "b3",
      "n8",
      "c2",
      "n10",
      "c3",
      "n11",
      "n12",
      "n13",
      "n14",
      "n15",
      "n16",
      "b4",
      "n18",
      "c4",
      "n19",
      "b5",
      "n21",
      "n22",
      "b6",
      "n23",
      "e2"
    ],
    [
      "i1",
      "n1",
      "n2",
      "b1",
      "n3",
      "c1",
      "n5",
      "b2",
      "n6",
      "b3",
      "n8",
      "c2",
      "n10",
      "c3",
      "n11",
      "n12",
      "n13",
      "n14",
      "n15",
      "n16",
      "b4",
      "n18",
      "c4",
      "n19",
      "b5",
      "n21",
      "n22",
      "b6",
      "n24",
      "e3"
    ],
    [
      "i1",
      "n1",
      "n2",
      "b1",
      "n3",
      "c1",
      "n5",
      "b2",
      "n6",
      "b3",
      "n9",
      "c2",
      "n10",
      "c3",
      "n11",
      "n12",
      "n13",
      "n14",
      "n15",
      "n16",
      "b4",
      "n17",
      "c4",
      "n19",
      "b5",
      "n20",
      "e1"
    ],
    [
      "i1",
      "n1",
      "n2",
      "b1",
      "n3",
      "c1",
      "n5",
      "b2",
      "n6",
      "b3",
      "n9",
      "c2",
      "n10",
      "c3",
      "n11",
      "n12",
      "n13",
      "n14",
      "n15",
      "n16",
      "b4",
      "n17",
      "c4",
      "n19",
      "b5",
      "n21",
      "n22",
      "b6",
      "n23",
      "e2"
    ],
    [
      "i1",
      "n1",
      "n2",
      "b1",
      "n3",
      "c1",
      "n5",
      "b2",
      "n6",
      "b3",
      "n9",
      "c2",
      "n10",
      "c3",
      "n11",
      "n12",
      "n13",
      "n14",
      "n15",
      "n16",
      "b4",
      "n17",
      "c4",
      "n19",
      "b5",
      "n21",
      "n22",
      "b6",
      "n24",
      "e3"
    ],
    [
      "i1",
      "n1",
      "n2",
      "b1",
      "n3",
      "c1",
      "n5",
      "b2",
      "n6",
      "b3",
      "n9",
      "c2",
      "n10",
      "c3",
      "n11",
      "n12",
      "n13",
      "n14",
      "n15",
      "n16",
      "b4",
      "n18",
      "c4",
      "n19",
      "b5",
      "n20",
      "e1"
    ],
    [
      "i1",
      "n1",
      "n2",
      "b1",
      "n3",
      "c1",
      "n5",
      "b2",
      "n6",
      "b3",
      "n9",
      "c2",
      "n10",
      "c3",
      "n11",
      "n12",
      "n13",
      "n14",
      "n15",
      "n16",
      "b4",
      "n18",
      "c4",
      "n19",
      "b5",
      "n21",
      "n22",
      "b6",
      "n23",
      "e2"
    ],
    [
      "i1",
      "n1",
      "n2",
      "b1",
      "n3",
      "c1",
      "n5",
      "b2",
      "n6",
      "b3",
      "n9",
      "c2",
      "n10",
      "c3",
      "n11",
      "n12",
      "n13",
      "n14",
      "n15",
      "n16",
      "b4",
      "n18",
      "c4",
      "n19",
      "b5",
      "n21",
      "n22",
      "b6",
      "n24",
      "e3"
    ],
    [
      "i1",
      "n1",
      "n2",
      "b1",
      "n3",
      "c1",
      "n5",
      "b2",
      "n7",
      "c3",
      "n11",
      "n12",
      "n13",
      "n14",
      "n15",
      "n16",
      "b4",
      "n17",
      "c4",
      "n19",
      "b5",
      "n20",
      "e1"
    ],
    [
      "i1",
      "n1",
      "n2",
      "b1",
      "n3",
      "c1",
      "n5",
      "b2",
      "n7",
      "c3",
      "n11",
      "n12",
      "n13",
      "n14",
      "n15",
      "n16",
      "b4",
      "n17",
      "c4",
      "n19",
      "b5",
      "n21",
      "n22",
      "b6",
      "n23",
      "e2"
    ],
    [
      "i1",
      "n1",
      "n2",
      "b1",
      "n3",
      "c1",
      "n5",
      "b2",
      "n7",
      "c3",
      "n11",
      "n12",
      "n13",
      "n14",
      "n15",
      "n16",
      "b4",
      "n17",
      "c4",
      "n19",
      "b5",
      "n21",
      "n22",
      "b6",
      "n24",
      "e3"
    ],
    [
      "i1",
      "n1",
      "n2",
      "b1",
      "n3",
      "c1",
      "n5",
      "b2",
      "n7",
      "c3",
      "n11",
      "n12",
      "n13",
      "n14",
      "n15",
      "n16",
      "b4",
      "n18",
      "c4",
      "n19",
      "b5",
      "n20",
      "e1"
    ],
    [
      "i1",
      "n1",
      "n2",
      "b1",
      "n3",
      "c1",
      "n5",
      "b2",
      "n7",
      "c3",
      "n11",
      "n12",
      "n13",
      "n14",
      "n15",
      "n16",
      "b4",
      "n18",
      "c4",
      "n19",
      "b5",
      "n21",
      "n22",
      "b6",
      "n23",
      "e2"
    ],
    [
      "i1",
      "n1",
      "n2",
      "b1",
      "n3",
      "c1",
      "n5",
      "b2",
      "n7",
      "c3",
      "n11",
      "n12",
      "n13",
      "n14",
      "n15",
      "n16",
      "b4",
      "n18",
      "c4",
      "n19",
      "b5",
      "n21",
      "n22",
      "b6",
      "n24",
      "e3"
    ],
    [
      "i1",
      "n1",
      "n2",
      "b1",
      "n4",
      "c1",
      "n5",
      "b2",
      "n6",
      "b3",
      "n8",
      "c2",
      "n10",
      "c3",
      "n11",
      "n12",
      "n13",
      "n14",
      "n15",
      "n16",
      "b4",
      "n17",
      "c4",
      "n19",
      "b5",
      "n20",
      "e1"
    ],
    [
      "i1",
      "n1",
      "n2",
      "b1",
      "n4",
      "c1",
      "n5",
      "b2",
      "n6",
      "b3",
      "n8",
      "c2",
      "n10",
      "c3",
      "n11",
      "n12",
      "n13",
      "n14",
      "n15",
      "n16",
      "b4",
      "n17",
      "c4",
      "n19",
      "b5",
      "n21",
      "n22",
      "b6",
      "n23",
      "e2"
    ],
    [
      "i1",
      "n1",
      "n2",
      "b1",
      "n4",
      "c1",
      "n5",
      "b2",
      "n6",
      "b3",
      "n8",
      "c2",
      "n10",
      "c3",
      "n11",
      "n12",
      "n13",
      "n14",
      "n15",
      "n16",
      "b4",
      "n17",
      "c4",
      "n19",
      "b5",
      "n21",
      "n22",
      "b6",
      "n24",
      "e3"
    ],
    [
      "i1",
      "n1",
      "n2",
      "b1",
      "n4",
      "c1",
      "n5",
      "b2",
      "n6",
      "b3",
      "n8",
      "c2",
      "n10",
      "c3",
      "n11",
      "n12",
      "n13",
      "n14",
      "n15",
      "n16",
      "b4",
      "n18",
      "c4",
      "n19",
      "b5",
      "n20",
      "e1"
    ],
    [
      "i1",
      "n1",
      "n2",
      "b1",
      "n4",
      "c1",
      "n5",
      "b2",
      "n6",
      "b3",
      "n8",
      "c2",
      "n10",
      "c3",
      "n11",
      "n12",
      "n13",
      "n14",
      "n15",
      "n16",
      "b4",
      "n18",
      "c4",
      "n19",
      "b5",
      "n21",
      "n22",
      "b6",
      "n23",
      "e2"
    ],
    [
      "i1",
      "n1",
      "n2",
      "b1",
      "n4",
      "c1",
      "n5",
      "b2",
      "n6",
      "b3",
      "n8",
      "c2",
      "n10",
      "c3",
      "n11",
      "n12",
      "n13",
      "n14",
      "n15",
      "n16",
      "b4",
      "n18",
      "c4",
      "n19",
      "b5",
      "n21",
      "n22",
      "b6",
      "n24",
      "e3"
    ],
    [
      "i1",
      "n1",
      "n2",
      "b1",
      "n4",
      "c1",
      "n5",
      "b2",
      "n6",
      "b3",
      "n9",
      "c2",
      "n10",
      "c3",
      "n11",
      "n12",
      "n13",
      "n14",
      "n15",
      "n16",
      "b4",
      "n17",
      "c4",
      "n19",
      "b5",
      "n20",
      "e1"
    ],
    [
      "i1",
      "n1",
      "n2",
      "b1",
      "n4",
      "c1",
      "n5",
      "b2",
      "n6",
      "b3",
      "n9",
      "c2",
      "n10",
      "c3",
      "n11",
      "n12",
      "n13",
      "n14",
      "n15",
      "n16",
      "b4",
      "n17",
      "c4",
      "n19",
      "b5",
      "n21",
      "n22",
      "b6",
      "n23",
      "e2"
    ],
    [
      "i1",
      "n1",
      "n2",
      "b1",
      "n4",
      "c1",
      "n5",
      "b2",
      "n6",
      "b3",
      "n9",
      "c2",
      "n10",
      "c3",
      "n11",
      "n12",
      "n13",
      "n14",
      "n15",
      "n16",
      "b4",
      "n17",
      "c4",
      "n19",
      "b5",
      "n21",
      "n22",
      "b6",
      "n24",
      "e3"
    ],
    [
      "i1",
      "n1",
      "n2",
      "b1",
      "n4",
      "c1",
      "n5",
      "b2",
      "n6",
      "b3",
      "n9",
      "c2",
      "n10",
      "c3",
      "n11",
      "n12",
      "n13",
      "n14",
      "n15",
      "n16",
      "b4",
      "n18",
      "c4",
      "n19",
      "b5",
      "n20",
      "e1"
    ],
    [
      "i1",
      "n1",
      "n2",
      "b1",
      "n4",
      "c1",
      "n5",
      "b2",
      "n6",
      "b3",
      "n9",
      "c2",
      "n10",
      "c3",
      "n11",
      "n12",
      "n13",
      "n14",
      "n15",
      "n16",
      "b4",
      "n18",
      "c4",
      "n19",
      "b5",
      "n21",
      "n22",
      "b6",
      "n23",
      "e2"
    ],
    [
      "i1",
      "n1",
      "n2",
      "b1",
      "n4",
      "c1",
      "n5",
      "b2",
      "n6",
      "b3",
      "n9",
      "c2",
      "n10",
      "c3",
      "n11",
      "n12",
      "n13",
      "n14",
      "n15",
      "n16",
      "b4",
      "n18",
      "c4",
      "n19",
      "b5",
      "n21",
      "n22",
      "b6",
      "n24",
      "e3"
    ],
    [
      "i1",
      "n1",
      "n2",
      "b1",
      "n4",
      "c1",
      "n5",
      "b2",
      "n7",
      "c3",
      "n11",
      "n12",
      "n13",
      "n14",
      "n15",
      "n16",
      "b4",
      "n17",
      "c4",
      "n19",
      "b5",
      "n20",
      "e1"
    ],
    [
      "i1",
      "n1",
      "n2",
      "b1",
      "n4",
      "c1",
      "n5",
      "b2",
      "n7",
      "c3",
      "n11",
      "n12",
      "n13",
      "n14",
      "n15",
      "n16",
      "b4",
      "n17",
      "c4",
      "n19",
      "b5",
      "n21",
      "n22",
      "b6",
      "n23",
      "e2"
    ],
    [
      "i1",
      "n1",
      "n2",
      "b1",
      "n4",
      "c1",
      "n5",
      "b2",
      "n7",
      "c3",
      "n11",
      "n12",
      "n13",
      "n14",
      "n15",
      "n16",
      "b4",
      "n17",
      "c4",
      "n19",
      "b5",
      "n21",
      "n22",
      "b6",
      "n24",
      "e3"
    ],
    [
      "i1",
      "n1",
      "n2",
      "b1",
      "n4",
      "c1",
      "n5",
      "b2",
      "n7",
      "c3",
      "n11",
      "n12",
      "n13",
      "n14",
      "n15",
      "n16",
      "b4",
      "n18",
      "c4",
      "n19",
      "b5",
      "n20",
      "e1"
    ],
    [
      "i1",
      "n1",
      "n2",
      "b1",
      "n4",
      "c1",
      "n5",
      "b2",
      "n7",
      "c3",
      "n11",
      "n12",
      "n13",
      "n14",
      "n15",
      "n16",
      "b4",
      "n18",
      "c4",
      "n19",
      "b5",
      "n21",
      "n22",
      "b6",
      "n23",
      "e2"
    ],
    [
      "i1",
      "n1",
      "n2",
      "b1",
      "n4",
      "c1",
      "n5",
      "b2",
      "n7",
      "c3",
      "n11",
      "n12",
      "n13",
      "n14",
      "n15",
      "n16",
      "b4",
      "n18",
      "c4",
      "n19",
      "b5",
      "n21",
      "n22",
      "b6",
      "n24",
      "e3"
    ]
  ],
  "source_text_traces": [
    [
      "i1",
      "i2",
      "i3",
      "i4",
      "i7",
      "i8",
      "i9",
      "i10",
      "i13",
      "i14",
      "i15",
      "i16",
      "i17",
      "i18",
      "i19",
      "i22",
      "i23",
      "i24"
    ],
    [
      "i1",
      "i2",
      "i3",
      "i4",
      "i7",
      "i8",
      "i9",
      "i10",
      "i13",
      "i14",
      "i15",
      "i16",
      "i17",
      "i18",
      "i19",
      "i22",
      "i25"
    ],
    [
      "i1",
      "i2",
      "i3",
      "i4",
      "i7",
      "i8",
      "i9",
      "i10",
      "i13",
      "i14",
      "i15",
      "i16",
      "i17",
      "i18",
      "i20",
      "i21"
    ],
    [
      "i1",
      "i2",
      "i3",
      "i4",
      "i7",
      "i8",
      "i11",
      "i12",
      "i13",
      "i14",
      "i15",
      "i16",
      "i17",
      "i18",
      "i19",
      "i22",
      "i23",
      "i24"
    ],
    [
      "i1",
      "i2",
      "i3",
      "i4",
      "i7",
      "i8",
      "i11",
      "i12",
      "i13",
      "i14",
      "i15",
      "i16",
      "i17",
      "i18",
      "i19",
      "i22",
      "i25"
    ],
    [
      "i1",
      "i2",
      "i3",
      "i4",
      "i7",
      "i8",
      "i11",
      "i12",
      "i13",
      "i14",
      "i15",
      "i16",
      "i17",
      "i18",
      "i20",
      "i21"
    ],
    [
      "i1",
      "i2",
      "i5",
      "i6",
      "i7",
      "i8",
      "i9",
      "i10",
      "i13",
      "i14",
      "i15",
      "i16",
      "i17",
      "i18",
      "i19",
      "i22",
      "i23",
      "i24"
    ],
    [
      "i1",
      "i2",
      "i5",
      "i6",
      "i7",
      "i8",
      "i9",
      "i10",
      "i13",
      "i14",
      "i15",
      "i16",
      "i17",
      "i18",
      "i19",
      "i22",
      "i25"
    ],
    [
      "i1",
      "i2",
      "i5",
      "i6",
      "i7",
      "i8",
      "i9",
      "i10",
      "i13",
      "i14",
      "i15",
      "i16",
      "i17",
      "i18",
      "i20",
      "i21"
    ],
    [
      "i1",
      "i2",
      "i5",
      "i6",
      "i7",
      "i8",
      "i11",
      "i12",
      "i13",
      "i14",
      "i15",
      "i16",
      "i17",
      "i18",
      "i19",
      "i22",
      "i23",
      "i24"
    ],
    [
      "i1",
      "i2",
      "i5",
      "i6",
      "i7",
      "i8",
      "i11",
      "i12",
      "i13",
      "i14",
      "i15",
      "i16",
      "i17",
      "i18",
      "i19",
      "i22",
      "i25"
    ],
    [
      "i1",
      "i2",
      "i5",
      "i6",
      "i7",
      "i8",
      "i11",
      "i12",
      "i13",
      "i14",
      "i15",
      "i16",
      "i17",
      "i18",
      "i20",
      "i21"
    ]
  ]
}