{
  "model_traces": [
    [
      "i1",
      "n1",
      "i2",
      "n2",
      "b1",
      "n3",
      "n5",
      "n6",
      "n9",
      "n11",
      "n13",
      "n14",
      "n15",
      "n16",
      "n18",
      "i15",
      "b2",
      "n20",
      "i17",
      "e3"
    ],
    [
      "i1",
      "n1",
      "i2",
      "n2",
      "b1",
      "n3",
      "n5",
      "n6",
      "n9",
      "n11",
      "n13",
      "n14",
      "n15",
      "n16",
      "n18",
      "i15",
      "b2",
      "i18",
      "n23",
      "i20",
      "n24",
      "n25",
      "i23",
      "e3"
    ],
    [
      "i1",
      "n1",
      "i2",
      "n2",
      "b1",
      "n4",
      "i24",
      "n27",
      "i32",
      "i26",
      "n30",
      "i28",
      "n32",
      "n33",
      "n34",
      "e3"
    ]
  ],
  "source_text_traces": [
    [
      "i1",
      "i2",
      "i3",
      "i4",
      "i6",
      "i7",
      "i8",
      "i9",
      "i10",
      "i11",
      "i12",
      "i13",
      "i14",
      "i15",
      "i16",
      "i17"
    ],
    [
      "i1",
      "i2",
      "i3",
      "i4",
      "i6",
      "i7",
      "i8",
      "i9",
      "i10",
      "i11",
      "i12",
      "i13",
      "i14",
      "i15",
      "i18",
      "i19",
      "i20",
      "i21",
      "i22",
      "i23"
    ],
    [
      "i1",
      "i2",
      "i3",
      "i5",
      "i24",
      "i25",
      "i32",
      "i26",
      "i27",
      "i28",
      "i29",
      "i30",
      "i31"
    ]
  ]
}