{
  "model_traces": [
    [
      "i1",
      "n1",
      "n2",
      "b1",
      "n3",
      "n5",
      "b2",
      "n8",
      "c_cli_std",
      "n9",
      "e1"
    ],
    [
      "i1",
      "n1",
      "n2",
      "b1",
      "n3",
      "n5",
      "b2",
      "n10",
      "c_cli_std",
      "n9",
      "e1"
    ],
    [
      "i1",
      "n1",
      "n2",
      "b1",
      "n3",
      "n5",
      "b2",
      "n11",
      "b3",
      "n12",
      "n13",
      "e2"
    ],
    [
      "i1",
      "n1",
      "n2",
      "b1",
      "n3",
      "n5",
      "b2",
      "n11",
      "b3",
      "n14",
      "n15",
      "e3"
    ],
    [
      "i1",
      "n1",
      "n2",
      "b1",
      "n4",
      "n16",
      "b4",
      "n17",
      "n18",
      "n19",
      "b_tabs",
      "n_inv",
      "c_tabs",
      "n21",
      "n22",
      "n23",
      "e4"
    ],
    [
      "i1",
      "n1",
      "n2",
      "b1",
      "n4",
      "n16",
      "b4",
      "n17",
      "n18",
      "n19",
      "b_tabs",
      "n_prov",
      "c_tabs",
      "n21",
      "n22",
      "n23",
      "e4"
    ],
    [
      "i1",
      "n1",
      "n2",
      "b1",
      "n4",
      "n16",
      "b4",
      "n17",
      "n18",
      "n19",
      "b_tabs",
      "n20",
      "c_tabs",
      "n21",
      "n22",
      "n23",
      "e4"
    ],
    [
      "i1",
      "n1",
      "n2",
      "b1",
      "n4",
      "n16",
      "b4",
      "n17",
      "n18",
      "n19",
      "b_tabs",
      "n_rear",
      "c_tabs",
      "n21",
      "n22",
      "n23",
      "e4"
    ],
    [
      "i1",
      "n1",
      "n2",
      "b1",
      "n4",
      "n16",
      "b4",
      "n17",
      "n18",
      "n19",
      "b_tabs",
      "n_other",
      "c_tabs",
      "n21",
      "n22",
      "n23",
      "e4"
    ],
    [
      "i1",
      "n1",
      "n2",
      "b1",
      "n4",
      "n16",
      "b4",
      "n24",
      "n25",
      "n26",
      "n27",
      "n28",
      "n29",
      "e5"
    ],
    [
      "i1",
      "n1",
      "n2",
      "b1",
      "n4",
      "n16",
      "b4",
      "n30",
      "n31",
      "n32",
      "n33",
      "e6"
    ]
  ],
  "source_text_traces": [
    [
      "i2",
      "i6",
      "i16",
      "i17"
    ],
    [
      "i2",
      "i6",
      "i16",
      "i18"
    ],
    [
      "i2",
      "i6",
      "i13"
    ],
    [
      "i2",
      "i6",
      "i15"
    ],
    [
      "i2",
      "i20",
      "i21",
      "i26",
      "i23"
    ],
    [
      "i2",
      "i20",
      "i24"
    ],
    [
      "i2",
      "i20",
      "i25"
    ]
  ]
}