{
  "model_traces": [
    [
      "start",
      "n1",
      "n3",
      "n4",
      "n5",
      "n7",
      "n6",
      "n11",
      "b_shelf",
      "n8",
      "e_r2"
    ],
    [
      "start",
      "n1",
      "n3",
      "n4",
      "n5",
      "n7",
      "n6",
      "n11",
      "b_shelf",
      "n9",
      "e_r4"
    ],
    [
      "start",
      "n1",
      "n3",
      "n4",
      "n5",
      "n7",
      "n6",
      "n11",
      "b_shelf",
      "n10",
      "e_r8"
    ]
  ],
  "source_text_traces": [
    [
      "i1",
      "i5",
      "i6",
      "i7",
      "i8",
      "i9",
      "i10",
      "i11"
    ],
    [
      "i1",
      "i5",
      "i6",
      "i7",
      "i8",
      "i9",
      "i10",
      "i12"
    ],
    [
      "i1",
      "i5",
      "i6",
      "i7",
      "i8",
      "i9",
      "i10",
      "i13"
    ]
  ]
}