{
  "model_traces": [
    [
      "i1",
      "n1",
      "n2",
      "n3",
      "n4",
      "n11",
      "n12",
      "n13",
      "n14",
      "n15",
      "n16",
      "n17",
      "n18",
      "n19",
      "n20",
      "n21",
      "b7",
      "n22",
      "n23",
      "n24",
      "c1",
      "n28",
      "n29",
      "n30",
      "n31",
      "b8",
      "n32",
      "n33",
      "n34",
      "c2",
      "n38",
      "b9",
      "n39",
      "c4",
      "n41",
      "b10",
      "n42",
      "c3",
      "n43",
      "n44",
      "n45",
      "n47",
      "n46",
      "e1"
    ],
    [
      "i1",
      "n1",
      "n2",
      "n3",
      "n4",
      "n11",
      "n12",
      "n13",
      "n14",
      "n15",
      "n16",
      "n17",
      "n18",
      "n19",
      "n20",
      "n21",
      "b7",
      "n22",
      "n23",
      "n24",
      "c1",
      "n28",
      "n29",
      "n30",
      "n31",
      "b8",
      "n32",
      "n33",
      "n34",
      "c2",
      "n38",
      "b9",
      "n39",
      "c4",
      "n41",
      "b10",
      "c3",
      "n43",
      "n44",
      "n45",
      "n47",
      "n46",
      "e1"
    ],
    [
      "i1",
      "n1",
      "n2",
      "n3",
      "n4",
      "n11",
      "n12",
      "n13",
      "n14",
      "n15",
      "n16",
      "n17",
      "n18",
      "n19",
      "n20",
      "n21",
      "b7",
      "n22",
      "n23",
      "n24",
      "c1",
      "n28",
      "n29",
      "n30",
      "n31",
      "b8",
      "n32",
      "n33",
      "n34",
      "c2",
      "n38",
      "b9",
      "n40",
      "c4",
      "n41",
      "b10",
      "n42",
      "c3",
      "n43",
      "n44",
      "n45",
      "n47",
      "n46",
      "e1"
    ],
    [
      "i1",
      "n1",
      "n2",
      "n3",
      "n4",
      "n11",
      "n12",
      "n13",
      "n14",
      "n15",
      "n16",
      "n17",
      "n18",
      "n19",
      "n20",
      "n21",
      "b7",
      "n22",
      "n23",
      "n24",
      "c1",
      "n28",
      "n29",
      "n30",
      "n31",
      "b8",
      "n32",
      "n33",
      "n34",
      "c2",
      "n38",
      "b9",
      "n40",
      "c4",
      "n41",
      "b10",
      "c3",
      "n43",
      "n44",
      "n45",
      "n47",
      "n46",
      "e1"
    ],
    [
      "i1",
      "n1",
      "n2",
      "n3",
      "n4",
      "n11",
      "n12",
      "n13",
      "n14",
      "n15",
      "n16",
      "n17",
      "n18",
      "n19",
      "n20",
      "n21",
      "b7",
      "n22",
      "n23",
      "n24",
      "c1",
      "n28",
      "n29",
      "n30",
      "n31",
      "b8",
      "n35",
      "n36",
      "n37",
      "c2",
      "n38",
      "b9",
      "n39",
      "c4",
      "n41",
      "b10",
      "n42",
      "c3",
      "n43",
      "n44",
      "n45",
      "n47",
      "n46",
      "e1"
    ],
    [
      "i1",
      "n1",
      "n2",
      "n3",
      "n4",
      "n11",
      "n12",
      "n13",
      "n14",
      "n15",
      "n16",
      "n17",
      "n18",
      "n19",
      "n20",
      "n21",
      "b7",
      "n22",
      "n23",
      "n24",
      "c1",
      "n28",
      "n29",
      "n30",
      "n31",
      "b8",
      "n35",
      "n36",
      "n37",
      "c2",
      "n38",
      "b9",
      "n39",
      "c4",
      "n41",
      "b10",
      "c3",
      "n43",
      "n44",
      "n45",
      "n47",
      "n46",
      "e1"
    ],
    [
      "i1",
      "n1",
      "n2",
      "n3",
      "n4",
      "n11",
      "n12",
      "n13",
      "n14",
      "n15",
      "n16",
      "n17",
      "n18",
      "n19",
      "n20",
      "n21",
      "b7",
      "n22",
      "n23",
      "n24",
      "c1",
      "n28",
      "n29",
      "n30",
      "n31",
      "b8",
      "n35",
      "n36",
      "n37",
      "c2",
      "n38",
      "b9",
      "n40",
      "c4",
      "n41",
      "b10",
      "n42",
      "c3",
      "n43",
      "n44",
      "n45",
      "n47",
      "n46",
      "e1"
    ],
    [
      "i1",
      "n1",
      "n2",
      "n3",
      "n4",
      "n11",
      "n12",
      "n13",
      "n14",
      "n15",
      "n16",
      "n17",
      "n18",
      "n19",
      "n20",
      "n21",
      "b7",
      "n22",
      "n23",
      "n24",
      "c1",
      "n28",
      "n29",
      "n30",
      "n31",
      "b8",
      "n35",
      "n36",
      "n37",
      "c2",
      "n38",
      "b9",
      "n40",
      "c4",
      "n41",
      "b10",
      "c3",
      "n43",
      "n44",
      "n45",
      "n47",
      "n46",
      "e1"
    ],
    [
      "i1",
      "n1",
      "n2",
      "n3",
      "n4",
      "n11",
      "n12",
      "n13",
      "n14",
      "n15",
      "n16",
      "n17",
      "n18",
      "n19",
      "n20",
      "n21",
      "b7",
      "n25",
      "n26",
      "n27",
      "c1",
      "n28",
      "n29",
      "n30",
      "n31",
      "b8",
      "n32",
      "n33",
      "n34",
      "c2",
      "n38",
      "b9",
      "n39",
      "c4",
      "n41",
      "b10",
      "n42",
      "c3",
      "n43",
      "n44",
      "n45",
      "n47",
      "n46",
      "e1"
    ],
    [
      "i1",
      "n1",
      "n2",
      "n3",
      "n4",
      "n11",
      "n12",
      "n13",
      "n14",
      "n15",
      "n16",
      "n17",
      "n18",
      "n19",
      "n20",
      "n21",
      "b7",
      "n25",
      "n26",
      "n27",
      "c1",
      "n28",
      "n29",
      "n30",
      "n31",
      "b8",
      "n32",
      "n33",
      "n34",
      "c2",
      "n38",
      "b9",
      "n39",
      "c4",
      "n41",
      "b10",
      "c3",
      "n43",
      "n44",
      "n45",
      "n47",
      "n46",
      "e1"
    ],
    [
      "i1",
      "n1",
      "n2",
      "n3",
      "n4",
      "n11",
      "n12",
      "n13",
      "n14",
      "n15",
      "n16",
      "n17",
      "n18",
      "n19",
      "n20",
      "n21",
      "b7",
      "n25",
      "n26",
      "n27",
      "c1",
      "n28",
      "n29",
      "n30",
      "n31",
      "b8",
      "n32",
      "n33",
      "n34",
      "c2",
      "n38",
      "b9",
      "n40",
      "c4",
      "n41",
      "b10",
      "n42",
      "c3",
      "n43",
      "n44",
      "n45",
      "n47",
      "n46",
      "e1"
    ],
    [
      "i1",
      "n1",
      "n2",
      "n3",
      "n4",
      "n11",
      "n12",
      "n13",
      "n14",
      "n15",
      "n16",
      "n17",
      "n18",
      "n19",
      "n20",
      "n21",
      "b7",
      "n25",
      "n26",
      "n27",
      "c1",
      "n28",
      "n29",
      "n30",
      "n31",
      "b8",
      "n32",
      "n33",
      "n34",
      "c2",
      "n38",
      "b9",
      "n40",
      "c4",
      "n41",
      "b10",
      "c3",
      "n43",
      "n44",
      "n45",
      "n47",
      "n46",
      "e1"
    ],
    [
      "i1",
      "n1",
      "n2",
      "n3",
      "n4",
      "n11",
      "n12",
      "n13",
      "n14",
      "n15",
      "n16",
      "n17",
      "n18",
      "n19",
      "n20",
      "n21",
      "b7",
      "n25",
      "n26",
      "n27",
      "c1",
      "n28",
      "n29",
      "n30",
      "n31",
      "b8",
      "n35",
      "n36",
      "n37",
      "c2",
      "n38",
      "b9",
      "n39",
      "c4",
      "n41",
      "b10",
      "n42",
      "c3",
      "n43",
      "n44",
      "n45",
      "n47",
      "n46",
      "e1"
    ],
    [
      "i1",
      "n1",
      "n2",
      "n3",
      "n4",
      "n11",
      "n12",
      "n13",
      "n14",
      "n15",
      "n16",
      "n17",
      "n18",
      "n19",
      "n20",
      "n21",
      "b7",
      "n25",
      "n26",
      "n27",
      "c1",
      "n28",
      "n29",
      "n30",
      "n31",
      "b8",
      "n35",
      "n36",
      "n37",
      "c2",
      "n38",
      "b9",
      "n39",
      "c4",
      "n41",
      "b10",
      "c3",
      "n43",
      "n44",
      "n45",
      "n47",
      "n46",
      "e1"
    ],
    [
      "i1",
      "n1",
      "n2",
      "n3",
      "n4",
      "n11",
      "n12",
      "n13",
      "n14",
      "n15",
      "n16",
      "n17",
      "n18",
      "n19",
      "n20",
      "n21",
      "b7",
      "n25",
      "n26",
      "n27",
      "c1",
      "n28",
      "n29",
      "n30",
      "n31",
      "b8",
      "n35",
      "n36",
      "n37",
      "c2",
      "n38",
      "b9",
      "n40",
      "c4",
      "n41",
      "b10",
      "n42",
      "c3",
      "n43",
      "n44",
      "n45",
      "n47",
      "n46",
      "e1"
    ],
    [
      "i1",
      "n1",
      "n2",
      "n3",
      "n4",
      "n11",
      "n12",
      "n13",
      "n14",
      "n15",
      "n16",
      "n17",
      "n18",
      "n19",
      "n20",
      "n21",
      "b7",
      "n25",
      "n26",
      "n27",
      "c1",
      "n28",
      "n29",
      "n30",
      "n31",
      "b8",
      "n35",
      "n36",
      "n37",
      "c2",
      "n38",
      "b9",
      "n40",
      "c4",
      "n41",
      "b10",
      "c3",
      "n43",
      "n44",
      "n45",
      "n47",
      "n46",
      "e1"
    ]
  ],
  "source_text_traces": [
    [
      "i1",
      "i2",
      "i3",
      "i4",
      "i5",
      "i11",
      "i12",
      "i13",
      "i14",
      "i15",
      "i16",
      "i17",
      "i18",
      "i19",
      "i20",
      "i21",
      "i22",
      "i24",
      "i25",
      "i28",
      "i29",
      "i30",
      "i33",
      "i34",
      "i35",
      "i36",
      "i37",
      "i38",
      "i39",
      "i40",
      "i41",
      "i42"
    ],
    [
      "i1",
      "i2",
      "i3",
      "i4",
      "i5",
      "i11",
      "i12",
      "i13",
      "i14",
      "i15",
      "i16",
      "i17",
      "i18",
      "i19",
      "i20",
      "i21",
      "i22",
      "i24",
      "i25",
      "i28",
      "i29",
      "i30",
      "i33",
      "i34",
      "i35",
      "i36",
      "i37",
      "i38",
      "i40",
      "i41",
      "i42"
    ],
    [
      "i1",
      "i2",
      "i3",
      "i4",
      "i5",
      "i11",
      "i12",
      "i13",
      "i14",
      "i15",
      "i16",
      "i17",
      "i18",
      "i19",
      "i20",
      "i21",
      "i22",
      "i24",
      "i25",
      "i28",
      "i29",
      "i30",
      "i33",
      "i34",
      "i35",
      "i38",
      "i39",
      "i40",
      "i41",
      "i42"
    ],
    [
      "i1",
      "i2",
      "i3",
      "i4",
      "i5",
      "i11",
      "i12",
      "i13",
      "i14",
      "i15",
      "i16",
      "i17",
      "i18",
      "i19",
      "i20",
      "i21",
      "i22",
      "i24",
      "i25",
      "i28",
      "i29",
      "i30",
      "i33",
      "i34",
      "i35",
      "i38",
      "i40",
      "i41",
      "i42"
    ],
    [
      "i1",
      "i2",
      "i3",
      "i4",
      "i5",
      "i11",
      "i12",
      "i13",
      "i14",
      "i15",
      "i16",
      "i17",
      "i18",
      "i19",
      "i20",
      "i21",
      "i22",
      "i24",
      "i25",
      "i28",
      "i29",
      "i30",
      "i31",
      "i32",
      "i35",
      "i36",
      "i37",
      "i38",
      "i39",
      "i40",
      "i41",
      "i42"
    ],
    [
      "i1",
      "i2",
      "i3",
      "i4",
      "i5",
      "i11",
      "i12",
      "i13",
      "i14",
      "i15",
      "i16",
      "i17",
      "i18",
      "i19",
      "i20",
      "i21",
      "i22",
      "i24",
      "i25",
      "i28",
      "i29",
      "i30",
      "i31",
      "i32",
      "i35",
      "i36",
      "i37",
      "i38",
      "i40",
      "i41",
      "i42"
    ],
    [
      "i1",
      "i2",
      "i3",
      "i4",
      "i5",
      "i11",
      "i12",
      "i13",
      "i14",
      "i15",
      "i16",
      "i17",
      "i18",
      "i19",
      "i20",
      "i21",
      "i22",
      "i24",
      "i25",
      "i28",
      "i29",
      "i30",
      "i31",
      "i32",
      "i35",
      "i38",
      "i39",
      "i40",
      "i41",
      "i42"
    ],
    [
      "i1",
      "i2",
      "i3",
      "i4",
      "i5",
      "i11",
      "i12",
      "i13",
      "i14",
      "i15",
      "i16",
      "i17",
      "i18",
      "i19",
      "i20",
      "i21",
      "i22",
      "i24",
      "i25",
      "i28",
      "i29",
      "i30",
      "i31",
      "i32",
      "i35",
      "i38",
      "i40",
      "i41",
      "i42"
    ],
    [
      "i1",
      "i2",
      "i3",
      "i4",
      "i5",
      "i11",
      "i12",
      "i13",
      "i14",
      "i15",
      "i16",
      "i17",
      "i18",
      "i19",
      "i20",
      "i21",
      "i23",
      "i26",
      "i27",
      "i28",
      "i29",
      "i30",
      "i33",
      "i34",
      "i35",
      "i36",
      "i37",
      "i38",
      "i39",
      "i40",
      "i41",
      "i42"
    ],
    [
      "i1",
      "i2",
      "i3",
      "i4",
      "i5",
      "i11",
      "i12",
      "i13",
      "i14",
      "i15",
      "i16",
      "i17",
      "i18",
      "i19",
      "i20",
      "i21",
      "i23",
      "i26",
      "i27",
      "i28",
      "i29",
      "i30",
      "i33",
      "i34",
      "i35",
      "i36",
      "i37",
      "i38",
      "i40",
      "i41",
      "i42"
    ],
    [
      "i1",
      "i2",
      "i3",
      "i4",
      "i5",
      "i11",
      "i12",
      "i13",
      "i14",
      "i15",
      "i16",
      "i17",
      "i18",
      "i19",
      "i20",
      "i21",
      "i23",
      "i26",
      "i27",
      "i28",
      "i29",
      "i30",
      "i33",
      "i34",
      "i35",
      "i38",
      "i39",
      "i40",
      "i41",
      "i42"
    ],
    [
      "i1",
      "i2",
      "i3",
      "i4",
      "i5",
      "i11",
      "i12",
      "i13",
      "i14",
      "i15",
      "i16",
      "i17",
      "i18",
      "i19",
      "i20",
      "i21",
      "i23",
      "i26",
      "i27",
      "i28",
      "i29",
      "i30",
      "i33",
      "i34",
      "i35",
      "i38",
      "i40",
      "i41",
      "i42"
    ],
    [
      "i1",
      "i2",
      "i3",
      "i4",
      "i5",
      "i11",
      "i12",
      "i13",
      "i14",
      "i15",
      "i16",
      "i17",
      "i18",
      "i19",
      "i20",
      "i21",
      "i23",
      "i26",
      "i27",
      "i28",
      "i29",
      "i30",
      "i31",
      "i32",
      "i35",
      "i36",
      "i37",
      "i38",
      "i39",
      "i40",
      "i41",
      "i42"
    ],
    [
      "i1",
      "i2",
      "i3",
      "i4",
      "i5",
      "i11",
      "i12",
      "i13",
      "i14",
      "i15",
      "i16",
      "i17",
      "i18",
      "i19",
      "i20",
      "i21",
      "i23",
      "i26",
      "i27",
      "i28",
      "i29",
      "i30",
      "i31",
      "i32",
      "i35",
      "i36",
      "i37",
      "i38",
      "i40",
      "i41",
      "i42"
    ],
    [
      "i1",
      "i2",
      "i3",
      "i4",
      "i5",
      "i11",
      "i12",
      "i13",
      "i14",
      "i15",
      "i16",
      "i17",
      "i18",
      "i19",
      "i20",
      "i21",
      "i23",
      "i26",
      "i27",
      "i28",
      "i29",
      "i30",
      "i31",
      "i32",
      "i35",
      "i38",
      "i39",
      "i40",
      "i41",
      "i42"
    ],
    [
      "i1",
      "i2",
      "i3",
      "i4",
      "i5",
      "i11",
      "i12",
      "i13",
      "i14",
      "i15",
      "i16",
      "i17",
      "i18",
      "i19",
      "i20",
      "i21",
      "i23",
      "i26",
      "i27",
      "i28",
      "i29",
      "i30",
      "i31",
      "i32",
      "i35",
      "i38",
      "i40",
      "i41",
      "i42"
    ],
    [
      "i1",
      "i2",
      "i3",
      "i4",
      "i6",
      "i11",
      "i12",
      "i13",
      "i14",
      "i15",
      "i16",
      "i17",
      "i18",
      "i19",
      "i20",
      "i21",
      "i22",
      "i24",
      "i25",
      "i28",
      "i29",
      "i30",
      "i33",
      "i34",
      "i35",
      "i36",
      "i37",
      "i38",
      "i39",
      "i40",
      "i41",
      "i42"
    ],
    [
      "i1",
      "i2",
      "i3",
      "i4",
      "i6",
      "i11",
      "i12",
      "i13",
      "i14",
      "i15",
      "i16",
      "i17",
      "i18",
      "i19",
      "i20",
      "i21",
      "i22",
      "i24",
      "i25",
      "i28",
      "i29",
      "i30",
      "i33",
      "i34",
      "i35",
      "i36",
      "i37",
      "i38",
      "i40",
      "i41",
      "i42"
    ],
    [
      "i1",
      "i2",
      "i3",
      "i4",
      "i6",
      "i11",
      "i12",
      "i13",
      "i14",
      "i15",
      "i16",
      "i17",
      "i18",
      "i19",
      "i20",
      "i21",
      "i22",
      "i24",
      "i25",
      "i28",
      "i29",
      "i30",
      "i33",
      "i34",
      "i35",
      "i38",
      "i39",
      "i40",
      "i41",
      "i42"
    ],
    [
      "i1",
      "i2",
      "i3",
      "i4",
      "i6",
      "i11",
      "i12",
      "i13",
      "i14",
      "i15",
      "i16",
      "i17",
      "i18",
      "i19",
      "i20",
      "i21",
      "i22",
      "i24",
      "i25",
      "i28",
      "i29",
      "i30",
      "i33",
      "i34",
      "i35",
      "i38",
      "i40",
      "i41",
      "i42"
    ],
    [
      "i1",
      "i2",
      "i3",
      "i4",
      "i6",
      "i11",
      "i12",
      "i13",
      "i14",
      "i15",
      "i16",
      "i17",
      "i18",
      "i19",
      "i20",
      "i21",
      "i22",
      "i24",
      "i25",
      "i28",
      "i29",
      "i30",
      "i31",
      "i32",
      "i35",
      "i36",
      "i37",
      "i38",
      "i39",
      "i40",
      "i41",
      "i42"
    ],
    [
      "i1",
      "i2",
      "i3",
      "i4",
      "i6",
      "i11",
      "i12",
      "i13",
      "i14",
      "i15",
      "i16",
      "i17",
      "i18",
      "i19",
      "i20",
      "i21",
      "i22",
      "i24",
      "i25",
      "i28",
      "i29",
      "i30",
      "i31",
      "i32",
      "i35",
      "i36",
      "i37",
      "i38",
      "i40",
      "i41",
      "i42"
    ],
    [
      "i1",
      "i2",
      "i3",
      "i4",
      "i6",
      "i11",
      "i12",
      "i13",
      "i14",
      "i15",
      "i16",
      "i17",
      "i18",
      "i19",
      "i20",
      "i21",
      "i22",
      "i24",
      "i25",
      "i28",
      "i29",
      "i30",
      "i31",
      "i32",
      "i35",
      "i38",
      "i39",
      "i40",
      "i41",
      "i42"
    ],
    [
      "i1",
      "i2",
      "i3",
      "i4",
      "i6",
      "i11",
      "i12",
      "i13",
      "i14",
      "i15",
      "i16",
      "i17",
      "i18",
      "i19",
      "i20",
      "i21",
      "i22",
      "i24",
      "i25",
      "i28",
      "i29",
      "i30",
      "i31",
      "i32",
      "i35",
      "i38",
      "i40",
      "i41",
      "i42"
    ],
    [
      "i1",
      "i2",
      "i3",
      "i4",
      "i6",
      "i11",
      "i12",
      "i13",
      "i14",
      "i15",
      "i16",
      "i17",
      "i18",
      "i19",
      "i20",
      "i21",
      "i23",
      "i26",
      "i27",
      "i28",
      "i29",
      "i30",
      "i33",
      "i34",
      "i35",
      "i36",
      "i37",
      "i38",
      "i39",
      "i40",
      "i41",
      "i42"
    ],
    [
      "i1",
      "i2",
      "i3",
      "i4",
      "i6",
      "i11",
      "i12",
      "i13",
      "i14",
      "i15",
      "i16",
      "i17",
      "i18",
      "i19",
      "i20",
      "i21",
      "i23",
      "i26",
      "i27",
      "i28",
      "i29",
      "i30",
      "i33",
      "i34",
      "i35",
      "i36",
      "i37",
      "i38",
      "i40",
      "i41",
      "i42"
    ],
    [
      "i1",
      "i2",
      "i3",
      "i4",
      "i6",
      "i11",
      "i12",
      "i13",
      "i14",
      "i15",
      "i16",
      "i17",
      "i18",
      "i19",
      "i20",
      "i21",
      "i23",
      "i26",
      "i27",
      "i28",
      "i29",
      "i30",
      "i33",
      "i34",
      "i35",
      "i38",
      "i39",
      "i40",
      "i41",
      "i42"
    ],
    [
      "i1",
      "i2",
      "i3",
      "i4",
      "i6",
      "i11",
      "i12",
      "i13",
      "i14",
      "i15",
      "i16",
      "i17",
      "i18",
      "i19",
      "i20",
      "i21",
      "i23",
      "i26",
      "i27",
      "i28",
      "i29",
      "i30",
      "i33",
      "i34",
      "i35",
      "i38",
      "i40",
      "i41",
      "i42"
    ],
    [
      "i1",
      "i2",
      "i3",
      "i4",
      "i6",
      "i11",
      "i12",
      "i13",
      "i14",
      "i15",
      "i16",
      "i17",
      "i18",
      "i19",
      "i20",
      "i21",
      "i23",
      "i26",
      "i27",
      "i28",
      "i29",
      "i30",
      "i31",
      "i32",
      "i35",
      "i36",
      "i37",
      "i38",
      "i39",
      "i40",
      "i41",
      "i42"
    ],
    [
      "i1",
      "i2",
      "i3",
      "i4",
      "i6",
      "i11",
      "i12",
      "i13",
      "i14",
      "i15",
      "i16",
      "i17",
      "i18",
      "i19",
      "i20",
      "i21",
      "i23",
      "i26",
      "i27",
      "i28",
      "i29",
      "i30",
      "i31",
      "i32",
      "i35",
      "i36",
      "i37",
      "i38",
      "i40",
      "i41",
      "i42"
    ],
    [
      "i1",
      "i2",
      "i3",
      "i4",
      "i6",
      "i11",
      "i12",
      "i13",
      "i14",
      "i15",
      "i16",
      "i17",
      "i18",
      "i19",
      "i20",
      "i21",
      "i23",
      "i26",
      "i27",
      "i28",
      "i29",
      "i30",
      "i31",
      "i32",
      "i35",
      "i38",
      "i39",
      "i40",
      "i41",
      "i42"
    ],
    [
      "i1",
      "i2",
      "i3",
      "i4",
      "i6",
      "i11",
      "i12",
      "i13",
      "i14",
      "i15",
      "i16",
      "i17",
      "i18",
      "i19",
      "i20",
      "i21",
      "i23",
      "i26",
      "i27",
      "i28",
      "i29",
      "i30",
      "i31",
      "i32",
      "i35",
      "i38",
      "i40",
      "i41",
      "i42"
    ],
    [
      "i1",
      "i2",
      "i3",
      "i4",
      "i7",
      "i11",
      "i12",
      "i13",
      "i14",
      "i15",
      "i16",
      "i17",
      "i18",
      "i19",
      "i20",
      "i21",
      "i22",
      "i24",
      "i25",
      "i28",
      "i29",
      "i30",
      "i33",
      "i34",
      "i35",
      "i36",
      "i37",
      "i38",
      "i39",
      "i40",
      "i41",
      "i42"
    ],
    [
      "i1",
      "i2",
      "i3",
      "i4",
      "i7",
      "i11",
      "i12",
      "i13",
      "i14",
      "i15",
      "i16",
      "i17",
      "i18",
      "i19",
      "i20",
      "i21",
      "i22",
      "i24",
      "i25",
      "i28",
      "i29",
      "i30",
      "i33",
      "i34",
      "i35",
      "i36",
      "i37",
      "i38",
      "i40",
      "i41",
      "i42"
    ],
    [
      "i1",
      "i2",
      "i3",
      "i4",
      "i7",
      "i11",
      "i12",
      "i13",
      "i14",
      "i15",
      "i16",
      "i17",
      "i18",
      "i19",
      "i20",
      "i21",
      "i22",
      "i24",
      "i25",
      "i28",
      "i29",
      "i30",
      "i33",
      "i34",
      "i35",
      "i38",
      "i39",
      "i40",
      "i41",
      "i42"
    ],
    [
      "i1",
      "i2",
      "i3",
      "i4",
      "i7",
      "i11",
      "i12",
      "i13",
      "i14",
      "i15",
      "i16",
      "i17",
      "i18",
      "i19",
      "i20",
      "i21",
      "i22",
      "i24",
      "i25",
      "i28",
      "i29",
      "i30",
      "i33",
      "i34",
      "i35",
      "i38",
      "i40",
      "i41",
      "i42"
    ],
    [
      "i1",
      "i2",
      "i3",
      "i4",
      "i7",
      "i11",
      "i12",
      "i13",
      "i14",
      "i15",
      "i16",
      "i17",
      "i18",
      "i19",
      "i20",
      "i21",
      "i22",
      "i24",
      "i25",
      "i28",
      "i29",
      "i30",
      "i31",
      "i32",
      "i35",
      "i36",
      "i37",
      "i38",
      "i39",
      "i40",
      "i41",
      "i42"
    ],
    [
      "i1",
      "i2",
      "i3",
      "i4",
      "i7",
      "i11",
      "i12",
      "i13",
      "i14",
      "i15",
      "i16",
      "i17",
      "i18",
      "i19",
      "i20",
      "i21",
      "i22",
      "i24",
      "i25",
      "i28",
      "i29",
      "i30",
      "i31",
      "i32",
      "i35",
      "i36",
      "i37",
      "i38",
      "i40",
      "i41",
      "i42"
    ],
    [
      "i1",
      "i2",
      "i3",
      "i4",
      "i7",
      "i11",
      "i12",
      "i13",
      "i14",
      "i15",
      "i16",
      "i17",
      "i18",
      "i19",
      "i20",
      "i21",
      "i22",
      "i24",
      "i25",
      "i28",
      "i29",
      "i30",
      "i31",
      "i32",
      "i35",
      "i38",
      "i39",
      "i40",
      "i41",
      "i42"
    ],
    [
      "i1",
      "i2",
      "i3",
      "i4",
      "i7",
      "i11",
      "i12",
      "i13",
      "i14",
      "i15",
      "i16",
      "i17",
      "i18",
      "i19",
      "i20",
      "i21",
      "i22",
      "i24",
      "i25",
      "i28",
      "i29",
      "i30",
      "i31",
      "i32",
      "i35",
      "i38",
      "i40",
      "i41",
      "i42"
    ],
    [
      "i1",
      "i2",
      "i3",
      "i4",
      "i7",
      "i11",
      "i12",
      "i13",
      "i14",
      "i15",
      "i16",
      "i17",
      "i18",
      "i19",
      "i20",
      "i21",
      "i23",
      "i26",
      "i27",
      "i28",
      "i29",
      "i30",
      "i33",
      "i34",
      "i35",
      "i36",
      "i37",
      "i38",
      "i39",
      "i40",
      "i41",
      "i42"
    ],
    [
      "i1",
      "i2",
      "i3",
      "i4",
      "i7",
      "i11",
      "i12",
      "i13",
      "i14",
      "i15",
      "i16",
      "i17",
      "i18",
      "i19",
      "i20",
      "i21",
      "i23",
      "i26",
      "i27",
      "i28",
      "i29",
      "i30",
      "i33",
      "i34",
      "i35",
      "i36",
      "i37",
      "i38",
      "i40",
      "i41",
      "i42"
    ],
    [
      "i1",
      "i2",
      "i3",
      "i4",
      "i7",
      "i11",
      "i12",
      "i13",
      "i14",
      "i15",
      "i16",
      "i17",
      "i18",
      "i19",
      "i20",
      "i21",
      "i23",
      "i26",
      "i27",
      "i28",
      "i29",
      "i30",
      "i33",
      "i34",
      "i35",
      "i38",
      "i39",
      "i40",
      "i41",
      "i42"
    ],
    [
      "i1",
      "i2",
      "i3",
      "i4",
      "i7",
      "i11",
      "i12",
      "i13",
      "i14",
      "i15",
      "i16",
      "i17",
      "i18",
      "i19",
      "i20",
      "i21",
      "i23",
      "i26",
      "i27",
      "i28",
      "i29",
      "i30",
      "i33",
      "i34",
      "i35",
      "i38",
      "i40",
      "i41",
      "i42"
    ],
    [
      "i1",
      "i2",
      "i3",
      "i4",
      "i7",
      "i11",
      "i12",
      "i13",
      "i14",
      "i15",
      "i16",
      "i17",
      "i18",
      "i19",
      "i20",
      "i21",
      "i23",
      "i26",
      "i27",
      "i28",
      "i29",
      "i30",
      "i31",
      "i32",
      "i35",
      "i36",
      "i37",
      "i38",
      "i39",
      "i40",
      "i41",
      "i42"
    ],
    [
      "i1",
      "i2",
      "i3",
      "i4",
      "i7",
      "i11",
      "i12",
      "i13",
      "i14",
      "i15",
      "i16",
      "i17",
      "i18",
      "i19",
      "i20",
      "i21",
      "i23",
      "i26",
      "i27",
      "i28",
      "i29",
      "i30",
      "i31",
      "i32",
      "i35",
      "i36",
      "i37",
      "i38",
      "i40",
      "i41",
      "i42"
    ],
    [
      "i1",
      "i2",
      "i3",
      "i4",
      "i7",
      "i11",
      "i12",
      "i13",
      "i14",
      "i15",
      "i16",
      "i17",
      "i18",
      "i19",
      "i20",
      "i21",
      "i23",
      "i26",
      "i27",
      "i28",
      "i29",
      "i30",
      "i31",
      "i32",
      "i35",
      "i38",
      "i39",
      "i40",
      "i41",
      "i42"
    ],
    [
      "i1",
      "i2",
      "i3",
      "i4",
      "i7",
      "i11",
      "i12",
      "i13",
      "i14",
      "i15",
      "i16",
      "i17",
      "i18",
      "i19",
      "i20",
      "i21",
      "i23",
      "i26",
      "i27",
      "i28",
      "i29",
      "i30",
      "i31",
      "i32",
      "i35",
      "i38",
      "i40",
      "i41",
      "i42"
    ],
    [
      "i1",
      "i2",
      "i3",
      "i4",
      "i8",
      "i11",
      "i12",
      "i13",
      "i14",
      "i15",
      "i16",
      "i17",
      "i18",
      "i19",
      "i20",
      "i21",
      "i22",
      "i24",
      "i25",
      "i28",
      "i29",
      "i30",
      "i33",
      "i34",
      "i35",
      "i36",
      "i37",
      "i38",
      "i39",
      "i40",
      "i41",
      "i42"
    ],
    [
      "i1",
      "i2",
      "i3",
      "i4",
      "i8",
      "i11",
      "i12",
      "i13",
      "i14",
      "i15",
      "i16",
      "i17",
      "i18",
      "i19",
      "i20",
      "i21",
      "i22",
      "i24",
      "i25",
      "i28",
      "i29",
      "i30",
      "i33",
      "i34",
      "i35",
      "i36",
      "i37",
      "i38",
      "i40",
      "i41",
      "i42"
    ],
    [
      "i1",
      "i2",
      "i3",
      "i4",
      "i8",
      "i11",
      "i12",
      "i13",
      "i14",
      "i15",
      "i16",
      "i17",
      "i18",
      "i19",
      "i20",
      "i21",
      "i22",
      "i24",
      "i25",
      "i28",
      "i29",
      "i30",
      "i33",
      "i34",
      "i35",
      "i38",
      "i39",
      "i40",
      "i41",
      "i42"
    ],
    [
      "i1",
      "i2",
      "i3",
      "i4",
      "i8",
      "i11",
      "i12",
      "i13",
      "i14",
      "i15",
      "i16",
      "i17",
      "i18",
      "i19",
      "i20",
      "i21",
      "i22",
      "i24",
      "i25",
      "i28",
      "i29",
      "i30",
      "i33",
      "i34",
      "i35",
      "i38",
      "i40",
      "i41",
      "i42"
    ],
    [
      "i1",
      "i2",
      "i3",
      "i4",
      "i8",
      "i11",
      "i12",
      "i13",
      "i14",
      "i15",
      "i16",
      "i17",
      "i18",
      "i19",
      "i20",
      "i21",
      "i22",
      "i24",
      "i25",
      "i28",
      "i29",
      "i30",
      "i31",
      "i32",
      "i35",
      "i36",
      "i37",
      "i38",
      "i39",
      "i40",
      "i41",
      "i42"
    ],
    [
      "i1",
      "i2",
      "i3",
      "i4",
      "i8",
      "i11",
      "i12",
      "i13",
      "i14",
      "i15",
      "i16",
      "i17",
      "i18",
      "i19",
      "i20",
      "i21",
      "i22",
      "i24",
      "i25",
      "i28",
      "i29",
      "i30",
      "i31",
      "i32",
      "i35",
      "i36",
      "i37",
      "i38",
      "i40",
      "i41",
      "i42"
    ],
    [
      "i1",
      "i2",
      "i3",
      "i4",
      "i8",
      "i11",
      "i12",
      "i13",
      "i14",
      "i15",
      "i16",
      "i17",
      "i18",
      "i19",
      "i20",
      "i21",
      "i22",
      "i24",
      "i25",
      "i28",
      "i29",
      "i30",
      "i31",
      "i32",
      "i35",
      "i38",
      "i39",
      "i40",
      "i41",
      "i42"
    ],
    [
      "i1",
      "i2",
      "i3",
      "i4",
      "i8",
      "i11",
      "i12",
      "i13",
      "i14",
      "i15",
      "i16",
      "i17",
      "i18",
      "i19",
      "i20",
      "i21",
      "i22",
      "i24",
      "i25",
      "i28",
      "i29",
      "i30",
      "i31",
      "i32",
      "i35",
      "i38",
      "i40",
      "i41",
      "i42"
    ],
    [
      "i1",
      "i2",
      "i3",
      "i4",
      "i8",
      "i11",
      "i12",
      "i13",
      "i14",
      "i15",
      "i16",
      "i17",
      "i18",
      "i19",
      "i20",
      "i21",
      "i23",
      "i26",
      "i27",
      "i28",
      "i29",
      "i30",
      "i33",
      "i34",
      "i35",
      "i36",
      "i37",
      "i38",
      "i39",
      "i40",
      "i41",
      "i42"
    ],
    [
      "i1",
      "i2",
      "i3",
      "i4",
      "i8",
      "i11",
      "i12",
      "i13",
      "i14",
      "i15",
      "i16",
      "i17",
      "i18",
      "i19",
      "i20",
      "i21",
      "i23",
      "i26",
      "i27",
      "i28",
      "i29",
      "i30",
      "i33",
      "i34",
      "i35",
      "i36",
      "i37",
      "i38",
      "i40",
      "i41",
      "i42"
    ],
    [
      "i1",
      "i2",
      "i3",
      "i4",
      "i8",
      "i11",
      "i12",
      "i13",
      "i14",
      "i15",
      "i16",
      "i17",
      "i18",
      "i19",
      "i20",
      "i21",
      "i23",
      "i26",
      "i27",
      "i28",
      "i29",
      "i30",
      "i33",
      "i34",
      "i35",
      "i38",
      "i39",
      "i40",
      "i41",
      "i42"
    ],
    [
      "i1",
      "i2",
      "i3",
      "i4",
      "i8",
      "i11",
      "i12",
      "i13",
      "i14",
      "i15",
      "i16",
      "i17",
      "i18",
      "i19",
      "i20",
      "i21",
      "i23",
      "i26",
      "i27",
      "i28",
      "i29",
      "i30",
      "i33",
      "i34",
      "i35",
      "i38",
      "i40",
      "i41",
      "i42"
    ],
    [
      "i1",
      "i2",
      "i3",
      "i4",
      "i8",
      "i11",
      "i12",
      "i13",
      "i14",
      "i15",
      "i16",
      "i17",
      "i18",
      "i19",
      "i20",
      "i21",
      "i23",
      "i26",
      "i27",
      "i28",
      "i29",
      "i30",
      "i31",
      "i32",
      "i35",
      "i36",
      "i37",
      "i38",
      "i39",
      "i40",
      "i41",
      "i42"
    ],
    [
      "i1",
      "i2",
      "i3",
      "i4",
      "i8",
      "i11",
      "i12",
      "i13",
      "i14",
      "i15",
      "i16",
      "i17",
      "i18",
      "i19",
      "i20",
      "i21",
      "i23",
      "i26",
      "i27",
      "i28",
      "i29",
      "i30",
      "i31",
      "i32",
      "i35",
      "i36",
      "i37",
      "i38",
      "i40",
      "i41",
      "i42"
    ],
    [
      "i1",
      "i2",
      "i3",
      "i4",
      "i8",
      "i11",
      "i12",
      "i13",
      "i14",
      "i15",
      "i16",
      "i17",
      "i18",
      "i19",
      "i20",
      "i21",
      "i23",
      "i26",
      "i27",
      "i28",
      "i29",
      "i30",
      "i31",
      "i32",
      "i35",
      "i38",
      "i39",
      "i40",
      "i41",
      "i42"
    ],
    [
      "i1",
      "i2",
      "i3",
      "i4",
      "i8",
      "i11",
      "i12",
      "i13",
      "i14",
      "i15",
      "i16",
      "i17",
      "i18",
      "i19",
      "i20",
      "i21",
      "i23",
      "i26",
      "i27",
      "i28",
      "i29",
      "i30",
      "i31",
      "i32",
      "i35",
      "i38",
      "i40",
      "i41",
      "i42"
    ],
    [
      "i1",
      "i2",
      "i3",
      "i4",
      "i9",
      "i11",
      "i12",
      "i13",
      "i14",
      "i15",
      "i16",
      "i17",
      "i18",
      "i19",
      "i20",
      "i21",
      "i22",
      "i24",
      "i25",
      "i28",
      "i29",
      "i30",
      "i33",
      "i34",
      "i35",
      "i36",
      "i37",
      "i38",
      "i39",
      "i40",
      "i41",
      "i42"
    ],
    [
      "i1",
      "i2",
      "i3",
      "i4",
      "i9",
      "i11",
      "i12",
      "i13",
      "i14",
      "i15",
      "i16",
      "i17",
      "i18",
      "i19",
      "i20",
      "i21",
      "i22",
      "i24",
      "i25",
      "i28",
      "i29",
      "i30",
      "i33",
      "i34",
      "i35",
      "i36",
      "i37",
      "i38",
      "i40",
      "i41",
      "i42"
    ],
    [
      "i1",
      "i2",
      "i3",
      "i4",
      "i9",
      "i11",
      "i12",
      "i13",
      "i14",
      "i15",
      "i16",
      "i17",
      "i18",
      "i19",
      "i20",
      "i21",
      "i22",
      "i24",
      "i25",
      "i28",
      "i29",
      "i30",
      "i33",
      "i34",
      "i35",
      "i38",
      "i39",
      "i40",
      "i41",
      "i42"
    ],
    [
      "i1",
      "i2",
      "i3",
      "i4",
      "i9",
      "i11",
      "i12",
      "i13",
      "i14",
      "i15",
      "i16",
      "i17",
      "i18",
      "i19",
      "i20",
      "i21",
      "i22",
      "i24",
      "i25",
      "i28",
      "i29",
      "i30",
      "i33",
      "i34",
      "i35",
      "i38",
      "i40",
      "i41",
      "i42"
    ],
    [
      "i1",
      "i2",
      "i3",
      "i4",
      "i9",
      "i11",
      "i12",
      "i13",
      "i14",
      "i15",
      "i16",
      "i17",
      "i18",
      "i19",
      "i20",
      "i21",
      "i22",
      "i24",
      "i25",
      "i28",
      "i29",
      "i30",
      "i31",
      "i32",
      "i35",
      "i36",
      "i37",
      "i38",
      "i39",
      "i40",
      "i41",
      "i42"
    ],
    [
      "i1",
      "i2",
      "i3",
      "i4",
      "i9",
      "i11",
      "i12",
      "i13",
      "i14",
      "i15",
      "i16",
      "i17",
      "i18",
      "i19",
      "i20",
      "i21",
      "i22",
      "i24",
      "i25",
      "i28",
      "i29",
      "i30",
      "i31",
      "i32",
      "i35",
      "i36",
      "i37",
      "i38",
      "i40",
      "i41",
      "i42"
    ],
    [
      "i1",
      "i2",
      "i3",
      "i4",
      "i9",
      "i11",
      "i12",
      "i13",
      "i14",
      "i15",
      "i16",
      "i17",
      "i18",
      "i19",
      "i20",
      "i21",
      "i22",
      "i24",
      "i25",
      "i28",
      "i29",
      "i30",
      "i31",
      "i32",
      "i35",
      "i38",
      "i39",
      "i40",
      "i41",
      "i42"
    ],
    [
      "i1",
      "i2",
      "i3",
      "i4",
      "i9",
      "i11",
      "i12",
      "i13",
      "i14",
      "i15",
      "i16",
      "i17",
      "i18",
      "i19",
      "i20",
      "i21",
      "i22",
      "i24",
      "i25",
      "i28",
      "i29",
      "i30",
      "i31",
      "i32",
      "i35",
      "i38",
      "i40",
      "i41",
      "i42"
    ],
    [
      "i1",
      "i2",
      "i3",
      "i4",
      "i9",
      "i11",
      "i12",
      "i13",
      "i14",
      "i15",
      "i16",
      "i17",
      "i18",
      "i19",
      "i20",
      "i21",
      "i23",
      "i26",
      "i27",
      "i28",
      "i29",
      "i30",
      "i33",
      "i34",
      "i35",
      "i36",
      "i37",
      "i38",
      "i39",
      "i40",
      "i41",
      "i42"
    ],
    [
      "i1",
      "i2",
      "i3",
      "i4",
      "i9",
      "i11",
      "i12",
      "i13",
      "i14",
      "i15",
      "i16",
      "i17",
      "i18",
      "i19",
      "i20",
      "i21",
      "i23",
      "i26",
      "i27",
      "i28",
      "i29",
      "i30",
      "i33",
      "i34",
      "i35",
      "i36",
      "i37",
      "i38",
      "i40",
      "i41",
      "i42"
    ],
    [
      "i1",
      "i2",
      "i3",
      "i4",
      "i9",
      "i11",
      "i12",
      "i13",
      "i14",
      "i15",
      "i16",
      "i17",
      "i18",
      "i19",
      "i20",
      "i21",
      "i23",
      "i26",
      "i27",
      "i28",
      "i29",
      "i30",
      "i33",
      "i34",
      "i35",
      "i38",
      "i39",
      "i40",
      "i41",
      "i42"
    ],
    [
      "i1",
      "i2",
      "i3",
      "i4",
      "i9",
      "i11",
      "i12",
      "i13",
      "i14",
      "i15",
      "i16",
      "i17",
      "i18",
      "i19",
      "i20",
      "i21",
      "i23",
      "i26",
      "i27",
      "i28",
      "i29",
      "i30",
      "i33",
      "i34",
      "i35",
      "i38",
      "i40",
      "i41",
      "i42"
    ],
    [
      "i1",
      "i2",
      "i3",
      "i4",
      "i9",
      "i11",
      "i12",
      "i13",
      "i14",
      "i15",
      "i16",
      "i17",
      "i18",
      "i19",
      "i20",
      "i21",
      "i23",
      "i26",
      "i27",
      "i28",
      "i29",
      "i30",
      "i31",
      "i32",
      "i35",
      "i36",
      "i37",
      "i38",
      "i39",
      "i40",
      "i41",
      "i42"
    ],
    [
      "i1",
      "i2",
      "i3",
      "i4",
      "i9",
      "i11",
      "i12",
      "i13",
      "i14",
      "i15",
      "i16",
      "i17",
      "i18",
      "i19",
      "i20",
      "i21",
      "i23",
      "i26",
      "i27",
      "i28",
      "i29",
      "i30",
      "i31",
      "i32",
      "i35",
      "i36",
      "i37",
      "i38",
      "i40",
      "i41",
      "i42"
    ],
    [
      "i1",
      "i2",
      "i3",
      "i4",
      "i9",
      "i11",
      "i12",
      "i13",
      "i14",
      "i15",
      "i16",
      "i17",
      "i18",
      "i19",
      "i20",
      "i21",
      "i23",
      "i26",
      "i27",
      "i28",
      "i29",
      "i30",
      "i31",
      "i32",
      "i35",
      "i38",
      "i39",
      "i40",
      "i41",
      "i42"
    ],
    [
      "i1",
      "i2",
      "i3",
      "i4",
      "i9",
      "i11",
      "i12",
      "i13",
      "i14",
      "i15",
      "i16",
      "i17",
      "i18",
      "i19",
      "i20",
      "i21",
      "i23",
      "i26",
      "i27",
      "i28",
      "i29",
      "i30",
      "i31",
      "i32",
      "i35",
      "i38",
      "i40",
      "i41",
      "i42"
    ],
    [
      "i1",
      "i2",
      "i3",
      "i4",
      "i10",
      "i11",
      "i12",
      "i13",
      "i14",
      "i15",
      "i16",
      "i17",
      "i18",
      "i19",
      "i20",
      "i21",
      "i22",
      "i24",
      "i25",
      "i28",
      "i29",
      "i30",
      "i33",
      "i34",
      "i35",
      "i36",
      "i37",
      "i38",
      "i39",
      "i40",
      "i41",
      "i42"
    ],
    [
      "i1",
      "i2",
      "i3",
      "i4",
      "i10",
      "i11",
      "i12",
      "i13",
      "i14",
      "i15",
      "i16",
      "i17",
      "i18",
      "i19",
      "i20",
      "i21",
      "i22",
      "i24",
      "i25",
      "i28",
      "i29",
      "i30",
      "i33",
      "i34",
      "i35",
      "i36",
      "i37",
      "i38",
      "i40",
      "i41",
      "i42"
    ],
    [
      "i1",
      "i2",
      "i3",
      "i4",
      "i10",
      "i11",
      "i12",
      "i13",
      "i14",
      "i15",
      "i16",
      "i17",
      "i18",
      "i19",
      "i20",
      "i21",
      "i22",
      "i24",
      "i25",
      "i28",
      "i29",
      "i30",
      "i33",
      "i34",
      "i35",
      "i38",
      "i39",
      "i40",
      "i41",
      "i42"
    ],
    [
      "i1",
      "i2",
      "i3",
      "i4",
      "i10",
      "i11",
      "i12",
      "i13",
      "i14",
      "i15",
      "i16",
      "i17",
      "i18",
      "i19",
      "i20",
      "i21",
      "i22",
      "i24",
      "i25",
      "i28",
      "i29",
      "i30",
      "i33",
      "i34",
      "i35",
      "i38",
      "i40",
      "i41",
      "i42"
    ],
    [
      "i1",
      "i2",
      "i3",
      "i4",
      "i10",
      "i11",
      "i12",
      "i13",
      "i14",
      "i15",
      "i16",
      "i17",
      "i18",
      "i19",
      "i20",
      "i21",
      "i22",
      "i24",
      "i25",
      "i28",
      "i29",
      "i30",
      "i31",
      "i32",
      "i35",
      "i36",
      "i37",
      "i38",
      "i39",
      "i40",
      "i41",
      "i42"
    ],
    [
      "i1",
      "i2",
      "i3",
      "i4",
      "i10",
      "i11",
      "i12",
      "i13",
      "i14",
      "i15",
      "i16",
      "i17",
      "i18",
      "i19",
      "i20",
      "i21",
      "i22",
      "i24",
      "i25",
      "i28",
      "i29",
      "i30",
      "i31",
      "i32",
      "i35",
      "i36",
      "i37",
      "i38",
      "i40",
      "i41",
      "i42"
    ],
    [
      "i1",
      "i2",
      "i3",
      "i4",
      "i10",
      "i11",
      "i12",
      "i13",
      "i14",
      "i15",
      "i16",
      "i17",
      "i18",
      "i19",
      "i20",
      "i21",
      "i22",
      "i24",
      "i25",
      "i28",
      "i29",
      "i30",
      "i31",
      "i32",
      "i35",
      "i38",
      "i39",
      "i40",
      "i41",
      "i42"
    ],
    [
      "i1",
      "i2",
      "i3",
      "i4",
      "i10",
      "i11",
      "i12",
      "i13",
      "i14",
      "i15",
      "i16",
      "i17",
      "i18",
      "i19",
      "i20",
      "i21",
      "i22",
      "i24",
      "i25",
      "i28",
      "i29",
      "i30",
      "i31",
      "i32",
      "i35",
      "i38",
      "i40",
      "i41",
      "i42"
    ],
    [
      "i1",
      "i2",
      "i3",
      "i4",
      "i10",
      "i11",
      "i12",
      "i13",
      "i14",
      "i15",
      "i16",
      "i17",
      "i18",
      "i19",
      "i20",
      "i21",
      "i23",
      "i26",
      "i27",
      "i28",
      "i29",
      "i30",
      "i33",
      "i34",
      "i35",
      "i36",
      "i37",
      "i38",
      "i39",
      "i40",
      "i41",
      "i42"
    ],
    [
      "i1",
      "i2",
      "i3",
      "i4",
      "i10",
      "i11",
      "i12",
      "i13",
      "i14",
      "i15",
      "i16",
      "i17",
      "i18",
      "i19",
      "i20",
      "i21",
      "i23",
      "i26",
      "i27",
      "i28",
      "i29",
      "i30",
      "i33",
      "i34",
      "i35",
      "i36",
      "i37",
      "i38",
      "i40",
      "i41",
      "i42"
    ],
    [
      "i1",
      "i2",
      "i3",
      "i4",
      "i10",
      "i11",
      "i12",
      "i13",
      "i14",
      "i15",
      "i16",
      "i17",
      "i18",
      "i19",
      "i20",
      "i21",
      "i23",
      "i26",
      "i27",
      "i28",
      "i29",
      "i30",
      "i33",
      "i34",
      "i35",
      "i38",
      "i39",
      "i40",
      "i41",
      "i42"
    ],
    [
      "i1",
      "i2",
      "i3",
      "i4",
      "i10",
      "i11",
      "i12",
      "i13",
      "i14",
      "i15",
      "i16",
      "i17",
      "i18",
      "i19",
      "i20",
      "i21",
      "i23",
      "i26",
      "i27",
      "i28",
      "i29",
      "i30",
      "i33",
      "i34",
      "i35",
      "i38",
      "i40",
      "i41",
      "i42"
    ],
    [
      "i1",
      "i2",
      "i3",
      "i4",
      "i10",
      "i11",
      "i12",
      "i13",
      "i14",
      "i15",
      "i16",
      "i17",
      "i18",
      "i19",
      "i20",
      "i21",
      "i23",
      "i26",
      "i27",
      "i28",
      "i29",
      "i30",
      "i31",
      "i32",
      "i35",
      "i36",
      "i37",
      "i38",
      "i39",
      "i40",
      "i41",
      "i42"
    ],
    [
      "i1",
      "i2",
      "i3",
      "i4",
      "i10",
      "i11",
      "i12",
      "i13",
      "i14",
      "i15",
      "i16",
      "i17",
      "i18",
      "i19",
      "i20",
      "i21",
      "i23",
      "i26",
      "i27",
      "i28",
      "i29",
      "i30",
      "i31",
      "i32",
      "i35",
      "i36",
      "i37",
      "i38",
      "i40",
      "i41",
      "i42"
    ],
    [
      "i1",
      "i2",
      "i3",
      "i4",
      "i10",
      "i11",
      "i12",
      "i13",
      "i14",
      "i15",
      "i16",
      "i17",
      "i18",
      "i19",
      "i20",
      "i21",
      "i23",
      "i26",
      "i27",
      "i28",
      "i29",
      "i30",
      "i31",
      "i32",
      "i35",
      "i38",
      "i39",
      "i40",
      "i41",
      "i42"
    ],
    [
      "i1",
      "i2",
      "i3",
      "i4",
      "i10",
      "i11",
      "i12",
      "i13",
      "i14",
      "i15",
      "i16",
      "i17",
      "i18",
      "i19",
      "i20",
      "i21",
      "i23",
      "i26",
      "i27",
      "i28",
      "i29",
      "i30",
      "i31",
      "i32",
      "i35",
      "i38",
      "i40",
      "i41",
      "i42"
    ]
  ]
}