{
  "model_traces": [
    [
      "i1",
      "n1",
      "n2",
      "b1",
      "n4",
      "e1"
    ],
    [
      "i1",
      "n1",
      "n2",
      "b1",
      "n5",
      "b2",
      "n6",
      "b3",
      "n9",
      "e4"
    ],
    [
      "i1",
      "n1",
      "n2",
      "b1",
      "n5",
      "b2",
      "n6",
      "b3",
      "n10",
      "e3"
    ],
    [
      "i1",
      "n1",
      "n2",
      "b1",
      "n5",
      "b2",
      "n7",
      "e2"
    ]
  ],
  "source_text_traces": [
    [
      "i1",
      "i3"
    ],
    [
      "i1",
      "i4",
      "i2"
    ],
    [
      "i1",
      "i4",
      "i5"
    ],
    [
      "i1",
      "i4",
      "i6"
    ],
    [
      "i1",
      "i4",
      "i7"
    ]
  ]
}