{
  "model_traces": [
    [
      "start",
      "b1",
      "n3",
      "b2",
      "n6",
      "b4",
      "n16",
      "n18",
      "c_end",
      "n12",
      "e1"
    ],
    [
      "start",
      "b1",
      "n3",
      "b2",
      "n6",
      "b4",
      "n17",
      "n20",
      "c_end",
      "n12",
      "e1"
    ],
    [
      "start",
      "b1",
      "n3",
      "b2",
      "n7",
      "b3",
      "n9",
      "n11",
      "c_end",
      "n12",
      "e1"
    ],
    [
      "start",
      "b1",
      "n3",
      "b2",
      "n7",
      "b3",
      "n10",
      "n13",
      "e1"
    ],
    [
      "start",
      "b1",
      "n4",
      "b5",
      "n23",
      "n26",
      "b6",
      "n27",
      "c_tab",
      "b7",
      "n30",
      "c_port",
      "n33",
      "c_end",
      "n12",
      "e1"
    ],
    [
      "start",
      "b1",
      "n4",
      "b5",
      "n23",
      "n26",
      "b6",
      "n27",
      "c_tab",
      "b7",
      "n31",
      "c_port",
      "n33",
      "c_end",
      "n12",
      "e1"
    ],
    [
      "start",
      "b1",
      "n4",
      "b5",
      "n23",
      "n26",
      "b6",
      "n27",
      "c_tab",
      "b7",
      "n32",
      "c_port",
      "n33",
      "c_end",
      "n12",
      "e1"
    ],
    [
      "start",
      "b1",
      "n4",
      "b5",
      "n23",
      "n26",
      "b6",
      "n28",
      "c_tab",
      "b7",
      "n30",
      "c_port",
      "n33",
      "c_end",
      "n12",
      "e1"
    ],
    [
      "start",
      "b1",
      "n4",
      "b5",
      "n23",
      "n26",
      "b6",
      "n28",
      "c_tab",
      "b7",
      "n31",
      "c_port",
      "n33",
      "c_end",
      "n12",
      "e1"
    ],
    [
      "start",
      "b1",
      "n4",
      "b5",
      "n23",
      "n26",
      "b6",
      "n28",
      "c_tab",
      "b7",
      "n32",
      "c_port",
      "n33",
      "c_end",
      "n12",
      "e1"
    ],
    [
      "start",
      "b1",
      "n4",
      "b5",
      "n24",
      "n100",
      "n35",
      "n36",
      "c_end",
      "n12",
      "e1"
    ],
    [
      "start",
      "b1",
      "n4",
      "b5",
      "n25",
      "n38",
      "n39",
      "c_end",
      "n12",
      "e1"
    ]
  ],
  "source_text_traces": [
    [
      "i1",
      "i4",
      "i5",
      "i7",
      "i8"
    ],
    [
      "i1",
      "i4",
      "i6",
      "i9"
    ],
    [
      "i1",
      "i3",
      "i10",
      "i12",
      "i8"
    ],
    [
      "i1",
      "i3",
      "i11",
      "i13",
      "i8"
    ],
    [
      "i2",
      "i14",
      "i17",
      "i18",
      "i20",
      "i23",
      "i8"
    ],
    [
      "i2",
      "i14",
      "i17",
      "i18",
      "i21",
      "i23",
      "i8"
    ],
    [
      "i2",
      "i14",
      "i17",
      "i18",
      "i22",
      "i23",
      "i8"
    ],
    [
      "i2",
      "i14",
      "i17",
      "i19",
      "i20",
      "i23",
      "i8"
    ],
    [
      "i2",
      "i14",
      "i17",
      "i19",
      "i21",
      "i23",
      "i8"
    ],
    [
      "i2",
      "i14",
      "i17",
      "i19",
      "i22",
      "i23",
      "i8"
    ],
    [
      "i2",
      "i15",
      "i24",
      "i25",
      "i26",
      "i8"
    ],
    [
      "i2",
      "i16",
      "i27",
      "i28",
      "i8"
    ]
  ]
}