{
  "model_traces": [
    [
      "i1",
      "n1",
      "n2",
      "n3",
      "n4",
      "n5",
      "n6",
      "n7",
      "n8",
      "n11",
      "n9",
      "b1",
      "n10",
      "c1",
      "n12",
      "b2",
      "n13",
      "n14",
      "n15",
      "n15a",
      "n16",
      "n17",
      "n18",
      "n18a",
      "n19",
      "n20",
      "b3",
      "n21",
      "n_sup21",
      "e21"
    ],
    [
      "i1",
      "n1",
      "n2",
      "n3",
      "n4",
      "n5",
      "n6",
      "n7",
      "n8",
      "n11",
      "n9",
      "b1",
      "n10",
      "c1",
      "n12",
      "b2",
      "n13",
      "n14",
      "n15",
      "n15a",
      "n16",
      "n17",
      "n18",
      "n18a",
      "n19",
      "n20",
      "b3",
      "n22",
      "n23",
      "b4",
      "n24",
      "n_sup24",
      "e24"
    ],
    [
      "i1",
      "n1",
      "n2",
      "n3",
      "n4",
      "n5",
      "n6",
      "n7",
      "n8",
      "n11",
      "n9",
      "b1",
      "n10",
      "c1",
      "n12",
      "b2",
      "n13",
      "n14",
      "n15",
      "n15a",
      "n16",
      "n17",
      "n18",
      "n18a",
      "n19",
      "n20",
      "b3",
      "n22",
      "n23",
      "b4",
      "n25",
      "n26",
      "b5",
      "n27",
      "n_sup27",
      "e27"
    ],
    [
      "i1",
      "n1",
      "n2",
      "n3",
      "n4",
      "n5",
      "n6",
      "n7",
      "n8",
      "n11",
      "n9",
      "b1",
      "n10",
      "c1",
      "n12",
      "b2",
      "n13",
      "n14",
      "n15",
      "n15a",
      "n16",
      "n17",
      "n18",
      "n18a",
      "n19",
      "n20",
      "b3",
      "n22",
      "n23",
      "b4",
      "n25",
      "n26",
      "b5",
      "n28",
      "n29",
      "b6",
      "n30",
      "n_sup30",
      "e30"
    ],
    [
      "i1",
      "n1",
      "n2",
      "n3",
      "n4",
      "n5",
      "n6",
      "n7",
      "n8",
      "n11",
      "n9",
      "b1",
      "n10",
      "c1",
      "n12",
      "b2",
      "n13",
      "n14",
      "n15",
      "n15a",
      "n16",
      "n17",
      "n18",
      "n18a",
      "n19",
      "n20",
      "b3",
      "n22",
      "n23",
      "b4",
      "n25",
      "n26",
      "b5",
      "n28",
      "n29",
      "b6",
      "n31",
      "b7",
      "n32",
      "n33",
      "b8",
      "n34",
      "n_sup34",
      "e34"
    ],
    [
      "i1",
      "n1",
      "n2",
      "n3",
      "n4",
      "n5",
      "n6",
      "n7",
      "n8",
      "n11",
      "n9",
      "b1",
      "n10",
      "c1",
      "n12",
      "b2",
      "n13",
      "n14",
      "n15",
      "n15a",
      "n16",
      "n17",
      "n18",
      "n18a",
      "n19",
      "n20",
      "b3",
      "n22",
      "n23",
      "b4",
      "n25",
      "n26",
      "b5",
      "n28",
      "n29",
      "b6",
      "n31",
      "b7",
      "n32",
      "n33",
      "b8",
      "n35",
      "c_monitor_join",
      "n37",
      "b10",
      "n38",
      "n39",
      "n39a",
      "n40",
      "n41",
      "n42",
      "n42a",
      "c2",
      "n45",
      "n46",
      "b11",
      "n47",
      "n_sup47",
      "e47"
    ],
    [
      "i1",
      "n1",
      "n2",
      "n3",
      "n4",
      "n5",
      "n6",
      "n7",
      "n8",
      "n11",
      "n9",
      "b1",
      "n10",
      "c1",
      "n12",
      "b2",
      "n13",
      "n14",
      "n15",
      "n15a",
      "n16",
      "n17",
      "n18",
      "n18a",
      "n19",
      "n20",
      "b3",
      "n22",
      "n23",
      "b4",
      "n25",
      "n26",
      "b5",
      "n28",
      "n29",
      "b6",
      "n31",
      "b7",
      "n32",
      "n33",
      "b8",
      "n35",
      "c_monitor_join",
      "n37",
      "b10",
      "n38",
      "n39",
      "n39a",
      "n40",
      "n41",
      "n42",
      "n42a",
      "c2",
      "n45",
      "n46",
      "b11",
      "n48",
      "n49",
      "b12",
      "n50",
      "n_sup50",
      "e50"
    ],
    [
      "i1",
      "n1",
      "n2",
      "n3",
      "n4",
      "n5",
      "n6",
      "n7",
      "n8",
      "n11",
      "n9",
      "b1",
      "n10",
      "c1",
      "n12",
      "b2",
      "n13",
      "n14",
      "n15",
      "n15a",
      "n16",
      "n17",
      "n18",
      "n18a",
      "n19",
      "n20",
      "b3",
      "n22",
      "n23",
      "b4",
      "n25",
      "n26",
      "b5",
      "n28",
      "n29",
      "b6",
      "n31",
      "b7",
      "n32",
      "n33",
      "b8",
      "n35",
      "c_monitor_join",
      "n37",
      "b10",
      "n38",
      "n39",
      "n39a",
      "n40",
      "n41",
      "n42",
      "n42a",
      "c2",
      "n45",
      "n46",
      "b11",
      "n48",
      "n49",
      "b12",
      "n51",
      "n52",
      "b13",
      "n53",
      "n_sup53",
      "e53"
    ],
    [
      "i1",
      "n1",
      "n2",
      "n3",
      "n4",
      "n5",
      "n6",
      "n7",
      "n8",
      "n11",
      "n9",
      "b1",
      "n10",
      "c1",
      "n12",
      "b2",
      "n13",
      "n14",
      "n15",
      "n15a",
      "n16",
      "n17",
      "n18",
      "n18a",
      "n19",
      "n20",
      "b3",
      "n22",
      "n23",
      "b4",
      "n25",
      "n26",
      "b5",
      "n28",
      "n29",
      "b6",
      "n31",
      "b7",
      "n32",
      "n33",
      "b8",
      "n35",
      "c_monitor_join",
      "n37",
      "b10",
      "n38",
      "n39",
      "n39a",
      "n40",
      "n41",
      "n42",
      "n42a",
      "c2",
      "n45",
      "n46",
      "b11",
      "n48",
      "n49",
      "b12",
      "n51",
      "n52",
      "b13",
      "n54",
      "n55",
      "b14",
      "n56",
      "n_sup56",
      "e56"
    ],
    [
      "i1",
      "n1",
      "n2",
      "n3",
      "n4",
      "n5",
      "n6",
      "n7",
      "n8",
      "n11",
      "n9",
      "b1",
      "n10",
      "c1",
      "n12",
      "b2",
      "n13",
      "n14",
      "n15",
      "n15a",
      "n16",
      "n17",
      "n18",
      "n18a",
      "n19",
      "n20",
      "b3",
      "n22",
      "n23",
      "b4",
      "n25",
      "n26",
      "b5",
      "n28",
      "n29",
      "b6",
      "n31",
      "b7",
      "n32",
      "n33",
      "b8",
      "n35",
      "c_monitor_join",
      "n37",
      "b10",
      "n38",
      "n39",
      "n39a",
      "n40",
      "n41",
      "n42",
      "n42a",
      "c2",
      "n45",
      "n46",
      "b11",
      "n48",
      "n49",
      "b12",
      "n51",
      "n52",
      "b13",
      "n54",
      "n55",
      "b14",
      "n57",
      "n58",
      "b15",
      "n59",
      "n_sup59",
      "e59"
    ],
    [
      "i1",
      "n1",
      "n2",
      "n3",
      "n4",
      "n5",
      "n6",
      "n7",
      "n8",
      "n11",
      "n9",
      "b1",
      "n10",
      "c1",
      "n12",
      "b2",
      "n13",
      "n14",
      "n15",
      "n15a",
      "n16",
      "n17",
      "n18",
      "n18a",
      "n19",
      "n20",
      "b3",
      "n22",
      "n23",
      "b4",
      "n25",
      "n26",
      "b5",
      "n28",
      "n29",
      "b6",
      "n31",
      "b7",
      "n32",
      "n33",
      "b8",
      "n35",
      "c_monitor_join",
      "n37",
      "b10",
      "n38",
      "n39",
      "n39a",
      "n40",
      "n41",
      "n42",
      "n42a",
      "c2",
      "n45",
      "n46",
      "b11",
      "n48",
      "n49",
      "b12",
      "n51",
      "n52",
      "b13",
      "n54",
      "n55",
      "b14",
      "n57",
      "n58",
      "b15",
      "n60",
      "b16",
      "n61",
      "n62",
      "b17",
      "n63",
      "n_sup63",
      "e63"
    ],
    [
      "i1",
      "n1",
      "n2",
      "n3",
      "n4",
      "n5",
      "n6",
      "n7",
      "n8",
      "n11",
      "n9",
      "b1",
      "n10",
      "c1",
      "n12",
      "b2",
      "n13",
      "n14",
      "n15",
      "n15a",
      "n16",
      "n17",
      "n18",
      "n18a",
      "n19",
      "n20",
      "b3",
      "n22",
      "n23",
      "b4",
      "n25",
      "n26",
      "b5",
      "n28",
      "n29",
      "b6",
      "n31",
      "b7",
      "n32",
      "n33",
      "b8",
      "n35",
      "c_monitor_join",
      "n37",
      "b10",
      "n38",
      "n39",
      "n39a",
      "n40",
      "n41",
      "n42",
      "n42a",
      "c2",
      "n45",
      "n46",
      "b11",
      "n48",
      "n49",
      "b12",
      "n51",
      "n52",
      "b13",
      "n54",
      "n55",
      "b14",
      "n57",
      "n58",
      "b15",
      "n60",
      "b16",
      "n61",
      "n62",
      "b17",
      "n64",
      "n65",
      "b18",
      "n66",
      "n_sup66",
      "e66"
    ],
    [
      "i1",
      "n1",
      "n2",
      "n3",
      "n4",
      "n5",
      "n6",
      "n7",
      "n8",
      "n11",
      "n9",
      "b1",
      "n10",
      "c1",
      "n12",
      "b2",
      "n13",
      "n14",
      "n15",
      "n15a",
      "n16",
      "n17",
      "n18",
      "n18a",
      "n19",
      "n20",
      "b3",
      "n22",
      "n23",
      "b4",
      "n25",
      "n26",
      "b5",
      "n28",
      "n29",
      "b6",
      "n31",
      "b7",
      "n32",
      "n33",
      "b8",
      "n35",
      "c_monitor_join",
      "n37",
      "b10",
      "n38",
      "n39",
      "n39a",
      "n40",
      "n41",
      "n42",
      "n42a",
      "c2",
      "n45",
      "n46",
      "b11",
      "n48",
      "n49",
      "b12",
      "n51",
      "n52",
      "b13",
      "n54",
      "n55",
      "b14",
      "n57",
      "n58",
      "b15",
      "n60",
      "b16",
      "n61",
      "n62",
      "b17",
      "n64",
      "n65",
      "b18",
      "c3",
      "n67",
      "e1"
    ],
    [
      "i1",
      "n1",
      "n2",
      "n3",
      "n4",
      "n5",
      "n6",
      "n7",
      "n8",
      "n11",
      "n9",
      "b1",
      "n10",
      "c1",
      "n12",
      "b2",
      "n13",
      "n14",
      "n15",
      "n15a",
      "n16",
      "n17",
      "n18",
      "n18a",
      "n19",
      "n20",
      "b3",
      "n22",
      "n23",
      "b4",
      "n25",
      "n26",
      "b5",
      "n28",
      "n29",
      "b6",
      "n31",
      "b7",
      "n32",
      "n33",
      "b8",
      "n35",
      "c_monitor_join",
      "n37",
      "b10",
      "n38",
      "n39",
      "n39a",
      "n40",
      "n41",
      "n42",
      "n42a",
      "c2",
      "n45",
      "n46",
      "b11",
      "n48",
      "n49",
      "b12",
      "n51",
      "n52",
      "b13",
      "n54",
      "n55",
      "b14",
      "n57",
      "n58",
      "b15",
      "n60",
      "b16",
      "c3",
      "n67",
      "e1"
    ],
    [
      "i1",
      "n1",
      "n2",
      "n3",
      "n4",
      "n5",
      "n6",
      "n7",
      "n8",
      "n11",
      "n9",
      "b1",
      "n10",
      "c1",
      "n12",
      "b2",
      "n13",
      "n14",
      "n15",
      "n15a",
      "n16",
      "n17",
      "n18",
      "n18a",
      "n19",
      "n20",
      "b3",
      "n22",
      "n23",
      "b4",
      "n25",
      "n26",
      "b5",
      "n28",
      "n29",
      "b6",
      "n31",
      "b7",
      "n32",
      "n33",
      "b8",
      "n35",
      "c_monitor_join",
      "n37",
      "b10",
      "n43",
      "n44",
      "c2",
      "n45",
      "n46",
      "b11",
      "n47",
      "n_sup47",
      "e47"
    ],
    [
      "i1",
      "n1",
      "n2",
      "n3",
      "n4",
      "n5",
      "n6",
      "n7",
      "n8",
      "n11",
      "n9",
      "b1",
      "n10",
      "c1",
      "n12",
      "b2",
      "n13",
      "n14",
      "n15",
      "n15a",
      "n16",
      "n17",
      "n18",
      "n18a",
      "n19",
      "n20",
      "b3",
      "n22",
      "n23",
      "b4",
      "n25",
      "n26",
      "b5",
      "n28",
      "n29",
      "b6",
      "n31",
      "b7",
      "n32",
      "n33",
      "b8",
      "n35",
      "c_monitor_join",
      "n37",
      "b10",
      "n43",
      "n44",
      "c2",
      "n45",
      "n46",
      "b11",
      "n48",
      "n49",
      "b12",
      "n50",
      "n_sup50",
      "e50"
    ],
    [
      "i1",
      "n1",
      "n2",
      "n3",
      "n4",
      "n5",
      "n6",
      "n7",
      "n8",
      "n11",
      "n9",
      "b1",
      "n10",
      "c1",
      "n12",
      "b2",
      "n13",
      "n14",
      "n15",
      "n15a",
      "n16",
      "n17",
      "n18",
      "n18a",
      "n19",
      "n20",
      "b3",
      "n22",
      "n23",
      "b4",
      "n25",
      "n26",
      "b5",
      "n28",
      "n29",
      "b6",
      "n31",
      "b7",
      "n32",
      "n33",
      "b8",
      "n35",
      "c_monitor_join",
      "n37",
      "b10",
      "n43",
      "n44",
      "c2",
      "n45",
      "n46",
      "b11",
      "n48",
      "n49",
      "b12",
      "n51",
      "n52",
      "b13",
      "n53",
      "n_sup53",
      "e53"
    ],
    [
      "i1",
      "n1",
      "n2",
      "n3",
      "n4",
      "n5",
      "n6",
      "n7",
      "n8",
      "n11",
      "n9",
      "b1",
      "n10",
      "c1",
      "n12",
      "b2",
      "n13",
      "n14",
      "n15",
      "n15a",
      "n16",
      "n17",
      "n18",
      "n18a",
      "n19",
      "n20",
      "b3",
      "n22",
      "n23",
      "b4",
      "n25",
      "n26",
      "b5",
      "n28",
      "n29",
      "b6",
      "n31",
      "b7",
      "n32",
      "n33",
      "b8",
      "n35",
      "c_monitor_join",
      "n37",
      "b10",
      "n43",
      "n44",
      "c2",
      "n45",
      "n46",
      "b11",
      "n48",
      "n49",
      "b12",
      "n51",
      "n52",
      "b13",
      "n54",
      "n55",
      "b14",
      "n56",
      "n_sup56",
      "e56"
    ],
    [
      "i1",
      "n1",
      "n2",
      "n3",
      "n4",
      "n5",
      "n6",
      "n7",
      "n8",
      "n11",
      "n9",
      "b1",
      "n10",
      "c1",
      "n12",
      "b2",
      "n13",
      "n14",
      "n15",
      "n15a",
      "n16",
      "n17",
      "n18",
      "n18a",
      "n19",
      "n20",
      "b3",
      "n22",
      "n23",
      "b4",
      "n25",
      "n26",
      "b5",
      "n28",
      "n29",
      "b6",
      "n31",
      "b7",
      "n32",
      "n33",
      "b8",
      "n35",
      "c_monitor_join",
      "n37",
      "b10",
      "n43",
      "n44",
      "c2",
      "n45",
      "n46",
      "b11",
      "n48",
      "n49",
      "b12",
      "n51",
      "n52",
      "b13",
      "n54",
      "n55",
      "b14",
      "n57",
      "n58",
      "b15",
      "n59",
      "n_sup59",
      "e59"
    ],
    [
      "i1",
      "n1",
      "n2",
      "n3",
      "n4",
      "n5",
      "n6",
      "n7",
      "n8",
      "n11",
      "n9",
      "b1",
      "n10",
      "c1",
      "n12",
      "b2",
      "n13",
      "n14",
      "n15",
      "n15a",
      "n16",
      "n17",
      "n18",
      "n18a",
      "n19",
      "n20",
      "b3",
      "n22",
      "n23",
      "b4",
      "n25",
      "n26",
      "b5",
      "n28",
      "n29",
      "b6",
      "n31",
      "b7",
      "n32",
      "n33",
      "b8",
      "n35",
      "c_monitor_join",
      "n37",
      "b10",
      "n43",
      "n44",
      "c2",
      "n45",
      "n46",
      "b11",
      "n48",
      "n49",
      "b12",
      "n51",
      "n52",
      "b13",
      "n54",
      "n55",
      "b14",
      "n57",
      "n58",
      "b15",
      "n60",
      "b16",
      "n61",
      "n62",
      "b17",
      "n63",
      "n_sup63",
      "e63"
    ],
    [
      "i1",
      "n1",
      "n2",
      "n3",
      "n4",
      "n5",
      "n6",
      "n7",
      "n8",
      "n11",
      "n9",
      "b1",
      "n10",
      "c1",
      "n12",
      "b2",
      "n13",
      "n14",
      "n15",
      "n15a",
      "n16",
      "n17",
      "n18",
      "n18a",
      "n19",
      "n20",
      "b3",
      "n22",
      "n23",
      "b4",
      "n25",
      "n26",
      "b5",
      "n28",
      "n29",
      "b6",
      "n31",
      "b7",
      "n32",
      "n33",
      "b8",
      "n35",
      "c_monitor_join",
      "n37",
      "b10",
      "n43",
      "n44",
      "c2",
      "n45",
      "n46",
      "b11",
      "n48",
      "n49",
      "b12",
      "n51",
      "n52",
      "b13",
      "n54",
      "n55",
      "b14",
      "n57",
      "n58",
      "b15",
      "n60",
      "b16",
      "n61",
      "n62",
      "b17",
      "n64",
      "n65",
      "b18",
      "n66",
      "n_sup66",
      "e66"
    ],
    [
      "i1",
      "n1",
      "n2",
      "n3",
      "n4",
      "n5",
      "n6",
      "n7",
      "n8",
      "n11",
      "n9",
      "b1",
      "n10",
      "c1",
      "n12",
      "b2",
      "n13",
      "n14",
      "n15",
      "n15a",
      "n16",
      "n17",
      "n18",
      "n18a",
      "n19",
      "n20",
      "b3",
      "n22",
      "n23",
      "b4",
      "n25",
      "n26",
      "b5",
      "n28",
      "n29",
      "b6",
      "n31",
      "b7",
      "n32",
      "n33",
      "b8",
      "n35",
      "c_monitor_join",
      "n37",
      "b10",
      "n43",
      "n44",
      "c2",
      "n45",
      "n46",
      "b11",
      "n48",
      "n49",
      "b12",
      "n51",
      "n52",
      "b13",
      "n54",
      "n55",
      "b14",
      "n57",
      "n58",
      "b15",
      "n60",
      "b16",
      "n61",
      "n62",
      "b17",
      "n64",
      "n65",
      "b18",
      "c3",
      "n67",
      "e1"
    ],
    [
      "i1",
      "n1",
      "n2",
      "n3",
      "n4",
      "n5",
      "n6",
      "n7",
      "n8",
      "n11",
      "n9",
      "b1",
      "n10",
      "c1",
      "n12",
      "b2",
      "n13",
      "n14",
      "n15",
      "n15a",
      "n16",
      "n17",
      "n18",
      "n18a",
      "n19",
      "n20",
      "b3",
      "n22",
      "n23",
      "b4",
      "n25",
      "n26",
      "b5",
      "n28",
      "n29",
      "b6",
      "n31",
      "b7",
      "n32",
      "n33",
      "b8",
      "n35",
      "c_monitor_join",
      "n37",
      "b10",
      "n43",
      "n44",
      "c2",
      "n45",
      "n46",
      "b11",
      "n48",
      "n49",
      "b12",
      "n51",
      "n52",
      "b13",
      "n54",
      "n55",
      "b14",
      "n57",
      "n58",
      "b15",
      "n60",
      "b16",
      "c3",
      "n67",
      "e1"
    ],
    [
      "i1",
      "n1",
      "n2",
      "n3",
      "n4",
      "n5",
      "n6",
      "n7",
      "n8",
      "n11",
      "n9",
      "b1",
      "n10",
      "c1",
      "n12",
      "b2",
      "n13",
      "n14",
      "n15",
      "n15a",
      "n16",
      "n17",
      "n18",
      "n18a",
      "n19",
      "n20",
      "b3",
      "n22",
      "n23",
      "b4",
      "n25",
      "n26",
      "b5",
      "n28",
      "n29",
      "b6",
      "n31",
      "b7",
      "c_monitor_join",
      "n37",
      "b10",
      "n38",
      "n39",
      "n39a",
      "n40",
      "n41",
      "n42",
      "n42a",
      "c2",
      "n45",
      "n46",
      "b11",
      "n47",
      "n_sup47",
      "e47"
    ],
    [
      "i1",
      "n1",
      "n2",
      "n3",
      "n4",
      "n5",
      "n6",
      "n7",
      "n8",
      "n11",
      "n9",
      "b1",
      "n10",
      "c1",
      "n12",
      "b2",
      "n13",
      "n14",
      "n15",
      "n15a",
      "n16",
      "n17",
      "n18",
      "n18a",
      "n19",
      "n20",
      "b3",
      "n22",
      "n23",
      "b4",
      "n25",
      "n26",
      "b5",
      "n28",
      "n29",
      "b6",
      "n31",
      "b7",
      "c_monitor_join",
      "n37",
      "b10",
      "n38",
      "n39",
      "n39a",
      "n40",
      "n41",
      "n42",
      "n42a",
      "c2",
      "n45",
      "n46",
      "b11",
      "n48",
      "n49",
      "b12",
      "n50",
      "n_sup50",
      "e50"
    ],
    [
      "i1",
      "n1",
      "n2",
      "n3",
      "n4",
      "n5",
      "n6",
      "n7",
      "n8",
      "n11",
      "n9",
      "b1",
      "n10",
      "c1",
      "n12",
      "b2",
      "n13",
      "n14",
      "n15",
      "n15a",
      "n16",
      "n17",
      "n18",
      "n18a",
      "n19",
      "n20",
      "b3",
      "n22",
      "n23",
      "b4",
      "n25",
      "n26",
      "b5",
      "n28",
      "n29",
      "b6",
      "n31",
      "b7",
      "c_monitor_join",
      "n37",
      "b10",
      "n38",
      "n39",
      "n39a",
      "n40",
      "n41",
      "n42",
      "n42a",
      "c2",
      "n45",
      "n46",
      "b11",
      "n48",
      "n49",
      "b12",
      "n51",
      "n52",
      "b13",
      "n53",
      "n_sup53",
      "e53"
    ],
    [
      "i1",
      "n1",
      "n2",
      "n3",
      "n4",
      "n5",
      "n6",
      "n7",
      "n8",
      "n11",
      "n9",
      "b1",
      "n10",
      "c1",
      "n12",
      "b2",
      "n13",
      "n14",
      "n15",
      "n15a",
      "n16",
      "n17",
      "n18",
      "n18a",
      "n19",
      "n20",
      "b3",
      "n22",
      "n23",
      "b4",
      "n25",
      "n26",
      "b5",
      "n28",
      "n29",
      "b6",
      "n31",
      "b7",
      "c_monitor_join",
      "n37",
      "b10",
      "n38",
      "n39",
      "n39a",
      "n40",
      "n41",
      "n42",
      "n42a",
      "c2",
      "n45",
      "n46",
      "b11",
      "n48",
      "n49",
      "b12",
      "n51",
      "n52",
      "b13",
      "n54",
      "n55",
      "b14",
      "n56",
      "n_sup56",
      "e56"
    ],
    [
      "i1",
      "n1",
      "n2",
      "n3",
      "n4",
      "n5",
      "n6",
      "n7",
      "n8",
      "n11",
      "n9",
      "b1",
      "n10",
      "c1",
      "n12",
      "b2",
      "n13",
      "n14",
      "n15",
      "n15a",
      "n16",
      "n17",
      "n18",
      "n18a",
      "n19",
      "n20",
      "b3",
      "n22",
      "n23",
      "b4",
      "n25",
      "n26",
      "b5",
      "n28",
      "n29",
      "b6",
      "n31",
      "b7",
      "c_monitor_join",
      "n37",
      "b10",
      "n38",
      "n39",
      "n39a",
      "n40",
      "n41",
      "n42",
      "n42a",
      "c2",
      "n45",
      "n46",
      "b11",
      "n48",
      "n49",
      "b12",
      "n51",
      "n52",
      "b13",
      "n54",
      "n55",
      "b14",
      "n57",
      "n58",
      "b15",
      "n59",
      "n_sup59",
      "e59"
    ],
    [
      "i1",
      "n1",
      "n2",
      "n3",
      "n4",
      "n5",
      "n6",
      "n7",
      "n8",
      "n11",
      "n9",
      "b1",
      "n10",
      "c1",
      "n12",
      "b2",
      "n13",
      "n14",
      "n15",
      "n15a",
      "n16",
      "n17",
      "n18",
      "n18a",
      "n19",
      "n20",
      "b3",
      "n22",
      "n23",
      "b4",
      "n25",
      "n26",
      "b5",
      "n28",
      "n29",
      "b6",
      "n31",
      "b7",
      "c_monitor_join",
      "n37",
      "b10",
      "n38",
      "n39",
      "n39a",
      "n40",
      "n41",
      "n42",
      "n42a",
      "c2",
      "n45",
      "n46",
      "b11",
      "n48",
      "n49",
      "b12",
      "n51",
      "n52",
      "b13",
      "n54",
      "n55",
      "b14",
      "n57",
      "n58",
      "b15",
      "n60",
      "b16",
      "n61",
      "n62",
      "b17",
      "n63",
      "n_sup63",
      "e63"
    ],
    [
      "i1",
      "n1",
      "n2",
      "n3",
      "n4",
      "n5",
      "n6",
      "n7",
      "n8",
      "n11",
      "n9",
      "b1",
      "n10",
      "c1",
      "n12",
      "b2",
      "n13",
      "n14",
      "n15",
      "n15a",
      "n16",
      "n17",
      "n18",
      "n18a",
      "n19",
      "n20",
      "b3",
      "n22",
      "n23",
      "b4",
      "n25",
      "n26",
      "b5",
      "n28",
      "n29",
      "b6",
      "n31",
      "b7",
      "c_monitor_join",
      "n37",
      "b10",
      "n38",
      "n39",
      "n39a",
      "n40",
      "n41",
      "n42",
      "n42a",
      "c2",
      "n45",
      "n46",
      "b11",
      "n48",
      "n49",
      "b12",
      "n51",
      "n52",
      "b13",
      "n54",
      "n55",
      "b14",
      "n57",
      "n58",
      "b15",
      "n60",
      "b16",
      "n61",
      "n62",
      "b17",
      "n64",
      "n65",
      "b18",
      "n66",
      "n_sup66",
      "e66"
    ],
    [
      "i1",
      "n1",
      "n2",
      "n3",
      "n4",
      "n5",
      "n6",
      "n7",
      "n8",
      "n11",
      "n9",
      "b1",
      "n10",
      "c1",
      "n12",
      "b2",
      "n13",
      "n14",
      "n15",
      "n15a",
      "n16",
      "n17",
      "n18",
      "n18a",
      "n19",
      "n20",
      "b3",
      "n22",
      "n23",
      "b4",
      "n25",
      "n26",
      "b5",
      "n28",
      "n29",
      "b6",
      "n31",
      "b7",
      "c_monitor_join",
      "n37",
      "b10",
      "n38",
      "n39",
      "n39a",
      "n40",
      "n41",
      "n42",
      "n42a",
      "c2",
      "n45",
      "n46",
      "b11",
      "n48",
      "n49",
      "b12",
      "n51",
      "n52",
      "b13",
      "n54",
      "n55",
      "b14",
      "n57",
      "n58",
      "b15",
      "n60",
      "b16",
      "n61",
      "n62",
      "b17",
      "n64",
      "n65",
      "b18",
      "c3",
      "n67",
      "e1"
    ],
    [
      "i1",
      "n1",
      "n2",
      "n3",
      "n4",
      "n5",
      "n6",
      "n7",
      "n8",
      "n11",
      "n9",
      "b1",
      "n10",
      "c1",
      "n12",
      "b2",
      "n13",
      "n14",
      "n15",
      "n15a",
      "n16",
      "n17",
      "n18",
      "n18a",
      "n19",
      "n20",
      "b3",
      "n22",
      "n23",
      "b4",
      "n25",
      "n26",
      "b5",
      "n28",
      "n29",
      "b6",
      "n31",
      "b7",
      "c_monitor_join",
      "n37",
      "b10",
      "n38",
      "n39",
      "n39a",
      "n40",
      "n41",
      "n42",
      "n42a",
      "c2",
      "n45",
      "n46",
      "b11",
      "n48",
      "n49",
      "b12",
      "n51",
      "n52",
      "b13",
      "n54",
      "n55",
      "b14",
      "n57",
      "n58",
      "b15",
      "n60",
      "b16",
      "c3",
      "n67",
      "e1"
    ],
    [
      "i1",
      "n1",
      "n2",
      "n3",
      "n4",
      "n5",
      "n6",
      "n7",
      "n8",
      "n11",
      "n9",
      "b1",
      "n10",
      "c1",
      "n12",
      "b2",
      "n13",
      "n14",
      "n15",
      "n15a",
      "n16",
      "n17",
      "n18",
      "n18a",
      "n19",
      "n20",
      "b3",
      "n22",
      "n23",
      "b4",
      "n25",
      "n26",
      "b5",
      "n28",
      "n29",
      "b6",
      "n31",
      "b7",
      "c_monitor_join",
      "n37",
      "b10",
      "n43",
      "n44",
      "c2",
      "n45",
      "n46",
      "b11",
      "n47",
      "n_sup47",
      "e47"
    ],
    [
      "i1",
      "n1",
      "n2",
      "n3",
      "n4",
      "n5",
      "n6",
      "n7",
      "n8",
      "n11",
      "n9",
      "b1",
      "n10",
      "c1",
      "n12",
      "b2",
      "n13",
      "n14",
      "n15",
      "n15a",
      "n16",
      "n17",
      "n18",
      "n18a",
      "n19",
      "n20",
      "b3",
      "n22",
      "n23",
      "b4",
      "n25",
      "n26",
      "b5",
      "n28",
      "n29",
      "b6",
      "n31",
      "b7",
      "c_monitor_join",
      "n37",
      "b10",
      "n43",
      "n44",
      "c2",
      "n45",
      "n46",
      "b11",
      "n48",
      "n49",
      "b12",
      "n50",
      "n_sup50",
      "e50"
    ],
    [
      "i1",
      "n1",
      "n2",
      "n3",
      "n4",
      "n5",
      "n6",
      "n7",
      "n8",
      "n11",
      "n9",
      "b1",
      "n10",
      "c1",
      "n12",
      "b2",
      "n13",
      "n14",
      "n15",
      "n15a",
      "n16",
      "n17",
      "n18",
      "n18a",
      "n19",
      "n20",
      "b3",
      "n22",
      "n23",
      "b4",
      "n25",
      "n26",
      "b5",
      "n28",
      "n29",
      "b6",
      "n31",
      "b7",
      "c_monitor_join",
      "n37",
      "b10",
      "n43",
      "n44",
      "c2",
      "n45",
      "n46",
      "b11",
      "n48",
      "n49",
      "b12",
      "n51",
      "n52",
      "b13",
      "n53",
      "n_sup53",
      "e53"
    ],
    [
      "i1",
      "n1",
      "n2",
      "n3",
      "n4",
      "n5",
      "n6",
      "n7",
      "n8",
      "n11",
      "n9",
      "b1",
      "n10",
      "c1",
      "n12",
      "b2",
      "n13",
      "n14",
      "n15",
      "n15a",
      "n16",
      "n17",
      "n18",
      "n18a",
      "n19",
      "n20",
      "b3",
      "n22",
      "n23",
      "b4",
      "n25",
      "n26",
      "b5",
      "n28",
      "n29",
      "b6",
      "n31",
      "b7",
      "c_monitor_join",
      "n37",
      "b10",
      "n43",
      "n44",
      "c2",
      "n45",
      "n46",
      "b11",
      "n48",
      "n49",
      "b12",
      "n51",
      "n52",
      "b13",
      "n54",
      "n55",
      "b14",
      "n56",
      "n_sup56",
      "e56"
    ],
    [
      "i1",
      "n1",
      "n2",
      "n3",
      "n4",
      "n5",
      "n6",
      "n7",
      "n8",
      "n11",
      "n9",
      "b1",
      "n10",
      "c1",
      "n12",
      "b2",
      "n13",
      "n14",
      "n15",
      "n15a",
      "n16",
      "n17",
      "n18",
      "n18a",
      "n19",
      "n20",
      "b3",
      "n22",
      "n23",
      "b4",
      "n25",
      "n26",
      "b5",
      "n28",
      "n29",
      "b6",
      "n31",
      "b7",
      "c_monitor_join",
      "n37",
      "b10",
      "n43",
      "n44",
      "c2",
      "n45",
      "n46",
      "b11",
      "n48",
      "n49",
      "b12",
      "n51",
      "n52",
      "b13",
      "n54",
      "n55",
      "b14",
      "n57",
      "n58",
      "b15",
      "n59",
      "n_sup59",
      "e59"
    ],
    [
      "i1",
      "n1",
      "n2",
      "n3",
      "n4",
      "n5",
      "n6",
      "n7",
      "n8",
      "n11",
      "n9",
      "b1",
      "n10",
      "c1",
      "n12",
      "b2",
      "n13",
      "n14",
      "n15",
      "n15a",
      "n16",
      "n17",
      "n18",
      "n18a",
      "n19",
      "n20",
      "b3",
      "n22",
      "n23",
      "b4",
      "n25",
      "n26",
      "b5",
      "n28",
      "n29",
      "b6",
      "n31",
      "b7",
      "c_monitor_join",
      "n37",
      "b10",
      "n43",
      "n44",
      "c2",
      "n45",
      "n46",
      "b11",
      "n48",
      "n49",
      "b12",
      "n51",
      "n52",
      "b13",
      "n54",
      "n55",
      "b14",
      "n57",
      "n58",
      "b15",
      "n60",
      "b16",
      "n61",
      "n62",
      "b17",
      "n63",
      "n_sup63",
      "e63"
    ],
    [
      "i1",
      "n1",
      "n2",
      "n3",
      "n4",
      "n5",
      "n6",
      "n7",
      "n8",
      "n11",
      "n9",
      "b1",
      "n10",
      "c1",
      "n12",
      "b2",
      "n13",
      "n14",
      "n15",
      "n15a",
      "n16",
      "n17",
      "n18",
      "n18a",
      "n19",
      "n20",
      "b3",
      "n22",
      "n23",
      "b4",
      "n25",
      "n26",
      "b5",
      "n28",
      "n29",
      "b6",
      "n31",
      "b7",
      "c_monitor_join",
      "n37",
      "b10",
      "n43",
      "n44",
      "c2",
      "n45",
      "n46",
      "b11",
      "n48",
      "n49",
      "b12",
      "n51",
      "n52",
      "b13",
      "n54",
      "n55",
      "b14",
      "n57",
      "n58",
      "b15",
      "n60",
      "b16",
      "n61",
      "n62",
      "b17",
      "n64",
      "n65",
      "b18",
      "n66",
      "n_sup66",
      "e66"
    ],
    [
      "i1",
      "n1",
      "n2",
      "n3",
      "n4",
      "n5",
      "n6",
      "n7",
      "n8",
      "n11",
      "n9",
      "b1",
      "n10",
      "c1",
      "n12",
      "b2",
      "n13",
      "n14",
      "n15",
      "n15a",
      "n16",
      "n17",
      "n18",
      "n18a",
      "n19",
      "n20",
      "b3",
      "n22",
      "n23",
      "b4",
      "n25",
      "n26",
      "b5",
      "n28",
      "n29",
      "b6",
      "n31",
      "b7",
      "c_monitor_join",
      "n37",
      "b10",
      "n43",
      "n44",
      "c2",
      "n45",
      "n46",
      "b11",
      "n48",
      "n49",
      "b12",
      "n51",
      "n52",
      "b13",
      "n54",
      "n55",
      "b14",
      "n57",
      "n58",
      "b15",
      "n60",
      "b16",
      "n61",
      "n62",
      "b17",
      "n64",
      "n65",
      "b18",
      "c3",
      "n67",
      "e1"
    ],
    [
      "i1",
      "n1",
      "n2",
      "n3",
      "n4",
      "n5",
      "n6",
      "n7",
      "n8",
      "n11",
      "n9",
      "b1",
      "n10",
      "c1",
      "n12",
      "b2",
      "n13",
      "n14",
      "n15",
      "n15a",
      "n16",
      "n17",
      "n18",
      "n18a",
      "n19",
      "n20",
      "b3",
      "n22",
      "n23",
      "b4",
      "n25",
      "n26",
      "b5",
      "n28",
      "n29",
      "b6",
      "n31",
      "b7",
      "c_monitor_join",
      "n37",
      "b10",
      "n43",
      "n44",
      "c2",
      "n45",
      "n46",
      "b11",
      "n48",
      "n49",
      "b12",
      "n51",
      "n52",
      "b13",
      "n54",
      "n55",
      "b14",
      "n57",
      "n58",
      "b15",
      "n60",
      "b16",
      "c3",
      "n67",
      "e1"
    ],
    [
      "i1",
      "n1",
      "n2",
      "n3",
      "n4",
      "n5",
      "n6",
      "n7",
      "n8",
      "n11",
      "n9",
      "b1",
      "n10",
      "c1",
      "n12",
      "b2",
      "c_monitor_join",
      "n37",
      "b10",
      "n38",
      "n39",
      "n39a",
      "n40",
      "n41",
      "n42",
      "n42a",
      "c2",
      "n45",
      "n46",
      "b11",
      "n47",
      "n_sup47",
      "e47"
    ],
    [
      "i1",
      "n1",
      "n2",
      "n3",
      "n4",
      "n5",
      "n6",
      "n7",
      "n8",
      "n11",
      "n9",
      "b1",
      "n10",
      "c1",
      "n12",
      "b2",
      "c_monitor_join",
      "n37",
      "b10",
      "n38",
      "n39",
      "n39a",
      "n40",
      "n41",
      "n42",
      "n42a",
      "c2",
      "n45",
      "n46",
      "b11",
      "n48",
      "n49",
      "b12",
      "n50",
      "n_sup50",
      "e50"
    ],
    [
      "i1",
      "n1",
      "n2",
      "n3",
      "n4",
      "n5",
      "n6",
      "n7",
      "n8",
      "n11",
      "n9",
      "b1",
      "n10",
      "c1",
      "n12",
      "b2",
      "c_monitor_join",
      "n37",
      "b10",
      "n38",
      "n39",
      "n39a",
      "n40",
      "n41",
      "n42",
      "n42a",
      "c2",
      "n45",
      "n46",
      "b11",
      "n48",
      "n49",
      "b12",
      "n51",
      "n52",
      "b13",
      "n53",
      "n_sup53",
      "e53"
    ],
    [
      "i1",
      "n1",
      "n2",
      "n3",
      "n4",
      "n5",
      "n6",
      "n7",
      "n8",
      "n11",
      "n9",
      "b1",
      "n10",
      "c1",
      "n12",
      "b2",
      "c_monitor_join",
      "n37",
      "b10",
      "n38",
      "n39",
      "n39a",
      "n40",
      "n41",
      "n42",
      "n42a",
      "c2",
      "n45",
      "n46",
      "b11",
      "n48",
      "n49",
      "b12",
      "n51",
      "n52",
      "b13",
      "n54",
      "n55",
      "b14",
      "n56",
      "n_sup56",
      "e56"
    ],
    [
      "i1",
      "n1",
      "n2",
      "n3",
      "n4",
      "n5",
      "n6",
      "n7",
      "n8",
      "n11",
      "n9",
      "b1",
      "n10",
      "c1",
      "n12",
      "b2",
      "c_monitor_join",
      "n37",
      "b10",
      "n38",
      "n39",
      "n39a",
      "n40",
      "n41",
      "n42",
      "n42a",
      "c2",
      "n45",
      "n46",
      "b11",
      "n48",
      "n49",
      "b12",
      "n51",
      "n52",
      "b13",
      "n54",
      "n55",
      "b14",
      "n57",
      "n58",
      "b15",
      "n59",
      "n_sup59",
      "e59"
    ],
    [
      "i1",
      "n1",
      "n2",
      "n3",
      "n4",
      "n5",
      "n6",
      "n7",
      "n8",
      "n11",
      "n9",
      "b1",
      "n10",
      "c1",
      "n12",
      "b2",
      "c_monitor_join",
      "n37",
      "b10",
      "n38",
      "n39",
      "n39a",
      "n40",
      "n41",
      "n42",
      "n42a",
      "c2",
      "n45",
      "n46",
      "b11",
      "n48",
      "n49",
      "b12",
      "n51",
      "n52",
      "b13",
      "n54",
      "n55",
      "b14",
      "n57",
      "n58",
      "b15",
      "n60",
      "b16",
      "n61",
      "n62",
      "b17",
      "n63",
      "n_sup63",
      "e63"
    ],
    [
      "i1",
      "n1",
      "n2",
      "n3",
      "n4",
      "n5",
      "n6",
      "n7",
      "n8",
      "n11",
      "n9",
      "b1",
      "n10",
      "c1",
      "n12",
      "b2",
      "c_monitor_join",
      "n37",
      "b10",
      "n38",
      "n39",
      "n39a",
      "n40",
      "n41",
      "n42",
      "n42a",
      "c2",
      "n45",
      "n46",
      "b11",
      "n48",
      "n49",
      "b12",
      "n51",
      "n52",
      "b13",
      "n54",
      "n55",
      "b14",
      "n57",
      "n58",
      "b15",
      "n60",
      "b16",
      "n61",
      "n62",
      "b17",
      "n64",
      "n65",
      "b18",
      "n66",
      "n_sup66",
      "e66"
    ],
    [
      "i1",
      "n1",
      "n2",
      "n3",
      "n4",
      "n5",
      "n6",
      "n7",
      "n8",
      "n11",
      "n9",
      "b1",
      "n10",
      "c1",
      "n12",
      "b2",
      "c_monitor_join",
      "n37",
      "b10",
      "n38",
      "n39",
      "n39a",
      "n40",
      "n41",
      "n42",
      "n42a",
      "c2",
      "n45",
      "n46",
      "b11",
      "n48",
      "n49",
      "b12",
      "n51",
      "n52",
      "b13",
      "n54",
      "n55",
      "b14",
      "n57",
      "n58",
      "b15",
      "n60",
      "b16",
      "n61",
      "n62",
      "b17",
      "n64",
      "n65",
      "b18",
      "c3",
      "n67",
      "e1"
    ],
    [
      "i1",
      "n1",
      "n2",
      "n3",
      "n4",
      "n5",
      "n6",
      "n7",
      "n8",
      "n11",
      "n9",
      "b1",
      "n10",
      "c1",
      "n12",
      "b2",
      "c_monitor_join",
      "n37",
      "b10",
      "n38",
      "n39",
      "n39a",
      "n40",
      "n41",
      "n42",
      "n42a",
      "c2",
      "n45",
      "n46",
      "b11",
      "n48",
      "n49",
      "b12",
      "n51",
      "n52",
      "b13",
      "n54",
      "n55",
      "b14",
      "n57",
      "n58",
      "b15",
      "n60",
      "b16",
      "c3",
      "n67",
      "e1"
    ],
    [
      "i1",
      "n1",
      "n2",
      "n3",
      "n4",
      "n5",
      "n6",
      "n7",
      "n8",
      "n11",
      "n9",
      "b1",
      "n10",
      "c1",
      "n12",
      "b2",
      "c_monitor_join",
      "n37",
      "b10",
      "n43",
      "n44",
      "c2",
      "n45",
      "n46",
      "b11",
      "n47",
      "n_sup47",
      "e47"
    ],
    [
      "i1",
      "n1",
      "n2",
      "n3",
      "n4",
      "n5",
      "n6",
      "n7",
      "n8",
      "n11",
      "n9",
      "b1",
      "n10",
      "c1",
      "n12",
      "b2",
      "c_monitor_join",
      "n37",
      "b10",
      "n43",
      "n44",
      "c2",
      "n45",
      "n46",
      "b11",
      "n48",
      "n49",
      "b12",
      "n50",
      "n_sup50",
      "e50"
    ],
    [
      "i1",
      "n1",
      "n2",
      "n3",
      "n4",
      "n5",
      "n6",
      "n7",
      "n8",
      "n11",
      "n9",
      "b1",
      "n10",
      "c1",
      "n12",
      "b2",
      "c_monitor_join",
      "n37",
      "b10",
      "n43",
      "n44",
      "c2",
      "n45",
      "n46",
      "b11",
      "n48",
      "n49",
      "b12",
      "n51",
      "n52",
      "b13",
      "n53",
      "n_sup53",
      "e53"
    ],
    [
      "i1",
      "n1",
      "n2",
      "n3",
      "n4",
      "n5",
      "n6",
      "n7",
      "n8",
      "n11",
      "n9",
      "b1",
      "n10",
      "c1",
      "n12",
      "b2",
      "c_monitor_join",
      "n37",
      "b10",
      "n43",
      "n44",
      "c2",
      "n45",
      "n46",
      "b11",
      "n48",
      "n49",
      "b12",
      "n51",
      "n52",
      "b13",
      "n54",
      "n55",
      "b14",
      "n56",
      "n_sup56",
      "e56"
    ],
    [
      "i1",
      "n1",
      "n2",
      "n3",
      "n4",
      "n5",
      "n6",
      "n7",
      "n8",
      "n11",
      "n9",
      "b1",
      "n10",
      "c1",
      "n12",
      "b2",
      "c_monitor_join",
      "n37",
      "b10",
      "n43",
      "n44",
      "c2",
      "n45",
      "n46",
      "b11",
      "n48",
      "n49",
      "b12",
      "n51",
      "n52",
      "b13",
      "n54",
      "n55",
      "b14",
      "n57",
      "n58",
      "b15",
      "n59",
      "n_sup59",
      "e59"
    ],
    [
      "i1",
      "n1",
      "n2",
      "n3",
      "n4",
      "n5",
      "n6",
      "n7",
      "n8",
      "n11",
      "n9",
      "b1",
      "n10",
      "c1",
      "n12",
      "b2",
      "c_monitor_join",
      "n37",
      "b10",
      "n43",
      "n44",
      "c2",
      "n45",
      "n46",
      "b11",
      "n48",
      "n49",
      "b12",
      "n51",
      "n52",
      "b13",
      "n54",
      "n55",
      "b14",
      "n57",
      "n58",
      "b15",
      "n60",
      "b16",
      "n61",
      "n62",
      "b17",
      "n63",
      "n_sup63",
      "e63"
    ],
    [
      "i1",
      "n1",
      "n2",
      "n3",
      "n4",
      "n5",
      "n6",
      "n7",
      "n8",
      "n11",
      "n9",
      "b1",
      "n10",
      "c1",
      "n12",
      "b2",
      "c_monitor_join",
      "n37",
      "b10",
      "n43",
      "n44",
      "c2",
      "n45",
      "n46",
      "b11",
      "n48",
      "n49",
      "b12",
      "n51",
      "n52",
      "b13",
      "n54",
      "n55",
      "b14",
      "n57",
      "n58",
      "b15",
      "n60",
      "b16",
      "n61",
      "n62",
      "b17",
      "n64",
      "n65",
      "b18",
      "n66",
      "n_sup66",
      "e66"
    ],
    [
      "i1",
      "n1",
      "n2",
      "n3",
      "n4",
      "n5",
      "n6",
      "n7",
      "n8",
      "n11",
      "n9",
      "b1",
      "n10",
      "c1",
      "n12",
      "b2",
      "c_monitor_join",
      "n37",
      "b10",
      "n43",
      "n44",
      "c2",
      "n45",
      "n46",
      "b11",
      "n48",
      "n49",
      "b12",
      "n51",
      "n52",
      "b13",
      "n54",
      "n55",
      "b14",
      "n57",
      "n58",
      "b15",
      "n60",
      "b16",
      "n61",
      "n62",
      "b17",
      "n64",
      "n65",
      "b18",
      "c3",
      "n67",
      "e1"
    ],
    [
      "i1",
      "n1",
      "n2",
      "n3",
      "n4",
      "n5",
      "n6",
      "n7",
      "n8",
      "n11",
      "n9",
      "b1",
      "n10",
      "c1",
      "n12",
      "b2",
      "c_monitor_join",
      "n37",
      "b10",
      "n43",
      "n44",
      "c2",
      "n45",
      "n46",
      "b11",
      "n48",
      "n49",
      "b12",
      "n51",
      "n52",
      "b13",
      "n54",
      "n55",
      "b14",
      "n57",
      "n58",
      "b15",
      "n60",
      "b16",
      "c3",
      "n67",
      "e1"
    ],
    [
      "i1",
      "n1",
      "n2",
      "n3",
      "n4",
      "n5",
      "n6",
      "n7",
      "n8",
      "n11",
      "n9",
      "b1",
      "c1",
      "n12",
      "b2",
      "n13",
      "n14",
      "n15",
      "n15a",
      "n16",
      "n17",
      "n18",
      "n18a",
      "n19",
      "n20",
      "b3",
      "n21",
      "n_sup21",
      "e21"
    ],
    [
      "i1",
      "n1",
      "n2",
      "n3",
      "n4",
      "n5",
      "n6",
      "n7",
      "n8",
      "n11",
      "n9",
      "b1",
      "c1",
      "n12",
      "b2",
      "n13",
      "n14",
      "n15",
      "n15a",
      "n16",
      "n17",
      "n18",
      "n18a",
      "n19",
      "n20",
      "b3",
      "n22",
      "n23",
      "b4",
      "n24",
      "n_sup24",
      "e24"
    ],
    [
      "i1",
      "n1",
      "n2",
      "n3",
      "n4",
      "n5",
      "n6",
      "n7",
      "n8",
      "n11",
      "n9",
      "b1",
      "c1",
      "n12",
      "b2",
      "n13",
      "n14",
      "n15",
      "n15a",
      "n16",
      "n17",
      "n18",
      "n18a",
      "n19",
      "n20",
      "b3",
      "n22",
      "n23",
      "b4",
      "n25",
      "n26",
      "b5",
      "n27",
      "n_sup27",
      "e27"
    ],
    [
      "i1",
      "n1",
      "n2",
      "n3",
      "n4",
      "n5",
      "n6",
      "n7",
      "n8",
      "n11",
      "n9",
      "b1",
      "c1",
      "n12",
      "b2",
      "n13",
      "n14",
      "n15",
      "n15a",
      "n16",
      "n17",
      "n18",
      "n18a",
      "n19",
      "n20",
      "b3",
      "n22",
      "n23",
      "b4",
      "n25",
      "n26",
      "b5",
      "n28",
      "n29",
      "b6",
      "n30",
      "n_sup30",
      "e30"
    ],
    [
      "i1",
      "n1",
      "n2",
      "n3",
      "n4",
      "n5",
      "n6",
      "n7",
      "n8",
      "n11",
      "n9",
      "b1",
      "c1",
      "n12",
      "b2",
      "n13",
      "n14",
      "n15",
      "n15a",
      "n16",
      "n17",
      "n18",
      "n18a",
      "n19",
      "n20",
      "b3",
      "n22",
      "n23",
      "b4",
      "n25",
      "n26",
      "b5",
      "n28",
      "n29",
      "b6",
      "n31",
      "b7",
      "n32",
      "n33",
      "b8",
      "n34",
      "n_sup34",
      "e34"
    ],
    [
      "i1",
      "n1",
      "n2",
      "n3",
      "n4",
      "n5",
      "n6",
      "n7",
      "n8",
      "n11",
      "n9",
      "b1",
      "c1",
      "n12",
      "b2",
      "n13",
      "n14",
      "n15",
      "n15a",
      "n16",
      "n17",
      "n18",
      "n18a",
      "n19",
      "n20",
      "b3",
      "n22",
      "n23",
      "b4",
      "n25",
      "n26",
      "b5",
      "n28",
      "n29",
      "b6",
      "n31",
      "b7",
      "n32",
      "n33",
      "b8",
      "n35",
      "c_monitor_join",
      "n37",
      "b10",
      "n38",
      "n39",
      "n39a",
      "n40",
      "n41",
      "n42",
      "n42a",
      "c2",
      "n45",
      "n46",
      "b11",
      "n47",
      "n_sup47",
      "e47"
    ],
    [
      "i1",
      "n1",
      "n2",
      "n3",
      "n4",
      "n5",
      "n6",
      "n7",
      "n8",
      "n11",
      "n9",
      "b1",
      "c1",
      "n12",
      "b2",
      "n13",
      "n14",
      "n15",
      "n15a",
      "n16",
      "n17",
      "n18",
      "n18a",
      "n19",
      "n20",
      "b3",
      "n22",
      "n23",
      "b4",
      "n25",
      "n26",
      "b5",
      "n28",
      "n29",
      "b6",
      "n31",
      "b7",
      "n32",
      "n33",
      "b8",
      "n35",
      "c_monitor_join",
      "n37",
      "b10",
      "n38",
      "n39",
      "n39a",
      "n40",
      "n41",
      "n42",
      "n42a",
      "c2",
      "n45",
      "n46",
      "b11",
      "n48",
      "n49",
      "b12",
      "n50",
      "n_sup50",
      "e50"
    ],
    [
      "i1",
      "n1",
      "n2",
      "n3",
      "n4",
      "n5",
      "n6",
      "n7",
      "n8",
      "n11",
      "n9",
      "b1",
      "c1",
      "n12",
      "b2",
      "n13",
      "n14",
      "n15",
      "n15a",
      "n16",
      "n17",
      "n18",
      "n18a",
      "n19",
      "n20",
      "b3",
      "n22",
      "n23",
      "b4",
      "n25",
      "n26",
      "b5",
      "n28",
      "n29",
      "b6",
      "n31",
      "b7",
      "n32",
      "n33",
      "b8",
      "n35",
      "c_monitor_join",
      "n37",
      "b10",
      "n38",
      "n39",
      "n39a",
      "n40",
      "n41",
      "n42",
      "n42a",
      "c2",
      "n45",
      "n46",
      "b11",
      "n48",
      "n49",
      "b12",
      "n51",
      "n52",
      "b13",
      "n53",
      "n_sup53",
      "e53"
    ],
    [
      "i1",
      "n1",
      "n2",
      "n3",
      "n4",
      "n5",
      "n6",
      "n7",
      "n8",
      "n11",
      "n9",
      "b1",
      "c1",
      "n12",
      "b2",
      "n13",
      "n14",
      "n15",
      "n15a",
      "n16",
      "n17",
      "n18",
      "n18a",
      "n19",
      "n20",
      "b3",
      "n22",
      "n23",
      "b4",
      "n25",
      "n26",
      "b5",
      "n28",
      "n29",
      "b6",
      "n31",
      "b7",
      "n32",
      "n33",
      "b8",
      "n35",
      "c_monitor_join",
      "n37",
      "b10",
      "n38",
      "n39",
      "n39a",
      "n40",
      "n41",
      "n42",
      "n42a",
      "c2",
      "n45",
      "n46",
      "b11",
      "n48",
      "n49",
      "b12",
      "n51",
      "n52",
      "b13",
      "n54",
      "n55",
      "b14",
      "n56",
      "n_sup56",
      "e56"
    ],
    [
      "i1",
      "n1",
      "n2",
      "n3",
      "n4",
      "n5",
      "n6",
      "n7",
      "n8",
      "n11",
      "n9",
      "b1",
      "c1",
      "n12",
      "b2",
      "n13",
      "n14",
      "n15",
      "n15a",
      "n16",
      "n17",
      "n18",
      "n18a",
      "n19",
      "n20",
      "b3",
      "n22",
      "n23",
      "b4",
      "n25",
      "n26",
      "b5",
      "n28",
      "n29",
      "b6",
      "n31",
      "b7",
      "n32",
      "n33",
      "b8",
      "n35",
      "c_monitor_join",
      "n37",
      "b10",
      "n38",
      "n39",
      "n39a",
      "n40",
      "n41",
      "n42",
      "n42a",
      "c2",
      "n45",
      "n46",
      "b11",
      "n48",
      "n49",
      "b12",
      "n51",
      "n52",
      "b13",
      "n54",
      "n55",
      "b14",
      "n57",
      "n58",
      "b15",
      "n59",
      "n_sup59",
      "e59"
    ],
    [
      "i1",
      "n1",
      "n2",
      "n3",
      "n4",
      "n5",
      "n6",
      "n7",
      "n8",
      "n11",
      "n9",
      "b1",
      "c1",
      "n12",
      "b2",
      "n13",
      "n14",
      "n15",
      "n15a",
      "n16",
      "n17",
      "n18",
      "n18a",
      "n19",
      "n20",
      "b3",
      "n22",
      "n23",
      "b4",
      "n25",
      "n26",
      "b5",
      "n28",
      "n29",
      "b6",
      "n31",
      "b7",
      "n32",
      "n33",
      "b8",
      "n35",
      "c_monitor_join",
      "n37",
      "b10",
      "n38",
      "n39",
      "n39a",
      "n40",
      "n41",
      "n42",
      "n42a",
      "c2",
      "n45",
      "n46",
      "b11",
      "n48",
      "n49",
      "b12",
      "n51",
      "n52",
      "b13",
      "n54",
      "n55",
      "b14",
      "n57",
      "n58",
      "b15",
      "n60",
      "b16",
      "n61",
      "n62",
      "b17",
      "n63",
      "n_sup63",
      "e63"
    ],
    [
      "i1",
      "n1",
      "n2",
      "n3",
      "n4",
      "n5",
      "n6",
      "n7",
      "n8",
      "n11",
      "n9",
      "b1",
      "c1",
      "n12",
      "b2",
      "n13",
      "n14",
      "n15",
      "n15a",
      "n16",
      "n17",
      "n18",
      "n18a",
      "n19",
      "n20",
      "b3",
      "n22",
      "n23",
      "b4",
      "n25",
      "n26",
      "b5",
      "n28",
      "n29",
      "b6",
      "n31",
      "b7",
      "n32",
      "n33",
      "b8",
      "n35",
      "c_monitor_join",
      "n37",
      "b10",
      "n38",
      "n39",
      "n39a",
      "n40",
      "n41",
      "n42",
      "n42a",
      "c2",
      "n45",
      "n46",
      "b11",
      "n48",
      "n49",
      "b12",
      "n51",
      "n52",
      "b13",
      "n54",
      "n55",
      "b14",
      "n57",
      "n58",
      "b15",
      "n60",
      "b16",
      "n61",
      "n62",
      "b17",
      "n64",
      "n65",
      "b18",
      "n66",
      "n_sup66",
      "e66"
    ],
    [
      "i1",
      "n1",
      "n2",
      "n3",
      "n4",
      "n5",
      "n6",
      "n7",
      "n8",
      "n11",
      "n9",
      "b1",
      "c1",
      "n12",
      "b2",
      "n13",
      "n14",
      "n15",
      "n15a",
      "n16",
      "n17",
      "n18",
      "n18a",
      "n19",
      "n20",
      "b3",
      "n22",
      "n23",
      "b4",
      "n25",
      "n26",
      "b5",
      "n28",
      "n29",
      "b6",
      "n31",
      "b7",
      "n32",
      "n33",
      "b8",
      "n35",
      "c_monitor_join",
      "n37",
      "b10",
      "n38",
      "n39",
      "n39a",
      "n40",
      "n41",
      "n42",
      "n42a",
      "c2",
      "n45",
      "n46",
      "b11",
      "n48",
      "n49",
      "b12",
      "n51",
      "n52",
      "b13",
      "n54",
      "n55",
      "b14",
      "n57",
      "n58",
      "b15",
      "n60",
      "b16",
      "n61",
      "n62",
      "b17",
      "n64",
      "n65",
      "b18",
      "c3",
      "n67",
      "e1"
    ],
    [
      "i1",
      "n1",
      "n2",
      "n3",
      "n4",
      "n5",
      "n6",
      "n7",
      "n8",
      "n11",
      "n9",
      "b1",
      "c1",
      "n12",
      "b2",
      "n13",
      "n14",
      "n15",
      "n15a",
      "n16",
      "n17",
      "n18",
      "n18a",
      "n19",
      "n20",
      "b3",
      "n22",
      "n23",
      "b4",
      "n25",
      "n26",
      "b5",
      "n28",
      "n29",
      "b6",
      "n31",
      "b7",
      "n32",
      "n33",
      "b8",
      "n35",
      "c_monitor_join",
      "n37",
      "b10",
      "n38",
      "n39",
      "n39a",
      "n40",
      "n41",
      "n42",
      "n42a",
      "c2",
      "n45",
      "n46",
      "b11",
      "n48",
      "n49",
      "b12",
      "n51",
      "n52",
      "b13",
      "n54",
      "n55",
      "b14",
      "n57",
      "n58",
      "b15",
      "n60",
      "b16",
      "c3",
      "n67",
      "e1"
    ],
    [
      "i1",
      "n1",
      "n2",
      "n3",
      "n4",
      "n5",
      "n6",
      "n7",
      "n8",
      "n11",
      "n9",
      "b1",
      "c1",
      "n12",
      "b2",
      "n13",
      "n14",
      "n15",
      "n15a",
      "n16",
      "n17",
      "n18",
      "n18a",
      "n19",
      "n20",
      "b3",
      "n22",
      "n23",
      "b4",
      "n25",
      "n26",
      "b5",
      "n28",
      "n29",
      "b6",
      "n31",
      "b7",
      "n32",
      "n33",
      "b8",
      "n35",
      "c_monitor_join",
      "n37",
      "b10",
      "n43",
      "n44",
      "c2",
      "n45",
      "n46",
      "b11",
      "n47",
      "n_sup47",
      "e47"
    ],
    [
      "i1",
      "n1",
      "n2",
      "n3",
      "n4",
      "n5",
      "n6",
      "n7",
      "n8",
      "n11",
      "n9",
      "b1",
      "c1",
      "n12",
      "b2",
      "n13",
      "n14",
      "n15",
      "n15a",
      "n16",
      "n17",
      "n18",
      "n18a",
      "n19",
      "n20",
      "b3",
      "n22",
      "n23",
      "b4",
      "n25",
      "n26",
      "b5",
      "n28",
      "n29",
      "b6",
      "n31",
      "b7",
      "n32",
      "n33",
      "b8",
      "n35",
      "c_monitor_join",
      "n37",
      "b10",
      "n43",
      "n44",
      "c2",
      "n45",
      "n46",
      "b11",
      "n48",
      "n49",
      "b12",
      "n50",
      "n_sup50",
      "e50"
    ],
    [
      "i1",
      "n1",
      "n2",
      "n3",
      "n4",
      "n5",
      "n6",
      "n7",
      "n8",
      "n11",
      "n9",
      "b1",
      "c1",
      "n12",
      "b2",
      "n13",
      "n14",
      "n15",
      "n15a",
      "n16",
      "n17",
      "n18",
      "n18a",
      "n19",
      "n20",
      "b3",
      "n22",
      "n23",
      "b4",
      "n25",
      "n26",
      "b5",
      "n28",
      "n29",
      "b6",
      "n31",
      "b7",
      "n32",
      "n33",
      "b8",
      "n35",
      "c_monitor_join",
      "n37",
      "b10",
      "n43",
      "n44",
      "c2",
      "n45",
      "n46",
      "b11",
      "n48",
      "n49",
      "b12",
      "n51",
      "n52",
      "b13",
      "n53",
      "n_sup53",
      "e53"
    ],
    [
      "i1",
      "n1",
      "n2",
      "n3",
      "n4",
      "n5",
      "n6",
      "n7",
      "n8",
      "n11",
      "n9",
      "b1",
      "c1",
      "n12",
      "b2",
      "n13",
      "n14",
      "n15",
      "n15a",
      "n16",
      "n17",
      "n18",
      "n18a",
      "n19",
      "n20",
      "b3",
      "n22",
      "n23",
      "b4",
      "n25",
      "n26",
      "b5",
      "n28",
      "n29",
      "b6",
      "n31",
      "b7",
      "n32",
      "n33",
      "b8",
      "n35",
      "c_monitor_join",
      "n37",
      "b10",
      "n43",
      "n44",
      "c2",
      "n45",
      "n46",
      "b11",
      "n48",
      "n49",
      "b12",
      "n51",
      "n52",
      "b13",
      "n54",
      "n55",
      "b14",
      "n56",
      "n_sup56",
      "e56"
    ],
    [
      "i1",
      "n1",
      "n2",
      "n3",
      "n4",
      "n5",
      "n6",
      "n7",
      "n8",
      "n11",
      "n9",
      "b1",
      "c1",
      "n12",
      "b2",
      "n13",
      "n14",
      "n15",
      "n15a",
      "n16",
      "n17",
      "n18",
      "n18a",
      "n19",
      "n20",
      "b3",
      "n22",
      "n23",
      "b4",
      "n25",
      "n26",
      "b5",
      "n28",
      "n29",
      "b6",
      "n31",
      "b7",
      "n32",
      "n33",
      "b8",
      "n35",
      "c_monitor_join",
      "n37",
      "b10",
      "n43",
      "n44",
      "c2",
      "n45",
      "n46",
      "b11",
      "n48",
      "n49",
      "b12",
      "n51",
      "n52",
      "b13",
      "n54",
      "n55",
      "b14",
      "n57",
      "n58",
      "b15",
      "n59",
      "n_sup59",
      "e59"
    ],
    [
      "i1",
      "n1",
      "n2",
      "n3",
      "n4",
      "n5",
      "n6",
      "n7",
      "n8",
      "n11",
      "n9",
      "b1",
      "c1",
      "n12",
      "b2",
      "n13",
      "n14",
      "n15",
      "n15a",
      "n16",
      "n17",
      "n18",
      "n18a",
      "n19",
      "n20",
      "b3",
      "n22",
      "n23",
      "b4",
      "n25",
      "n26",
      "b5",
      "n28",
      "n29",
      "b6",
      "n31",
      "b7",
      "n32",
      "n33",
      "b8",
      "n35",
      "c_monitor_join",
      "n37",
      "b10",
      "n43",
      "n44",
      "c2",
      "n45",
      "n46",
      "b11",
      "n48",
      "n49",
      "b12",
      "n51",
      "n52",
      "b13",
      "n54",
      "n55",
      "b14",
      "n57",
      "n58",
      "b15",
      "n60",
      "b16",
      "n61",
      "n62",
      "b17",
      "n63",
      "n_sup63",
      "e63"
    ],
    [
      "i1",
      "n1",
      "n2",
      "n3",
      "n4",
      "n5",
      "n6",
      "n7",
      "n8",
      "n11",
      "n9",
      "b1",
      "c1",
      "n12",
      "b2",
      "n13",
      "n14",
      "n15",
      "n15a",
      "n16",
      "n17",
      "n18",
      "n18a",
      "n19",
      "n20",
      "b3",
      "n22",
      "n23",
      "b4",
      "n25",
      "n26",
      "b5",
      "n28",
      "n29",
      "b6",
      "n31",
      "b7",
      "n32",
      "n33",
      "b8",
      "n35",
      "c_monitor_join",
      "n37",
      "b10",
      "n43",
      "n44",
      "c2",
      "n45",
      "n46",
      "b11",
      "n48",
      "n49",
      "b12",
      "n51",
      "n52",
      "b13",
      "n54",
      "n55",
      "b14",
      "n57",
      "n58",
      "b15",
      "n60",
      "b16",
      "n61",
      "n62",
      "b17",
      "n64",
      "n65",
      "b18",
      "n66",
      "n_sup66",
      "e66"
    ],
    [
      "i1",
      "n1",
      "n2",
      "n3",
      "n4",
      "n5",
      "n6",
      "n7",
      "n8",
      "n11",
      "n9",
      "b1",
      "c1",
      "n12",
      "b2",
      "n13",
      "n14",
      "n15",
      "n15a",
      "n16",
      "n17",
      "n18",
      "n18a",
      "n19",
      "n20",
      "b3",
      "n22",
      "n23",
      "b4",
      "n25",
      "n26",
      "b5",
      "n28",
      "n29",
      "b6",
      "n31",
      "b7",
      "n32",
      "n33",
      "b8",
      "n35",
      "c_monitor_join",
      "n37",
      "b10",
      "n43",
      "n44",
      "c2",
      "n45",
      "n46",
      "b11",
      "n48",
      "n49",
      "b12",
      "n51",
      "n52",
      "b13",
      "n54",
      "n55",
      "b14",
      "n57",
      "n58",
      "b15",
      "n60",
      "b16",
      "n61",
      "n62",
      "b17",
      "n64",
      "n65",
      "b18",
      "c3",
      "n67",
      "e1"
    ],
    [
      "i1",
      "n1",
      "n2",
      "n3",
      "n4",
      "n5",
      "n6",
      "n7",
      "n8",
      "n11",
      "n9",
      "b1",
      "c1",
      "n12",
      "b2",
      "n13",
      "n14",
      "n15",
      "n15a",
      "n16",
      "n17",
      "n18",
      "n18a",
      "n19",
      "n20",
      "b3",
      "n22",
      "n23",
      "b4",
      "n25",
      "n26",
      "b5",
      "n28",
      "n29",
      "b6",
      "n31",
      "b7",
      "n32",
      "n33",
      "b8",
      "n35",
      "c_monitor_join",
      "n37",
      "b10",
      "n43",
      "n44",
      "c2",
      "n45",
      "n46",
      "b11",
      "n48",
      "n49",
      "b12",
      "n51",
      "n52",
      "b13",
      "n54",
      "n55",
      "b14",
      "n57",
      "n58",
      "b15",
      "n60",
      "b16",
      "c3",
      "n67",
      "e1"
    ],
    [
      "i1",
      "n1",
      "n2",
      "n3",
      "n4",
      "n5",
      "n6",
      "n7",
      "n8",
      "n11",
      "n9",
      "b1",
      "c1",
      "n12",
      "b2",
      "n13",
      "n14",
      "n15",
      "n15a",
      "n16",
      "n17",
      "n18",
      "n18a",
      "n19",
      "n20",
      "b3",
      "n22",
      "n23",
      "b4",
      "n25",
      "n26",
      "b5",
      "n28",
      "n29",
      "b6",
      "n31",
      "b7",
      "c_monitor_join",
      "n37",
      "b10",
      "n38",
      "n39",
      "n39a",
      "n40",
      "n41",
      "n42",
      "n42a",
      "c2",
      "n45",
      "n46",
      "b11",
      "n47",
      "n_sup47",
      "e47"
    ],
    [
      "i1",
      "n1",
      "n2",
      "n3",
      "n4",
      "n5",
      "n6",
      "n7",
      "n8",
      "n11",
      "n9",
      "b1",
      "c1",
      "n12",
      "b2",
      "n13",
      "n14",
      "n15",
      "n15a",
      "n16",
      "n17",
      "n18",
      "n18a",
      "n19",
      "n20",
      "b3",
      "n22",
      "n23",
      "b4",
      "n25",
      "n26",
      "b5",
      "n28",
      "n29",
      "b6",
      "n31",
      "b7",
      "c_monitor_join",
      "n37",
      "b10",
      "n38",
      "n39",
      "n39a",
      "n40",
      "n41",
      "n42",
      "n42a",
      "c2",
      "n45",
      "n46",
      "b11",
      "n48",
      "n49",
      "b12",
      "n50",
      "n_sup50",
      "e50"
    ],
    [
      "i1",
      "n1",
      "n2",
      "n3",
      "n4",
      "n5",
      "n6",
      "n7",
      "n8",
      "n11",
      "n9",
      "b1",
      "c1",
      "n12",
      "b2",
      "n13",
      "n14",
      "n15",
      "n15a",
      "n16",
      "n17",
      "n18",
      "n18a",
      "n19",
      "n20",
      "b3",
      "n22",
      "n23",
      "b4",
      "n25",
      "n26",
      "b5",
      "n28",
      "n29",
      "b6",
      "n31",
      "b7",
      "c_monitor_join",
      "n37",
      "b10",
      "n38",
      "n39",
      "n39a",
      "n40",
      "n41",
      "n42",
      "n42a",
      "c2",
      "n45",
      "n46",
      "b11",
      "n48",
      "n49",
      "b12",
      "n51",
      "n52",
      "b13",
      "n53",
      "n_sup53",
      "e53"
    ],
    [
      "i1",
      "n1",
      "n2",
      "n3",
      "n4",
      "n5",
      "n6",
      "n7",
      "n8",
      "n11",
      "n9",
      "b1",
      "c1",
      "n12",
      "b2",
      "n13",
      "n14",
      "n15",
      "n15a",
      "n16",
      "n17",
      "n18",
      "n18a",
      "n19",
      "n20",
      "b3",
      "n22",
      "n23",
      "b4",
      "n25",
      "n26",
      "b5",
      "n28",
      "n29",
      "b6",
      "n31",
      "b7",
      "c_monitor_join",
      "n37",
      "b10",
      "n38",
      "n39",
      "n39a",
      "n40",
      "n41",
      "n42",
      "n42a",
      "c2",
      "n45",
      "n46",
      "b11",
      "n48",
      "n49",
      "b12",
      "n51",
      "n52",
      "b13",
      "n54",
      "n55",
      "b14",
      "n56",
      "n_sup56",
      "e56"
    ],
    [
      "i1",
      "n1",
      "n2",
      "n3",
      "n4",
      "n5",
      "n6",
      "n7",
      "n8",
      "n11",
      "n9",
      "b1",
      "c1",
      "n12",
      "b2",
      "n13",
      "n14",
      "n15",
      "n15a",
      "n16",
      "n17",
      "n18",
      "n18a",
      "n19",
      "n20",
      "b3",
      "n22",
      "n23",
      "b4",
      "n25",
      "n26",
      "b5",
      "n28",
      "n29",
      "b6",
      "n31",
      "b7",
      "c_monitor_join",
      "n37",
      "b10",
      "n38",
      "n39",
      "n39a",
      "n40",
      "n41",
      "n42",
      "n42a",
      "c2",
      "n45",
      "n46",
      "b11",
      "n48",
      "n49",
      "b12",
      "n51",
      "n52",
      "b13",
      "n54",
      "n55",
      "b14",
      "n57",
      "n58",
      "b15",
      "n59",
      "n_sup59",
      "e59"
    ],
    [
      "i1",
      "n1",
      "n2",
      "n3",
      "n4",
      "n5",
      "n6",
      "n7",
      "n8",
      "n11",
      "n9",
      "b1",
      "c1",
      "n12",
      "b2",
      "n13",
      "n14",
      "n15",
      "n15a",
      "n16",
      "n17",
      "n18",
      "n18a",
      "n19",
      "n20",
      "b3",
      "n22",
      "n23",
      "b4",
      "n25",
      "n26",
      "b5",
      "n28",
      "n29",
      "b6",
      "n31",
      "b7",
      "c_monitor_join",
      "n37",
      "b10",
      "n38",
      "n39",
      "n39a",
      "n40",
      "n41",
      "n42",
      "n42a",
      "c2",
      "n45",
      "n46",
      "b11",
      "n48",
      "n49",
      "b12",
      "n51",
      "n52",
      "b13",
      "n54",
      "n55",
      "b14",
      "n57",
      "n58",
      "b15",
      "n60",
      "b16",
      "n61",
      "n62",
      "b17",
      "n63",
      "n_sup63",
      "e63"
    ],
    [
      "i1",
      "n1",
      "n2",
      "n3",
      "n4",
      "n5",
      "n6",
      "n7",
      "n8",
      "n11",
      "n9",
      "b1",
      "c1",
      "n12",
      "b2",
      "n13",
      "n14",
      "n15",
      "n15a",
      "n16",
      "n17",
      "n18",
      "n18a",
      "n19",
      "n20",
      "b3",
      "n22",
      "n23",
      "b4",
      "n25",
      "n26",
      "b5",
      "n28",
      "n29",
      "b6",
      "n31",
      "b7",
      "c_monitor_join",
      "n37",
      "b10",
      "n38",
      "n39",
      "n39a",
      "n40",
      "n41",
      "n42",
      "n42a",
      "c2",
      "n45",
      "n46",
      "b11",
      "n48",
      "n49",
      "b12",
      "n51",
      "n52",
      "b13",
      "n54",
      "n55",
      "b14",
      "n57",
      "n58",
      "b15",
      "n60",
      "b16",
      "n61",
      "n62",
      "b17",
      "n64",
      "n65",
      "b18",
      "n66",
      "n_sup66",
      "e66"
    ],
    [
      "i1",
      "n1",
      "n2",
      "n3",
      "n4",
      "n5",
      "n6",
      "n7",
      "n8",
      "n11",
      "n9",
      "b1",
      "c1",
      "n12",
      "b2",
      "n13",
      "n14",
      "n15",
      "n15a",
      "n16",
      "n17",
      "n18",
      "n18a",
      "n19",
      "n20",
      "b3",
      "n22",
      "n23",
      "b4",
      "n25",
      "n26",
      "b5",
      "n28",
      "n29",
      "b6",
      "n31",
      "b7",
      "c_monitor_join",
      "n37",
      "b10",
      "n38",
      "n39",
      "n39a",
      "n40",
      "n41",
      "n42",
      "n42a",
      "c2",
      "n45",
      "n46",
      "b11",
      "n48",
      "n49",
      "b12",
      "n51",
      "n52",
      "b13",
      "n54",
      "n55",
      "b14",
      "n57",
      "n58",
      "b15",
      "n60",
      "b16",
      "n61",
      "n62",
      "b17",
      "n64",
      "n65",
      "b18",
      "c3",
      "n67",
      "e1"
    ],
    [
      "i1",
      "n1",
      "n2",
      "n3",
      "n4",
      "n5",
      "n6",
      "n7",
      "n8",
      "n11",
      "n9",
      "b1",
      "c1",
      "n12",
      "b2",
      "n13",
      "n14",
      "n15",
      "n15a",
      "n16",
      "n17",
      "n18",
      "n18a",
      "n19",
      "n20",
      "b3",
      "n22",
      "n23",
      "b4",
      "n25",
      "n26",
      "b5",
      "n28",
      "n29",
      "b6",
      "n31",
      "b7",
      "c_monitor_join",
      "n37",
      "b10",
      "n38",
      "n39",
      "n39a",
      "n40",
      "n41",
      "n42",
      "n42a",
      "c2",
      "n45",
      "n46",
      "b11",
      "n48",
      "n49",
      "b12",
      "n51",
      "n52",
      "b13",
      "n54",
      "n55",
      "b14",
      "n57",
      "n58",
      "b15",
      "n60",
      "b16",
      "c3",
      "n67",
      "e1"
    ],
    [
      "i1",
      "n1",
      "n2",
      "n3",
      "n4",
      "n5",
      "n6",
      "n7",
      "n8",
      "n11",
      "n9",
      "b1",
      "c1",
      "n12",
      "b2",
      "n13",
      "n14",
      "n15",
      "n15a",
      "n16",
      "n17",
      "n18",
      "n18a",
      "n19",
      "n20",
      "b3",
      "n22",
      "n23",
      "b4",
      "n25",
      "n26",
      "b5",
      "n28",
      "n29",
      "b6",
      "n31",
      "b7",
      "c_monitor_join",
      "n37",
      "b10",
      "n43",
      "n44",
      "c2",
      "n45",
      "n46",
      "b11",
      "n47",
      "n_sup47",
      "e47"
    ],
    [
      "i1",
      "n1",
      "n2",
      "n3",
      "n4",
      "n5",
      "n6",
      "n7",
      "n8",
      "n11",
      "n9",
      "b1",
      "c1",
      "n12",
      "b2",
      "n13",
      "n14",
      "n15",
      "n15a",
      "n16",
      "n17",
      "n18",
      "n18a",
      "n19",
      "n20",
      "b3",
      "n22",
      "n23",
      "b4",
      "n25",
      "n26",
      "b5",
      "n28",
      "n29",
      "b6",
      "n31",
      "b7",
      "c_monitor_join",
      "n37",
      "b10",
      "n43",
      "n44",
      "c2",
      "n45",
      "n46",
      "b11",
      "n48",
      "n49",
      "b12",
      "n50",
      "n_sup50",
      "e50"
    ],
    [
      "i1",
      "n1",
      "n2",
      "n3",
      "n4",
      "n5",
      "n6",
      "n7",
      "n8",
      "n11",
      "n9",
      "b1",
      "c1",
      "n12",
      "b2",
      "n13",
      "n14",
      "n15",
      "n15a",
      "n16",
      "n17",
      "n18",
      "n18a",
      "n19",
      "n20",
      "b3",
      "n22",
      "n23",
      "b4",
      "n25",
      "n26",
      "b5",
      "n28",
      "n29",
      "b6",
      "n31",
      "b7",
      "c_monitor_join",
      "n37",
      "b10",
      "n43",
      "n44",
      "c2",
      "n45",
      "n46",
      "b11",
      "n48",
      "n49",
      "b12",
      "n51",
      "n52",
      "b13",
      "n53",
      "n_sup53",
      "e53"
    ],
    [
      "i1",
      "n1",
      "n2",
      "n3",
      "n4",
      "n5",
      "n6",
      "n7",
      "n8",
      "n11",
      "n9",
      "b1",
      "c1",
      "n12",
      "b2",
      "n13",
      "n14",
      "n15",
      "n15a",
      "n16",
      "n17",
      "n18",
      "n18a",
      "n19",
      "n20",
      "b3",
      "n22",
      "n23",
      "b4",
      "n25",
      "n26",
      "b5",
      "n28",
      "n29",
      "b6",
      "n31",
      "b7",
      "c_monitor_join",
      "n37",
      "b10",
      "n43",
      "n44",
      "c2",
      "n45",
      "n46",
      "b11",
      "n48",
      "n49",
      "b12",
      "n51",
      "n52",
      "b13",
      "n54",
      "n55",
      "b14",
      "n56",
      "n_sup56",
      "e56"
    ],
    [
      "i1",
      "n1",
      "n2",
      "n3",
      "n4",
      "n5",
      "n6",
      "n7",
      "n8",
      "n11",
      "n9",
      "b1",
      "c1",
      "n12",
      "b2",
      "n13",
      "n14",
      "n15",
      "n15a",
      "n16",
      "n17",
      "n18",
      "n18a",
      "n19",
      "n20",
      "b3",
      "n22",
      "n23",
      "b4",
      "n25",
      "n26",
      "b5",
      "n28",
      "n29",
      "b6",
      "n31",
      "b7",
      "c_monitor_join",
      "n37",
      "b10",
      "n43",
      "n44",
      "c2",
      "n45",
      "n46",
      "b11",
      "n48",
      "n49",
      "b12",
      "n51",
      "n52",
      "b13",
      "n54",
      "n55",
      "b14",
      "n57",
      "n58",
      "b15",
      "n59",
      "n_sup59",
      "e59"
    ],
    [
      "i1",
      "n1",
      "n2",
      "n3",
      "n4",
      "n5",
      "n6",
      "n7",
      "n8",
      "n11",
      "n9",
      "b1",
      "c1",
      "n12",
      "b2",
      "n13",
      "n14",
      "n15",
      "n15a",
      "n16",
      "n17",
      "n18",
      "n18a",
      "n19",
      "n20",
      "b3",
      "n22",
      "n23",
      "b4",
      "n25",
      "n26",
      "b5",
      "n28",
      "n29",
      "b6",
      "n31",
      "b7",
      "c_monitor_join",
      "n37",
      "b10",
      "n43",
      "n44",
      "c2",
      "n45",
      "n46",
      "b11",
      "n48",
      "n49",
      "b12",
      "n51",
      "n52",
      "b13",
      "n54",
      "n55",
      "b14",
      "n57",
      "n58",
      "b15",
      "n60",
      "b16",
      "n61",
      "n62",
      "b17",
      "n63",
      "n_sup63",
      "e63"
    ],
    [
      "i1",
      "n1",
      "n2",
      "n3",
      "n4",
      "n5",
      "n6",
      "n7",
      "n8",
      "n11",
      "n9",
      "b1",
      "c1",
      "n12",
      "b2",
      "n13",
      "n14",
      "n15",
      "n15a",
      "n16",
      "n17",
      "n18",
      "n18a",
      "n19",
      "n20",
      "b3",
      "n22",
      "n23",
      "b4",
      "n25",
      "n26",
      "b5",
      "n28",
      "n29",
      "b6",
      "n31",
      "b7",
      "c_monitor_join",
      "n37",
      "b10",
      "n43",
      "n44",
      "c2",
      "n45",
      "n46",
      "b11",
      "n48",
      "n49",
      "b12",
      "n51",
      "n52",
      "b13",
      "n54",
      "n55",
      "b14",
      "n57",
      "n58",
      "b15",
      "n60",
      "b16",
      "n61",
      "n62",
      "b17",
      "n64",
      "n65",
      "b18",
      "n66",
      "n_sup66",
      "e66"
    ],
    [
      "i1",
      "n1",
      "n2",
      "n3",
      "n4",
      "n5",
      "n6",
      "n7",
      "n8",
      "n11",
      "n9",
      "b1",
      "c1",
      "n12",
      "b2",
      "n13",
      "n14",
      "n15",
      "n15a",
      "n16",
      "n17",
      "n18",
      "n18a",
      "n19",
      "n20",
      "b3",
      "n22",
      "n23",
      "b4",
      "n25",
      "n26",
      "b5",
      "n28",
      "n29",
      "b6",
      "n31",
      "b7",
      "c_monitor_join",
      "n37",
      "b10",
      "n43",
      "n44",
      "c2",
      "n45",
      "n46",
      "b11",
      "n48",
      "n49",
      "b12",
      "n51",
      "n52",
      "b13",
      "n54",
      "n55",
      "b14",
      "n57",
      "n58",
      "b15",
      "n60",
      "b16",
      "n61",
      "n62",
      "b17",
      "n64",
      "n65",
      "b18",
      "c3",
      "n67",
      "e1"
    ],
    [
      "i1",
      "n1",
      "n2",
      "n3",
      "n4",
      "n5",
      "n6",
      "n7",
      "n8",
      "n11",
      "n9",
      "b1",
      "c1",
      "n12",
      "b2",
      "n13",
      "n14",
      "n15",
      "n15a",
      "n16",
      "n17",
      "n18",
      "n18a",
      "n19",
      "n20",
      "b3",
      "n22",
      "n23",
      "b4",
      "n25",
      "n26",
      "b5",
      "n28",
      "n29",
      "b6",
      "n31",
      "b7",
      "c_monitor_join",
      "n37",
      "b10",
      "n43",
      "n44",
      "c2",
      "n45",
      "n46",
      "b11",
      "n48",
      "n49",
      "b12",
      "n51",
      "n52",
      "b13",
      "n54",
      "n55",
      "b14",
      "n57",
      "n58",
      "b15",
      "n60",
      "b16",
      "c3",
      "n67",
      "e1"
    ],
    [
      "i1",
      "n1",
      "n2",
      "n3",
      "n4",
      "n5",
      "n6",
      "n7",
      "n8",
      "n11",
      "n9",
      "b1",
      "c1",
      "n12",
      "b2",
      "c_monitor_join",
      "n37",
      "b10",
      "n38",
      "n39",
      "n39a",
      "n40",
      "n41",
      "n42",
      "n42a",
      "c2",
      "n45",
      "n46",
      "b11",
      "n47",
      "n_sup47",
      "e47"
    ],
    [
      "i1",
      "n1",
      "n2",
      "n3",
      "n4",
      "n5",
      "n6",
      "n7",
      "n8",
      "n11",
      "n9",
      "b1",
      "c1",
      "n12",
      "b2",
      "c_monitor_join",
      "n37",
      "b10",
      "n38",
      "n39",
      "n39a",
      "n40",
      "n41",
      "n42",
      "n42a",
      "c2",
      "n45",
      "n46",
      "b11",
      "n48",
      "n49",
      "b12",
      "n50",
      "n_sup50",
      "e50"
    ],
    [
      "i1",
      "n1",
      "n2",
      "n3",
      "n4",
      "n5",
      "n6",
      "n7",
      "n8",
      "n11",
      "n9",
      "b1",
      "c1",
      "n12",
      "b2",
      "c_monitor_join",
      "n37",
      "b10",
      "n38",
      "n39",
      "n39a",
      "n40",
      "n41",
      "n42",
      "n42a",
      "c2",
      "n45",
      "n46",
      "b11",
      "n48",
      "n49",
      "b12",
      "n51",
      "n52",
      "b13",
      "n53",
      "n_sup53",
      "e53"
    ],
    [
      "i1",
      "n1",
      "n2",
      "n3",
      "n4",
      "n5",
      "n6",
      "n7",
      "n8",
      "n11",
      "n9",
      "b1",
      "c1",
      "n12",
      "b2",
      "c_monitor_join",
      "n37",
      "b10",
      "n38",
      "n39",
      "n39a",
      "n40",
      "n41",
      "n42",
      "n42a",
      "c2",
      "n45",
      "n46",
      "b11",
      "n48",
      "n49",
      "b12",
      "n51",
      "n52",
      "b13",
      "n54",
      "n55",
      "b14",
      "n56",
      "n_sup56",
      "e56"
    ],
    [
      "i1",
      "n1",
      "n2",
      "n3",
      "n4",
      "n5",
      "n6",
      "n7",
      "n8",
      "n11",
      "n9",
      "b1",
      "c1",
      "n12",
      "b2",
      "c_monitor_join",
      "n37",
      "b10",
      "n38",
      "n39",
      "n39a",
      "n40",
      "n41",
      "n42",
      "n42a",
      "c2",
      "n45",
      "n46",
      "b11",
      "n48",
      "n49",
      "b12",
      "n51",
      "n52",
      "b13",
      "n54",
      "n55",
      "b14",
      "n57",
      "n58",
      "b15",
      "n59",
      "n_sup59",
      "e59"
    ],
    [
      "i1",
      "n1",
      "n2",
      "n3",
      "n4",
      "n5",
      "n6",
      "n7",
      "n8",
      "n11",
      "n9",
      "b1",
      "c1",
      "n12",
      "b2",
      "c_monitor_join",
      "n37",
      "b10",
      "n38",
      "n39",
      "n39a",
      "n40",
      "n41",
      "n42",
      "n42a",
      "c2",
      "n45",
      "n46",
      "b11",
      "n48",
      "n49",
      "b12",
      "n51",
      "n52",
      "b13",
      "n54",
      "n55",
      "b14",
      "n57",
      "n58",
      "b15",
      "n60",
      "b16",
      "n61",
      "n62",
      "b17",
      "n63",
      "n_sup63",
      "e63"
    ],
    [
      "i1",
      "n1",
      "n2",
      "n3",
      "n4",
      "n5",
      "n6",
      "n7",
      "n8",
      "n11",
      "n9",
      "b1",
      "c1",
      "n12",
      "b2",
      "c_monitor_join",
      "n37",
      "b10",
      "n38",
      "n39",
      "n39a",
      "n40",
      "n41",
      "n42",
      "n42a",
      "c2",
      "n45",
      "n46",
      "b11",
      "n48",
      "n49",
      "b12",
      "n51",
      "n52",
      "b13",
      "n54",
      "n55",
      "b14",
      "n57",
      "n58",
      "b15",
      "n60",
      "b16",
      "n61",
      "n62",
      "b17",
      "n64",
      "n65",
      "b18",
      "n66",
      "n_sup66",
      "e66"
    ],
    [
      "i1",
      "n1",
      "n2",
      "n3",
      "n4",
      "n5",
      "n6",
      "n7",
      "n8",
      "n11",
      "n9",
      "b1",
      "c1",
      "n12",
      "b2",
      "c_monitor_join",
      "n37",
      "b10",
      "n38",
      "n39",
      "n39a",
      "n40",
      "n41",
      "n42",
      "n42a",
      "c2",
      "n45",
      "n46",
      "b11",
      "n48",
      "n49",
      "b12",
      "n51",
      "n52",
      "b13",
      "n54",
      "n55",
      "b14",
      "n57",
      "n58",
      "b15",
      "n60",
      "b16",
      "n61",
      "n62",
      "b17",
      "n64",
      "n65",
      "b18",
      "c3",
      "n67",
      "e1"
    ],
    [
      "i1",
      "n1",
      "n2",
      "n3",
      "n4",
      "n5",
      "n6",
      "n7",
      "n8",
      "n11",
      "n9",
      "b1",
      "c1",
      "n12",
      "b2",
      "c_monitor_join",
      "n37",
      "b10",
      "n38",
      "n39",
      "n39a",
      "n40",
      "n41",
      "n42",
      "n42a",
      "c2",
      "n45",
      "n46",
      "b11",
      "n48",
      "n49",
      "b12",
      "n51",
      "n52",
      "b13",
      "n54",
      "n55",
      "b14",
      "n57",
      "n58",
      "b15",
      "n60",
      "b16",
      "c3",
      "n67",
      "e1"
    ],
    [
      "i1",
      "n1",
      "n2",
      "n3",
      "n4",
      "n5",
      "n6",
      "n7",
      "n8",
      "n11",
      "n9",
      "b1",
      "c1",
      "n12",
      "b2",
      "c_monitor_join",
      "n37",
      "b10",
      "n43",
      "n44",
      "c2",
      "n45",
      "n46",
      "b11",
      "n47",
      "n_sup47",
      "e47"
    ],
    [
      "i1",
      "n1",
      "n2",
      "n3",
      "n4",
      "n5",
      "n6",
      "n7",
      "n8",
      "n11",
      "n9",
      "b1",
      "c1",
      "n12",
      "b2",
      "c_monitor_join",
      "n37",
      "b10",
      "n43",
      "n44",
      "c2",
      "n45",
      "n46",
      "b11",
      "n48",
      "n49",
      "b12",
      "n50",
      "n_sup50",
      "e50"
    ],
    [
      "i1",
      "n1",
      "n2",
      "n3",
      "n4",
      "n5",
      "n6",
      "n7",
      "n8",
      "n11",
      "n9",
      "b1",
      "c1",
      "n12",
      "b2",
      "c_monitor_join",
      "n37",
      "b10",
      "n43",
      "n44",
      "c2",
      "n45",
      "n46",
      "b11",
      "n48",
      "n49",
      "b12",
      "n51",
      "n52",
      "b13",
      "n53",
      "n_sup53",
      "e53"
    ],
    [
      "i1",
      "n1",
      "n2",
      "n3",
      "n4",
      "n5",
      "n6",
      "n7",
      "n8",
      "n11",
      "n9",
      "b1",
      "c1",
      "n12",
      "b2",
      "c_monitor_join",
      "n37",
      "b10",
      "n43",
      "n44",
      "c2",
      "n45",
      "n46",
      "b11",
      "n48",
      "n49",
      "b12",
      "n51",
      "n52",
      "b13",
      "n54",
      "n55",
      "b14",
      "n56",
      "n_sup56",
      "e56"
    ],
    [
      "i1",
      "n1",
      "n2",
      "n3",
      "n4",
      "n5",
      "n6",
      "n7",
      "n8",
      "n11",
      "n9",
      "b1",
      "c1",
      "n12",
      "b2",
      "c_monitor_join",
      "n37",
      "b10",
      "n43",
      "n44",
      "c2",
      "n45",
      "n46",
      "b11",
      "n48",
      "n49",
      "b12",
      "n51",
      "n52",
      "b13",
      "n54",
      "n55",
      "b14",
      "n57",
      "n58",
      "b15",
      "n59",
      "n_sup59",
      "e59"
    ],
    [
      "i1",
      "n1",
      "n2",
      "n3",
      "n4",
      "n5",
      "n6",
      "n7",
      "n8",
      "n11",
      "n9",
      "b1",
      "c1",
      "n12",
      "b2",
      "c_monitor_join",
      "n37",
      "b10",
      "n43",
      "n44",
      "c2",
      "n45",
      "n46",
      "b11",
      "n48",
      "n49",
      "b12",
      "n51",
      "n52",
      "b13",
      "n54",
      "n55",
      "b14",
      "n57",
      "n58",
      "b15",
      "n60",
      "b16",
      "n61",
      "n62",
      "b17",
      "n63",
      "n_sup63",
      "e63"
    ],
    [
      "i1",
      "n1",
      "n2",
      "n3",
      "n4",
      "n5",
      "n6",
      "n7",
      "n8",
      "n11",
      "n9",
      "b1",
      "c1",
      "n12",
      "b2",
      "c_monitor_join",
      "n37",
      "b10",
      "n43",
      "n44",
      "c2",
      "n45",
      "n46",
      "b11",
      "n48",
      "n49",
      "b12",
      "n51",
      "n52",
      "b13",
      "n54",
      "n55",
      "b14",
      "n57",
      "n58",
      "b15",
      "n60",
      "b16",
      "n61",
      "n62",
      "b17",
      "n64",
      "n65",
      "b18",
      "n66",
      "n_sup66",
      "e66"
    ],
    [
      "i1",
      "n1",
      "n2",
      "n3",
      "n4",
      "n5",
      "n6",
      "n7",
      "n8",
      "n11",
      "n9",
      "b1",
      "c1",
      "n12",
      "b2",
      "c_monitor_join",
      "n37",
      "b10",
      "n43",
      "n44",
      "c2",
      "n45",
      "n46",
      "b11",
      "n48",
      "n49",
      "b12",
      "n51",
      "n52",
      "b13",
      "n54",
      "n55",
      "b14",
      "n57",
      "n58",
      "b15",
      "n60",
      "b16",
      "n61",
      "n62",
      "b17",
      "n64",
      "n65",
      "b18",
      "c3",
      "n67",
      "e1"
    ],
    [
      "i1",
      "n1",
      "n2",
      "n3",
      "n4",
      "n5",
      "n6",
      "n7",
      "n8",
      "n11",
      "n9",
      "b1",
      "c1",
      "n12",
      "b2",
      "c_monitor_join",
      "n37",
      "b10",
      "n43",
      "n44",
      "c2",
      "n45",
      "n46",
      "b11",
      "n48",
      "n49",
      "b12",
      "n51",
      "n52",
      "b13",
      "n54",
      "n55",
      "b14",
      "n57",
      "n58",
      "b15",
      "n60",
      "b16",
      "c3",
      "n67",
      "e1"
    ]
  ],
  "source_text_traces": [
    [
      "i1",
      "i2",
      "i3",
      "i4",
      "i5",
      "i6",
      "i7",
      "i8",
      "i9",
      "i10",
      "i11",
      "i12",
      "i15",
      "i16",
      "i17",
      "i18",
      "i19",
      "i20",
      "i23",
      "i24",
      "i25",
      "i27",
      "i29",
      "i30"
    ],
    [
      "i1",
      "i2",
      "i3",
      "i4",
      "i5",
      "i6",
      "i7",
      "i8",
      "i9",
      "i10",
      "i11",
      "i12",
      "i15",
      "i16",
      "i17",
      "i18",
      "i19",
      "i20",
      "i23",
      "i24",
      "i25",
      "i27",
      "i31",
      "i32",
      "i29",
      "i30"
    ],
    [
      "i1",
      "i2",
      "i3",
      "i4",
      "i5",
      "i6",
      "i7",
      "i8",
      "i9",
      "i10",
      "i11",
      "i12",
      "i15",
      "i16",
      "i17",
      "i18",
      "i19",
      "i20",
      "i23",
      "i24",
      "i25",
      "i27",
      "i31",
      "i32",
      "i33",
      "i34",
      "i29",
      "i30"
    ],
    [
      "i1",
      "i2",
      "i3",
      "i4",
      "i5",
      "i6",
      "i7",
      "i8",
      "i9",
      "i10",
      "i11",
      "i12",
      "i15",
      "i16",
      "i17",
      "i18",
      "i19",
      "i20",
      "i23",
      "i24",
      "i25",
      "i27",
      "i31",
      "i32",
      "i33",
      "i34",
      "i36",
      "i37",
      "i38",
      "i29",
      "i30"
    ],
    [
      "i1",
      "i2",
      "i3",
      "i4",
      "i5",
      "i6",
      "i7",
      "i8",
      "i9",
      "i10",
      "i11",
      "i12",
      "i15",
      "i16",
      "i17",
      "i18",
      "i19",
      "i20",
      "i23",
      "i24",
      "i25",
      "i27",
      "i31",
      "i32",
      "i33",
      "i34",
      "i36",
      "i37",
      "i38",
      "i40",
      "i41",
      "i38"
    ],
    [
      "i1",
      "i2",
      "i3",
      "i4",
      "i5",
      "i6",
      "i7",
      "i8",
      "i9",
      "i10",
      "i11",
      "i12",
      "i15",
      "i16",
      "i17",
      "i18",
      "i19",
      "i20",
      "i23",
      "i24",
      "i25",
      "i27",
      "i31",
      "i32",
      "i33",
      "i34",
      "i36",
      "i37",
      "i38",
      "i42",
      "i43",
      "i47",
      "i17"
    ],
    [
      "i1",
      "i2",
      "i3",
      "i4",
      "i5",
      "i6",
      "i7",
      "i8",
      "i9",
      "i10",
      "i11",
      "i12",
      "i15",
      "i16",
      "i17",
      "i18",
      "i19",
      "i20",
      "i23",
      "i24",
      "i25",
      "i27",
      "i31",
      "i32",
      "i33",
      "i34",
      "i36",
      "i37",
      "i38",
      "i42",
      "i45",
      "i48",
      "i49",
      "i25"
    ],
    [
      "i1",
      "i2",
      "i3",
      "i4",
      "i5",
      "i6",
      "i7",
      "i8",
      "i9",
      "i10",
      "i11",
      "i12",
      "i14",
      "i43",
      "i47",
      "i17",
      "i18",
      "i19",
      "i20",
      "i23",
      "i24",
      "i25",
      "i38",
      "i29",
      "i30"
    ],
    [
      "i1",
      "i2",
      "i3",
      "i4",
      "i5",
      "i6",
      "i7",
      "i8",
      "i9",
      "i10",
      "i11",
      "i12",
      "i14",
      "i43",
      "i47",
      "i17",
      "i18",
      "i19",
      "i20",
      "i23",
      "i24",
      "i25",
      "i38",
      "i31",
      "i50",
      "i29",
      "i30"
    ],
    [
      "i1",
      "i2",
      "i3",
      "i4",
      "i5",
      "i6",
      "i7",
      "i8",
      "i9",
      "i10",
      "i11",
      "i12",
      "i14",
      "i43",
      "i47",
      "i17",
      "i18",
      "i19",
      "i20",
      "i23",
      "i24",
      "i25",
      "i38",
      "i31",
      "i50",
      "i51",
      "i52",
      "i29",
      "i30"
    ],
    [
      "i1",
      "i2",
      "i3",
      "i4",
      "i5",
      "i6",
      "i7",
      "i8",
      "i9",
      "i10",
      "i11",
      "i12",
      "i14",
      "i43",
      "i47",
      "i17",
      "i18",
      "i19",
      "i20",
      "i23",
      "i24",
      "i25",
      "i38",
      "i31",
      "i50",
      "i51",
      "i52",
      "i54",
      "i52"
    ],
    [
      "i1",
      "i2",
      "i3",
      "i4",
      "i5",
      "i6",
      "i7",
      "i8",
      "i9",
      "i10",
      "i11",
      "i12",
      "i14",
      "i45",
      "i48",
      "i49",
      "i25",
      "i38",
      "i29",
      "i30"
    ],
    [
      "i1",
      "i2",
      "i3",
      "i4",
      "i5",
      "i6",
      "i7",
      "i8",
      "i9",
      "i10",
      "i11",
      "i12",
      "i14",
      "i45",
      "i48",
      "i49",
      "i25",
      "i38",
      "i31",
      "i50",
      "i29",
      "i30"
    ],
    [
      "i1",
      "i2",
      "i3",
      "i4",
      "i5",
      "i6",
      "i7",
      "i8",
      "i9",
      "i10",
      "i11",
      "i12",
      "i14",
      "i45",
      "i48",
      "i49",
      "i25",
      "i38",
      "i31",
      "i50",
      "i51",
      "i52",
      "i29",
      "i30"
    ],
    [
      "i1",
      "i2",
      "i3",
      "i4",
      "i5",
      "i6",
      "i7",
      "i8",
      "i9",
      "i10",
      "i11",
      "i12",
      "i14",
      "i45",
      "i48",
      "i49",
      "i25",
      "i38",
      "i31",
      "i50",
      "i51",
      "i52",
      "i54",
      "i52"
    ]
  ]
}