{
  "model_traces": [
    [
      "i1",
      "n2",
      "n3",
      "b1",
      "n4",
      "c1",
      "n5",
      "b2",
      "n20",
      "b7",
      "n21",
      "b8",
      "n22",
      "c6",
      "n24",
      "b9",
      "n25",
      "n26",
      "n27",
      "c7",
      "n28",
      "n29",
      "e2"
    ],
    [
      "i1",
      "n2",
      "n3",
      "b1",
      "n4",
      "c1",
      "n5",
      "b2",
      "n20",
      "b7",
      "n21",
      "b8",
      "n22",
      "c6",
      "n24",
      "b9",
      "c7",
      "n28",
      "n29",
      "e2"
    ],
    [
      "i1",
      "n2",
      "n3",
      "b1",
      "n4",
      "c1",
      "n5",
      "b2",
      "n20",
      "b7",
      "n21",
      "b8",
      "n23",
      "c6",
      "n24",
      "b9",
      "n25",
      "n26",
      "n27",
      "c7",
      "n28",
      "n29",
      "e2"
    ],
    [
      "i1",
      "n2",
      "n3",
      "b1",
      "n4",
      "c1",
      "n5",
      "b2",
      "n20",
      "b7",
      "n21",
      "b8",
      "n23",
      "c6",
      "n24",
      "b9",
      "c7",
      "n28",
      "n29",
      "e2"
    ],
    [
      "i1",
      "n2",
      "n3",
      "b1",
      "n4",
      "c1",
      "n5",
      "b2",
      "n20",
      "b7",
      "c6",
      "n24",
      "b9",
      "n25",
      "n26",
      "n27",
      "c7",
      "n28",
      "n29",
      "e2"
    ],
    [
      "i1",
      "n2",
      "n3",
      "b1",
      "n4",
      "c1",
      "n5",
      "b2",
      "n20",
      "b7",
      "c6",
      "n24",
      "b9",
      "c7",
      "n28",
      "n29",
      "e2"
    ],
    [
      "i1",
      "n2",
      "n3",
      "b1",
      "c1",
      "n5",
      "b2",
      "n20",
      "b7",
      "n21",
      "b8",
      "n22",
      "c6",
      "n24",
      "b9",
      "n25",
      "n26",
      "n27",
      "c7",
      "n28",
      "n29",
      "e2"
    ],
    [
      "i1",
      "n2",
      "n3",
      "b1",
      "c1",
      "n5",
      "b2",
      "n20",
      "b7",
      "n21",
      "b8",
      "n22",
      "c6",
      "n24",
      "b9",
      "c7",
      "n28",
      "n29",
      "e2"
    ],
    [
      "i1",
      "n2",
      "n3",
      "b1",
      "c1",
      "n5",
      "b2",
      "n20",
      "b7",
      "n21",
      "b8",
      "n23",
      "c6",
      "n24",
      "b9",
      "n25",
      "n26",
      "n27",
      "c7",
      "n28",
      "n29",
      "e2"
    ],
    [
      "i1",
      "n2",
      "n3",
      "b1",
      "c1",
      "n5",
      "b2",
      "n20",
      "b7",
      "n21",
      "b8",
      "n23",
      "c6",
      "n24",
      "b9",
      "c7",
      "n28",
      "n29",
      "e2"
    ],
    [
      "i1",
      "n2",
      "n3",
      "b1",
      "c1",
      "n5",
      "b2",
      "n20",
      "b7",
      "c6",
      "n24",
      "b9",
      "n25",
      "n26",
      "n27",
      "c7",
      "n28",
      "n29",
      "e2"
    ],
    [
      "i1",
      "n2",
      "n3",
      "b1",
      "c1",
      "n5",
      "b2",
      "n20",
      "b7",
      "c6",
      "n24",
      "b9",
      "c7",
      "n28",
      "n29",
      "e2"
    ]
  ],
  "source_text_traces": [
    [
      "i1",
      "i2",
      "i3",
      "i4",
      "i5",
      "i6",
      "i7",
      "i8",
      "i14",
      "i9",
      "i10"
    ],
    [
      "i1",
      "i2",
      "i3",
      "i11",
      "i12",
      "i13"
    ]
  ]
}