{
  "model_traces": [
    [
      "i1",
      "n1",
      "n2",
      "b1",
      "n3",
      "n5",
      "b2",
      "n6",
      "n13",
      "n14",
      "n16",
      "e3"
    ],
    [
      "i1",
      "n1",
      "n2",
      "b1",
      "n3",
      "n5",
      "b2",
      "n7",
      "n8",
      "n9",
      "n11",
      "e1"
    ],
    [
      "i1",
      "n1",
      "n2",
      "b1",
      "n4",
      "n18",
      "n19",
      "n20",
      "n21",
      "n22",
      "n23",
      "n24",
      "n25",
      "n26",
      "n27",
      "n29",
      "n30",
      "n31",
      "e5"
    ]
  ],
  "source_text_traces": [
    [
      "i1",
      "i3"
    ],
    [
      "i1",
      "i6"
    ],
    [
      "i1",
      "i4",
      "i5"
    ]
  ]
}