{
  "model_traces": [
    [
      "i1",
      "b1",
      "n3",
      "n4",
      "n5",
      "n6",
      "n7",
      "c1",
      "n8",
      "n9",
      "n10",
      "b3",
      "n13",
      "e2"
    ],
    [
      "i1",
      "b1",
      "n3",
      "n4",
      "n5",
      "n6",
      "n7",
      "c1",
      "n8",
      "n9",
      "n10",
      "b3",
      "n14",
      "b4",
      "n16",
      "e3"
    ],
    [
      "i1",
      "b1",
      "n3",
      "n4",
      "n5",
      "n6",
      "n7",
      "c1",
      "n8",
      "n9",
      "n10",
      "b3",
      "n14",
      "b4",
      "c_join",
      "n17",
      "n18",
      "e1"
    ],
    [
      "i1",
      "b1",
      "n3",
      "n4",
      "n5",
      "n6",
      "n7",
      "c1",
      "n8",
      "n9",
      "n10",
      "b3",
      "c_join",
      "n17",
      "n18",
      "e1"
    ],
    [
      "i1",
      "b1",
      "c1",
      "n8",
      "n9",
      "n10",
      "b3",
      "n13",
      "e2"
    ],
    [
      "i1",
      "b1",
      "c1",
      "n8",
      "n9",
      "n10",
      "b3",
      "n14",
      "b4",
      "n16",
      "e3"
    ],
    [
      "i1",
      "b1",
      "c1",
      "n8",
      "n9",
      "n10",
      "b3",
      "n14",
      "b4",
      "c_join",
      "n17",
      "n18",
      "e1"
    ],
    [
      "i1",
      "b1",
      "c1",
      "n8",
      "n9",
      "n10",
      "b3",
      "c_join",
      "n17",
      "n18",
      "e1"
    ]
  ],
  "source_text_traces": [
    [
      "i1",
      "i2",
      "i10",
      "i11",
      "i12",
      "i13",
      "i14"
    ],
    [
      "i1",
      "i2",
      "i10",
      "i11",
      "i12",
      "i16",
      "i17",
      "i18"
    ],
    [
      "i1",
      "i2",
      "i10",
      "i11",
      "i12",
      "i20",
      "i21"
    ],
    [
      "i1",
      "i2",
      "i4",
      "i5",
      "i6",
      "i7",
      "i8",
      "i9",
      "i10",
      "i11",
      "i12",
      "i13",
      "i14"
    ],
    [
      "i1",
      "i2",
      "i4",
      "i5",
      "i6",
      "i7",
      "i8",
      "i9",
      "i10",
      "i11",
      "i12",
      "i16",
      "i17",
      "i18"
    ],
    [
      "i1",
      "i2",
      "i4",
      "i5",
      "i6",
      "i7",
      "i8",
      "i9",
      "i10",
      "i11",
      "i12",
      "i20",
      "i21"
    ]
  ]
}