{
  "model_traces": [
    [
      "i1",
      "n1",
      "n2",
      "b1",
      "n3",
      "n5",
      "b2",
      "n6",
      "b3",
      "n7",
      "e1"
    ],
    [
      "i1",
      "n1",
      "n2",
      "b1",
      "n3",
      "n5",
      "b2",
      "n6",
      "b3",
      "n9",
      "e2"
    ],
    [
      "i1",
      "n1",
      "n2",
      "b1",
      "n3",
      "n5",
      "b2",
      "n11",
      "b4",
      "n12",
      "e3"
    ],
    [
      "i1",
      "n1",
      "n2",
      "b1",
      "n3",
      "n5",
      "b2",
      "n11",
      "b4",
      "n14",
      "e4"
    ],
    [
      "i1",
      "n1",
      "n2",
      "b1",
      "n4",
      "n16",
      "b5",
      "n17",
      "n18",
      "b6",
      "n19",
      "c1",
      "n21",
      "b7",
      "n22",
      "c2",
      "n25",
      "e5"
    ],
    [
      "i1",
      "n1",
      "n2",
      "b1",
      "n4",
      "n16",
      "b5",
      "n17",
      "n18",
      "b6",
      "n19",
      "c1",
      "n21",
      "b7",
      "n23",
      "c2",
      "n25",
      "e5"
    ],
    [
      "i1",
      "n1",
      "n2",
      "b1",
      "n4",
      "n16",
      "b5",
      "n17",
      "n18",
      "b6",
      "n19",
      "c1",
      "n21",
      "b7",
      "n24",
      "c2",
      "n25",
      "e5"
    ],
    [
      "i1",
      "n1",
      "n2",
      "b1",
      "n4",
      "n16",
      "b5",
      "n17",
      "n18",
      "b6",
      "n20",
      "c1",
      "n21",
      "b7",
      "n22",
      "c2",
      "n25",
      "e5"
    ],
    [
      "i1",
      "n1",
      "n2",
      "b1",
      "n4",
      "n16",
      "b5",
      "n17",
      "n18",
      "b6",
      "n20",
      "c1",
      "n21",
      "b7",
      "n23",
      "c2",
      "n25",
      "e5"
    ],
    [
      "i1",
      "n1",
      "n2",
      "b1",
      "n4",
      "n16",
      "b5",
      "n17",
      "n18",
      "b6",
      "n20",
      "c1",
      "n21",
      "b7",
      "n24",
      "c2",
      "n25",
      "e5"
    ],
    [
      "i1",
      "n1",
      "n2",
      "b1",
      "n4",
      "n16",
      "b5",
      "n27",
      "n28",
      "n29",
      "n30",
      "n31",
      "e6"
    ],
    [
      "i1",
      "n1",
      "n2",
      "b1",
      "n4",
      "n16",
      "b5",
      "n33",
      "n34",
      "n35",
      "e7"
    ]
  ],
  "source_text_traces": [
    [
      "i1",
      "i2",
      "i3",
      "i11",
      "i12"
    ],
    [
      "i1",
      "i2",
      "i3",
      "i11",
      "i13"
    ],
    [
      "i1",
      "i2",
      "i3",
      "i8",
      "i9"
    ],
    [
      "i1",
      "i2",
      "i3",
      "i8",
      "i10"
    ],
    [
      "i1",
      "i5",
      "i14",
      "i15",
      "i16"
    ],
    [
      "i1",
      "i5",
      "i14",
      "i18",
      "i19"
    ],
    [
      "i1",
      "i5",
      "i14",
      "i7",
      "i20"
    ]
  ]
}