{
  "model_traces": [
    [
      "i1",
      "n1",
      "n2",
      "n3",
      "n4",
      "n5",
      "n6",
      "b1",
      "n7",
      "b2",
      "n11",
      "n12",
      "n13",
      "n14",
      "n15",
      "n16",
      "e1"
    ],
    [
      "i1",
      "n1",
      "n2",
      "n3",
      "n4",
      "n5",
      "n6",
      "b1",
      "n7",
      "b2",
      "e1"
    ],
    [
      "i1",
      "n1",
      "n2",
      "n3",
      "n4",
      "n5",
      "n6",
      "b1",
      "n8",
      "b3",
      "n17",
      "n18",
      "n19",
      "n20",
      "n21",
      "n22",
      "n23",
      "e2"
    ],
    [
      "i1",
      "n1",
      "n2",
      "n3",
      "n4",
      "n5",
      "n6",
      "b1",
      "n8",
      "b3",
      "e2"
    ],
    [
      "i1",
      "n1",
      "n2",
      "n3",
      "n4",
      "n5",
      "n6",
      "b1",
      "n9",
      "b4",
      "n24",
      "n25",
      "e3"
    ],
    [
      "i1",
      "n1",
      "n2",
      "n3",
      "n4",
      "n5",
      "n6",
      "b1",
      "n9",
      "b4",
      "e3"
    ],
    [
      "i1",
      "n1",
      "n2",
      "n3",
      "n4",
      "n5",
      "n6",
      "b1",
      "n10",
      "b5",
      "n26",
      "n27",
      "b6",
      "n28",
      "c1",
      "n30",
      "n31",
      "e4"
    ],
    [
      "i1",
      "n1",
      "n2",
      "n3",
      "n4",
      "n5",
      "n6",
      "b1",
      "n10",
      "b5",
      "n26",
      "n27",
      "b6",
      "n29",
      "c1",
      "n30",
      "n31",
      "e4"
    ],
    [
      "i1",
      "n1",
      "n2",
      "n3",
      "n4",
      "n5",
      "n6",
      "b1",
      "n10",
      "b5",
      "e4"
    ]
  ],
  "source_text_traces": [
    [
      "i1",
      "i4",
      "i6",
      "i8",
      "i16",
      "i17",
      "i19",
      "i21",
      "i23"
    ],
    [
      "i1",
      "i4",
      "i6",
      "i10",
      "i25",
      "i26",
      "i28",
      "i30",
      "i32",
      "i34",
      "i35",
      "i36"
    ],
    [
      "i1",
      "i4",
      "i6",
      "i12",
      "i38",
      "i39",
      "i41"
    ],
    [
      "i1",
      "i4",
      "i6",
      "i14",
      "i42",
      "i43",
      "i45",
      "i47"
    ]
  ]
}