{
  "model_traces": [
    [
      "i1",
      "n1",
      "n2",
      "b1",
      "n3",
      "n5",
      "b2",
      "n6",
      "n15",
      "b4",
      "n16",
      "n18",
      "n19",
      "e3"
    ],
    [
      "i1",
      "n1",
      "n2",
      "b1",
      "n3",
      "n5",
      "b2",
      "n6",
      "n15",
      "b4",
      "n17",
      "n20",
      "n21",
      "e4"
    ],
    [
      "i1",
      "n1",
      "n2",
      "b1",
      "n3",
      "n5",
      "b2",
      "n7",
      "n8",
      "b3",
      "n9",
      "n11",
      "n12",
      "e1"
    ],
    [
      "i1",
      "n1",
      "n2",
      "b1",
      "n3",
      "n5",
      "b2",
      "n7",
      "n8",
      "b3",
      "n10",
      "n13",
      "n14",
      "e2"
    ],
    [
      "i1",
      "n1",
      "n2",
      "b1",
      "n4",
      "n22",
      "b5",
      "n23",
      "n26",
      "n27",
      "b6",
      "n29",
      "n33",
      "b8",
      "n34",
      "n37",
      "n38",
      "e5"
    ],
    [
      "i1",
      "n1",
      "n2",
      "b1",
      "n4",
      "n22",
      "b5",
      "n24",
      "n39",
      "n40",
      "n41",
      "n42",
      "e6"
    ],
    [
      "i1",
      "n1",
      "n2",
      "b1",
      "n4",
      "n22",
      "b5",
      "n25",
      "n43",
      "n44",
      "n45",
      "e7"
    ]
  ],
  "source_text_traces": [
    [
      "i1",
      "i4",
      "i5",
      "i6"
    ],
    [
      "i1",
      "i4",
      "i5",
      "i7"
    ],
    [
      "i1",
      "i4",
      "i8",
      "i9"
    ],
    [
      "i1",
      "i4",
      "i8",
      "i10"
    ],
    [
      "i1",
      "i11",
      "i12",
      "i13",
      "i14",
      "i15"
    ],
    [
      "i1",
      "i11",
      "i16",
      "i17",
      "i18",
      "i19"
    ],
    [
      "i1",
      "i11",
      "i20",
      "i21"
    ]
  ]
}