{
  "model_traces": [
    [
      "i1",
      "n2",
      "b1",
      "n3",
      "b2",
      "n_ret1",
      "e1"
    ],
    [
      "i1",
      "n2",
      "b1",
      "n3",
      "b2",
      "n4",
      "b3",
      "n5",
      "b4",
      "n5_phone",
      "c1",
      "n6",
      "e2"
    ],
    [
      "i1",
      "n2",
      "b1",
      "n3",
      "b2",
      "n4",
      "b3",
      "n5",
      "b4",
      "n5_mail",
      "c1",
      "n6",
      "e2"
    ],
    [
      "i1",
      "n2",
      "b1",
      "n3",
      "b2",
      "n4",
      "b3",
      "c1",
      "n6",
      "e2"
    ],
    [
      "i1",
      "n2",
      "b1",
      "n7",
      "b5",
      "n8",
      "n9",
      "e3"
    ],
    [
      "i1",
      "n2",
      "b1",
      "n7",
      "b5",
      "n10",
      "b6",
      "n10_unsat",
      "e4"
    ],
    [
      "i1",
      "n2",
      "b1",
      "n7",
      "b5",
      "n10",
      "b6",
      "n10_sat",
      "n11",
      "e5"
    ]
  ],
  "source_text_traces": [
    [
      "i1",
      "i2",
      "i3",
      "i5"
    ],
    [
      "i1",
      "i2",
      "i3",
      "i4",
      "i5"
    ],
    [
      "i1",
      "i6",
      "i7",
      "i9"
    ],
    [
      "i1",
      "i6",
      "i10",
      "i8"
    ]
  ]
}