{
  "model_traces": [
    [
      "i1",
      "n2",
      "n3",
      "b1",
      "n5",
      "c2",
      "n6",
      "b2",
      "n28",
      "n29",
      "n30",
      "n10",
      "e_inst"
    ],
    [
      "i1",
      "n2",
      "n3",
      "b1",
      "n5",
      "c2",
      "n6",
      "b2",
      "n11",
      "n12",
      "n13",
      "n14",
      "n15",
      "n16",
      "n17",
      "e_lock"
    ],
    [
      "i1",
      "n2",
      "n3",
      "b1",
      "n5",
      "c2",
      "n6",
      "b2",
      "n18",
      "n19",
      "e_unlck"
    ],
    [
      "i1",
      "n2",
      "n3",
      "b1",
      "n5",
      "c2",
      "n6",
      "b2",
      "n20",
      "n21",
      "b3",
      "n22",
      "c1",
      "n24",
      "e_rem"
    ],
    [
      "i1",
      "n2",
      "n3",
      "b1",
      "n5",
      "c2",
      "n6",
      "b2",
      "n20",
      "n21",
      "b3",
      "n23",
      "c1",
      "n24",
      "e_rem"
    ],
    [
      "i1",
      "n2",
      "n3",
      "b1",
      "n7",
      "c2",
      "n6",
      "b2",
      "n28",
      "n29",
      "n30",
      "n10",
      "e_inst"
    ],
    [
      "i1",
      "n2",
      "n3",
      "b1",
      "n7",
      "c2",
      "n6",
      "b2",
      "n11",
      "n12",
      "n13",
      "n14",
      "n15",
      "n16",
      "n17",
      "e_lock"
    ],
    [
      "i1",
      "n2",
      "n3",
      "b1",
      "n7",
      "c2",
      "n6",
      "b2",
      "n18",
      "n19",
      "e_unlck"
    ],
    [
      "i1",
      "n2",
      "n3",
      "b1",
      "n7",
      "c2",
      "n6",
      "b2",
      "n20",
      "n21",
      "b3",
      "n22",
      "c1",
      "n24",
      "e_rem"
    ],
    [
      "i1",
      "n2",
      "n3",
      "b1",
      "n7",
      "c2",
      "n6",
      "b2",
      "n20",
      "n21",
      "b3",
      "n23",
      "c1",
      "n24",
      "e_rem"
    ]
  ],
  "source_text_traces": [
    [
      "i1",
      "i2",
      "i3",
      "i4",
      "i5",
      "i6",
      "i23",
      "i7"
    ],
    [
      "i1",
      "i2",
      "i3",
      "i4",
      "i5",
      "i6",
      "i8",
      "i9",
      "i10",
      "i11",
      "i12",
      "i13",
      "i14",
      "i15",
      "i16"
    ],
    [
      "i1",
      "i2",
      "i3",
      "i4",
      "i5",
      "i6",
      "i17",
      "i18"
    ],
    [
      "i1",
      "i2",
      "i3",
      "i4",
      "i5",
      "i6",
      "i19",
      "i20",
      "i21",
      "i22"
    ]
  ]
}