{
  "model_traces": [
    [
      "start",
      "i1",
      "i2",
      "b1",
      "i3",
      "c1",
      "b2",
      "i5",
      "e1"
    ],
    [
      "start",
      "i1",
      "i2",
      "b1",
      "i3",
      "c1",
      "b2",
      "i6",
      "b3",
      "i7",
      "e2"
    ],
    [
      "start",
      "i1",
      "i2",
      "b1",
      "i3",
      "c1",
      "b2",
      "i6",
      "b3",
      "i8",
      "e3"
    ],
    [
      "start",
      "i1",
      "i2",
      "b1",
      "i4",
      "c1",
      "b2",
      "i5",
      "e1"
    ],
    [
      "start",
      "i1",
      "i2",
      "b1",
      "i4",
      "c1",
      "b2",
      "i6",
      "b3",
      "i7",
      "e2"
    ],
    [
      "start",
      "i1",
      "i2",
      "b1",
      "i4",
      "c1",
      "b2",
      "i6",
      "b3",
      "i8",
      "e3"
    ]
  ],
  "source_text_traces": [
    [
      "i1",
      "i2",
      "i3",
      "i5"
    ],
    [
      "i1",
      "i2",
      "i3",
      "i6",
      "i7"
    ],
    [
      "i1",
      "i2",
      "i3",
      "i6",
      "i8"
    ],
    [
      "i1",
      "i2",
      "i4",
      "i5"
    ],
    [
      "i1",
      "i2",
      "i4",
      "i6",
      "i7"
    ],
    [
      "i1",
      "i2",
      "i4",
      "i6",
      "i8"
    ]
  ]
}