{
  "model_traces": [
    [
      "i1",
      "n2",
      "n3",
      "n4",
      "b1",
      "n5",
      "c1",
      "n7",
      "b2",
      "n8",
      "c3",
      "n24",
      "e5"
    ],
    [
      "i1",
      "n2",
      "n3",
      "n4",
      "b1",
      "n5",
      "c1",
      "n7",
      "b2",
      "n9",
      "b3",
      "n10",
      "n11",
      "n12",
      "b4",
      "e1"
    ],
    [
      "i1",
      "n2",
      "n3",
      "n4",
      "b1",
      "n5",
      "c1",
      "n7",
      "b2",
      "n9",
      "b3",
      "n10",
      "n11",
      "n12",
      "b4",
      "c2",
      "n14",
      "b5",
      "n15",
      "n16",
      "b6",
      "e2"
    ],
    [
      "i1",
      "n2",
      "n3",
      "n4",
      "b1",
      "n5",
      "c1",
      "n7",
      "b2",
      "n9",
      "b3",
      "n10",
      "n11",
      "n12",
      "b4",
      "c2",
      "n14",
      "b5",
      "n15",
      "n16",
      "b6",
      "n18",
      "n19",
      "b7",
      "e3"
    ],
    [
      "i1",
      "n2",
      "n3",
      "n4",
      "b1",
      "n5",
      "c1",
      "n7",
      "b2",
      "n9",
      "b3",
      "n10",
      "n11",
      "n12",
      "b4",
      "c2",
      "n14",
      "b5",
      "n15",
      "n16",
      "b6",
      "n18",
      "n19",
      "b7",
      "n21",
      "n22",
      "b8",
      "e4"
    ],
    [
      "i1",
      "n2",
      "n3",
      "n4",
      "b1",
      "n5",
      "c1",
      "n7",
      "b2",
      "n9",
      "b3",
      "n10",
      "n11",
      "n12",
      "b4",
      "c2",
      "n14",
      "b5",
      "n15",
      "n16",
      "b6",
      "n18",
      "n19",
      "b7",
      "n21",
      "n22",
      "b8",
      "c3",
      "n24",
      "e5"
    ],
    [
      "i1",
      "n2",
      "n3",
      "n4",
      "b1",
      "n5",
      "c1",
      "n7",
      "b2",
      "n9",
      "b3",
      "n10",
      "n11",
      "n12",
      "b4",
      "c2",
      "n14",
      "b5",
      "c3",
      "n24",
      "e5"
    ],
    [
      "i1",
      "n2",
      "n3",
      "n4",
      "b1",
      "n5",
      "c1",
      "n7",
      "b2",
      "n9",
      "b3",
      "c2",
      "n14",
      "b5",
      "n15",
      "n16",
      "b6",
      "e2"
    ],
    [
      "i1",
      "n2",
      "n3",
      "n4",
      "b1",
      "n5",
      "c1",
      "n7",
      "b2",
      "n9",
      "b3",
      "c2",
      "n14",
      "b5",
      "n15",
      "n16",
      "b6",
      "n18",
      "n19",
      "b7",
      "e3"
    ],
    [
      "i1",
      "n2",
      "n3",
      "n4",
      "b1",
      "n5",
      "c1",
      "n7",
      "b2",
      "n9",
      "b3",
      "c2",
      "n14",
      "b5",
      "n15",
      "n16",
      "b6",
      "n18",
      "n19",
      "b7",
      "n21",
      "n22",
      "b8",
      "e4"
    ],
    [
      "i1",
      "n2",
      "n3",
      "n4",
      "b1",
      "n5",
      "c1",
      "n7",
      "b2",
      "n9",
      "b3",
      "c2",
      "n14",
      "b5",
      "n15",
      "n16",
      "b6",
      "n18",
      "n19",
      "b7",
      "n21",
      "n22",
      "b8",
      "c3",
      "n24",
      "e5"
    ],
    [
      "i1",
      "n2",
      "n3",
      "n4",
      "b1",
      "n5",
      "c1",
      "n7",
      "b2",
      "n9",
      "b3",
      "c2",
      "n14",
      "b5",
      "c3",
      "n24",
      "e5"
    ],
    [
      "i1",
      "n2",
      "n3",
      "n4",
      "b1",
      "n6",
      "c1",
      "n7",
      "b2",
      "n8",
      "c3",
      "n24",
      "e5"
    ],
    [
      "i1",
      "n2",
      "n3",
      "n4",
      "b1",
      "n6",
      "c1",
      "n7",
      "b2",
      "n9",
      "b3",
      "n10",
      "n11",
      "n12",
      "b4",
      "e1"
    ],
    [
      "i1",
      "n2",
      "n3",
      "n4",
      "b1",
      "n6",
      "c1",
      "n7",
      "b2",
      "n9",
      "b3",
      "n10",
      "n11",
      "n12",
      "b4",
      "c2",
      "n14",
      "b5",
      "n15",
      "n16",
      "b6",
      "e2"
    ],
    [
      "i1",
      "n2",
      "n3",
      "n4",
      "b1",
      "n6",
      "c1",
      "n7",
      "b2",
      "n9",
      "b3",
      "n10",
      "n11",
      "n12",
      "b4",
      "c2",
      "n14",
      "b5",
      "n15",
      "n16",
      "b6",
      "n18",
      "n19",
      "b7",
      "e3"
    ],
    [
      "i1",
      "n2",
      "n3",
      "n4",
      "b1",
      "n6",
      "c1",
      "n7",
      "b2",
      "n9",
      "b3",
      "n10",
      "n11",
      "n12",
      "b4",
      "c2",
      "n14",
      "b5",
      "n15",
      "n16",
      "b6",
      "n18",
      "n19",
      "b7",
      "n21",
      "n22",
      "b8",
      "e4"
    ],
    [
      "i1",
      "n2",
      "n3",
      "n4",
      "b1",
      "n6",
      "c1",
      "n7",
      "b2",
      "n9",
      "b3",
      "n10",
      "n11",
      "n12",
      "b4",
      "c2",
      "n14",
      "b5",
      "n15",
      "n16",
      "b6",
      "n18",
      "n19",
      "b7",
      "n21",
      "n22",
      "b8",
      "c3",
      "n24",
      "e5"
    ],
    [
      "i1",
      "n2",
      "n3",
      "n4",
      "b1",
      "n6",
      "c1",
      "n7",
      "b2",
      "n9",
      "b3",
      "n10",
      "n11",
      "n12",
      "b4",
      "c2",
      "n14",
      "b5",
      "c3",
      "n24",
      "e5"
    ],
    [
      "i1",
      "n2",
      "n3",
      "n4",
      "b1",
      "n6",
      "c1",
      "n7",
      "b2",
      "n9",
      "b3",
      "c2",
      "n14",
      "b5",
      "n15",
      "n16",
      "b6",
      "e2"
    ],
    [
      "i1",
      "n2",
      "n3",
      "n4",
      "b1",
      "n6",
      "c1",
      "n7",
      "b2",
      "n9",
      "b3",
      "c2",
      "n14",
      "b5",
      "n15",
      "n16",
      "b6",
      "n18",
      "n19",
      "b7",
      "e3"
    ],
    [
      "i1",
      "n2",
      "n3",
      "n4",
      "b1",
      "n6",
      "c1",
      "n7",
      "b2",
      "n9",
      "b3",
      "c2",
      "n14",
      "b5",
      "n15",
      "n16",
      "b6",
      "n18",
      "n19",
      "b7",
      "n21",
      "n22",
      "b8",
      "e4"
    ],
    [
      "i1",
      "n2",
      "n3",
      "n4",
      "b1",
      "n6",
      "c1",
      "n7",
      "b2",
      "n9",
      "b3",
      "c2",
      "n14",
      "b5",
      "n15",
      "n16",
      "b6",
      "n18",
      "n19",
      "b7",
      "n21",
      "n22",
      "b8",
      "c3",
      "n24",
      "e5"
    ],
    [
      "i1",
      "n2",
      "n3",
      "n4",
      "b1",
      "n6",
      "c1",
      "n7",
      "b2",
      "n9",
      "b3",
      "c2",
      "n14",
      "b5",
      "c3",
      "n24",
      "e5"
    ]
  ],
  "source_text_traces": [
    [
      "i2",
      "i3",
      "i4",
      "i7",
      "i8",
      "i16",
      "i32",
      "i19"
    ],
    [
      "i2",
      "i3",
      "i4",
      "i7",
      "i9",
      "i21",
      "i11",
      "i13",
      "i23",
      "i15"
    ],
    [
      "i2",
      "i3",
      "i4",
      "i7",
      "i9",
      "i21",
      "i11",
      "i13",
      "i24",
      "i26",
      "i15"
    ],
    [
      "i2",
      "i3",
      "i4",
      "i7",
      "i9",
      "i21",
      "i11",
      "i13",
      "i24",
      "i26",
      "i29",
      "i17",
      "i18",
      "i30",
      "i15"
    ],
    [
      "i2",
      "i3",
      "i4",
      "i7",
      "i9",
      "i21",
      "i11",
      "i13",
      "i24",
      "i26",
      "i29",
      "i17",
      "i18",
      "i30",
      "i31",
      "i32",
      "i19"
    ],
    [
      "i2",
      "i3",
      "i4",
      "i7",
      "i9",
      "i21",
      "i11",
      "i13",
      "i24",
      "i27",
      "i19"
    ],
    [
      "i2",
      "i3",
      "i4",
      "i7",
      "i9",
      "i22",
      "i26",
      "i15"
    ],
    [
      "i2",
      "i3",
      "i4",
      "i7",
      "i9",
      "i22",
      "i26",
      "i29",
      "i17",
      "i18",
      "i30",
      "i15"
    ],
    [
      "i2",
      "i3",
      "i4",
      "i7",
      "i9",
      "i22",
      "i26",
      "i29",
      "i17",
      "i18",
      "i30",
      "i31",
      "i32",
      "i19"
    ],
    [
      "i2",
      "i3",
      "i4",
      "i7",
      "i9",
      "i22",
      "i27",
      "i19"
    ],
    [
      "i2",
      "i3",
      "i5",
      "i8",
      "i16",
      "i32",
      "i19"
    ],
    [
      "i2",
      "i3",
      "i5",
      "i9",
      "i21",
      "i11",
      "i13",
      "i23",
      "i15"
    ],
    [
      "i2",
      "i3",
      "i5",
      "i9",
      "i21",
      "i11",
      "i13",
      "i24",
      "i26",
      "i15"
    ],
    [
      "i2",
      "i3",
      "i5",
      "i9",
      "i21",
      "i11",
      "i13",
      "i24",
      "i26",
      "i29",
      "i17",
      "i18",
      "i30",
      "i15"
    ],
    [
      "i2",
      "i3",
      "i5",
      "i9",
      "i21",
      "i11",
      "i13",
      "i24",
      "i26",
      "i29",
      "i17",
      "i18",
      "i30",
      "i31",
      "i32",
      "i19"
    ],
    [
      "i2",
      "i3",
      "i5",
      "i9",
      "i21",
      "i11",
      "i13",
      "i24",
      "i27",
      "i19"
    ],
    [
      "i2",
      "i3",
      "i5",
      "i9",
      "i22",
      "i26",
      "i15"
    ],
    [
      "i2",
      "i3",
      "i5",
      "i9",
      "i22",
      "i26",
      "i29",
      "i17",
      "i18",
      "i30",
      "i15"
    ],
    [
      "i2",
      "i3",
      "i5",
      "i9",
      "i22",
      "i26",
      "i29",
      "i17",
      "i18",
      "i30",
      "i31",
      "i32",
      "i19"
    ],
    [
      "i2",
      "i3",
      "i5",
      "i9",
      "i22",
      "i27",
      "i19"
    ]
  ]
}