{
  "model_traces": [
    [
      "i1",
      "n1",
      "n2",
      "n3",
      "n4",
      "n5",
      "n6",
      "n7",
      "n8",
      "n9",
      "b1",
      "n10",
      "c2",
      "n12",
      "b20",
      "n13",
      "c4",
      "n31",
      "n32",
      "b9",
      "n33",
      "e5"
    ],
    [
      "i1",
      "n1",
      "n2",
      "n3",
      "n4",
      "n5",
      "n6",
      "n7",
      "n8",
      "n9",
      "b1",
      "n10",
      "c2",
      "n12",
      "b20",
      "n13",
      "c4",
      "n31",
      "n32",
      "b9",
      "n34",
      "c3",
      "n39",
      "b10",
      "n40",
      "n41",
      "n42",
      "n43",
      "n44",
      "c1",
      "n46",
      "n47",
      "b11",
      "n48",
      "e6"
    ],
    [
      "i1",
      "n1",
      "n2",
      "n3",
      "n4",
      "n5",
      "n6",
      "n7",
      "n8",
      "n9",
      "b1",
      "n10",
      "c2",
      "n12",
      "b20",
      "n13",
      "c4",
      "n31",
      "n32",
      "b9",
      "n34",
      "c3",
      "n39",
      "b10",
      "n40",
      "n41",
      "n42",
      "n43",
      "n44",
      "c1",
      "n46",
      "n47",
      "b11",
      "n49",
      "n50",
      "b12",
      "n51",
      "e7"
    ],
    [
      "i1",
      "n1",
      "n2",
      "n3",
      "n4",
      "n5",
      "n6",
      "n7",
      "n8",
      "n9",
      "b1",
      "n10",
      "c2",
      "n12",
      "b20",
      "n13",
      "c4",
      "n31",
      "n32",
      "b9",
      "n34",
      "c3",
      "n39",
      "b10",
      "n40",
      "n41",
      "n42",
      "n43",
      "n44",
      "c1",
      "n46",
      "n47",
      "b11",
      "n49",
      "n50",
      "b12",
      "n52",
      "n53",
      "b13",
      "n54",
      "e8"
    ],
    [
      "i1",
      "n1",
      "n2",
      "n3",
      "n4",
      "n5",
      "n6",
      "n7",
      "n8",
      "n9",
      "b1",
      "n10",
      "c2",
      "n12",
      "b20",
      "n13",
      "c4",
      "n31",
      "n32",
      "b9",
      "n34",
      "c3",
      "n39",
      "b10",
      "n40",
      "n41",
      "n42",
      "n43",
      "n44",
      "c1",
      "n46",
      "n47",
      "b11",
      "n49",
      "n50",
      "b12",
      "n52",
      "n53",
      "b13",
      "n55",
      "n56",
      "b14",
      "n57",
      "e9"
    ],
    [
      "i1",
      "n1",
      "n2",
      "n3",
      "n4",
      "n5",
      "n6",
      "n7",
      "n8",
      "n9",
      "b1",
      "n10",
      "c2",
      "n12",
      "b20",
      "n13",
      "c4",
      "n31",
      "n32",
      "b9",
      "n34",
      "c3",
      "n39",
      "b10",
      "n40",
      "n41",
      "n42",
      "n43",
      "n44",
      "c1",
      "n46",
      "n47",
      "b11",
      "n49",
      "n50",
      "b12",
      "n52",
      "n53",
      "b13",
      "n55",
      "n56",
      "b14",
      "n58",
      "n59",
      "b15",
      "n60",
      "e10"
    ],
    [
      "i1",
      "n1",
      "n2",
      "n3",
      "n4",
      "n5",
      "n6",
      "n7",
      "n8",
      "n9",
      "b1",
      "n10",
      "c2",
      "n12",
      "b20",
      "n13",
      "c4",
      "n31",
      "n32",
      "b9",
      "n34",
      "c3",
      "n39",
      "b10",
      "n40",
      "n41",
      "n42",
      "n43",
      "n44",
      "c1",
      "n46",
      "n47",
      "b11",
      "n49",
      "n50",
      "b12",
      "n52",
      "n53",
      "b13",
      "n55",
      "n56",
      "b14",
      "n58",
      "n59",
      "b15",
      "n61",
      "n62",
      "n63",
      "b17",
      "n64",
      "e11"
    ],
    [
      "i1",
      "n1",
      "n2",
      "n3",
      "n4",
      "n5",
      "n6",
      "n7",
      "n8",
      "n9",
      "b1",
      "n10",
      "c2",
      "n12",
      "b20",
      "n13",
      "c4",
      "n31",
      "n32",
      "b9",
      "n34",
      "c3",
      "n39",
      "b10",
      "n40",
      "n41",
      "n42",
      "n43",
      "n44",
      "c1",
      "n46",
      "n47",
      "b11",
      "n49",
      "n50",
      "b12",
      "n52",
      "n53",
      "b13",
      "n55",
      "n56",
      "b14",
      "n58",
      "n59",
      "b15",
      "n61",
      "n62",
      "n63",
      "b17",
      "n65",
      "n66",
      "n67",
      "b19",
      "n68",
      "e12"
    ],
    [
      "i1",
      "n1",
      "n2",
      "n3",
      "n4",
      "n5",
      "n6",
      "n7",
      "n8",
      "n9",
      "b1",
      "n10",
      "c2",
      "n12",
      "b20",
      "n13",
      "c4",
      "n31",
      "n32",
      "b9",
      "n34",
      "c3",
      "n39",
      "b10",
      "n40",
      "n41",
      "n42",
      "n43",
      "n44",
      "c1",
      "n46",
      "n47",
      "b11",
      "n49",
      "n50",
      "b12",
      "n52",
      "n53",
      "b13",
      "n55",
      "n56",
      "b14",
      "n58",
      "n59",
      "b15",
      "n61",
      "n62",
      "n63",
      "b17",
      "n65",
      "n66",
      "n67",
      "b19",
      "n69",
      "e13"
    ],
    [
      "i1",
      "n1",
      "n2",
      "n3",
      "n4",
      "n5",
      "n6",
      "n7",
      "n8",
      "n9",
      "b1",
      "n10",
      "c2",
      "n12",
      "b20",
      "n13",
      "c4",
      "n31",
      "n32",
      "b9",
      "n34",
      "c3",
      "n39",
      "b10",
      "n45",
      "c1",
      "n46",
      "n47",
      "b11",
      "n48",
      "e6"
    ],
    [
      "i1",
      "n1",
      "n2",
      "n3",
      "n4",
      "n5",
      "n6",
      "n7",
      "n8",
      "n9",
      "b1",
      "n10",
      "c2",
      "n12",
      "b20",
      "n13",
      "c4",
      "n31",
      "n32",
      "b9",
      "n34",
      "c3",
      "n39",
      "b10",
      "n45",
      "c1",
      "n46",
      "n47",
      "b11",
      "n49",
      "n50",
      "b12",
      "n51",
      "e7"
    ],
    [
      "i1",
      "n1",
      "n2",
      "n3",
      "n4",
      "n5",
      "n6",
      "n7",
      "n8",
      "n9",
      "b1",
      "n10",
      "c2",
      "n12",
      "b20",
      "n13",
      "c4",
      "n31",
      "n32",
      "b9",
      "n34",
      "c3",
      "n39",
      "b10",
      "n45",
      "c1",
      "n46",
      "n47",
      "b11",
      "n49",
      "n50",
      "b12",
      "n52",
      "n53",
      "b13",
      "n54",
      "e8"
    ],
    [
      "i1",
      "n1",
      "n2",
      "n3",
      "n4",
      "n5",
      "n6",
      "n7",
      "n8",
      "n9",
      "b1",
      "n10",
      "c2",
      "n12",
      "b20",
      "n13",
      "c4",
      "n31",
      "n32",
      "b9",
      "n34",
      "c3",
      "n39",
      "b10",
      "n45",
      "c1",
      "n46",
      "n47",
      "b11",
      "n49",
      "n50",
      "b12",
      "n52",
      "n53",
      "b13",
      "n55",
      "n56",
      "b14",
      "n57",
      "e9"
    ],
    [
      "i1",
      "n1",
      "n2",
      "n3",
      "n4",
      "n5",
      "n6",
      "n7",
      "n8",
      "n9",
      "b1",
      "n10",
      "c2",
      "n12",
      "b20",
      "n13",
      "c4",
      "n31",
      "n32",
      "b9",
      "n34",
      "c3",
      "n39",
      "b10",
      "n45",
      "c1",
      "n46",
      "n47",
      "b11",
      "n49",
      "n50",
      "b12",
      "n52",
      "n53",
      "b13",
      "n55",
      "n56",
      "b14",
      "n58",
      "n59",
      "b15",
      "n60",
      "e10"
    ],
    [
      "i1",
      "n1",
      "n2",
      "n3",
      "n4",
      "n5",
      "n6",
      "n7",
      "n8",
      "n9",
      "b1",
      "n10",
      "c2",
      "n12",
      "b20",
      "n13",
      "c4",
      "n31",
      "n32",
      "b9",
      "n34",
      "c3",
      "n39",
      "b10",
      "n45",
      "c1",
      "n46",
      "n47",
      "b11",
      "n49",
      "n50",
      "b12",
      "n52",
      "n53",
      "b13",
      "n55",
      "n56",
      "b14",
      "n58",
      "n59",
      "b15",
      "n61",
      "n62",
      "n63",
      "b17",
      "n64",
      "e11"
    ],
    [
      "i1",
      "n1",
      "n2",
      "n3",
      "n4",
      "n5",
      "n6",
      "n7",
      "n8",
      "n9",
      "b1",
      "n10",
      "c2",
      "n12",
      "b20",
      "n13",
      "c4",
      "n31",
      "n32",
      "b9",
      "n34",
      "c3",
      "n39",
      "b10",
      "n45",
      "c1",
      "n46",
      "n47",
      "b11",
      "n49",
      "n50",
      "b12",
      "n52",
      "n53",
      "b13",
      "n55",
      "n56",
      "b14",
      "n58",
      "n59",
      "b15",
      "n61",
      "n62",
      "n63",
      "b17",
      "n65",
      "n66",
      "n67",
      "b19",
      "n68",
      "e12"
    ],
    [
      "i1",
      "n1",
      "n2",
      "n3",
      "n4",
      "n5",
      "n6",
      "n7",
      "n8",
      "n9",
      "b1",
      "n10",
      "c2",
      "n12",
      "b20",
      "n13",
      "c4",
      "n31",
      "n32",
      "b9",
      "n34",
      "c3",
      "n39",
      "b10",
      "n45",
      "c1",
      "n46",
      "n47",
      "b11",
      "n49",
      "n50",
      "b12",
      "n52",
      "n53",
      "b13",
      "n55",
      "n56",
      "b14",
      "n58",
      "n59",
      "b15",
      "n61",
      "n62",
      "n63",
      "b17",
      "n65",
      "n66",
      "n67",
      "b19",
      "n69",
      "e13"
    ],
    [
      "i1",
      "n1",
      "n2",
      "n3",
      "n4",
      "n5",
      "n6",
      "n7",
      "n8",
      "n9",
      "b1",
      "n10",
      "c2",
      "n12",
      "b20",
      "n14",
      "n15",
      "n16",
      "n17",
      "n18",
      "n19",
      "b4",
      "n20",
      "e1"
    ],
    [
      "i1",
      "n1",
      "n2",
      "n3",
      "n4",
      "n5",
      "n6",
      "n7",
      "n8",
      "n9",
      "b1",
      "n10",
      "c2",
      "n12",
      "b20",
      "n14",
      "n15",
      "n16",
      "n17",
      "n18",
      "n19",
      "b4",
      "n21",
      "n22",
      "b5",
      "n23",
      "e2"
    ],
    [
      "i1",
      "n1",
      "n2",
      "n3",
      "n4",
      "n5",
      "n6",
      "n7",
      "n8",
      "n9",
      "b1",
      "n10",
      "c2",
      "n12",
      "b20",
      "n14",
      "n15",
      "n16",
      "n17",
      "n18",
      "n19",
      "b4",
      "n21",
      "n22",
      "b5",
      "n24",
      "n25",
      "b6",
      "n26",
      "e3"
    ],
    [
      "i1",
      "n1",
      "n2",
      "n3",
      "n4",
      "n5",
      "n6",
      "n7",
      "n8",
      "n9",
      "b1",
      "n10",
      "c2",
      "n12",
      "b20",
      "n14",
      "n15",
      "n16",
      "n17",
      "n18",
      "n19",
      "b4",
      "n21",
      "n22",
      "b5",
      "n24",
      "n25",
      "b6",
      "n27",
      "n28",
      "b7",
      "n29",
      "e4"
    ],
    [
      "i1",
      "n1",
      "n2",
      "n3",
      "n4",
      "n5",
      "n6",
      "n7",
      "n8",
      "n9",
      "b1",
      "n10",
      "c2",
      "n12",
      "b20",
      "n14",
      "n15",
      "n16",
      "n17",
      "n18",
      "n19",
      "b4",
      "n21",
      "n22",
      "b5",
      "n24",
      "n25",
      "b6",
      "n27",
      "n28",
      "b7",
      "n30",
      "c4",
      "n31",
      "n32",
      "b9",
      "n33",
      "e5"
    ],
    [
      "i1",
      "n1",
      "n2",
      "n3",
      "n4",
      "n5",
      "n6",
      "n7",
      "n8",
      "n9",
      "b1",
      "n10",
      "c2",
      "n12",
      "b20",
      "n14",
      "n15",
      "n16",
      "n17",
      "n18",
      "n19",
      "b4",
      "n21",
      "n22",
      "b5",
      "n24",
      "n25",
      "b6",
      "n27",
      "n28",
      "b7",
      "n30",
      "c4",
      "n31",
      "n32",
      "b9",
      "n34",
      "c3",
      "n39",
      "b10",
      "n40",
      "n41",
      "n42",
      "n43",
      "n44",
      "c1",
      "n46",
      "n47",
      "b11",
      "n48",
      "e6"
    ],
    [
      "i1",
      "n1",
      "n2",
      "n3",
      "n4",
      "n5",
      "n6",
      "n7",
      "n8",
      "n9",
      "b1",
      "n10",
      "c2",
      "n12",
      "b20",
      "n14",
      "n15",
      "n16",
      "n17",
      "n18",
      "n19",
      "b4",
      "n21",
      "n22",
      "b5",
      "n24",
      "n25",
      "b6",
      "n27",
      "n28",
      "b7",
      "n30",
      "c4",
      "n31",
      "n32",
      "b9",
      "n34",
      "c3",
      "n39",
      "b10",
      "n40",
      "n41",
      "n42",
      "n43",
      "n44",
      "c1",
      "n46",
      "n47",
      "b11",
      "n49",
      "n50",
      "b12",
      "n51",
      "e7"
    ],
    [
      "i1",
      "n1",
      "n2",
      "n3",
      "n4",
      "n5",
      "n6",
      "n7",
      "n8",
      "n9",
      "b1",
      "n10",
      "c2",
      "n12",
      "b20",
      "n14",
      "n15",
      "n16",
      "n17",
      "n18",
      "n19",
      "b4",
      "n21",
      "n22",
      "b5",
      "n24",
      "n25",
      "b6",
      "n27",
      "n28",
      "b7",
      "n30",
      "c4",
      "n31",
      "n32",
      "b9",
      "n34",
      "c3",
      "n39",
      "b10",
      "n40",
      "n41",
      "n42",
      "n43",
      "n44",
      "c1",
      "n46",
      "n47",
      "b11",
      "n49",
      "n50",
      "b12",
      "n52",
      "n53",
      "b13",
      "n54",
      "e8"
    ],
    [
      "i1",
      "n1",
      "n2",
      "n3",
      "n4",
      "n5",
      "n6",
      "n7",
      "n8",
      "n9",
      "b1",
      "n10",
      "c2",
      "n12",
      "b20",
      "n14",
      "n15",
      "n16",
      "n17",
      "n18",
      "n19",
      "b4",
      "n21",
      "n22",
      "b5",
      "n24",
      "n25",
      "b6",
      "n27",
      "n28",
      "b7",
      "n30",
      "c4",
      "n31",
      "n32",
      "b9",
      "n34",
      "c3",
      "n39",
      "b10",
      "n40",
      "n41",
      "n42",
      "n43",
      "n44",
      "c1",
      "n46",
      "n47",
      "b11",
      "n49",
      "n50",
      "b12",
      "n52",
      "n53",
      "b13",
      "n55",
      "n56",
      "b14",
      "n57",
      "e9"
    ],
    [
      "i1",
      "n1",
      "n2",
      "n3",
      "n4",
      "n5",
      "n6",
      "n7",
      "n8",
      "n9",
      "b1",
      "n10",
      "c2",
      "n12",
      "b20",
      "n14",
      "n15",
      "n16",
      "n17",
      "n18",
      "n19",
      "b4",
      "n21",
      "n22",
      "b5",
      "n24",
      "n25",
      "b6",
      "n27",
      "n28",
      "b7",
      "n30",
      "c4",
      "n31",
      "n32",
      "b9",
      "n34",
      "c3",
      "n39",
      "b10",
      "n40",
      "n41",
      "n42",
      "n43",
      "n44",
      "c1",
      "n46",
      "n47",
      "b11",
      "n49",
      "n50",
      "b12",
      "n52",
      "n53",
      "b13",
      "n55",
      "n56",
      "b14",
      "n58",
      "n59",
      "b15",
      "n60",
      "e10"
    ],
    [
      "i1",
      "n1",
      "n2",
      "n3",
      "n4",
      "n5",
      "n6",
      "n7",
      "n8",
      "n9",
      "b1",
      "n10",
      "c2",
      "n12",
      "b20",
      "n14",
      "n15",
      "n16",
      "n17",
      "n18",
      "n19",
      "b4",
      "n21",
      "n22",
      "b5",
      "n24",
      "n25",
      "b6",
      "n27",
      "n28",
      "b7",
      "n30",
      "c4",
      "n31",
      "n32",
      "b9",
      "n34",
      "c3",
      "n39",
      "b10",
      "n40",
      "n41",
      "n42",
      "n43",
      "n44",
      "c1",
      "n46",
      "n47",
      "b11",
      "n49",
      "n50",
      "b12",
      "n52",
      "n53",
      "b13",
      "n55",
      "n56",
      "b14",
      "n58",
      "n59",
      "b15",
      "n61",
      "n62",
      "n63",
      "b17",
      "n64",
      "e11"
    ],
    [
      "i1",
      "n1",
      "n2",
      "n3",
      "n4",
      "n5",
      "n6",
      "n7",
      "n8",
      "n9",
      "b1",
      "n10",
      "c2",
      "n12",
      "b20",
      "n14",
      "n15",
      "n16",
      "n17",
      "n18",
      "n19",
      "b4",
      "n21",
      "n22",
      "b5",
      "n24",
      "n25",
      "b6",
      "n27",
      "n28",
      "b7",
      "n30",
      "c4",
      "n31",
      "n32",
      "b9",
      "n34",
      "c3",
      "n39",
      "b10",
      "n40",
      "n41",
      "n42",
      "n43",
      "n44",
      "c1",
      "n46",
      "n47",
      "b11",
      "n49",
      "n50",
      "b12",
      "n52",
      "n53",
      "b13",
      "n55",
      "n56",
      "b14",
      "n58",
      "n59",
      "b15",
      "n61",
      "n62",
      "n63",
      "b17",
      "n65",
      "n66",
      "n67",
      "b19",
      "n68",
      "e12"
    ],
    [
      "i1",
      "n1",
      "n2",
      "n3",
      "n4",
      "n5",
      "n6",
      "n7",
      "n8",
      "n9",
      "b1",
      "n10",
      "c2",
      "n12",
      "b20",
      "n14",
      "n15",
      "n16",
      "n17",
      "n18",
      "n19",
      "b4",
      "n21",
      "n22",
      "b5",
      "n24",
      "n25",
      "b6",
      "n27",
      "n28",
      "b7",
      "n30",
      "c4",
      "n31",
      "n32",
      "b9",
      "n34",
      "c3",
      "n39",
      "b10",
      "n40",
      "n41",
      "n42",
      "n43",
      "n44",
      "c1",
      "n46",
      "n47",
      "b11",
      "n49",
      "n50",
      "b12",
      "n52",
      "n53",
      "b13",
      "n55",
      "n56",
      "b14",
      "n58",
      "n59",
      "b15",
      "n61",
      "n62",
      "n63",
      "b17",
      "n65",
      "n66",
      "n67",
      "b19",
      "n69",
      "e13"
    ],
    [
      "i1",
      "n1",
      "n2",
      "n3",
      "n4",
      "n5",
      "n6",
      "n7",
      "n8",
      "n9",
      "b1",
      "n10",
      "c2",
      "n12",
      "b20",
      "n14",
      "n15",
      "n16",
      "n17",
      "n18",
      "n19",
      "b4",
      "n21",
      "n22",
      "b5",
      "n24",
      "n25",
      "b6",
      "n27",
      "n28",
      "b7",
      "n30",
      "c4",
      "n31",
      "n32",
      "b9",
      "n34",
      "c3",
      "n39",
      "b10",
      "n45",
      "c1",
      "n46",
      "n47",
      "b11",
      "n48",
      "e6"
    ],
    [
      "i1",
      "n1",
      "n2",
      "n3",
      "n4",
      "n5",
      "n6",
      "n7",
      "n8",
      "n9",
      "b1",
      "n10",
      "c2",
      "n12",
      "b20",
      "n14",
      "n15",
      "n16",
      "n17",
      "n18",
      "n19",
      "b4",
      "n21",
      "n22",
      "b5",
      "n24",
      "n25",
      "b6",
      "n27",
      "n28",
      "b7",
      "n30",
      "c4",
      "n31",
      "n32",
      "b9",
      "n34",
      "c3",
      "n39",
      "b10",
      "n45",
      "c1",
      "n46",
      "n47",
      "b11",
      "n49",
      "n50",
      "b12",
      "n51",
      "e7"
    ],
    [
      "i1",
      "n1",
      "n2",
      "n3",
      "n4",
      "n5",
      "n6",
      "n7",
      "n8",
      "n9",
      "b1",
      "n10",
      "c2",
      "n12",
      "b20",
      "n14",
      "n15",
      "n16",
      "n17",
      "n18",
      "n19",
      "b4",
      "n21",
      "n22",
      "b5",
      "n24",
      "n25",
      "b6",
      "n27",
      "n28",
      "b7",
      "n30",
      "c4",
      "n31",
      "n32",
      "b9",
      "n34",
      "c3",
      "n39",
      "b10",
      "n45",
      "c1",
      "n46",
      "n47",
      "b11",
      "n49",
      "n50",
      "b12",
      "n52",
      "n53",
      "b13",
      "n54",
      "e8"
    ],
    [
      "i1",
      "n1",
      "n2",
      "n3",
      "n4",
      "n5",
      "n6",
      "n7",
      "n8",
      "n9",
      "b1",
      "n10",
      "c2",
      "n12",
      "b20",
      "n14",
      "n15",
      "n16",
      "n17",
      "n18",
      "n19",
      "b4",
      "n21",
      "n22",
      "b5",
      "n24",
      "n25",
      "b6",
      "n27",
      "n28",
      "b7",
      "n30",
      "c4",
      "n31",
      "n32",
      "b9",
      "n34",
      "c3",
      "n39",
      "b10",
      "n45",
      "c1",
      "n46",
      "n47",
      "b11",
      "n49",
      "n50",
      "b12",
      "n52",
      "n53",
      "b13",
      "n55",
      "n56",
      "b14",
      "n57",
      "e9"
    ],
    [
      "i1",
      "n1",
      "n2",
      "n3",
      "n4",
      "n5",
      "n6",
      "n7",
      "n8",
      "n9",
      "b1",
      "n10",
      "c2",
      "n12",
      "b20",
      "n14",
      "n15",
      "n16",
      "n17",
      "n18",
      "n19",
      "b4",
      "n21",
      "n22",
      "b5",
      "n24",
      "n25",
      "b6",
      "n27",
      "n28",
      "b7",
      "n30",
      "c4",
      "n31",
      "n32",
      "b9",
      "n34",
      "c3",
      "n39",
      "b10",
      "n45",
      "c1",
      "n46",
      "n47",
      "b11",
      "n49",
      "n50",
      "b12",
      "n52",
      "n53",
      "b13",
      "n55",
      "n56",
      "b14",
      "n58",
      "n59",
      "b15",
      "n60",
      "e10"
    ],
    [
      "i1",
      "n1",
      "n2",
      "n3",
      "n4",
      "n5",
      "n6",
      "n7",
      "n8",
      "n9",
      "b1",
      "n10",
      "c2",
      "n12",
      "b20",
      "n14",
      "n15",
      "n16",
      "n17",
      "n18",
      "n19",
      "b4",
      "n21",
      "n22",
      "b5",
      "n24",
      "n25",
      "b6",
      "n27",
      "n28",
      "b7",
      "n30",
      "c4",
      "n31",
      "n32",
      "b9",
      "n34",
      "c3",
      "n39",
      "b10",
      "n45",
      "c1",
      "n46",
      "n47",
      "b11",
      "n49",
      "n50",
      "b12",
      "n52",
      "n53",
      "b13",
      "n55",
      "n56",
      "b14",
      "n58",
      "n59",
      "b15",
      "n61",
      "n62",
      "n63",
      "b17",
      "n64",
      "e11"
    ],
    [
      "i1",
      "n1",
      "n2",
      "n3",
      "n4",
      "n5",
      "n6",
      "n7",
      "n8",
      "n9",
      "b1",
      "n10",
      "c2",
      "n12",
      "b20",
      "n14",
      "n15",
      "n16",
      "n17",
      "n18",
      "n19",
      "b4",
      "n21",
      "n22",
      "b5",
      "n24",
      "n25",
      "b6",
      "n27",
      "n28",
      "b7",
      "n30",
      "c4",
      "n31",
      "n32",
      "b9",
      "n34",
      "c3",
      "n39",
      "b10",
      "n45",
      "c1",
      "n46",
      "n47",
      "b11",
      "n49",
      "n50",
      "b12",
      "n52",
      "n53",
      "b13",
      "n55",
      "n56",
      "b14",
      "n58",
      "n59",
      "b15",
      "n61",
      "n62",
      "n63",
      "b17",
      "n65",
      "n66",
      "n67",
      "b19",
      "n68",
      "e12"
    ],
    [
      "i1",
      "n1",
      "n2",
      "n3",
      "n4",
      "n5",
      "n6",
      "n7",
      "n8",
      "n9",
      "b1",
      "n10",
      "c2",
      "n12",
      "b20",
      "n14",
      "n15",
      "n16",
      "n17",
      "n18",
      "n19",
      "b4",
      "n21",
      "n22",
      "b5",
      "n24",
      "n25",
      "b6",
      "n27",
      "n28",
      "b7",
      "n30",
      "c4",
      "n31",
      "n32",
      "b9",
      "n34",
      "c3",
      "n39",
      "b10",
      "n45",
      "c1",
      "n46",
      "n47",
      "b11",
      "n49",
      "n50",
      "b12",
      "n52",
      "n53",
      "b13",
      "n55",
      "n56",
      "b14",
      "n58",
      "n59",
      "b15",
      "n61",
      "n62",
      "n63",
      "b17",
      "n65",
      "n66",
      "n67",
      "b19",
      "n69",
      "e13"
    ],
    [
      "i1",
      "n1",
      "n2",
      "n3",
      "n4",
      "n5",
      "n6",
      "n7",
      "n8",
      "n9",
      "b1",
      "n11",
      "n36",
      "b21",
      "n37",
      "c2",
      "n12",
      "b20",
      "n13",
      "c4",
      "n31",
      "n32",
      "b9",
      "n33",
      "e5"
    ],
    [
      "i1",
      "n1",
      "n2",
      "n3",
      "n4",
      "n5",
      "n6",
      "n7",
      "n8",
      "n9",
      "b1",
      "n11",
      "n36",
      "b21",
      "n37",
      "c2",
      "n12",
      "b20",
      "n13",
      "c4",
      "n31",
      "n32",
      "b9",
      "n34",
      "c3",
      "n39",
      "b10",
      "n40",
      "n41",
      "n42",
      "n43",
      "n44",
      "c1",
      "n46",
      "n47",
      "b11",
      "n48",
      "e6"
    ],
    [
      "i1",
      "n1",
      "n2",
      "n3",
      "n4",
      "n5",
      "n6",
      "n7",
      "n8",
      "n9",
      "b1",
      "n11",
      "n36",
      "b21",
      "n37",
      "c2",
      "n12",
      "b20",
      "n13",
      "c4",
      "n31",
      "n32",
      "b9",
      "n34",
      "c3",
      "n39",
      "b10",
      "n40",
      "n41",
      "n42",
      "n43",
      "n44",
      "c1",
      "n46",
      "n47",
      "b11",
      "n49",
      "n50",
      "b12",
      "n51",
      "e7"
    ],
    [
      "i1",
      "n1",
      "n2",
      "n3",
      "n4",
      "n5",
      "n6",
      "n7",
      "n8",
      "n9",
      "b1",
      "n11",
      "n36",
      "b21",
      "n37",
      "c2",
      "n12",
      "b20",
      "n13",
      "c4",
      "n31",
      "n32",
      "b9",
      "n34",
      "c3",
      "n39",
      "b10",
      "n40",
      "n41",
      "n42",
      "n43",
      "n44",
      "c1",
      "n46",
      "n47",
      "b11",
      "n49",
      "n50",
      "b12",
      "n52",
      "n53",
      "b13",
      "n54",
      "e8"
    ],
    [
      "i1",
      "n1",
      "n2",
      "n3",
      "n4",
      "n5",
      "n6",
      "n7",
      "n8",
      "n9",
      "b1",
      "n11",
      "n36",
      "b21",
      "n37",
      "c2",
      "n12",
      "b20",
      "n13",
      "c4",
      "n31",
      "n32",
      "b9",
      "n34",
      "c3",
      "n39",
      "b10",
      "n40",
      "n41",
      "n42",
      "n43",
      "n44",
      "c1",
      "n46",
      "n47",
      "b11",
      "n49",
      "n50",
      "b12",
      "n52",
      "n53",
      "b13",
      "n55",
      "n56",
      "b14",
      "n57",
      "e9"
    ],
    [
      "i1",
      "n1",
      "n2",
      "n3",
      "n4",
      "n5",
      "n6",
      "n7",
      "n8",
      "n9",
      "b1",
      "n11",
      "n36",
      "b21",
      "n37",
      "c2",
      "n12",
      "b20",
      "n13",
      "c4",
      "n31",
      "n32",
      "b9",
      "n34",
      "c3",
      "n39",
      "b10",
      "n40",
      "n41",
      "n42",
      "n43",
      "n44",
      "c1",
      "n46",
      "n47",
      "b11",
      "n49",
      "n50",
      "b12",
      "n52",
      "n53",
      "b13",
      "n55",
      "n56",
      "b14",
      "n58",
      "n59",
      "b15",
      "n60",
      "e10"
    ],
    [
      "i1",
      "n1",
      "n2",
      "n3",
      "n4",
      "n5",
      "n6",
      "n7",
      "n8",
      "n9",
      "b1",
      "n11",
      "n36",
      "b21",
      "n37",
      "c2",
      "n12",
      "b20",
      "n13",
      "c4",
      "n31",
      "n32",
      "b9",
      "n34",
      "c3",
      "n39",
      "b10",
      "n40",
      "n41",
      "n42",
      "n43",
      "n44",
      "c1",
      "n46",
      "n47",
      "b11",
      "n49",
      "n50",
      "b12",
      "n52",
      "n53",
      "b13",
      "n55",
      "n56",
      "b14",
      "n58",
      "n59",
      "b15",
      "n61",
      "n62",
      "n63",
      "b17",
      "n64",
      "e11"
    ],
    [
      "i1",
      "n1",
      "n2",
      "n3",
      "n4",
      "n5",
      "n6",
      "n7",
      "n8",
      "n9",
      "b1",
      "n11",
      "n36",
      "b21",
      "n37",
      "c2",
      "n12",
      "b20",
      "n13",
      "c4",
      "n31",
      "n32",
      "b9",
      "n34",
      "c3",
      "n39",
      "b10",
      "n40",
      "n41",
      "n42",
      "n43",
      "n44",
      "c1",
      "n46",
      "n47",
      "b11",
      "n49",
      "n50",
      "b12",
      "n52",
      "n53",
      "b13",
      "n55",
      "n56",
      "b14",
      "n58",
      "n59",
      "b15",
      "n61",
      "n62",
      "n63",
      "b17",
      "n65",
      "n66",
      "n67",
      "b19",
      "n68",
      "e12"
    ],
    [
      "i1",
      "n1",
      "n2",
      "n3",
      "n4",
      "n5",
      "n6",
      "n7",
      "n8",
      "n9",
      "b1",
      "n11",
      "n36",
      "b21",
      "n37",
      "c2",
      "n12",
      "b20",
      "n13",
      "c4",
      "n31",
      "n32",
      "b9",
      "n34",
      "c3",
      "n39",
      "b10",
      "n40",
      "n41",
      "n42",
      "n43",
      "n44",
      "c1",
      "n46",
      "n47",
      "b11",
      "n49",
      "n50",
      "b12",
      "n52",
      "n53",
      "b13",
      "n55",
      "n56",
      "b14",
      "n58",
      "n59",
      "b15",
      "n61",
      "n62",
      "n63",
      "b17",
      "n65",
      "n66",
      "n67",
      "b19",
      "n69",
      "e13"
    ],
    [
      "i1",
      "n1",
      "n2",
      "n3",
      "n4",
      "n5",
      "n6",
      "n7",
      "n8",
      "n9",
      "b1",
      "n11",
      "n36",
      "b21",
      "n37",
      "c2",
      "n12",
      "b20",
      "n13",
      "c4",
      "n31",
      "n32",
      "b9",
      "n34",
      "c3",
      "n39",
      "b10",
      "n45",
      "c1",
      "n46",
      "n47",
      "b11",
      "n48",
      "e6"
    ],
    [
      "i1",
      "n1",
      "n2",
      "n3",
      "n4",
      "n5",
      "n6",
      "n7",
      "n8",
      "n9",
      "b1",
      "n11",
      "n36",
      "b21",
      "n37",
      "c2",
      "n12",
      "b20",
      "n13",
      "c4",
      "n31",
      "n32",
      "b9",
      "n34",
      "c3",
      "n39",
      "b10",
      "n45",
      "c1",
      "n46",
      "n47",
      "b11",
      "n49",
      "n50",
      "b12",
      "n51",
      "e7"
    ],
    [
      "i1",
      "n1",
      "n2",
      "n3",
      "n4",
      "n5",
      "n6",
      "n7",
      "n8",
      "n9",
      "b1",
      "n11",
      "n36",
      "b21",
      "n37",
      "c2",
      "n12",
      "b20",
      "n13",
      "c4",
      "n31",
      "n32",
      "b9",
      "n34",
      "c3",
      "n39",
      "b10",
      "n45",
      "c1",
      "n46",
      "n47",
      "b11",
      "n49",
      "n50",
      "b12",
      "n52",
      "n53",
      "b13",
      "n54",
      "e8"
    ],
    [
      "i1",
      "n1",
      "n2",
      "n3",
      "n4",
      "n5",
      "n6",
      "n7",
      "n8",
      "n9",
      "b1",
      "n11",
      "n36",
      "b21",
      "n37",
      "c2",
      "n12",
      "b20",
      "n13",
      "c4",
      "n31",
      "n32",
      "b9",
      "n34",
      "c3",
      "n39",
      "b10",
      "n45",
      "c1",
      "n46",
      "n47",
      "b11",
      "n49",
      "n50",
      "b12",
      "n52",
      "n53",
      "b13",
      "n55",
      "n56",
      "b14",
      "n57",
      "e9"
    ],
    [
      "i1",
      "n1",
      "n2",
      "n3",
      "n4",
      "n5",
      "n6",
      "n7",
      "n8",
      "n9",
      "b1",
      "n11",
      "n36",
      "b21",
      "n37",
      "c2",
      "n12",
      "b20",
      "n13",
      "c4",
      "n31",
      "n32",
      "b9",
      "n34",
      "c3",
      "n39",
      "b10",
      "n45",
      "c1",
      "n46",
      "n47",
      "b11",
      "n49",
      "n50",
      "b12",
      "n52",
      "n53",
      "b13",
      "n55",
      "n56",
      "b14",
      "n58",
      "n59",
      "b15",
      "n60",
      "e10"
    ],
    [
      "i1",
      "n1",
      "n2",
      "n3",
      "n4",
      "n5",
      "n6",
      "n7",
      "n8",
      "n9",
      "b1",
      "n11",
      "n36",
      "b21",
      "n37",
      "c2",
      "n12",
      "b20",
      "n13",
      "c4",
      "n31",
      "n32",
      "b9",
      "n34",
      "c3",
      "n39",
      "b10",
      "n45",
      "c1",
      "n46",
      "n47",
      "b11",
      "n49",
      "n50",
      "b12",
      "n52",
      "n53",
      "b13",
      "n55",
      "n56",
      "b14",
      "n58",
      "n59",
      "b15",
      "n61",
      "n62",
      "n63",
      "b17",
      "n64",
      "e11"
    ],
    [
      "i1",
      "n1",
      "n2",
      "n3",
      "n4",
      "n5",
      "n6",
      "n7",
      "n8",
      "n9",
      "b1",
      "n11",
      "n36",
      "b21",
      "n37",
      "c2",
      "n12",
      "b20",
      "n13",
      "c4",
      "n31",
      "n32",
      "b9",
      "n34",
      "c3",
      "n39",
      "b10",
      "n45",
      "c1",
      "n46",
      "n47",
      "b11",
      "n49",
      "n50",
      "b12",
      "n52",
      "n53",
      "b13",
      "n55",
      "n56",
      "b14",
      "n58",
      "n59",
      "b15",
      "n61",
      "n62",
      "n63",
      "b17",
      "n65",
      "n66",
      "n67",
      "b19",
      "n68",
      "e12"
    ],
    [
      "i1",
      "n1",
      "n2",
      "n3",
      "n4",
      "n5",
      "n6",
      "n7",
      "n8",
      "n9",
      "b1",
      "n11",
      "n36",
      "b21",
      "n37",
      "c2",
      "n12",
      "b20",
      "n13",
      "c4",
      "n31",
      "n32",
      "b9",
      "n34",
      "c3",
      "n39",
      "b10",
      "n45",
      "c1",
      "n46",
      "n47",
      "b11",
      "n49",
      "n50",
      "b12",
      "n52",
      "n53",
      "b13",
      "n55",
      "n56",
      "b14",
      "n58",
      "n59",
      "b15",
      "n61",
      "n62",
      "n63",
      "b17",
      "n65",
      "n66",
      "n67",
      "b19",
      "n69",
      "e13"
    ],
    [
      "i1",
      "n1",
      "n2",
      "n3",
      "n4",
      "n5",
      "n6",
      "n7",
      "n8",
      "n9",
      "b1",
      "n11",
      "n36",
      "b21",
      "n37",
      "c2",
      "n12",
      "b20",
      "n14",
      "n15",
      "n16",
      "n17",
      "n18",
      "n19",
      "b4",
      "n20",
      "e1"
    ],
    [
      "i1",
      "n1",
      "n2",
      "n3",
      "n4",
      "n5",
      "n6",
      "n7",
      "n8",
      "n9",
      "b1",
      "n11",
      "n36",
      "b21",
      "n37",
      "c2",
      "n12",
      "b20",
      "n14",
      "n15",
      "n16",
      "n17",
      "n18",
      "n19",
      "b4",
      "n21",
      "n22",
      "b5",
      "n23",
      "e2"
    ],
    [
      "i1",
      "n1",
      "n2",
      "n3",
      "n4",
      "n5",
      "n6",
      "n7",
      "n8",
      "n9",
      "b1",
      "n11",
      "n36",
      "b21",
      "n37",
      "c2",
      "n12",
      "b20",
      "n14",
      "n15",
      "n16",
      "n17",
      "n18",
      "n19",
      "b4",
      "n21",
      "n22",
      "b5",
      "n24",
      "n25",
      "b6",
      "n26",
      "e3"
    ],
    [
      "i1",
      "n1",
      "n2",
      "n3",
      "n4",
      "n5",
      "n6",
      "n7",
      "n8",
      "n9",
      "b1",
      "n11",
      "n36",
      "b21",
      "n37",
      "c2",
      "n12",
      "b20",
      "n14",
      "n15",
      "n16",
      "n17",
      "n18",
      "n19",
      "b4",
      "n21",
      "n22",
      "b5",
      "n24",
      "n25",
      "b6",
      "n27",
      "n28",
      "b7",
      "n29",
      "e4"
    ],
    [
      "i1",
      "n1",
      "n2",
      "n3",
      "n4",
      "n5",
      "n6",
      "n7",
      "n8",
      "n9",
      "b1",
      "n11",
      "n36",
      "b21",
      "n37",
      "c2",
      "n12",
      "b20",
      "n14",
      "n15",
      "n16",
      "n17",
      "n18",
      "n19",
      "b4",
      "n21",
      "n22",
      "b5",
      "n24",
      "n25",
      "b6",
      "n27",
      "n28",
      "b7",
      "n30",
      "c4",
      "n31",
      "n32",
      "b9",
      "n33",
      "e5"
    ],
    [
      "i1",
      "n1",
      "n2",
      "n3",
      "n4",
      "n5",
      "n6",
      "n7",
      "n8",
      "n9",
      "b1",
      "n11",
      "n36",
      "b21",
      "n37",
      "c2",
      "n12",
      "b20",
      "n14",
      "n15",
      "n16",
      "n17",
      "n18",
      "n19",
      "b4",
      "n21",
      "n22",
      "b5",
      "n24",
      "n25",
      "b6",
      "n27",
      "n28",
      "b7",
      "n30",
      "c4",
      "n31",
      "n32",
      "b9",
      "n34",
      "c3",
      "n39",
      "b10",
      "n40",
      "n41",
      "n42",
      "n43",
      "n44",
      "c1",
      "n46",
      "n47",
      "b11",
      "n48",
      "e6"
    ],
    [
      "i1",
      "n1",
      "n2",
      "n3",
      "n4",
      "n5",
      "n6",
      "n7",
      "n8",
      "n9",
      "b1",
      "n11",
      "n36",
      "b21",
      "n37",
      "c2",
      "n12",
      "b20",
      "n14",
      "n15",
      "n16",
      "n17",
      "n18",
      "n19",
      "b4",
      "n21",
      "n22",
      "b5",
      "n24",
      "n25",
      "b6",
      "n27",
      "n28",
      "b7",
      "n30",
      "c4",
      "n31",
      "n32",
      "b9",
      "n34",
      "c3",
      "n39",
      "b10",
      "n40",
      "n41",
      "n42",
      "n43",
      "n44",
      "c1",
      "n46",
      "n47",
      "b11",
      "n49",
      "n50",
      "b12",
      "n51",
      "e7"
    ],
    [
      "i1",
      "n1",
      "n2",
      "n3",
      "n4",
      "n5",
      "n6",
      "n7",
      "n8",
      "n9",
      "b1",
      "n11",
      "n36",
      "b21",
      "n37",
      "c2",
      "n12",
      "b20",
      "n14",
      "n15",
      "n16",
      "n17",
      "n18",
      "n19",
      "b4",
      "n21",
      "n22",
      "b5",
      "n24",
      "n25",
      "b6",
      "n27",
      "n28",
      "b7",
      "n30",
      "c4",
      "n31",
      "n32",
      "b9",
      "n34",
      "c3",
      "n39",
      "b10",
      "n40",
      "n41",
      "n42",
      "n43",
      "n44",
      "c1",
      "n46",
      "n47",
      "b11",
      "n49",
      "n50",
      "b12",
      "n52",
      "n53",
      "b13",
      "n54",
      "e8"
    ],
    [
      "i1",
      "n1",
      "n2",
      "n3",
      "n4",
      "n5",
      "n6",
      "n7",
      "n8",
      "n9",
      "b1",
      "n11",
      "n36",
      "b21",
      "n37",
      "c2",
      "n12",
      "b20",
      "n14",
      "n15",
      "n16",
      "n17",
      "n18",
      "n19",
      "b4",
      "n21",
      "n22",
      "b5",
      "n24",
      "n25",
      "b6",
      "n27",
      "n28",
      "b7",
      "n30",
      "c4",
      "n31",
      "n32",
      "b9",
      "n34",
      "c3",
      "n39",
      "b10",
      "n40",
      "n41",
      "n42",
      "n43",
      "n44",
      "c1",
      "n46",
      "n47",
      "b11",
      "n49",
      "n50",
      "b12",
      "n52",
      "n53",
      "b13",
      "n55",
      "n56",
      "b14",
      "n57",
      "e9"
    ],
    [
      "i1",
      "n1",
      "n2",
      "n3",
      "n4",
      "n5",
      "n6",
      "n7",
      "n8",
      "n9",
      "b1",
      "n11",
      "n36",
      "b21",
      "n37",
      "c2",
      "n12",
      "b20",
      "n14",
      "n15",
      "n16",
      "n17",
      "n18",
      "n19",
      "b4",
      "n21",
      "n22",
      "b5",
      "n24",
      "n25",
      "b6",
      "n27",
      "n28",
      "b7",
      "n30",
      "c4",
      "n31",
      "n32",
      "b9",
      "n34",
      "c3",
      "n39",
      "b10",
      "n40",
      "n41",
      "n42",
      "n43",
      "n44",
      "c1",
      "n46",
      "n47",
      "b11",
      "n49",
      "n50",
      "b12",
      "n52",
      "n53",
      "b13",
      "n55",
      "n56",
      "b14",
      "n58",
      "n59",
      "b15",
      "n60",
      "e10"
    ],
    [
      "i1",
      "n1",
      "n2",
      "n3",
      "n4",
      "n5",
      "n6",
      "n7",
      "n8",
      "n9",
      "b1",
      "n11",
      "n36",
      "b21",
      "n37",
      "c2",
      "n12",
      "b20",
      "n14",
      "n15",
      "n16",
      "n17",
      "n18",
      "n19",
      "b4",
      "n21",
      "n22",
      "b5",
      "n24",
      "n25",
      "b6",
      "n27",
      "n28",
      "b7",
      "n30",
      "c4",
      "n31",
      "n32",
      "b9",
      "n34",
      "c3",
      "n39",
      "b10",
      "n40",
      "n41",
      "n42",
      "n43",
      "n44",
      "c1",
      "n46",
      "n47",
      "b11",
      "n49",
      "n50",
      "b12",
      "n52",
      "n53",
      "b13",
      "n55",
      "n56",
      "b14",
      "n58",
      "n59",
      "b15",
      "n61",
      "n62",
      "n63",
      "b17",
      "n64",
      "e11"
    ],
    [
      "i1",
      "n1",
      "n2",
      "n3",
      "n4",
      "n5",
      "n6",
      "n7",
      "n8",
      "n9",
      "b1",
      "n11",
      "n36",
      "b21",
      "n37",
      "c2",
      "n12",
      "b20",
      "n14",
      "n15",
      "n16",
      "n17",
      "n18",
      "n19",
      "b4",
      "n21",
      "n22",
      "b5",
      "n24",
      "n25",
      "b6",
      "n27",
      "n28",
      "b7",
      "n30",
      "c4",
      "n31",
      "n32",
      "b9",
      "n34",
      "c3",
      "n39",
      "b10",
      "n40",
      "n41",
      "n42",
      "n43",
      "n44",
      "c1",
      "n46",
      "n47",
      "b11",
      "n49",
      "n50",
      "b12",
      "n52",
      "n53",
      "b13",
      "n55",
      "n56",
      "b14",
      "n58",
      "n59",
      "b15",
      "n61",
      "n62",
      "n63",
      "b17",
      "n65",
      "n66",
      "n67",
      "b19",
      "n68",
      "e12"
    ],
    [
      "i1",
      "n1",
      "n2",
      "n3",
      "n4",
      "n5",
      "n6",
      "n7",
      "n8",
      "n9",
      "b1",
      "n11",
      "n36",
      "b21",
      "n37",
      "c2",
      "n12",
      "b20",
      "n14",
      "n15",
      "n16",
      "n17",
      "n18",
      "n19",
      "b4",
      "n21",
      "n22",
      "b5",
      "n24",
      "n25",
      "b6",
      "n27",
      "n28",
      "b7",
      "n30",
      "c4",
      "n31",
      "n32",
      "b9",
      "n34",
      "c3",
      "n39",
      "b10",
      "n40",
      "n41",
      "n42",
      "n43",
      "n44",
      "c1",
      "n46",
      "n47",
      "b11",
      "n49",
      "n50",
      "b12",
      "n52",
      "n53",
      "b13",
      "n55",
      "n56",
      "b14",
      "n58",
      "n59",
      "b15",
      "n61",
      "n62",
      "n63",
      "b17",
      "n65",
      "n66",
      "n67",
      "b19",
      "n69",
      "e13"
    ],
    [
      "i1",
      "n1",
      "n2",
      "n3",
      "n4",
      "n5",
      "n6",
      "n7",
      "n8",
      "n9",
      "b1",
      "n11",
      "n36",
      "b21",
      "n37",
      "c2",
      "n12",
      "b20",
      "n14",
      "n15",
      "n16",
      "n17",
      "n18",
      "n19",
      "b4",
      "n21",
      "n22",
      "b5",
      "n24",
      "n25",
      "b6",
      "n27",
      "n28",
      "b7",
      "n30",
      "c4",
      "n31",
      "n32",
      "b9",
      "n34",
      "c3",
      "n39",
      "b10",
      "n45",
      "c1",
      "n46",
      "n47",
      "b11",
      "n48",
      "e6"
    ],
    [
      "i1",
      "n1",
      "n2",
      "n3",
      "n4",
      "n5",
      "n6",
      "n7",
      "n8",
      "n9",
      "b1",
      "n11",
      "n36",
      "b21",
      "n37",
      "c2",
      "n12",
      "b20",
      "n14",
      "n15",
      "n16",
      "n17",
      "n18",
      "n19",
      "b4",
      "n21",
      "n22",
      "b5",
      "n24",
      "n25",
      "b6",
      "n27",
      "n28",
      "b7",
      "n30",
      "c4",
      "n31",
      "n32",
      "b9",
      "n34",
      "c3",
      "n39",
      "b10",
      "n45",
      "c1",
      "n46",
      "n47",
      "b11",
      "n49",
      "n50",
      "b12",
      "n51",
      "e7"
    ],
    [
      "i1",
      "n1",
      "n2",
      "n3",
      "n4",
      "n5",
      "n6",
      "n7",
      "n8",
      "n9",
      "b1",
      "n11",
      "n36",
      "b21",
      "n37",
      "c2",
      "n12",
      "b20",
      "n14",
      "n15",
      "n16",
      "n17",
      "n18",
      "n19",
      "b4",
      "n21",
      "n22",
      "b5",
      "n24",
      "n25",
      "b6",
      "n27",
      "n28",
      "b7",
      "n30",
      "c4",
      "n31",
      "n32",
      "b9",
      "n34",
      "c3",
      "n39",
      "b10",
      "n45",
      "c1",
      "n46",
      "n47",
      "b11",
      "n49",
      "n50",
      "b12",
      "n52",
      "n53",
      "b13",
      "n54",
      "e8"
    ],
    [
      "i1",
      "n1",
      "n2",
      "n3",
      "n4",
      "n5",
      "n6",
      "n7",
      "n8",
      "n9",
      "b1",
      "n11",
      "n36",
      "b21",
      "n37",
      "c2",
      "n12",
      "b20",
      "n14",
      "n15",
      "n16",
      "n17",
      "n18",
      "n19",
      "b4",
      "n21",
      "n22",
      "b5",
      "n24",
      "n25",
      "b6",
      "n27",
      "n28",
      "b7",
      "n30",
      "c4",
      "n31",
      "n32",
      "b9",
      "n34",
      "c3",
      "n39",
      "b10",
      "n45",
      "c1",
      "n46",
      "n47",
      "b11",
      "n49",
      "n50",
      "b12",
      "n52",
      "n53",
      "b13",
      "n55",
      "n56",
      "b14",
      "n57",
      "e9"
    ],
    [
      "i1",
      "n1",
      "n2",
      "n3",
      "n4",
      "n5",
      "n6",
      "n7",
      "n8",
      "n9",
      "b1",
      "n11",
      "n36",
      "b21",
      "n37",
      "c2",
      "n12",
      "b20",
      "n14",
      "n15",
      "n16",
      "n17",
      "n18",
      "n19",
      "b4",
      "n21",
      "n22",
      "b5",
      "n24",
      "n25",
      "b6",
      "n27",
      "n28",
      "b7",
      "n30",
      "c4",
      "n31",
      "n32",
      "b9",
      "n34",
      "c3",
      "n39",
      "b10",
      "n45",
      "c1",
      "n46",
      "n47",
      "b11",
      "n49",
      "n50",
      "b12",
      "n52",
      "n53",
      "b13",
      "n55",
      "n56",
      "b14",
      "n58",
      "n59",
      "b15",
      "n60",
      "e10"
    ],
    [
      "i1",
      "n1",
      "n2",
      "n3",
      "n4",
      "n5",
      "n6",
      "n7",
      "n8",
      "n9",
      "b1",
      "n11",
      "n36",
      "b21",
      "n37",
      "c2",
      "n12",
      "b20",
      "n14",
      "n15",
      "n16",
      "n17",
      "n18",
      "n19",
      "b4",
      "n21",
      "n22",
      "b5",
      "n24",
      "n25",
      "b6",
      "n27",
      "n28",
      "b7",
      "n30",
      "c4",
      "n31",
      "n32",
      "b9",
      "n34",
      "c3",
      "n39",
      "b10",
      "n45",
      "c1",
      "n46",
      "n47",
      "b11",
      "n49",
      "n50",
      "b12",
      "n52",
      "n53",
      "b13",
      "n55",
      "n56",
      "b14",
      "n58",
      "n59",
      "b15",
      "n61",
      "n62",
      "n63",
      "b17",
      "n64",
      "e11"
    ],
    [
      "i1",
      "n1",
      "n2",
      "n3",
      "n4",
      "n5",
      "n6",
      "n7",
      "n8",
      "n9",
      "b1",
      "n11",
      "n36",
      "b21",
      "n37",
      "c2",
      "n12",
      "b20",
      "n14",
      "n15",
      "n16",
      "n17",
      "n18",
      "n19",
      "b4",
      "n21",
      "n22",
      "b5",
      "n24",
      "n25",
      "b6",
      "n27",
      "n28",
      "b7",
      "n30",
      "c4",
      "n31",
      "n32",
      "b9",
      "n34",
      "c3",
      "n39",
      "b10",
      "n45",
      "c1",
      "n46",
      "n47",
      "b11",
      "n49",
      "n50",
      "b12",
      "n52",
      "n53",
      "b13",
      "n55",
      "n56",
      "b14",
      "n58",
      "n59",
      "b15",
      "n61",
      "n62",
      "n63",
      "b17",
      "n65",
      "n66",
      "n67",
      "b19",
      "n68",
      "e12"
    ],
    [
      "i1",
      "n1",
      "n2",
      "n3",
      "n4",
      "n5",
      "n6",
      "n7",
      "n8",
      "n9",
      "b1",
      "n11",
      "n36",
      "b21",
      "n37",
      "c2",
      "n12",
      "b20",
      "n14",
      "n15",
      "n16",
      "n17",
      "n18",
      "n19",
      "b4",
      "n21",
      "n22",
      "b5",
      "n24",
      "n25",
      "b6",
      "n27",
      "n28",
      "b7",
      "n30",
      "c4",
      "n31",
      "n32",
      "b9",
      "n34",
      "c3",
      "n39",
      "b10",
      "n45",
      "c1",
      "n46",
      "n47",
      "b11",
      "n49",
      "n50",
      "b12",
      "n52",
      "n53",
      "b13",
      "n55",
      "n56",
      "b14",
      "n58",
      "n59",
      "b15",
      "n61",
      "n62",
      "n63",
      "b17",
      "n65",
      "n66",
      "n67",
      "b19",
      "n69",
      "e13"
    ],
    [
      "i1",
      "n1",
      "n2",
      "n3",
      "n4",
      "n5",
      "n6",
      "n7",
      "n8",
      "n9",
      "b1",
      "n11",
      "n36",
      "b21",
      "n38",
      "c3",
      "n39",
      "b10",
      "n40",
      "n41",
      "n42",
      "n43",
      "n44",
      "c1",
      "n46",
      "n47",
      "b11",
      "n48",
      "e6"
    ],
    [
      "i1",
      "n1",
      "n2",
      "n3",
      "n4",
      "n5",
      "n6",
      "n7",
      "n8",
      "n9",
      "b1",
      "n11",
      "n36",
      "b21",
      "n38",
      "c3",
      "n39",
      "b10",
      "n40",
      "n41",
      "n42",
      "n43",
      "n44",
      "c1",
      "n46",
      "n47",
      "b11",
      "n49",
      "n50",
      "b12",
      "n51",
      "e7"
    ],
    [
      "i1",
      "n1",
      "n2",
      "n3",
      "n4",
      "n5",
      "n6",
      "n7",
      "n8",
      "n9",
      "b1",
      "n11",
      "n36",
      "b21",
      "n38",
      "c3",
      "n39",
      "b10",
      "n40",
      "n41",
      "n42",
      "n43",
      "n44",
      "c1",
      "n46",
      "n47",
      "b11",
      "n49",
      "n50",
      "b12",
      "n52",
      "n53",
      "b13",
      "n54",
      "e8"
    ],
    [
      "i1",
      "n1",
      "n2",
      "n3",
      "n4",
      "n5",
      "n6",
      "n7",
      "n8",
      "n9",
      "b1",
      "n11",
      "n36",
      "b21",
      "n38",
      "c3",
      "n39",
      "b10",
      "n40",
      "n41",
      "n42",
      "n43",
      "n44",
      "c1",
      "n46",
      "n47",
      "b11",
      "n49",
      "n50",
      "b12",
      "n52",
      "n53",
      "b13",
      "n55",
      "n56",
      "b14",
      "n57",
      "e9"
    ],
    [
      "i1",
      "n1",
      "n2",
      "n3",
      "n4",
      "n5",
      "n6",
      "n7",
      "n8",
      "n9",
      "b1",
      "n11",
      "n36",
      "b21",
      "n38",
      "c3",
      "n39",
      "b10",
      "n40",
      "n41",
      "n42",
      "n43",
      "n44",
      "c1",
      "n46",
      "n47",
      "b11",
      "n49",
      "n50",
      "b12",
      "n52",
      "n53",
      "b13",
      "n55",
      "n56",
      "b14",
      "n58",
      "n59",
      "b15",
      "n60",
      "e10"
    ],
    [
      "i1",
      "n1",
      "n2",
      "n3",
      "n4",
      "n5",
      "n6",
      "n7",
      "n8",
      "n9",
      "b1",
      "n11",
      "n36",
      "b21",
      "n38",
      "c3",
      "n39",
      "b10",
      "n40",
      "n41",
      "n42",
      "n43",
      "n44",
      "c1",
      "n46",
      "n47",
      "b11",
      "n49",
      "n50",
      "b12",
      "n52",
      "n53",
      "b13",
      "n55",
      "n56",
      "b14",
      "n58",
      "n59",
      "b15",
      "n61",
      "n62",
      "n63",
      "b17",
      "n64",
      "e11"
    ],
    [
      "i1",
      "n1",
      "n2",
      "n3",
      "n4",
      "n5",
      "n6",
      "n7",
      "n8",
      "n9",
      "b1",
      "n11",
      "n36",
      "b21",
      "n38",
      "c3",
      "n39",
      "b10",
      "n40",
      "n41",
      "n42",
      "n43",
      "n44",
      "c1",
      "n46",
      "n47",
      "b11",
      "n49",
      "n50",
      "b12",
      "n52",
      "n53",
      "b13",
      "n55",
      "n56",
      "b14",
      "n58",
      "n59",
      "b15",
      "n61",
      "n62",
      "n63",
      "b17",
      "n65",
      "n66",
      "n67",
      "b19",
      "n68",
      "e12"
    ],
    [
      "i1",
      "n1",
      "n2",
      "n3",
      "n4",
      "n5",
      "n6",
      "n7",
      "n8",
      "n9",
      "b1",
      "n11",
      "n36",
      "b21",
      "n38",
      "c3",
      "n39",
      "b10",
      "n40",
      "n41",
      "n42",
      "n43",
      "n44",
      "c1",
      "n46",
      "n47",
      "b11",
      "n49",
      "n50",
      "b12",
      "n52",
      "n53",
      "b13",
      "n55",
      "n56",
      "b14",
      "n58",
      "n59",
      "b15",
      "n61",
      "n62",
      "n63",
      "b17",
      "n65",
      "n66",
      "n67",
      "b19",
      "n69",
      "e13"
    ],
    [
      "i1",
      "n1",
      "n2",
      "n3",
      "n4",
      "n5",
      "n6",
      "n7",
      "n8",
      "n9",
      "b1",
      "n11",
      "n36",
      "b21",
      "n38",
      "c3",
      "n39",
      "b10",
      "n45",
      "c1",
      "n46",
      "n47",
      "b11",
      "n48",
      "e6"
    ],
    [
      "i1",
      "n1",
      "n2",
      "n3",
      "n4",
      "n5",
      "n6",
      "n7",
      "n8",
      "n9",
      "b1",
      "n11",
      "n36",
      "b21",
      "n38",
      "c3",
      "n39",
      "b10",
      "n45",
      "c1",
      "n46",
      "n47",
      "b11",
      "n49",
      "n50",
      "b12",
      "n51",
      "e7"
    ],
    [
      "i1",
      "n1",
      "n2",
      "n3",
      "n4",
      "n5",
      "n6",
      "n7",
      "n8",
      "n9",
      "b1",
      "n11",
      "n36",
      "b21",
      "n38",
      "c3",
      "n39",
      "b10",
      "n45",
      "c1",
      "n46",
      "n47",
      "b11",
      "n49",
      "n50",
      "b12",
      "n52",
      "n53",
      "b13",
      "n54",
      "e8"
    ],
    [
      "i1",
      "n1",
      "n2",
      "n3",
      "n4",
      "n5",
      "n6",
      "n7",
      "n8",
      "n9",
      "b1",
      "n11",
      "n36",
      "b21",
      "n38",
      "c3",
      "n39",
      "b10",
      "n45",
      "c1",
      "n46",
      "n47",
      "b11",
      "n49",
      "n50",
      "b12",
      "n52",
      "n53",
      "b13",
      "n55",
      "n56",
      "b14",
      "n57",
      "e9"
    ],
    [
      "i1",
      "n1",
      "n2",
      "n3",
      "n4",
      "n5",
      "n6",
      "n7",
      "n8",
      "n9",
      "b1",
      "n11",
      "n36",
      "b21",
      "n38",
      "c3",
      "n39",
      "b10",
      "n45",
      "c1",
      "n46",
      "n47",
      "b11",
      "n49",
      "n50",
      "b12",
      "n52",
      "n53",
      "b13",
      "n55",
      "n56",
      "b14",
      "n58",
      "n59",
      "b15",
      "n60",
      "e10"
    ],
    [
      "i1",
      "n1",
      "n2",
      "n3",
      "n4",
      "n5",
      "n6",
      "n7",
      "n8",
      "n9",
      "b1",
      "n11",
      "n36",
      "b21",
      "n38",
      "c3",
      "n39",
      "b10",
      "n45",
      "c1",
      "n46",
      "n47",
      "b11",
      "n49",
      "n50",
      "b12",
      "n52",
      "n53",
      "b13",
      "n55",
      "n56",
      "b14",
      "n58",
      "n59",
      "b15",
      "n61",
      "n62",
      "n63",
      "b17",
      "n64",
      "e11"
    ],
    [
      "i1",
      "n1",
      "n2",
      "n3",
      "n4",
      "n5",
      "n6",
      "n7",
      "n8",
      "n9",
      "b1",
      "n11",
      "n36",
      "b21",
      "n38",
      "c3",
      "n39",
      "b10",
      "n45",
      "c1",
      "n46",
      "n47",
      "b11",
      "n49",
      "n50",
      "b12",
      "n52",
      "n53",
      "b13",
      "n55",
      "n56",
      "b14",
      "n58",
      "n59",
      "b15",
      "n61",
      "n62",
      "n63",
      "b17",
      "n65",
      "n66",
      "n67",
      "b19",
      "n68",
      "e12"
    ],
    [
      "i1",
      "n1",
      "n2",
      "n3",
      "n4",
      "n5",
      "n6",
      "n7",
      "n8",
      "n9",
      "b1",
      "n11",
      "n36",
      "b21",
      "n38",
      "c3",
      "n39",
      "b10",
      "n45",
      "c1",
      "n46",
      "n47",
      "b11",
      "n49",
      "n50",
      "b12",
      "n52",
      "n53",
      "b13",
      "n55",
      "n56",
      "b14",
      "n58",
      "n59",
      "b15",
      "n61",
      "n62",
      "n63",
      "b17",
      "n65",
      "n66",
      "n67",
      "b19",
      "n69",
      "e13"
    ]
  ],
  "source_text_traces": [
    [
      "i1",
      "i2",
      "i3",
      "i4",
      "i5",
      "i6",
      "i7",
      "i8",
      "i9",
      "i10",
      "i11",
      "i12",
      "i16",
      "i17",
      "i18",
      "i19",
      "i20",
      "i21",
      "i22",
      "i23",
      "i49",
      "i24",
      "i25",
      "i50",
      "i27",
      "i51",
      "i28",
      "i29",
      "i30",
      "i32",
      "i33",
      "i31",
      "i32",
      "i26"
    ],
    [
      "i1",
      "i2",
      "i3",
      "i4",
      "i5",
      "i6",
      "i7",
      "i8",
      "i9",
      "i10",
      "i11",
      "i12",
      "i16",
      "i17",
      "i18",
      "i19",
      "i20",
      "i21",
      "i22",
      "i23",
      "i49",
      "i24",
      "i25",
      "i50",
      "i27",
      "i51",
      "i28",
      "i29",
      "i30",
      "i32",
      "i33",
      "i31",
      "i32",
      "i34",
      "i15",
      "i35",
      "i37",
      "i38",
      "i39",
      "i40",
      "i41",
      "i23",
      "i52",
      "i24",
      "i32",
      "i53",
      "i43",
      "i54",
      "i44",
      "i55",
      "i44",
      "i56",
      "i24",
      "i32",
      "i45",
      "i46",
      "i44",
      "i47",
      "i31",
      "i32",
      "i48"
    ],
    [
      "i1",
      "i2",
      "i3",
      "i4",
      "i5",
      "i6",
      "i7",
      "i8",
      "i9",
      "i10",
      "i11",
      "i12",
      "i16",
      "i17",
      "i18",
      "i19",
      "i20",
      "i21",
      "i22",
      "i23",
      "i49",
      "i24",
      "i25",
      "i50",
      "i27",
      "i51",
      "i28",
      "i29",
      "i30",
      "i32",
      "i33",
      "i31",
      "i32",
      "i34",
      "i15",
      "i35",
      "i37",
      "i38",
      "i39",
      "i40",
      "i41",
      "i23",
      "i52",
      "i24",
      "i32",
      "i53",
      "i43",
      "i54",
      "i44",
      "i55",
      "i44",
      "i56",
      "i24",
      "i32",
      "i45",
      "i46",
      "i44",
      "i47",
      "i31",
      "i32",
      "i26"
    ],
    [
      "i1",
      "i2",
      "i3",
      "i4",
      "i5",
      "i6",
      "i7",
      "i8",
      "i9",
      "i10",
      "i11",
      "i12",
      "i16",
      "i17",
      "i18",
      "i19",
      "i20",
      "i21",
      "i22",
      "i23",
      "i49",
      "i24",
      "i25",
      "i50",
      "i27",
      "i51",
      "i28",
      "i29",
      "i30",
      "i32",
      "i33",
      "i31",
      "i32",
      "i34",
      "i15",
      "i36",
      "i42",
      "i52",
      "i24",
      "i32",
      "i53",
      "i43",
      "i54",
      "i44",
      "i55",
      "i44",
      "i56",
      "i24",
      "i32",
      "i45",
      "i46",
      "i44",
      "i47",
      "i31",
      "i32",
      "i48"
    ],
    [
      "i1",
      "i2",
      "i3",
      "i4",
      "i5",
      "i6",
      "i7",
      "i8",
      "i9",
      "i10",
      "i11",
      "i12",
      "i16",
      "i17",
      "i18",
      "i19",
      "i20",
      "i21",
      "i22",
      "i23",
      "i49",
      "i24",
      "i25",
      "i50",
      "i27",
      "i51",
      "i28",
      "i29",
      "i30",
      "i32",
      "i33",
      "i31",
      "i32",
      "i34",
      "i15",
      "i36",
      "i42",
      "i52",
      "i24",
      "i32",
      "i53",
      "i43",
      "i54",
      "i44",
      "i55",
      "i44",
      "i56",
      "i24",
      "i32",
      "i45",
      "i46",
      "i44",
      "i47",
      "i31",
      "i32",
      "i26"
    ],
    [
      "i1",
      "i2",
      "i3",
      "i4",
      "i5",
      "i6",
      "i7",
      "i8",
      "i9",
      "i13",
      "i14",
      "i15",
      "i35",
      "i37",
      "i38",
      "i39",
      "i40",
      "i41",
      "i23",
      "i52",
      "i24",
      "i32",
      "i53",
      "i43",
      "i54",
      "i44",
      "i55",
      "i44",
      "i56",
      "i24",
      "i32",
      "i45",
      "i46",
      "i44",
      "i47",
      "i31",
      "i32",
      "i48"
    ],
    [
      "i1",
      "i2",
      "i3",
      "i4",
      "i5",
      "i6",
      "i7",
      "i8",
      "i9",
      "i13",
      "i14",
      "i15",
      "i35",
      "i37",
      "i38",
      "i39",
      "i40",
      "i41",
      "i23",
      "i52",
      "i24",
      "i32",
      "i53",
      "i43",
      "i54",
      "i44",
      "i55",
      "i44",
      "i56",
      "i24",
      "i32",
      "i45",
      "i46",
      "i44",
      "i47",
      "i31",
      "i32",
      "i26"
    ],
    [
      "i1",
      "i2",
      "i3",
      "i4",
      "i5",
      "i6",
      "i7",
      "i8",
      "i9",
      "i13",
      "i14",
      "i15",
      "i36",
      "i42",
      "i52",
      "i24",
      "i32",
      "i53",
      "i43",
      "i54",
      "i44",
      "i55",
      "i44",
      "i56",
      "i24",
      "i32",
      "i45",
      "i46",
      "i44",
      "i47",
      "i31",
      "i32",
      "i48"
    ],
    [
      "i1",
      "i2",
      "i3",
      "i4",
      "i5",
      "i6",
      "i7",
      "i8",
      "i9",
      "i13",
      "i14",
      "i15",
      "i36",
      "i42",
      "i52",
      "i24",
      "i32",
      "i53",
      "i43",
      "i54",
      "i44",
      "i55",
      "i44",
      "i56",
      "i24",
      "i32",
      "i45",
      "i46",
      "i44",
      "i47",
      "i31",
      "i32",
      "i26"
    ]
  ]
}