{
  "model_traces": [
    [
      "start",
      "n2",
      "n3",
      "n4",
      "n5",
      "b1",
      "n6",
      "n6_1",
      "c2",
      "n8",
      "n9",
      "n11",
      "n10",
      "b2",
      "n12",
      "e1"
    ],
    [
      "start",
      "n2",
      "n3",
      "n4",
      "n5",
      "b1",
      "n7",
      "n7_1",
      "c3",
      "n13",
      "b3",
      "n16",
      "c1",
      "n18",
      "n19",
      "n21",
      "n20",
      "b4",
      "n22",
      "e2"
    ]
  ],
  "source_text_traces": [
    [
      "i1",
      "i2",
      "i3",
      "i4",
      "i6",
      "i7",
      "i12",
      "i13",
      "i14",
      "i12"
    ],
    [
      "i1",
      "i2",
      "i3",
      "i4",
      "i6",
      "i7",
      "i12",
      "i13",
      "i14",
      "i15"
    ],
    [
      "i1",
      "i2",
      "i3",
      "i8",
      "i10",
      "i11",
      "i16",
      "i17",
      "i19",
      "i16"
    ],
    [
      "i1",
      "i2",
      "i3",
      "i8",
      "i10",
      "i11",
      "i16",
      "i18",
      "i20",
      "i21",
      "i22",
      "i20"
    ],
    [
      "i1",
      "i2",
      "i3",
      "i8",
      "i10",
      "i11",
      "i16",
      "i18",
      "i20",
      "i21",
      "i22",
      "i23"
    ]
  ]
}