{
  "model_traces": [
    [
      "i1",
      "n2",
      "n3",
      "n5",
      "n7",
      "n8",
      "b2",
      "n9",
      "n10",
      "n11",
      "n12",
      "e_inst"
    ],
    [
      "i1",
      "n2",
      "n3",
      "n5",
      "n7",
      "n8",
      "b2",
      "n14",
      "n16",
      "n18",
      "n19",
      "n20",
      "n21",
      "n22",
      "n23",
      "e_lock"
    ],
    [
      "i1",
      "n2",
      "n3",
      "n5",
      "n7",
      "n8",
      "b2",
      "n28",
      "n29",
      "e_unlock"
    ],
    [
      "i1",
      "n2",
      "n3",
      "n5",
      "n7",
      "n8",
      "b2",
      "n31",
      "n33",
      "n35",
      "e_rm"
    ]
  ],
  "source_text_traces": [
    [
      "i1",
      "i2",
      "i3",
      "i4",
      "i6",
      "i10",
      "i11",
      "i12",
      "i13"
    ],
    [
      "i1",
      "i2",
      "i3",
      "i4",
      "i7",
      "i14",
      "i15",
      "i16",
      "i17",
      "i18",
      "i19",
      "i20",
      "i21"
    ],
    [
      "i1",
      "i2",
      "i3",
      "i4",
      "i8",
      "i22",
      "i23"
    ],
    [
      "i1",
      "i2",
      "i3",
      "i4",
      "i9",
      "i24",
      "i25",
      "i26"
    ]
  ]
}