{
  "model_traces": [
    [
      "i1",
      "n1",
      "n2",
      "n3",
      "b1",
      "n4",
      "n6",
      "n7",
      "n8",
      "b2",
      "n9",
      "n11",
      "n12",
      "n13",
      "c1",
      "n16",
      "b6",
      "n26",
      "n27",
      "n28",
      "b7",
      "n32",
      "n33",
      "n34",
      "b8",
      "n37",
      "b9",
      "n38",
      "n41",
      "b4",
      "n43",
      "n44",
      "b10",
      "n46",
      "b5",
      "n47",
      "e1"
    ],
    [
      "i1",
      "n1",
      "n2",
      "n3",
      "b1",
      "n4",
      "n6",
      "n7",
      "n8",
      "b2",
      "n9",
      "n11",
      "n12",
      "n13",
      "c1",
      "n16",
      "b6",
      "n26",
      "n27",
      "n28",
      "b7",
      "n32",
      "n33",
      "n34",
      "b8",
      "n37",
      "b9",
      "n38",
      "n41",
      "b4",
      "n43",
      "n44",
      "b10",
      "n46",
      "b5",
      "n48",
      "n49",
      "b11",
      "n51",
      "n52",
      "n53",
      "n54",
      "e2"
    ],
    [
      "i1",
      "n1",
      "n2",
      "n3",
      "b1",
      "n4",
      "n6",
      "n7",
      "n8",
      "b2",
      "n10",
      "n14",
      "n15",
      "c1",
      "n16",
      "b6",
      "n26",
      "n27",
      "n28",
      "b7",
      "n32",
      "n33",
      "n34",
      "b8",
      "n37",
      "b9",
      "n38",
      "n41",
      "b4",
      "n43",
      "n44",
      "b10",
      "n46",
      "b5",
      "n47",
      "e1"
    ],
    [
      "i1",
      "n1",
      "n2",
      "n3",
      "b1",
      "n4",
      "n6",
      "n7",
      "n8",
      "b2",
      "n10",
      "n14",
      "n15",
      "c1",
      "n16",
      "b6",
      "n26",
      "n27",
      "n28",
      "b7",
      "n32",
      "n33",
      "n34",
      "b8",
      "n37",
      "b9",
      "n38",
      "n41",
      "b4",
      "n43",
      "n44",
      "b10",
      "n46",
      "b5",
      "n48",
      "n49",
      "b11",
      "n51",
      "n52",
      "n53",
      "n54",
      "e2"
    ]
  ],
  "source_text_traces": [
    [
      "i1",
      "i2",
      "i3",
      "i4",
      "i8",
      "i9",
      "i10",
      "i11",
      "i12",
      "i13",
      "i16",
      "i17",
      "i18",
      "i19",
      "i20",
      "i21",
      "i22"
    ],
    [
      "i1",
      "i2",
      "i3",
      "i4",
      "i8",
      "i9",
      "i10",
      "i11",
      "i12",
      "i13",
      "i16",
      "i17",
      "i18",
      "i19",
      "i20",
      "i21",
      "i23",
      "i24",
      "i25",
      "i26",
      "i27",
      "i28",
      "i29",
      "i30",
      "i31",
      "i32",
      "i33",
      "i34",
      "i35",
      "i36",
      "i37",
      "i38",
      "i39",
      "i40",
      "i41",
      "i42",
      "i43",
      "i44",
      "i45"
    ],
    [
      "i1",
      "i2",
      "i3",
      "i4",
      "i8",
      "i9",
      "i10",
      "i11",
      "i12",
      "i13",
      "i16",
      "i17",
      "i18",
      "i19",
      "i20",
      "i21",
      "i23",
      "i24",
      "i25",
      "i26",
      "i27",
      "i28",
      "i29",
      "i30",
      "i31",
      "i32",
      "i33",
      "i34",
      "i35",
      "i36",
      "i37",
      "i38",
      "i39",
      "i40",
      "i41",
      "i42",
      "i43",
      "i44",
      "i46",
      "i47",
      "i48",
      "i49",
      "i16"
    ],
    [
      "i1",
      "i2",
      "i3",
      "i4",
      "i8",
      "i9",
      "i10",
      "i11",
      "i12",
      "i13",
      "i16",
      "i17",
      "i18",
      "i19",
      "i20",
      "i21",
      "i23",
      "i24",
      "i25",
      "i26",
      "i27",
      "i28",
      "i29",
      "i30",
      "i31",
      "i32",
      "i33",
      "i34",
      "i35",
      "i36",
      "i37",
      "i38",
      "i39",
      "i40",
      "i41",
      "i44",
      "i45"
    ],
    [
      "i1",
      "i2",
      "i3",
      "i4",
      "i8",
      "i9",
      "i10",
      "i11",
      "i12",
      "i13",
      "i16",
      "i17",
      "i18",
      "i19",
      "i20",
      "i21",
      "i23",
      "i24",
      "i25",
      "i26",
      "i27",
      "i28",
      "i29",
      "i30",
      "i31",
      "i32",
      "i33",
      "i34",
      "i35",
      "i36",
      "i37",
      "i38",
      "i39",
      "i40",
      "i41",
      "i44",
      "i46",
      "i47",
      "i48",
      "i49",
      "i16"
    ],
    [
      "i1",
      "i2",
      "i3",
      "i4",
      "i8",
      "i9",
      "i10",
      "i11",
      "i12",
      "i13",
      "i16",
      "i17",
      "i18",
      "i19",
      "i20",
      "i21",
      "i27",
      "i28",
      "i29",
      "i30",
      "i31",
      "i32",
      "i33",
      "i34",
      "i35",
      "i38",
      "i39",
      "i40",
      "i41",
      "i42",
      "i43",
      "i44",
      "i45"
    ],
    [
      "i1",
      "i2",
      "i3",
      "i4",
      "i8",
      "i9",
      "i10",
      "i11",
      "i12",
      "i13",
      "i16",
      "i17",
      "i18",
      "i19",
      "i20",
      "i21",
      "i27",
      "i28",
      "i29",
      "i30",
      "i31",
      "i32",
      "i33",
      "i34",
      "i35",
      "i38",
      "i39",
      "i40",
      "i41",
      "i42",
      "i43",
      "i44",
      "i46",
      "i47",
      "i48",
      "i49",
      "i16"
    ],
    [
      "i1",
      "i2",
      "i3",
      "i4",
      "i8",
      "i9",
      "i10",
      "i11",
      "i12",
      "i13",
      "i16",
      "i17",
      "i18",
      "i19",
      "i20",
      "i21",
      "i27",
      "i28",
      "i29",
      "i30",
      "i31",
      "i32",
      "i33",
      "i34",
      "i35",
      "i38",
      "i39",
      "i40",
      "i41",
      "i44",
      "i45"
    ],
    [
      "i1",
      "i2",
      "i3",
      "i4",
      "i8",
      "i9",
      "i10",
      "i11",
      "i12",
      "i13",
      "i16",
      "i17",
      "i18",
      "i19",
      "i20",
      "i21",
      "i27",
      "i28",
      "i29",
      "i30",
      "i31",
      "i32",
      "i33",
      "i34",
      "i35",
      "i38",
      "i39",
      "i40",
      "i41",
      "i44",
      "i46",
      "i47",
      "i48",
      "i49",
      "i16"
    ],
    [
      "i1",
      "i2",
      "i3",
      "i4",
      "i8",
      "i9",
      "i10",
      "i14",
      "i15",
      "i16",
      "i17",
      "i18",
      "i19",
      "i20",
      "i21",
      "i22"
    ],
    [
      "i1",
      "i2",
      "i3",
      "i4",
      "i8",
      "i9",
      "i10",
      "i14",
      "i15",
      "i16",
      "i17",
      "i18",
      "i19",
      "i20",
      "i21",
      "i23",
      "i24",
      "i25",
      "i26",
      "i27",
      "i28",
      "i29",
      "i30",
      "i31",
      "i32",
      "i33",
      "i34",
      "i35",
      "i36",
      "i37",
      "i38",
      "i39",
      "i40",
      "i41",
      "i42",
      "i43",
      "i44",
      "i45"
    ],
    [
      "i1",
      "i2",
      "i3",
      "i4",
      "i8",
      "i9",
      "i10",
      "i14",
      "i15",
      "i16",
      "i17",
      "i18",
      "i19",
      "i20",
      "i21",
      "i23",
      "i24",
      "i25",
      "i26",
      "i27",
      "i28",
      "i29",
      "i30",
      "i31",
      "i32",
      "i33",
      "i34",
      "i35",
      "i36",
      "i37",
      "i38",
      "i39",
      "i40",
      "i41",
      "i42",
      "i43",
      "i44",
      "i46",
      "i47",
      "i48",
      "i49",
      "i16"
    ],
    [
      "i1",
      "i2",
      "i3",
      "i4",
      "i8",
      "i9",
      "i10",
      "i14",
      "i15",
      "i16",
      "i17",
      "i18",
      "i19",
      "i20",
      "i21",
      "i23",
      "i24",
      "i25",
      "i26",
      "i27",
      "i28",
      "i29",
      "i30",
      "i31",
      "i32",
      "i33",
      "i34",
      "i35",
      "i36",
      "i37",
      "i38",
      "i39",
      "i40",
      "i41",
      "i44",
      "i45"
    ],
    [
      "i1",
      "i2",
      "i3",
      "i4",
      "i8",
      "i9",
      "i10",
      "i14",
      "i15",
      "i16",
      "i17",
      "i18",
      "i19",
      "i20",
      "i21",
      "i23",
      "i24",
      "i25",
      "i26",
      "i27",
      "i28",
      "i29",
      "i30",
      "i31",
      "i32",
      "i33",
      "i34",
      "i35",
      "i36",
      "i37",
      "i38",
      "i39",
      "i40",
      "i41",
      "i44",
      "i46",
      "i47",
      "i48",
      "i49",
      "i16"
    ],
    [
      "i1",
      "i2",
      "i3",
      "i4",
      "i8",
      "i9",
      "i10",
      "i14",
      "i15",
      "i16",
      "i17",
      "i18",
      "i19",
      "i20",
      "i21",
      "i27",
      "i28",
      "i29",
      "i30",
      "i31",
      "i32",
      "i33",
      "i34",
      "i35",
      "i38",
      "i39",
      "i40",
      "i41",
      "i42",
      "i43",
      "i44",
      "i45"
    ],
    [
      "i1",
      "i2",
      "i3",
      "i4",
      "i8",
      "i9",
      "i10",
      "i14",
      "i15",
      "i16",
      "i17",
      "i18",
      "i19",
      "i20",
      "i21",
      "i27",
      "i28",
      "i29",
      "i30",
      "i31",
      "i32",
      "i33",
      "i34",
      "i35",
      "i38",
      "i39",
      "i40",
      "i41",
      "i42",
      "i43",
      "i44",
      "i46",
      "i47",
      "i48",
      "i49",
      "i16"
    ],
    [
      "i1",
      "i2",
      "i3",
      "i4",
      "i8",
      "i9",
      "i10",
      "i14",
      "i15",
      "i16",
      "i17",
      "i18",
      "i19",
      "i20",
      "i21",
      "i27",
      "i28",
      "i29",
      "i30",
      "i31",
      "i32",
      "i33",
      "i34",
      "i35",
      "i38",
      "i39",
      "i40",
      "i41",
      "i44",
      "i45"
    ],
    [
      "i1",
      "i2",
      "i3",
      "i4",
      "i8",
      "i9",
      "i10",
      "i14",
      "i15",
      "i16",
      "i17",
      "i18",
      "i19",
      "i20",
      "i21",
      "i27",
      "i28",
      "i29",
      "i30",
      "i31",
      "i32",
      "i33",
      "i34",
      "i35",
      "i38",
      "i39",
      "i40",
      "i41",
      "i44",
      "i46",
      "i47",
      "i48",
      "i49",
      "i16"
    ],
    [
      "i1",
      "i5",
      "i6",
      "i7",
      "i9",
      "i10",
      "i11",
      "i12",
      "i13",
      "i16",
      "i17",
      "i18",
      "i19",
      "i20",
      "i21",
      "i22"
    ],
    [
      "i1",
      "i5",
      "i6",
      "i7",
      "i9",
      "i10",
      "i11",
      "i12",
      "i13",
      "i16",
      "i17",
      "i18",
      "i19",
      "i20",
      "i21",
      "i23",
      "i24",
      "i25",
      "i26",
      "i27",
      "i28",
      "i29",
      "i30",
      "i31",
      "i32",
      "i33",
      "i34",
      "i35",
      "i36",
      "i37",
      "i38",
      "i39",
      "i40",
      "i41",
      "i42",
      "i43",
      "i44",
      "i45"
    ],
    [
      "i1",
      "i5",
      "i6",
      "i7",
      "i9",
      "i10",
      "i11",
      "i12",
      "i13",
      "i16",
      "i17",
      "i18",
      "i19",
      "i20",
      "i21",
      "i23",
      "i24",
      "i25",
      "i26",
      "i27",
      "i28",
      "i29",
      "i30",
      "i31",
      "i32",
      "i33",
      "i34",
      "i35",
      "i36",
      "i37",
      "i38",
      "i39",
      "i40",
      "i41",
      "i42",
      "i43",
      "i44",
      "i46",
      "i47",
      "i48",
      "i49",
      "i16"
    ],
    [
      "i1",
      "i5",
      "i6",
      "i7",
      "i9",
      "i10",
      "i11",
      "i12",
      "i13",
      "i16",
      "i17",
      "i18",
      "i19",
      "i20",
      "i21",
      "i23",
      "i24",
      "i25",
      "i26",
      "i27",
      "i28",
      "i29",
      "i30",
      "i31",
      "i32",
      "i33",
      "i34",
      "i35",
      "i36",
      "i37",
      "i38",
      "i39",
      "i40",
      "i41",
      "i44",
      "i45"
    ],
    [
      "i1",
      "i5",
      "i6",
      "i7",
      "i9",
      "i10",
      "i11",
      "i12",
      "i13",
      "i16",
      "i17",
      "i18",
      "i19",
      "i20",
      "i21",
      "i23",
      "i24",
      "i25",
      "i26",
      "i27",
      "i28",
      "i29",
      "i30",
      "i31",
      "i32",
      "i33",
      "i34",
      "i35",
      "i36",
      "i37",
      "i38",
      "i39",
      "i40",
      "i41",
      "i44",
      "i46",
      "i47",
      "i48",
      "i49",
      "i16"
    ],
    [
      "i1",
      "i5",
      "i6",
      "i7",
      "i9",
      "i10",
      "i11",
      "i12",
      "i13",
      "i16",
      "i17",
      "i18",
      "i19",
      "i20",
      "i21",
      "i27",
      "i28",
      "i29",
      "i30",
      "i31",
      "i32",
      "i33",
      "i34",
      "i35",
      "i38",
      "i39",
      "i40",
      "i41",
      "i42",
      "i43",
      "i44",
      "i45"
    ],
    [
      "i1",
      "i5",
      "i6",
      "i7",
      "i9",
      "i10",
      "i11",
      "i12",
      "i13",
      "i16",
      "i17",
      "i18",
      "i19",
      "i20",
      "i21",
      "i27",
      "i28",
      "i29",
      "i30",
      "i31",
      "i32",
      "i33",
      "i34",
      "i35",
      "i38",
      "i39",
      "i40",
      "i41",
      "i42",
      "i43",
      "i44",
      "i46",
      "i47",
      "i48",
      "i49",
      "i16"
    ],
    [
      "i1",
      "i5",
      "i6",
      "i7",
      "i9",
      "i10",
      "i11",
      "i12",
      "i13",
      "i16",
      "i17",
      "i18",
      "i19",
      "i20",
      "i21",
      "i27",
      "i28",
      "i29",
      "i30",
      "i31",
      "i32",
      "i33",
      "i34",
      "i35",
      "i38",
      "i39",
      "i40",
      "i41",
      "i44",
      "i45"
    ],
    [
      "i1",
      "i5",
      "i6",
      "i7",
      "i9",
      "i10",
      "i11",
      "i12",
      "i13",
      "i16",
      "i17",
      "i18",
      "i19",
      "i20",
      "i21",
      "i27",
      "i28",
      "i29",
      "i30",
      "i31",
      "i32",
      "i33",
      "i34",
      "i35",
      "i38",
      "i39",
      "i40",
      "i41",
      "i44",
      "i46",
      "i47",
      "i48",
      "i49",
      "i16"
    ],
    [
      "i1",
      "i5",
      "i6",
      "i7",
      "i9",
      "i10",
      "i14",
      "i15",
      "i16",
      "i17",
      "i18",
      "i19",
      "i20",
      "i21",
      "i22"
    ],
    [
      "i1",
      "i5",
      "i6",
      "i7",
      "i9",
      "i10",
      "i14",
      "i15",
      "i16",
      "i17",
      "i18",
      "i19",
      "i20",
      "i21",
      "i23",
      "i24",
      "i25",
      "i26",
      "i27",
      "i28",
      "i29",
      "i30",
      "i31",
      "i32",
      "i33",
      "i34",
      "i35",
      "i36",
      "i37",
      "i38",
      "i39",
      "i40",
      "i41",
      "i42",
      "i43",
      "i44",
      "i45"
    ],
    [
      "i1",
      "i5",
      "i6",
      "i7",
      "i9",
      "i10",
      "i14",
      "i15",
      "i16",
      "i17",
      "i18",
      "i19",
      "i20",
      "i21",
      "i23",
      "i24",
      "i25",
      "i26",
      "i27",
      "i28",
      "i29",
      "i30",
      "i31",
      "i32",
      "i33",
      "i34",
      "i35",
      "i36",
      "i37",
      "i38",
      "i39",
      "i40",
      "i41",
      "i42",
      "i43",
      "i44",
      "i46",
      "i47",
      "i48",
      "i49",
      "i16"
    ],
    [
      "i1",
      "i5",
      "i6",
      "i7",
      "i9",
      "i10",
      "i14",
      "i15",
      "i16",
      "i17",
      "i18",
      "i19",
      "i20",
      "i21",
      "i23",
      "i24",
      "i25",
      "i26",
      "i27",
      "i28",
      "i29",
      "i30",
      "i31",
      "i32",
      "i33",
      "i34",
      "i35",
      "i36",
      "i37",
      "i38",
      "i39",
      "i40",
      "i41",
      "i44",
      "i45"
    ],
    [
      "i1",
      "i5",
      "i6",
      "i7",
      "i9",
      "i10",
      "i14",
      "i15",
      "i16",
      "i17",
      "i18",
      "i19",
      "i20",
      "i21",
      "i23",
      "i24",
      "i25",
      "i26",
      "i27",
      "i28",
      "i29",
      "i30",
      "i31",
      "i32",
      "i33",
      "i34",
      "i35",
      "i36",
      "i37",
      "i38",
      "i39",
      "i40",
      "i41",
      "i44",
      "i46",
      "i47",
      "i48",
      "i49",
      "i16"
    ],
    [
      "i1",
      "i5",
      "i6",
      "i7",
      "i9",
      "i10",
      "i14",
      "i15",
      "i16",
      "i17",
      "i18",
      "i19",
      "i20",
      "i21",
      "i27",
      "i28",
      "i29",
      "i30",
      "i31",
      "i32",
      "i33",
      "i34",
      "i35",
      "i38",
      "i39",
      "i40",
      "i41",
      "i42",
      "i43",
      "i44",
      "i45"
    ],
    [
      "i1",
      "i5",
      "i6",
      "i7",
      "i9",
      "i10",
      "i14",
      "i15",
      "i16",
      "i17",
      "i18",
      "i19",
      "i20",
      "i21",
      "i27",
      "i28",
      "i29",
      "i30",
      "i31",
      "i32",
      "i33",
      "i34",
      "i35",
      "i38",
      "i39",
      "i40",
      "i41",
      "i42",
      "i43",
      "i44",
      "i46",
      "i47",
      "i48",
      "i49",
      "i16"
    ],
    [
      "i1",
      "i5",
      "i6",
      "i7",
      "i9",
      "i10",
      "i14",
      "i15",
      "i16",
      "i17",
      "i18",
      "i19",
      "i20",
      "i21",
      "i27",
      "i28",
      "i29",
      "i30",
      "i31",
      "i32",
      "i33",
      "i34",
      "i35",
      "i38",
      "i39",
      "i40",
      "i41",
      "i44",
      "i45"
    ],
    [
      "i1",
      "i5",
      "i6",
      "i7",
      "i9",
      "i10",
      "i14",
      "i15",
      "i16",
      "i17",
      "i18",
      "i19",
      "i20",
      "i21",
      "i27",
      "i28",
      "i29",
      "i30",
      "i31",
      "i32",
      "i33",
      "i34",
      "i35",
      "i38",
      "i39",
      "i40",
      "i41",
      "i44",
      "i46",
      "i47",
      "i48",
      "i49",
      "i16"
    ]
  ]
}