{
  "model_traces": [
    [
      "i1",
      "n1",
      "n2",
      "n3",
      "b1",
      "n4",
      "e1"
    ],
    [
      "i1",
      "n1",
      "n2",
      "n3",
      "b1",
      "n5",
      "c_loop",
      "n6",
      "n7",
      "b2",
      "n23",
      "n24",
      "b7",
      "n16",
      "n18",
      "n20",
      "e2"
    ],
    [
      "i1",
      "n1",
      "n2",
      "n3",
      "b1",
      "n5",
      "c_loop",
      "n6",
      "n7",
      "b2",
      "n23",
      "n24",
      "b7",
      "n17",
      "n19",
      "n21",
      "e3"
    ]
  ],
  "source_text_traces": [
    [
      "i1",
      "i3"
    ],
    [
      "i1",
      "i2",
      "i4",
      "i5",
      "i8",
      "i4"
    ],
    [
      "i1",
      "i2",
      "i4",
      "i6",
      "i9",
      "i10",
      "i11",
      "i13"
    ],
    [
      "i1",
      "i2",
      "i4",
      "i6",
      "i9",
      "i10",
      "i12",
      "i14"
    ]
  ]
}