{
  "model_traces": [
    [
      "i1",
      "n1",
      "n3",
      "b1",
      "n4",
      "n5",
      "n6",
      "n7",
      "n8",
      "c1",
      "n9",
      "n10",
      "n11",
      "b_led",
      "n_ref_red",
      "e1"
    ],
    [
      "i1",
      "n1",
      "n3",
      "b1",
      "n4",
      "n5",
      "n6",
      "n7",
      "n8",
      "c1",
      "n9",
      "n10",
      "n11",
      "b_led",
      "n_conf_eng",
      "b_eng",
      "n_ref_prob",
      "e2"
    ],
    [
      "i1",
      "n1",
      "n3",
      "b1",
      "n4",
      "n5",
      "n6",
      "n7",
      "n8",
      "c1",
      "n9",
      "n10",
      "n11",
      "b_led",
      "n_conf_eng",
      "b_eng",
      "c_continue",
      "n16",
      "n17",
      "n_next",
      "e3"
    ],
    [
      "i1",
      "n1",
      "n3",
      "b1",
      "n4",
      "n5",
      "n6",
      "n7",
      "n8",
      "c1",
      "n9",
      "n10",
      "n11",
      "b_led",
      "c_continue",
      "n16",
      "n17",
      "n_next",
      "e3"
    ],
    [
      "i1",
      "n1",
      "n3",
      "b1",
      "c1",
      "n9",
      "n10",
      "n11",
      "b_led",
      "n_ref_red",
      "e1"
    ],
    [
      "i1",
      "n1",
      "n3",
      "b1",
      "c1",
      "n9",
      "n10",
      "n11",
      "b_led",
      "n_conf_eng",
      "b_eng",
      "n_ref_prob",
      "e2"
    ],
    [
      "i1",
      "n1",
      "n3",
      "b1",
      "c1",
      "n9",
      "n10",
      "n11",
      "b_led",
      "n_conf_eng",
      "b_eng",
      "c_continue",
      "n16",
      "n17",
      "n_next",
      "e3"
    ],
    [
      "i1",
      "n1",
      "n3",
      "b1",
      "c1",
      "n9",
      "n10",
      "n11",
      "b_led",
      "c_continue",
      "n16",
      "n17",
      "n_next",
      "e3"
    ]
  ],
  "source_text_traces": [
    [
      "i1",
      "i2",
      "i3",
      "i10",
      "i11",
      "i12",
      "i13",
      "i14"
    ],
    [
      "i1",
      "i2",
      "i3",
      "i10",
      "i11",
      "i12",
      "i13",
      "i15",
      "i16",
      "i1"
    ],
    [
      "i1",
      "i2",
      "i3",
      "i10",
      "i11",
      "i12",
      "i13",
      "i17"
    ],
    [
      "i1",
      "i2",
      "i3",
      "i10",
      "i11",
      "i12",
      "i13",
      "i18",
      "i19",
      "i20"
    ],
    [
      "i1",
      "i4",
      "i5",
      "i6",
      "i7",
      "i8",
      "i9",
      "i1"
    ]
  ]
}