{
  "model_traces": [
    [
      "i1",
      "n1",
      "n2",
      "n3",
      "b1",
      "n4",
      "e1"
    ],
    [
      "i1",
      "n1",
      "n2",
      "n3",
      "b1",
      "n5",
      "n6",
      "n7",
      "c_loop",
      "b2",
      "n23",
      "n24",
      "b8",
      "n25",
      "n27",
      "e4"
    ],
    [
      "i1",
      "n1",
      "n2",
      "n3",
      "b1",
      "n5",
      "n6",
      "n7",
      "c_loop",
      "b2",
      "n23",
      "n24",
      "b8",
      "n26",
      "n28",
      "e5"
    ]
  ],
  "source_text_traces": [
    [
      "i1",
      "i3"
    ],
    [
      "i1",
      "i2",
      "i4",
      "i6",
      "i8",
      "i9",
      "i10",
      "i11"
    ],
    [
      "i1",
      "i2",
      "i4",
      "i6",
      "i8",
      "i9",
      "i10",
      "i12"
    ],
    [
      "i1",
      "i2",
      "i4",
      "i5",
      "i7",
      "i4"
    ]
  ]
}