{
  "model_traces": [
    [
      "i1",
      "c_start",
      "n1",
      "n2",
      "b1",
      "n3",
      "c1",
      "n7",
      "b3",
      "n11",
      "b_trans2",
      "n_t2",
      "c_trans2",
      "n14",
      "b6",
      "n15",
      "n16",
      "n17",
      "b8",
      "n19",
      "n21",
      "e1"
    ],
    [
      "i1",
      "c_start",
      "n1",
      "n2",
      "b1",
      "n3",
      "c1",
      "n7",
      "b3",
      "n11",
      "b_trans2",
      "n_c2",
      "c_trans2",
      "n14",
      "b6",
      "n15",
      "n16",
      "n17",
      "b8",
      "n19",
      "n21",
      "e1"
    ],
    [
      "i1",
      "c_start",
      "n1",
      "n2",
      "b1",
      "n4",
      "b2",
      "n5",
      "c1",
      "n7",
      "b3",
      "n11",
      "b_trans2",
      "n_t2",
      "c_trans2",
      "n14",
      "b6",
      "n15",
      "n16",
      "n17",
      "b8",
      "n19",
      "n21",
      "e1"
    ],
    [
      "i1",
      "c_start",
      "n1",
      "n2",
      "b1",
      "n4",
      "b2",
      "n5",
      "c1",
      "n7",
      "b3",
      "n11",
      "b_trans2",
      "n_c2",
      "c_trans2",
      "n14",
      "b6",
      "n15",
      "n16",
      "n17",
      "b8",
      "n19",
      "n21",
      "e1"
    ],
    [
      "i1",
      "c_start",
      "n1",
      "n2",
      "b1",
      "n4",
      "b2",
      "n6",
      "c1",
      "n7",
      "b3",
      "n11",
      "b_trans2",
      "n_t2",
      "c_trans2",
      "n14",
      "b6",
      "n15",
      "n16",
      "n17",
      "b8",
      "n19",
      "n21",
      "e1"
    ],
    [
      "i1",
      "c_start",
      "n1",
      "n2",
      "b1",
      "n4",
      "b2",
      "n6",
      "c1",
      "n7",
      "b3",
      "n11",
      "b_trans2",
      "n_c2",
      "c_trans2",
      "n14",
      "b6",
      "n15",
      "n16",
      "n17",
      "b8",
      "n19",
      "n21",
      "e1"
    ]
  ],
  "source_text_traces": [
    [
      "i1",
      "i2",
      "i3",
      "i8",
      "i10",
      "i5",
      "i6",
      "i11",
      "i12",
      "i13",
      "i14",
      "i16"
    ],
    [
      "i1",
      "i2",
      "i3",
      "i8",
      "i10",
      "i5",
      "i7",
      "i11",
      "i12",
      "i13",
      "i14",
      "i16"
    ],
    [
      "i1",
      "i4",
      "i5",
      "i6",
      "i8",
      "i10",
      "i5"
    ],
    [
      "i1",
      "i4",
      "i5",
      "i7",
      "i8",
      "i10",
      "i5"
    ],
    [
      "i1",
      "i2",
      "i3",
      "i8",
      "i9",
      "i1"
    ],
    [
      "i1",
      "i2",
      "i3",
      "i8",
      "i10",
      "i5",
      "i6",
      "i11",
      "i9",
      "i1"
    ],
    [
      "i1",
      "i2",
      "i3",
      "i8",
      "i10",
      "i5",
      "i7",
      "i11",
      "i9",
      "i1"
    ],
    [
      "i1",
      "i2",
      "i3",
      "i8",
      "i10",
      "i5",
      "i6",
      "i11",
      "i12",
      "i13",
      "i15",
      "i1"
    ],
    [
      "i1",
      "i2",
      "i3",
      "i8",
      "i10",
      "i5",
      "i7",
      "i11",
      "i12",
      "i13",
      "i15",
      "i1"
    ]
  ]
}