{
  "model_traces": [
    [
      "i1",
      "b1",
      "n3",
      "c1",
      "n6",
      "n7",
      "b2",
      "n12",
      "n13",
      "n14",
      "b4",
      "n15",
      "e2"
    ],
    [
      "i1",
      "b1",
      "n3",
      "c1",
      "n6",
      "n7",
      "b2",
      "n12",
      "n13",
      "n14",
      "b4",
      "n16",
      "n17",
      "b5",
      "n18",
      "e3"
    ],
    [
      "i1",
      "b1",
      "n3",
      "c1",
      "n6",
      "n7",
      "b2",
      "n12",
      "n13",
      "n14",
      "b4",
      "n16",
      "n17",
      "b5",
      "n19",
      "n20",
      "b6",
      "n21",
      "e4"
    ],
    [
      "i1",
      "b1",
      "n3",
      "c1",
      "n6",
      "n7",
      "b2",
      "n12",
      "n13",
      "n14",
      "b4",
      "n16",
      "n17",
      "b5",
      "n19",
      "n20",
      "b6",
      "n22",
      "e5"
    ],
    [
      "i1",
      "b1",
      "c3",
      "n4",
      "n5",
      "c1",
      "n6",
      "n7",
      "b2",
      "n12",
      "n13",
      "n14",
      "b4",
      "n15",
      "e2"
    ],
    [
      "i1",
      "b1",
      "c3",
      "n4",
      "n5",
      "c1",
      "n6",
      "n7",
      "b2",
      "n12",
      "n13",
      "n14",
      "b4",
      "n16",
      "n17",
      "b5",
      "n18",
      "e3"
    ],
    [
      "i1",
      "b1",
      "c3",
      "n4",
      "n5",
      "c1",
      "n6",
      "n7",
      "b2",
      "n12",
      "n13",
      "n14",
      "b4",
      "n16",
      "n17",
      "b5",
      "n19",
      "n20",
      "b6",
      "n21",
      "e4"
    ],
    [
      "i1",
      "b1",
      "c3",
      "n4",
      "n5",
      "c1",
      "n6",
      "n7",
      "b2",
      "n12",
      "n13",
      "n14",
      "b4",
      "n16",
      "n17",
      "b5",
      "n19",
      "n20",
      "b6",
      "n22",
      "e5"
    ]
  ],
  "source_text_traces": [
    [
      "i1",
      "i2",
      "i3",
      "i7",
      "i8",
      "i9",
      "i11",
      "i7"
    ],
    [
      "i1",
      "i2",
      "i3",
      "i7",
      "i8",
      "i9",
      "i11",
      "i13",
      "i5",
      "i6",
      "i7"
    ],
    [
      "i1",
      "i2",
      "i3",
      "i7",
      "i8",
      "i10",
      "i12",
      "i14",
      "i15",
      "i9",
      "i16"
    ],
    [
      "i1",
      "i2",
      "i3",
      "i7",
      "i8",
      "i10",
      "i12",
      "i14",
      "i15",
      "i17",
      "i18",
      "i19",
      "i9",
      "i16"
    ],
    [
      "i1",
      "i2",
      "i3",
      "i7",
      "i8",
      "i10",
      "i12",
      "i14",
      "i15",
      "i17",
      "i18",
      "i19",
      "i17"
    ],
    [
      "i1",
      "i4",
      "i5",
      "i6",
      "i7",
      "i8",
      "i9",
      "i11",
      "i7"
    ],
    [
      "i1",
      "i4",
      "i5",
      "i6",
      "i7",
      "i8",
      "i9",
      "i11",
      "i13",
      "i5"
    ],
    [
      "i1",
      "i4",
      "i5",
      "i6",
      "i7",
      "i8",
      "i10",
      "i12",
      "i14",
      "i15",
      "i9",
      "i16"
    ],
    [
      "i1",
      "i4",
      "i5",
      "i6",
      "i7",
      "i8",
      "i10",
      "i12",
      "i14",
      "i15",
      "i17",
      "i18",
      "i19",
      "i9",
      "i16"
    ],
    [
      "i1",
      "i4",
      "i5",
      "i6",
      "i7",
      "i8",
      "i10",
      "i12",
      "i14",
      "i15",
      "i17",
      "i18",
      "i19",
      "i17"
    ]
  ]
}