{
  "model_traces": [
    [
      "i1",
      "n2",
      "b1",
      "n4",
      "e1"
    ],
    [
      "i1",
      "n2",
      "b1",
      "n6",
      "e2"
    ],
    [
      "i1",
      "n2",
      "b1",
      "n10",
      "n11",
      "n12",
      "e3"
    ]
  ],
  "source_text_traces": [
    [
      "i1",
      "i2",
      "i3"
    ],
    [
      "i1",
      "i2",
      "i4"
    ],
    [
      "i1",
      "i2",
      "i5",
      "i1"
    ],
    [
      "i1",
      "i2",
      "i6",
      "i7"
    ]
  ]
}