{
  "model_traces": [
    [
      "i1",
      "n1",
      "n2",
      "b1",
      "n4",
      "c1",
      "n11",
      "n12",
      "b2",
      "n14",
      "c3",
      "n17",
      "e1"
    ],
    [
      "i1",
      "n1",
      "n2",
      "b1",
      "n4",
      "c1",
      "n11",
      "n12",
      "b2",
      "n15",
      "n16",
      "c3",
      "n17",
      "e1"
    ],
    [
      "i1",
      "n1",
      "n2",
      "b1",
      "n5",
      "c1",
      "n11",
      "n12",
      "b2",
      "n14",
      "c3",
      "n17",
      "e1"
    ],
    [
      "i1",
      "n1",
      "n2",
      "b1",
      "n5",
      "c1",
      "n11",
      "n12",
      "b2",
      "n15",
      "n16",
      "c3",
      "n17",
      "e1"
    ],
    [
      "i1",
      "n1",
      "n2",
      "b1",
      "n6",
      "n7",
      "n8",
      "c1",
      "n11",
      "n12",
      "b2",
      "n14",
      "c3",
      "n17",
      "e1"
    ],
    [
      "i1",
      "n1",
      "n2",
      "b1",
      "n6",
      "n7",
      "n8",
      "c1",
      "n11",
      "n12",
      "b2",
      "n15",
      "n16",
      "c3",
      "n17",
      "e1"
    ]
  ],
  "source_text_traces": []
}