{
  "model_traces": [
    [
      "i1",
      "c_entry",
      "n2",
      "b1",
      "n3",
      "n4",
      "n5",
      "n6",
      "n7_1",
      "b7",
      "n7_2",
      "n7_3",
      "n7_4",
      "n7_5",
      "c7",
      "c1",
      "n8",
      "n9",
      "n10",
      "b2",
      "n11",
      "n12",
      "n13",
      "e1"
    ],
    [
      "i1",
      "c_entry",
      "n2",
      "b1",
      "n3",
      "n4",
      "n5",
      "n6",
      "n7_1",
      "b7",
      "n7_2",
      "n7_3",
      "n7_4",
      "n7_5",
      "c7",
      "c1",
      "n8",
      "n9",
      "n10",
      "b2",
      "n14",
      "b3",
      "n15",
      "n16",
      "e2"
    ],
    [
      "i1",
      "c_entry",
      "n2",
      "b1",
      "n3",
      "n4",
      "n5",
      "n6",
      "n7_1",
      "b7",
      "n7_2",
      "n7_3",
      "n7_4",
      "n7_5",
      "c7",
      "c1",
      "n8",
      "n9",
      "n10",
      "b2",
      "n14",
      "b3",
      "n17",
      "n18",
      "b4",
      "n19",
      "n20",
      "e3"
    ],
    [
      "i1",
      "c_entry",
      "n2",
      "b1",
      "n3",
      "n4",
      "n5",
      "n6",
      "n7_1",
      "b7",
      "c7",
      "c1",
      "n8",
      "n9",
      "n10",
      "b2",
      "n11",
      "n12",
      "n13",
      "e1"
    ],
    [
      "i1",
      "c_entry",
      "n2",
      "b1",
      "n3",
      "n4",
      "n5",
      "n6",
      "n7_1",
      "b7",
      "c7",
      "c1",
      "n8",
      "n9",
      "n10",
      "b2",
      "n14",
      "b3",
      "n15",
      "n16",
      "e2"
    ],
    [
      "i1",
      "c_entry",
      "n2",
      "b1",
      "n3",
      "n4",
      "n5",
      "n6",
      "n7_1",
      "b7",
      "c7",
      "c1",
      "n8",
      "n9",
      "n10",
      "b2",
      "n14",
      "b3",
      "n17",
      "n18",
      "b4",
      "n19",
      "n20",
      "e3"
    ],
    [
      "i1",
      "c_entry",
      "n2",
      "b1",
      "c1",
      "n8",
      "n9",
      "n10",
      "b2",
      "n11",
      "n12",
      "n13",
      "e1"
    ],
    [
      "i1",
      "c_entry",
      "n2",
      "b1",
      "c1",
      "n8",
      "n9",
      "n10",
      "b2",
      "n14",
      "b3",
      "n15",
      "n16",
      "e2"
    ],
    [
      "i1",
      "c_entry",
      "n2",
      "b1",
      "c1",
      "n8",
      "n9",
      "n10",
      "b2",
      "n14",
      "b3",
      "n17",
      "n18",
      "b4",
      "n19",
      "n20",
      "e3"
    ]
  ],
  "source_text_traces": [
    [
      "i1",
      "i2",
      "i3",
      "i11",
      "i12",
      "i13",
      "i19",
      "i20"
    ],
    [
      "i1",
      "i2",
      "i3",
      "i11",
      "i12",
      "i13",
      "i14",
      "i15"
    ],
    [
      "i1",
      "i2",
      "i3",
      "i11",
      "i12",
      "i13",
      "i16",
      "i17",
      "i18"
    ],
    [
      "i1",
      "i4",
      "i5",
      "i6",
      "i7",
      "i8",
      "i9",
      "i10",
      "i11",
      "i12",
      "i13",
      "i19",
      "i20"
    ],
    [
      "i1",
      "i4",
      "i5",
      "i6",
      "i7",
      "i8",
      "i9",
      "i10",
      "i11",
      "i12",
      "i13",
      "i14",
      "i15"
    ],
    [
      "i1",
      "i4",
      "i5",
      "i6",
      "i7",
      "i8",
      "i9",
      "i10",
      "i11",
      "i12",
      "i13",
      "i16",
      "i17",
      "i18"
    ]
  ]
}