{
  "model_traces": [
    [
      "i1",
      "c3",
      "n2",
      "b1",
      "i2",
      "i3",
      "c1",
      "n9",
      "n10",
      "b3",
      "i12",
      "n12",
      "e1"
    ],
    [
      "i1",
      "c3",
      "n2",
      "b1",
      "i2",
      "i3",
      "c1",
      "n9",
      "n10",
      "b3",
      "i14",
      "b4",
      "i17",
      "n16",
      "e2"
    ],
    [
      "i1",
      "c3",
      "n2",
      "b1",
      "i2",
      "i3",
      "c1",
      "n9",
      "n10",
      "b3",
      "i19",
      "n18",
      "n19",
      "e3"
    ],
    [
      "i1",
      "c3",
      "n2",
      "b1",
      "i4",
      "n4",
      "n5",
      "n6",
      "n7",
      "n8",
      "b5",
      "c1",
      "n9",
      "n10",
      "b3",
      "i12",
      "n12",
      "e1"
    ],
    [
      "i1",
      "c3",
      "n2",
      "b1",
      "i4",
      "n4",
      "n5",
      "n6",
      "n7",
      "n8",
      "b5",
      "c1",
      "n9",
      "n10",
      "b3",
      "i14",
      "b4",
      "i17",
      "n16",
      "e2"
    ],
    [
      "i1",
      "c3",
      "n2",
      "b1",
      "i4",
      "n4",
      "n5",
      "n6",
      "n7",
      "n8",
      "b5",
      "c1",
      "n9",
      "n10",
      "b3",
      "i19",
      "n18",
      "n19",
      "e3"
    ]
  ],
  "source_text_traces": [
    [
      "i1",
      "i2",
      "i3",
      "i10",
      "i11",
      "i19",
      "i20",
      "i21"
    ],
    [
      "i1",
      "i2",
      "i3",
      "i10",
      "i11",
      "i12",
      "i13"
    ],
    [
      "i1",
      "i2",
      "i3",
      "i10",
      "i11",
      "i14",
      "i15",
      "i16",
      "i1"
    ],
    [
      "i1",
      "i2",
      "i3",
      "i10",
      "i11",
      "i14",
      "i17",
      "i18"
    ],
    [
      "i1",
      "i4",
      "i5",
      "i6",
      "i7",
      "i8",
      "i9",
      "i1"
    ],
    [
      "i1",
      "i4",
      "i5",
      "i6",
      "i7",
      "i8",
      "i9",
      "i10",
      "i11",
      "i19",
      "i20",
      "i21"
    ],
    [
      "i1",
      "i4",
      "i5",
      "i6",
      "i7",
      "i8",
      "i9",
      "i10",
      "i11",
      "i12",
      "i13"
    ],
    [
      "i1",
      "i4",
      "i5",
      "i6",
      "i7",
      "i8",
      "i9",
      "i10",
      "i11",
      "i14",
      "i15",
      "i16",
      "i1"
    ],
    [
      "i1",
      "i4",
      "i5",
      "i6",
      "i7",
      "i8",
      "i9",
      "i10",
      "i11",
      "i14",
      "i17",
      "i18"
    ]
  ]
}