{
  "model_traces": [
    [
      "i1",
      "n2",
      "n3",
      "b_svc",
      "n5",
      "n10",
      "n11",
      "e1"
    ],
    [
      "i1",
      "n2",
      "n3",
      "b_svc",
      "n7",
      "n10",
      "n11",
      "e1"
    ],
    [
      "i1",
      "n2",
      "n3",
      "b_svc",
      "n9",
      "n10",
      "n11",
      "e1"
    ]
  ],
  "source_text_traces": [
    [
      "i1",
      "i2",
      "i3",
      "i6"
    ],
    [
      "i1",
      "i2",
      "i4",
      "i6"
    ],
    [
      "i1",
      "i2",
      "i5",
      "i6"
    ]
  ]
}