{
  "model_traces": [
    [
      "i1",
      "b1",
      "b2",
      "b3",
      "n6",
      "n8",
      "e1"
    ],
    [
      "i1",
      "b1",
      "b2",
      "b3",
      "n7",
      "e2"
    ],
    [
      "i1",
      "b1",
      "b2",
      "b4",
      "n10",
      "n12",
      "e3"
    ],
    [
      "i1",
      "b1",
      "b2",
      "b4",
      "n11",
      "n13",
      "e4"
    ],
    [
      "i1",
      "b1",
      "b5",
      "n15",
      "n20",
      "e5"
    ],
    [
      "i1",
      "b1",
      "b5",
      "n26",
      "n27",
      "n28",
      "e8"
    ],
    [
      "i1",
      "b1",
      "b5",
      "n30",
      "n31",
      "e9"
    ]
  ],
  "source_text_traces": [
    [
      "i3",
      "i4",
      "i5"
    ],
    [
      "i3",
      "i4",
      "i7"
    ],
    [
      "i3",
      "i8",
      "i9"
    ],
    [
      "i3",
      "i8",
      "i10"
    ],
    [
      "i11",
      "i12",
      "i15"
    ],
    [
      "i11",
      "i16",
      "i17",
      "i18"
    ],
    [
      "i11",
      "i19",
      "i20"
    ]
  ]
}