{
  "model_traces": [
    [
      "i1",
      "a_start",
      "b_exp",
      "a_rev",
      "c1",
      "b_rev1",
      "a_edit1",
      "c2",
      "b_rev2",
      "a_edit2",
      "c3",
      "b_rec",
      "a_proc",
      "e1"
    ],
    [
      "i1",
      "a_start",
      "b_exp",
      "a_rev",
      "c1",
      "b_rev1",
      "a_edit1",
      "c2",
      "b_rev2",
      "a_transConf",
      "c3",
      "b_rec",
      "a_proc",
      "e1"
    ],
    [
      "i1",
      "a_start",
      "b_exp",
      "a_rev",
      "c1",
      "b_rev1",
      "a_chkTrans2",
      "c2",
      "b_rev2",
      "a_edit2",
      "c3",
      "b_rec",
      "a_proc",
      "e1"
    ],
    [
      "i1",
      "a_start",
      "b_exp",
      "a_rev",
      "c1",
      "b_rev1",
      "a_chkTrans2",
      "c2",
      "b_rev2",
      "a_transConf",
      "c3",
      "b_rec",
      "a_proc",
      "e1"
    ],
    [
      "i1",
      "a_start",
      "b_exp",
      "a_chkTrans1",
      "b_trans1",
      "a_trans",
      "c1",
      "b_rev1",
      "a_edit1",
      "c2",
      "b_rev2",
      "a_edit2",
      "c3",
      "b_rec",
      "a_proc",
      "e1"
    ],
    [
      "i1",
      "a_start",
      "b_exp",
      "a_chkTrans1",
      "b_trans1",
      "a_trans",
      "c1",
      "b_rev1",
      "a_edit1",
      "c2",
      "b_rev2",
      "a_transConf",
      "c3",
      "b_rec",
      "a_proc",
      "e1"
    ],
    [
      "i1",
      "a_start",
      "b_exp",
      "a_chkTrans1",
      "b_trans1",
      "a_trans",
      "c1",
      "b_rev1",
      "a_chkTrans2",
      "c2",
      "b_rev2",
      "a_edit2",
      "c3",
      "b_rec",
      "a_proc",
      "e1"
    ],
    [
      "i1",
      "a_start",
      "b_exp",
      "a_chkTrans1",
      "b_trans1",
      "a_trans",
      "c1",
      "b_rev1",
      "a_chkTrans2",
      "c2",
      "b_rev2",
      "a_transConf",
      "c3",
      "b_rec",
      "a_proc",
      "e1"
    ],
    [
      "i1",
      "a_start",
      "b_exp",
      "a_chkTrans1",
      "b_trans1",
      "a_conf",
      "c1",
      "b_rev1",
      "a_edit1",
      "c2",
      "b_rev2",
      "a_edit2",
      "c3",
      "b_rec",
      "a_proc",
      "e1"
    ],
    [
      "i1",
      "a_start",
      "b_exp",
      "a_chkTrans1",
      "b_trans1",
      "a_conf",
      "c1",
      "b_rev1",
      "a_edit1",
      "c2",
      "b_rev2",
      "a_transConf",
      "c3",
      "b_rec",
      "a_proc",
      "e1"
    ],
    [
      "i1",
      "a_start",
      "b_exp",
      "a_chkTrans1",
      "b_trans1",
      "a_conf",
      "c1",
      "b_rev1",
      "a_chkTrans2",
      "c2",
      "b_rev2",
      "a_edit2",
      "c3",
      "b_rec",
      "a_proc",
      "e1"
    ],
    [
      "i1",
      "a_start",
      "b_exp",
      "a_chkTrans1",
      "b_trans1",
      "a_conf",
      "c1",
      "b_rev1",
      "a_chkTrans2",
      "c2",
      "b_rev2",
      "a_transConf",
      "c3",
      "b_rec",
      "a_proc",
      "e1"
    ]
  ],
  "source_text_traces": [
    [
      "i1",
      "i2",
      "i6"
    ],
    [
      "i1",
      "i2",
      "i7",
      "i6"
    ],
    [
      "i1",
      "i2",
      "i7",
      "i8",
      "i9",
      "i11"
    ],
    [
      "i1",
      "i2",
      "i7",
      "i8",
      "i10"
    ],
    [
      "i1",
      "i3",
      "i4",
      "i6"
    ],
    [
      "i1",
      "i3",
      "i4",
      "i7",
      "i6"
    ],
    [
      "i1",
      "i3",
      "i4",
      "i7",
      "i8",
      "i9",
      "i11"
    ],
    [
      "i1",
      "i3",
      "i4",
      "i7",
      "i8",
      "i10"
    ],
    [
      "i1",
      "i3",
      "i5",
      "i6"
    ],
    [
      "i1",
      "i3",
      "i5",
      "i7",
      "i6"
    ],
    [
      "i1",
      "i3",
      "i5",
      "i7",
      "i8",
      "i9",
      "i11"
    ],
    [
      "i1",
      "i3",
      "i5",
      "i7",
      "i8",
      "i10"
    ]
  ]
}