{
  "model_traces": [
    [
      "i1",
      "b1",
      "b2",
      "n4",
      "n5",
      "e1"
    ],
    [
      "i1",
      "b1",
      "b2",
      "n6",
      "n7",
      "e2"
    ],
    [
      "i1",
      "b1",
      "b3",
      "n9",
      "n10",
      "n11",
      "n12",
      "n13",
      "n14",
      "n15",
      "n16",
      "e3"
    ],
    [
      "i1",
      "b1",
      "b3",
      "n17",
      "n17a",
      "n17b",
      "n17c",
      "n17d",
      "n17e",
      "n17f",
      "n18",
      "n19",
      "n20",
      "n21",
      "n22",
      "n23",
      "e4"
    ],
    [
      "i1",
      "b1",
      "b3",
      "n24",
      "n24a",
      "n24b",
      "n24c",
      "n24d",
      "n24e",
      "n24f",
      "n25",
      "n26",
      "n27",
      "n28",
      "e5"
    ]
  ],
  "source_text_traces": [
    [
      "i1",
      "i4",
      "i7",
      "i8"
    ],
    [
      "i1",
      "i5",
      "i9",
      "i8"
    ],
    [
      "i2",
      "i10",
      "i12",
      "i13",
      "i14",
      "i15",
      "i16",
      "i17",
      "i18",
      "i8"
    ],
    [
      "i2",
      "i6",
      "i19",
      "i12",
      "i13",
      "i14",
      "i15",
      "i16",
      "i17",
      "i20",
      "i21",
      "i22",
      "i23",
      "i24",
      "i8"
    ],
    [
      "i2",
      "i11",
      "i19",
      "i12",
      "i13",
      "i14",
      "i15",
      "i16",
      "i17",
      "i20",
      "i25",
      "i26",
      "i27"
    ]
  ]
}