{
  "model_traces": [
    [
      "i1",
      "n2",
      "n3",
      "n4",
      "n5",
      "n6",
      "n7",
      "b_decision",
      "n8",
      "n9",
      "e_end1"
    ],
    [
      "i1",
      "n2",
      "n3",
      "n4",
      "n5",
      "n6",
      "n7",
      "b_decision",
      "n11",
      "n12",
      "n13",
      "n14",
      "e_end2"
    ]
  ],
  "source_text_traces": [
    [
      "i1",
      "i2",
      "i3",
      "i4",
      "i5",
      "i6",
      "i7",
      "i8",
      "i9"
    ],
    [
      "i1",
      "i2",
      "i3",
      "i4",
      "i5",
      "i6",
      "i7",
      "i11",
      "i12",
      "i13",
      "i14"
    ]
  ]
}