{
  "model_traces": [
    [
      "i1",
      "n2",
      "n3",
      "c1",
      "n4",
      "b1",
      "n8",
      "n9",
      "n10",
      "b4",
      "n11",
      "e1"
    ],
    [
      "i1",
      "n2",
      "n3",
      "c1",
      "n4",
      "b1",
      "c2",
      "n13",
      "b5",
      "c3",
      "n18",
      "n19",
      "n20",
      "b8",
      "n21",
      "e2"
    ]
  ],
  "source_text_traces": [
    [
      "i1",
      "i2",
      "i3",
      "i4",
      "i13",
      "i15",
      "i16"
    ],
    [
      "i1",
      "i2",
      "i3",
      "i9",
      "i19",
      "i20",
      "i25",
      "i19"
    ],
    [
      "i1",
      "i2",
      "i3",
      "i9",
      "i19",
      "i20",
      "i26",
      "i27",
      "i28"
    ]
  ]
}