{
  "model_traces": [
    [
      "i1",
      "n1",
      "n2",
      "b1",
      "n3",
      "n5",
      "n6",
      "b4",
      "n7",
      "n8",
      "n9",
      "n10",
      "n11",
      "n12",
      "b8",
      "n13",
      "b6",
      "n14",
      "c1",
      "n15",
      "n16",
      "n17",
      "e1"
    ],
    [
      "i1",
      "n1",
      "n2",
      "b1",
      "n3",
      "n5",
      "n6",
      "b4",
      "n7",
      "n8",
      "n9",
      "n10",
      "n11",
      "n12",
      "b8",
      "n13",
      "b6",
      "c1",
      "n15",
      "n16",
      "n17",
      "e1"
    ],
    [
      "i1",
      "n1",
      "n2",
      "b1",
      "n3",
      "n5",
      "n6",
      "b4",
      "n8",
      "n9",
      "n10",
      "n11",
      "n12",
      "b8",
      "n13",
      "b6",
      "n14",
      "c1",
      "n15",
      "n16",
      "n17",
      "e1"
    ],
    [
      "i1",
      "n1",
      "n2",
      "b1",
      "n3",
      "n5",
      "n6",
      "b4",
      "n8",
      "n9",
      "n10",
      "n11",
      "n12",
      "b8",
      "n13",
      "b6",
      "c1",
      "n15",
      "n16",
      "n17",
      "e1"
    ],
    [
      "i1",
      "n1",
      "n2",
      "b1",
      "n4",
      "n18",
      "b7",
      "n19",
      "c2",
      "n20",
      "n21",
      "n22",
      "n23",
      "e2"
    ],
    [
      "i1",
      "n1",
      "n2",
      "b1",
      "n4",
      "n18",
      "b7",
      "c2",
      "n20",
      "n21",
      "n22",
      "n23",
      "e2"
    ]
  ],
  "source_text_traces": [
    [
      "i1",
      "i2",
      "i20",
      "i3",
      "i5",
      "i6",
      "i7",
      "i8",
      "i21",
      "i10",
      "i11",
      "i12",
      "i13",
      "i14"
    ],
    [
      "i1",
      "i2",
      "i20",
      "i15",
      "i22",
      "i16",
      "i17",
      "i18",
      "i19"
    ]
  ]
}