{
  "model_traces": [
    [
      "i1",
      "n2",
      "n3",
      "n4",
      "n5",
      "b1",
      "c1",
      "n8",
      "n9",
      "n10",
      "b3",
      "n11",
      "e1"
    ],
    [
      "i1",
      "n2",
      "n3",
      "n4",
      "n5",
      "b1",
      "c3",
      "n15",
      "n16",
      "b5",
      "c2",
      "n22",
      "n23",
      "n24",
      "b8",
      "n25",
      "e2"
    ]
  ],
  "source_text_traces": [
    [
      "i1",
      "i2",
      "i3",
      "i4",
      "i5",
      "i8",
      "i9",
      "i10"
    ],
    [
      "i1",
      "i2",
      "i3",
      "i6",
      "i7",
      "i11",
      "i13"
    ],
    [
      "i1",
      "i2",
      "i3",
      "i6",
      "i7",
      "i11",
      "i12",
      "i14",
      "i15",
      "i16"
    ]
  ]
}