{
  "model_traces": [
    [
      "i1",
      "n1",
      "n2",
      "b1",
      "n3",
      "b2",
      "n4",
      "b3",
      "n6",
      "n8",
      "e1"
    ],
    [
      "i1",
      "n1",
      "n2",
      "b1",
      "n3",
      "b2",
      "n4",
      "b3",
      "n7",
      "n9",
      "e2"
    ],
    [
      "i1",
      "n1",
      "n2",
      "b1",
      "n3",
      "b2",
      "n5",
      "b4",
      "n10",
      "n12",
      "e3"
    ],
    [
      "i1",
      "n1",
      "n2",
      "b1",
      "n3",
      "b2",
      "n5",
      "b4",
      "n11",
      "n13",
      "e4"
    ],
    [
      "i1",
      "n1",
      "n2",
      "b1",
      "n14",
      "b5",
      "n15",
      "b6",
      "n17",
      "c1",
      "n22",
      "n23",
      "e5"
    ],
    [
      "i1",
      "n1",
      "n2",
      "b1",
      "n14",
      "b5",
      "n15",
      "b6",
      "n18",
      "c1",
      "n22",
      "n23",
      "e5"
    ],
    [
      "i1",
      "n1",
      "n2",
      "b1",
      "n14",
      "b5",
      "n15",
      "b6",
      "n19",
      "c1",
      "n22",
      "n23",
      "e5"
    ],
    [
      "i1",
      "n1",
      "n2",
      "b1",
      "n14",
      "b5",
      "n15",
      "b6",
      "n20",
      "c1",
      "n22",
      "n23",
      "e5"
    ],
    [
      "i1",
      "n1",
      "n2",
      "b1",
      "n14",
      "b5",
      "n15",
      "b6",
      "n21",
      "c1",
      "n22",
      "n23",
      "e5"
    ],
    [
      "i1",
      "n1",
      "n2",
      "b1",
      "n14",
      "b5",
      "n26",
      "n27",
      "n28",
      "n29",
      "e8"
    ],
    [
      "i1",
      "n1",
      "n2",
      "b1",
      "n14",
      "b5",
      "n30",
      "n31",
      "n32",
      "e9"
    ]
  ],
  "source_text_traces": [
    [
      "i1",
      "i2",
      "i4",
      "i6",
      "i29",
      "i7",
      "i9"
    ],
    [
      "i1",
      "i2",
      "i4",
      "i6",
      "i29",
      "i8",
      "i11"
    ],
    [
      "i1",
      "i2",
      "i4",
      "i5",
      "i30",
      "i12"
    ],
    [
      "i1",
      "i2",
      "i4",
      "i5",
      "i30",
      "i13"
    ],
    [
      "i1",
      "i3",
      "i31",
      "i17",
      "i32",
      "i18",
      "i33",
      "i20",
      "i23"
    ],
    [
      "i1",
      "i3",
      "i31",
      "i17",
      "i32",
      "i18",
      "i33",
      "i21",
      "i23"
    ],
    [
      "i1",
      "i3",
      "i31",
      "i17",
      "i32",
      "i18",
      "i33",
      "i22",
      "i23"
    ],
    [
      "i1",
      "i3",
      "i31",
      "i17",
      "i32",
      "i19",
      "i33",
      "i20",
      "i23"
    ],
    [
      "i1",
      "i3",
      "i31",
      "i17",
      "i32",
      "i19",
      "i33",
      "i21",
      "i23"
    ],
    [
      "i1",
      "i3",
      "i31",
      "i17",
      "i32",
      "i19",
      "i33",
      "i22",
      "i23"
    ],
    [
      "i1",
      "i3",
      "i31",
      "i24",
      "i25",
      "i26"
    ],
    [
      "i1",
      "i3",
      "i31",
      "i27",
      "i24",
      "i25",
      "i26",
      "i28"
    ]
  ]
}