{
  "model_traces": [
    [
      "i1",
      "n1",
      "n2",
      "b1",
      "n4",
      "e1"
    ],
    [
      "i1",
      "n1",
      "n2",
      "b1",
      "n6",
      "b2",
      "n7",
      "n9",
      "c1",
      "n10",
      "b3",
      "e2"
    ],
    [
      "i1",
      "n1",
      "n2",
      "b1",
      "n6",
      "b2",
      "n7",
      "n9",
      "c1",
      "n10",
      "b3",
      "n13",
      "n14",
      "n16",
      "n17",
      "b5",
      "n19",
      "c2",
      "n20",
      "b6",
      "n23",
      "n40",
      "c3",
      "n25",
      "n26",
      "b7",
      "n28",
      "e6"
    ],
    [
      "i1",
      "n1",
      "n2",
      "b1",
      "n6",
      "b2",
      "n7",
      "n9",
      "c1",
      "n10",
      "b3",
      "n13",
      "n14",
      "n16",
      "n17",
      "b5",
      "n19",
      "c2",
      "n20",
      "b6",
      "n23",
      "n40",
      "c3",
      "n25",
      "n26",
      "b7",
      "n29",
      "b8_xor",
      "n31",
      "c5",
      "n38",
      "n39",
      "n34",
      "b9",
      "n36",
      "b10",
      "e5"
    ],
    [
      "i1",
      "n1",
      "n2",
      "b1",
      "n6",
      "b2",
      "n7",
      "n9",
      "c1",
      "n10",
      "b3",
      "n13",
      "n14",
      "n16",
      "n17",
      "b5",
      "n19",
      "c2",
      "n20",
      "b6",
      "n23",
      "n40",
      "c3",
      "n25",
      "n26",
      "b7",
      "n29",
      "b8_xor",
      "n31",
      "c5",
      "n38",
      "n39",
      "n34",
      "b9",
      "n36",
      "b10",
      "n41",
      "e7"
    ],
    [
      "i1",
      "n1",
      "n2",
      "b1",
      "n6",
      "b2",
      "n7",
      "n9",
      "c1",
      "n10",
      "b3",
      "n13",
      "n14",
      "n16",
      "n17",
      "b5",
      "n19",
      "c2",
      "n20",
      "b6",
      "n23",
      "n40",
      "c3",
      "n25",
      "n26",
      "b7",
      "n29",
      "b8_xor",
      "n31",
      "c5",
      "n38",
      "n39",
      "n34",
      "b9",
      "e4"
    ],
    [
      "i1",
      "n1",
      "n2",
      "b1",
      "n6",
      "b2",
      "n7",
      "n9",
      "c1",
      "n10",
      "b3",
      "n13",
      "n14",
      "n16",
      "n17",
      "b5",
      "n19",
      "c2",
      "n20",
      "b6",
      "n23",
      "n40",
      "c3",
      "n25",
      "n26",
      "b7",
      "n29",
      "b8_xor",
      "c5",
      "n38",
      "n39",
      "n34",
      "b9",
      "n36",
      "b10",
      "e5"
    ],
    [
      "i1",
      "n1",
      "n2",
      "b1",
      "n6",
      "b2",
      "n7",
      "n9",
      "c1",
      "n10",
      "b3",
      "n13",
      "n14",
      "n16",
      "n17",
      "b5",
      "n19",
      "c2",
      "n20",
      "b6",
      "n23",
      "n40",
      "c3",
      "n25",
      "n26",
      "b7",
      "n29",
      "b8_xor",
      "c5",
      "n38",
      "n39",
      "n34",
      "b9",
      "n36",
      "b10",
      "n41",
      "e7"
    ],
    [
      "i1",
      "n1",
      "n2",
      "b1",
      "n6",
      "b2",
      "n7",
      "n9",
      "c1",
      "n10",
      "b3",
      "n13",
      "n14",
      "n16",
      "n17",
      "b5",
      "n19",
      "c2",
      "n20",
      "b6",
      "n23",
      "n40",
      "c3",
      "n25",
      "n26",
      "b7",
      "n29",
      "b8_xor",
      "c5",
      "n38",
      "n39",
      "n34",
      "b9",
      "e4"
    ],
    [
      "i1",
      "n1",
      "n2",
      "b1",
      "n6",
      "b2",
      "n7",
      "n9",
      "c1",
      "n10",
      "b3",
      "n13",
      "n14",
      "n16",
      "n17",
      "b5",
      "n19",
      "c2",
      "n20",
      "b6",
      "n24",
      "c3",
      "n25",
      "n26",
      "b7",
      "n28",
      "e6"
    ],
    [
      "i1",
      "n1",
      "n2",
      "b1",
      "n6",
      "b2",
      "n7",
      "n9",
      "c1",
      "n10",
      "b3",
      "n13",
      "n14",
      "n16",
      "n17",
      "b5",
      "n19",
      "c2",
      "n20",
      "b6",
      "n24",
      "c3",
      "n25",
      "n26",
      "b7",
      "n29",
      "b8_xor",
      "n31",
      "c5",
      "n38",
      "n39",
      "n34",
      "b9",
      "n36",
      "b10",
      "e5"
    ],
    [
      "i1",
      "n1",
      "n2",
      "b1",
      "n6",
      "b2",
      "n7",
      "n9",
      "c1",
      "n10",
      "b3",
      "n13",
      "n14",
      "n16",
      "n17",
      "b5",
      "n19",
      "c2",
      "n20",
      "b6",
      "n24",
      "c3",
      "n25",
      "n26",
      "b7",
      "n29",
      "b8_xor",
      "n31",
      "c5",
      "n38",
      "n39",
      "n34",
      "b9",
      "n36",
      "b10",
      "n41",
      "e7"
    ],
    [
      "i1",
      "n1",
      "n2",
      "b1",
      "n6",
      "b2",
      "n7",
      "n9",
      "c1",
      "n10",
      "b3",
      "n13",
      "n14",
      "n16",
      "n17",
      "b5",
      "n19",
      "c2",
      "n20",
      "b6",
      "n24",
      "c3",
      "n25",
      "n26",
      "b7",
      "n29",
      "b8_xor",
      "n31",
      "c5",
      "n38",
      "n39",
      "n34",
      "b9",
      "e4"
    ],
    [
      "i1",
      "n1",
      "n2",
      "b1",
      "n6",
      "b2",
      "n7",
      "n9",
      "c1",
      "n10",
      "b3",
      "n13",
      "n14",
      "n16",
      "n17",
      "b5",
      "n19",
      "c2",
      "n20",
      "b6",
      "n24",
      "c3",
      "n25",
      "n26",
      "b7",
      "n29",
      "b8_xor",
      "c5",
      "n38",
      "n39",
      "n34",
      "b9",
      "n36",
      "b10",
      "e5"
    ],
    [
      "i1",
      "n1",
      "n2",
      "b1",
      "n6",
      "b2",
      "n7",
      "n9",
      "c1",
      "n10",
      "b3",
      "n13",
      "n14",
      "n16",
      "n17",
      "b5",
      "n19",
      "c2",
      "n20",
      "b6",
      "n24",
      "c3",
      "n25",
      "n26",
      "b7",
      "n29",
      "b8_xor",
      "c5",
      "n38",
      "n39",
      "n34",
      "b9",
      "n36",
      "b10",
      "n41",
      "e7"
    ],
    [
      "i1",
      "n1",
      "n2",
      "b1",
      "n6",
      "b2",
      "n7",
      "n9",
      "c1",
      "n10",
      "b3",
      "n13",
      "n14",
      "n16",
      "n17",
      "b5",
      "n19",
      "c2",
      "n20",
      "b6",
      "n24",
      "c3",
      "n25",
      "n26",
      "b7",
      "n29",
      "b8_xor",
      "c5",
      "n38",
      "n39",
      "n34",
      "b9",
      "e4"
    ],
    [
      "i1",
      "n1",
      "n2",
      "b1",
      "n6",
      "b2",
      "n7",
      "n9",
      "c1",
      "n10",
      "b3",
      "n13",
      "n14",
      "n16",
      "n17",
      "b5",
      "n21",
      "c2",
      "n20",
      "b6",
      "n23",
      "n40",
      "c3",
      "n25",
      "n26",
      "b7",
      "n28",
      "e6"
    ],
    [
      "i1",
      "n1",
      "n2",
      "b1",
      "n6",
      "b2",
      "n7",
      "n9",
      "c1",
      "n10",
      "b3",
      "n13",
      "n14",
      "n16",
      "n17",
      "b5",
      "n21",
      "c2",
      "n20",
      "b6",
      "n23",
      "n40",
      "c3",
      "n25",
      "n26",
      "b7",
      "n29",
      "b8_xor",
      "n31",
      "c5",
      "n38",
      "n39",
      "n34",
      "b9",
      "n36",
      "b10",
      "e5"
    ],
    [
      "i1",
      "n1",
      "n2",
      "b1",
      "n6",
      "b2",
      "n7",
      "n9",
      "c1",
      "n10",
      "b3",
      "n13",
      "n14",
      "n16",
      "n17",
      "b5",
      "n21",
      "c2",
      "n20",
      "b6",
      "n23",
      "n40",
      "c3",
      "n25",
      "n26",
      "b7",
      "n29",
      "b8_xor",
      "n31",
      "c5",
      "n38",
      "n39",
      "n34",
      "b9",
      "n36",
      "b10",
      "n41",
      "e7"
    ],
    [
      "i1",
      "n1",
      "n2",
      "b1",
      "n6",
      "b2",
      "n7",
      "n9",
      "c1",
      "n10",
      "b3",
      "n13",
      "n14",
      "n16",
      "n17",
      "b5",
      "n21",
      "c2",
      "n20",
      "b6",
      "n23",
      "n40",
      "c3",
      "n25",
      "n26",
      "b7",
      "n29",
      "b8_xor",
      "n31",
      "c5",
      "n38",
      "n39",
      "n34",
      "b9",
      "e4"
    ],
    [
      "i1",
      "n1",
      "n2",
      "b1",
      "n6",
      "b2",
      "n7",
      "n9",
      "c1",
      "n10",
      "b3",
      "n13",
      "n14",
      "n16",
      "n17",
      "b5",
      "n21",
      "c2",
      "n20",
      "b6",
      "n23",
      "n40",
      "c3",
      "n25",
      "n26",
      "b7",
      "n29",
      "b8_xor",
      "c5",
      "n38",
      "n39",
      "n34",
      "b9",
      "n36",
      "b10",
      "e5"
    ],
    [
      "i1",
      "n1",
      "n2",
      "b1",
      "n6",
      "b2",
      "n7",
      "n9",
      "c1",
      "n10",
      "b3",
      "n13",
      "n14",
      "n16",
      "n17",
      "b5",
      "n21",
      "c2",
      "n20",
      "b6",
      "n23",
      "n40",
      "c3",
      "n25",
      "n26",
      "b7",
      "n29",
      "b8_xor",
      "c5",
      "n38",
      "n39",
      "n34",
      "b9",
      "n36",
      "b10",
      "n41",
      "e7"
    ],
    [
      "i1",
      "n1",
      "n2",
      "b1",
      "n6",
      "b2",
      "n7",
      "n9",
      "c1",
      "n10",
      "b3",
      "n13",
      "n14",
      "n16",
      "n17",
      "b5",
      "n21",
      "c2",
      "n20",
      "b6",
      "n23",
      "n40",
      "c3",
      "n25",
      "n26",
      "b7",
      "n29",
      "b8_xor",
      "c5",
      "n38",
      "n39",
      "n34",
      "b9",
      "e4"
    ],
    [
      "i1",
      "n1",
      "n2",
      "b1",
      "n6",
      "b2",
      "n7",
      "n9",
      "c1",
      "n10",
      "b3",
      "n13",
      "n14",
      "n16",
      "n17",
      "b5",
      "n21",
      "c2",
      "n20",
      "b6",
      "n24",
      "c3",
      "n25",
      "n26",
      "b7",
      "n28",
      "e6"
    ],
    [
      "i1",
      "n1",
      "n2",
      "b1",
      "n6",
      "b2",
      "n7",
      "n9",
      "c1",
      "n10",
      "b3",
      "n13",
      "n14",
      "n16",
      "n17",
      "b5",
      "n21",
      "c2",
      "n20",
      "b6",
      "n24",
      "c3",
      "n25",
      "n26",
      "b7",
      "n29",
      "b8_xor",
      "n31",
      "c5",
      "n38",
      "n39",
      "n34",
      "b9",
      "n36",
      "b10",
      "e5"
    ],
    [
      "i1",
      "n1",
      "n2",
      "b1",
      "n6",
      "b2",
      "n7",
      "n9",
      "c1",
      "n10",
      "b3",
      "n13",
      "n14",
      "n16",
      "n17",
      "b5",
      "n21",
      "c2",
      "n20",
      "b6",
      "n24",
      "c3",
      "n25",
      "n26",
      "b7",
      "n29",
      "b8_xor",
      "n31",
      "c5",
      "n38",
      "n39",
      "n34",
      "b9",
      "n36",
      "b10",
      "n41",
      "e7"
    ],
    [
      "i1",
      "n1",
      "n2",
      "b1",
      "n6",
      "b2",
      "n7",
      "n9",
      "c1",
      "n10",
      "b3",
      "n13",
      "n14",
      "n16",
      "n17",
      "b5",
      "n21",
      "c2",
      "n20",
      "b6",
      "n24",
      "c3",
      "n25",
      "n26",
      "b7",
      "n29",
      "b8_xor",
      "n31",
      "c5",
      "n38",
      "n39",
      "n34",
      "b9",
      "e4"
    ],
    [
      "i1",
      "n1",
      "n2",
      "b1",
      "n6",
      "b2",
      "n7",
      "n9",
      "c1",
      "n10",
      "b3",
      "n13",
      "n14",
      "n16",
      "n17",
      "b5",
      "n21",
      "c2",
      "n20",
      "b6",
      "n24",
      "c3",
      "n25",
      "n26",
      "b7",
      "n29",
      "b8_xor",
      "c5",
      "n38",
      "n39",
      "n34",
      "b9",
      "n36",
      "b10",
      "e5"
    ],
    [
      "i1",
      "n1",
      "n2",
      "b1",
      "n6",
      "b2",
      "n7",
      "n9",
      "c1",
      "n10",
      "b3",
      "n13",
      "n14",
      "n16",
      "n17",
      "b5",
      "n21",
      "c2",
      "n20",
      "b6",
      "n24",
      "c3",
      "n25",
      "n26",
      "b7",
      "n29",
      "b8_xor",
      "c5",
      "n38",
      "n39",
      "n34",
      "b9",
      "n36",
      "b10",
      "n41",
      "e7"
    ],
    [
      "i1",
      "n1",
      "n2",
      "b1",
      "n6",
      "b2",
      "n7",
      "n9",
      "c1",
      "n10",
      "b3",
      "n13",
      "n14",
      "n16",
      "n17",
      "b5",
      "n21",
      "c2",
      "n20",
      "b6",
      "n24",
      "c3",
      "n25",
      "n26",
      "b7",
      "n29",
      "b8_xor",
      "c5",
      "n38",
      "n39",
      "n34",
      "b9",
      "e4"
    ],
    [
      "i1",
      "n1",
      "n2",
      "b1",
      "n6",
      "b2",
      "n8",
      "c1",
      "n10",
      "b3",
      "e2"
    ],
    [
      "i1",
      "n1",
      "n2",
      "b1",
      "n6",
      "b2",
      "n8",
      "c1",
      "n10",
      "b3",
      "n13",
      "n14",
      "n16",
      "n17",
      "b5",
      "n19",
      "c2",
      "n20",
      "b6",
      "n23",
      "n40",
      "c3",
      "n25",
      "n26",
      "b7",
      "n28",
      "e6"
    ],
    [
      "i1",
      "n1",
      "n2",
      "b1",
      "n6",
      "b2",
      "n8",
      "c1",
      "n10",
      "b3",
      "n13",
      "n14",
      "n16",
      "n17",
      "b5",
      "n19",
      "c2",
      "n20",
      "b6",
      "n23",
      "n40",
      "c3",
      "n25",
      "n26",
      "b7",
      "n29",
      "b8_xor",
      "n31",
      "c5",
      "n38",
      "n39",
      "n34",
      "b9",
      "n36",
      "b10",
      "e5"
    ],
    [
      "i1",
      "n1",
      "n2",
      "b1",
      "n6",
      "b2",
      "n8",
      "c1",
      "n10",
      "b3",
      "n13",
      "n14",
      "n16",
      "n17",
      "b5",
      "n19",
      "c2",
      "n20",
      "b6",
      "n23",
      "n40",
      "c3",
      "n25",
      "n26",
      "b7",
      "n29",
      "b8_xor",
      "n31",
      "c5",
      "n38",
      "n39",
      "n34",
      "b9",
      "n36",
      "b10",
      "n41",
      "e7"
    ],
    [
      "i1",
      "n1",
      "n2",
      "b1",
      "n6",
      "b2",
      "n8",
      "c1",
      "n10",
      "b3",
      "n13",
      "n14",
      "n16",
      "n17",
      "b5",
      "n19",
      "c2",
      "n20",
      "b6",
      "n23",
      "n40",
      "c3",
      "n25",
      "n26",
      "b7",
      "n29",
      "b8_xor",
      "n31",
      "c5",
      "n38",
      "n39",
      "n34",
      "b9",
      "e4"
    ],
    [
      "i1",
      "n1",
      "n2",
      "b1",
      "n6",
      "b2",
      "n8",
      "c1",
      "n10",
      "b3",
      "n13",
      "n14",
      "n16",
      "n17",
      "b5",
      "n19",
      "c2",
      "n20",
      "b6",
      "n23",
      "n40",
      "c3",
      "n25",
      "n26",
      "b7",
      "n29",
      "b8_xor",
      "c5",
      "n38",
      "n39",
      "n34",
      "b9",
      "n36",
      "b10",
      "e5"
    ],
    [
      "i1",
      "n1",
      "n2",
      "b1",
      "n6",
      "b2",
      "n8",
      "c1",
      "n10",
      "b3",
      "n13",
      "n14",
      "n16",
      "n17",
      "b5",
      "n19",
      "c2",
      "n20",
      "b6",
      "n23",
      "n40",
      "c3",
      "n25",
      "n26",
      "b7",
      "n29",
      "b8_xor",
      "c5",
      "n38",
      "n39",
      "n34",
      "b9",
      "n36",
      "b10",
      "n41",
      "e7"
    ],
    [
      "i1",
      "n1",
      "n2",
      "b1",
      "n6",
      "b2",
      "n8",
      "c1",
      "n10",
      "b3",
      "n13",
      "n14",
      "n16",
      "n17",
      "b5",
      "n19",
      "c2",
      "n20",
      "b6",
      "n23",
      "n40",
      "c3",
      "n25",
      "n26",
      "b7",
      "n29",
      "b8_xor",
      "c5",
      "n38",
      "n39",
      "n34",
      "b9",
      "e4"
    ],
    [
      "i1",
      "n1",
      "n2",
      "b1",
      "n6",
      "b2",
      "n8",
      "c1",
      "n10",
      "b3",
      "n13",
      "n14",
      "n16",
      "n17",
      "b5",
      "n19",
      "c2",
      "n20",
      "b6",
      "n24",
      "c3",
      "n25",
      "n26",
      "b7",
      "n28",
      "e6"
    ],
    [
      "i1",
      "n1",
      "n2",
      "b1",
      "n6",
      "b2",
      "n8",
      "c1",
      "n10",
      "b3",
      "n13",
      "n14",
      "n16",
      "n17",
      "b5",
      "n19",
      "c2",
      "n20",
      "b6",
      "n24",
      "c3",
      "n25",
      "n26",
      "b7",
      "n29",
      "b8_xor",
      "n31",
      "c5",
      "n38",
      "n39",
      "n34",
      "b9",
      "n36",
      "b10",
      "e5"
    ],
    [
      "i1",
      "n1",
      "n2",
      "b1",
      "n6",
      "b2",
      "n8",
      "c1",
      "n10",
      "b3",
      "n13",
      "n14",
      "n16",
      "n17",
      "b5",
      "n19",
      "c2",
      "n20",
      "b6",
      "n24",
      "c3",
      "n25",
      "n26",
      "b7",
      "n29",
      "b8_xor",
      "n31",
      "c5",
      "n38",
      "n39",
      "n34",
      "b9",
      "n36",
      "b10",
      "n41",
      "e7"
    ],
    [
      "i1",
      "n1",
      "n2",
      "b1",
      "n6",
      "b2",
      "n8",
      "c1",
      "n10",
      "b3",
      "n13",
      "n14",
      "n16",
      "n17",
      "b5",
      "n19",
      "c2",
      "n20",
      "b6",
      "n24",
      "c3",
      "n25",
      "n26",
      "b7",
      "n29",
      "b8_xor",
      "n31",
      "c5",
      "n38",
      "n39",
      "n34",
      "b9",
      "e4"
    ],
    [
      "i1",
      "n1",
      "n2",
      "b1",
      "n6",
      "b2",
      "n8",
      "c1",
      "n10",
      "b3",
      "n13",
      "n14",
      "n16",
      "n17",
      "b5",
      "n19",
      "c2",
      "n20",
      "b6",
      "n24",
      "c3",
      "n25",
      "n26",
      "b7",
      "n29",
      "b8_xor",
      "c5",
      "n38",
      "n39",
      "n34",
      "b9",
      "n36",
      "b10",
      "e5"
    ],
    [
      "i1",
      "n1",
      "n2",
      "b1",
      "n6",
      "b2",
      "n8",
      "c1",
      "n10",
      "b3",
      "n13",
      "n14",
      "n16",
      "n17",
      "b5",
      "n19",
      "c2",
      "n20",
      "b6",
      "n24",
      "c3",
      "n25",
      "n26",
      "b7",
      "n29",
      "b8_xor",
      "c5",
      "n38",
      "n39",
      "n34",
      "b9",
      "n36",
      "b10",
      "n41",
      "e7"
    ],
    [
      "i1",
      "n1",
      "n2",
      "b1",
      "n6",
      "b2",
      "n8",
      "c1",
      "n10",
      "b3",
      "n13",
      "n14",
      "n16",
      "n17",
      "b5",
      "n19",
      "c2",
      "n20",
      "b6",
      "n24",
      "c3",
      "n25",
      "n26",
      "b7",
      "n29",
      "b8_xor",
      "c5",
      "n38",
      "n39",
      "n34",
      "b9",
      "e4"
    ],
    [
      "i1",
      "n1",
      "n2",
      "b1",
      "n6",
      "b2",
      "n8",
      "c1",
      "n10",
      "b3",
      "n13",
      "n14",
      "n16",
      "n17",
      "b5",
      "n21",
      "c2",
      "n20",
      "b6",
      "n23",
      "n40",
      "c3",
      "n25",
      "n26",
      "b7",
      "n28",
      "e6"
    ],
    [
      "i1",
      "n1",
      "n2",
      "b1",
      "n6",
      "b2",
      "n8",
      "c1",
      "n10",
      "b3",
      "n13",
      "n14",
      "n16",
      "n17",
      "b5",
      "n21",
      "c2",
      "n20",
      "b6",
      "n23",
      "n40",
      "c3",
      "n25",
      "n26",
      "b7",
      "n29",
      "b8_xor",
      "n31",
      "c5",
      "n38",
      "n39",
      "n34",
      "b9",
      "n36",
      "b10",
      "e5"
    ],
    [
      "i1",
      "n1",
      "n2",
      "b1",
      "n6",
      "b2",
      "n8",
      "c1",
      "n10",
      "b3",
      "n13",
      "n14",
      "n16",
      "n17",
      "b5",
      "n21",
      "c2",
      "n20",
      "b6",
      "n23",
      "n40",
      "c3",
      "n25",
      "n26",
      "b7",
      "n29",
      "b8_xor",
      "n31",
      "c5",
      "n38",
      "n39",
      "n34",
      "b9",
      "n36",
      "b10",
      "n41",
      "e7"
    ],
    [
      "i1",
      "n1",
      "n2",
      "b1",
      "n6",
      "b2",
      "n8",
      "c1",
      "n10",
      "b3",
      "n13",
      "n14",
      "n16",
      "n17",
      "b5",
      "n21",
      "c2",
      "n20",
      "b6",
      "n23",
      "n40",
      "c3",
      "n25",
      "n26",
      "b7",
      "n29",
      "b8_xor",
      "n31",
      "c5",
      "n38",
      "n39",
      "n34",
      "b9",
      "e4"
    ],
    [
      "i1",
      "n1",
      "n2",
      "b1",
      "n6",
      "b2",
      "n8",
      "c1",
      "n10",
      "b3",
      "n13",
      "n14",
      "n16",
      "n17",
      "b5",
      "n21",
      "c2",
      "n20",
      "b6",
      "n23",
      "n40",
      "c3",
      "n25",
      "n26",
      "b7",
      "n29",
      "b8_xor",
      "c5",
      "n38",
      "n39",
      "n34",
      "b9",
      "n36",
      "b10",
      "e5"
    ],
    [
      "i1",
      "n1",
      "n2",
      "b1",
      "n6",
      "b2",
      "n8",
      "c1",
      "n10",
      "b3",
      "n13",
      "n14",
      "n16",
      "n17",
      "b5",
      "n21",
      "c2",
      "n20",
      "b6",
      "n23",
      "n40",
      "c3",
      "n25",
      "n26",
      "b7",
      "n29",
      "b8_xor",
      "c5",
      "n38",
      "n39",
      "n34",
      "b9",
      "n36",
      "b10",
      "n41",
      "e7"
    ],
    [
      "i1",
      "n1",
      "n2",
      "b1",
      "n6",
      "b2",
      "n8",
      "c1",
      "n10",
      "b3",
      "n13",
      "n14",
      "n16",
      "n17",
      "b5",
      "n21",
      "c2",
      "n20",
      "b6",
      "n23",
      "n40",
      "c3",
      "n25",
      "n26",
      "b7",
      "n29",
      "b8_xor",
      "c5",
      "n38",
      "n39",
      "n34",
      "b9",
      "e4"
    ],
    [
      "i1",
      "n1",
      "n2",
      "b1",
      "n6",
      "b2",
      "n8",
      "c1",
      "n10",
      "b3",
      "n13",
      "n14",
      "n16",
      "n17",
      "b5",
      "n21",
      "c2",
      "n20",
      "b6",
      "n24",
      "c3",
      "n25",
      "n26",
      "b7",
      "n28",
      "e6"
    ],
    [
      "i1",
      "n1",
      "n2",
      "b1",
      "n6",
      "b2",
      "n8",
      "c1",
      "n10",
      "b3",
      "n13",
      "n14",
      "n16",
      "n17",
      "b5",
      "n21",
      "c2",
      "n20",
      "b6",
      "n24",
      "c3",
      "n25",
      "n26",
      "b7",
      "n29",
      "b8_xor",
      "n31",
      "c5",
      "n38",
      "n39",
      "n34",
      "b9",
      "n36",
      "b10",
      "e5"
    ],
    [
      "i1",
      "n1",
      "n2",
      "b1",
      "n6",
      "b2",
      "n8",
      "c1",
      "n10",
      "b3",
      "n13",
      "n14",
      "n16",
      "n17",
      "b5",
      "n21",
      "c2",
      "n20",
      "b6",
      "n24",
      "c3",
      "n25",
      "n26",
      "b7",
      "n29",
      "b8_xor",
      "n31",
      "c5",
      "n38",
      "n39",
      "n34",
      "b9",
      "n36",
      "b10",
      "n41",
      "e7"
    ],
    [
      "i1",
      "n1",
      "n2",
      "b1",
      "n6",
      "b2",
      "n8",
      "c1",
      "n10",
      "b3",
      "n13",
      "n14",
      "n16",
      "n17",
      "b5",
      "n21",
      "c2",
      "n20",
      "b6",
      "n24",
      "c3",
      "n25",
      "n26",
      "b7",
      "n29",
      "b8_xor",
      "n31",
      "c5",
      "n38",
      "n39",
      "n34",
      "b9",
      "e4"
    ],
    [
      "i1",
      "n1",
      "n2",
      "b1",
      "n6",
      "b2",
      "n8",
      "c1",
      "n10",
      "b3",
      "n13",
      "n14",
      "n16",
      "n17",
      "b5",
      "n21",
      "c2",
      "n20",
      "b6",
      "n24",
      "c3",
      "n25",
      "n26",
      "b7",
      "n29",
      "b8_xor",
      "c5",
      "n38",
      "n39",
      "n34",
      "b9",
      "n36",
      "b10",
      "e5"
    ],
    [
      "i1",
      "n1",
      "n2",
      "b1",
      "n6",
      "b2",
      "n8",
      "c1",
      "n10",
      "b3",
      "n13",
      "n14",
      "n16",
      "n17",
      "b5",
      "n21",
      "c2",
      "n20",
      "b6",
      "n24",
      "c3",
      "n25",
      "n26",
      "b7",
      "n29",
      "b8_xor",
      "c5",
      "n38",
      "n39",
      "n34",
      "b9",
      "n36",
      "b10",
      "n41",
      "e7"
    ],
    [
      "i1",
      "n1",
      "n2",
      "b1",
      "n6",
      "b2",
      "n8",
      "c1",
      "n10",
      "b3",
      "n13",
      "n14",
      "n16",
      "n17",
      "b5",
      "n21",
      "c2",
      "n20",
      "b6",
      "n24",
      "c3",
      "n25",
      "n26",
      "b7",
      "n29",
      "b8_xor",
      "c5",
      "n38",
      "n39",
      "n34",
      "b9",
      "e4"
    ]
  ],
  "source_text_traces": [
    [
      "i1",
      "i2",
      "i3",
      "i4"
    ],
    [
      "i1",
      "i2",
      "i5",
      "i9",
      "i10",
      "i11",
      "i13"
    ],
    [
      "i1",
      "i2",
      "i5",
      "i7",
      "i10",
      "i11",
      "i13"
    ],
    [
      "i1",
      "i2",
      "i5",
      "i9",
      "i10",
      "i11",
      "i14",
      "i16",
      "i17",
      "i18",
      "i19",
      "i20",
      "i21",
      "i23",
      "i24",
      "i25",
      "i27",
      "i28",
      "i29",
      "i30",
      "i31"
    ],
    [
      "i1",
      "i2",
      "i5",
      "i9",
      "i10",
      "i11",
      "i14",
      "i16",
      "i17",
      "i18",
      "i19",
      "i20",
      "i21",
      "i23",
      "i24",
      "i25",
      "i27",
      "i28",
      "i29",
      "i32",
      "i34",
      "i36",
      "i38",
      "i39",
      "i40",
      "i41",
      "i42",
      "i45"
    ],
    [
      "i1",
      "i2",
      "i5",
      "i9",
      "i10",
      "i11",
      "i14",
      "i16",
      "i17",
      "i18",
      "i19",
      "i20",
      "i21",
      "i23",
      "i24",
      "i25",
      "i27",
      "i28",
      "i29",
      "i32",
      "i34",
      "i36",
      "i38",
      "i39",
      "i40",
      "i41",
      "i42",
      "i47"
    ],
    [
      "i1",
      "i2",
      "i5",
      "i9",
      "i10",
      "i11",
      "i14",
      "i16",
      "i17",
      "i18",
      "i19",
      "i20",
      "i21",
      "i23",
      "i24",
      "i25",
      "i27",
      "i28",
      "i29",
      "i32",
      "i34",
      "i36",
      "i38",
      "i39",
      "i40",
      "i43"
    ],
    [
      "i1",
      "i2",
      "i5",
      "i9",
      "i10",
      "i11",
      "i14",
      "i16",
      "i17",
      "i18",
      "i19",
      "i20",
      "i21",
      "i23",
      "i24",
      "i25",
      "i27",
      "i28",
      "i29",
      "i32",
      "i34",
      "i37",
      "i38",
      "i39",
      "i40",
      "i41",
      "i42",
      "i45"
    ],
    [
      "i1",
      "i2",
      "i5",
      "i9",
      "i10",
      "i11",
      "i14",
      "i16",
      "i17",
      "i18",
      "i19",
      "i20",
      "i21",
      "i23",
      "i24",
      "i25",
      "i27",
      "i28",
      "i29",
      "i32",
      "i34",
      "i37",
      "i38",
      "i39",
      "i40",
      "i41",
      "i42",
      "i47"
    ],
    [
      "i1",
      "i2",
      "i5",
      "i9",
      "i10",
      "i11",
      "i14",
      "i16",
      "i17",
      "i18",
      "i19",
      "i20",
      "i21",
      "i23",
      "i24",
      "i25",
      "i27",
      "i28",
      "i29",
      "i32",
      "i34",
      "i37",
      "i38",
      "i39",
      "i40",
      "i43"
    ],
    [
      "i1",
      "i2",
      "i5",
      "i9",
      "i10",
      "i11",
      "i14",
      "i16",
      "i17",
      "i18",
      "i19",
      "i20",
      "i21",
      "i23",
      "i26",
      "i28",
      "i29",
      "i30",
      "i31"
    ],
    [
      "i1",
      "i2",
      "i5",
      "i9",
      "i10",
      "i11",
      "i14",
      "i16",
      "i17",
      "i18",
      "i19",
      "i20",
      "i21",
      "i23",
      "i26",
      "i28",
      "i29",
      "i32",
      "i34",
      "i36",
      "i38",
      "i39",
      "i40",
      "i41",
      "i42",
      "i45"
    ],
    [
      "i1",
      "i2",
      "i5",
      "i9",
      "i10",
      "i11",
      "i14",
      "i16",
      "i17",
      "i18",
      "i19",
      "i20",
      "i21",
      "i23",
      "i26",
      "i28",
      "i29",
      "i32",
      "i34",
      "i36",
      "i38",
      "i39",
      "i40",
      "i41",
      "i42",
      "i47"
    ],
    [
      "i1",
      "i2",
      "i5",
      "i9",
      "i10",
      "i11",
      "i14",
      "i16",
      "i17",
      "i18",
      "i19",
      "i20",
      "i21",
      "i23",
      "i26",
      "i28",
      "i29",
      "i32",
      "i34",
      "i36",
      "i38",
      "i39",
      "i40",
      "i43"
    ],
    [
      "i1",
      "i2",
      "i5",
      "i9",
      "i10",
      "i11",
      "i14",
      "i16",
      "i17",
      "i18",
      "i19",
      "i20",
      "i21",
      "i23",
      "i26",
      "i28",
      "i29",
      "i32",
      "i34",
      "i37",
      "i38",
      "i39",
      "i40",
      "i41",
      "i42",
      "i45"
    ],
    [
      "i1",
      "i2",
      "i5",
      "i9",
      "i10",
      "i11",
      "i14",
      "i16",
      "i17",
      "i18",
      "i19",
      "i20",
      "i21",
      "i23",
      "i26",
      "i28",
      "i29",
      "i32",
      "i34",
      "i37",
      "i38",
      "i39",
      "i40",
      "i41",
      "i42",
      "i47"
    ],
    [
      "i1",
      "i2",
      "i5",
      "i9",
      "i10",
      "i11",
      "i14",
      "i16",
      "i17",
      "i18",
      "i19",
      "i20",
      "i21",
      "i23",
      "i26",
      "i28",
      "i29",
      "i32",
      "i34",
      "i37",
      "i38",
      "i39",
      "i40",
      "i43"
    ],
    [
      "i1",
      "i2",
      "i5",
      "i9",
      "i10",
      "i11",
      "i14",
      "i16",
      "i17",
      "i18",
      "i19",
      "i22",
      "i23",
      "i24",
      "i25",
      "i27",
      "i28",
      "i29",
      "i30",
      "i31"
    ],
    [
      "i1",
      "i2",
      "i5",
      "i9",
      "i10",
      "i11",
      "i14",
      "i16",
      "i17",
      "i18",
      "i19",
      "i22",
      "i23",
      "i24",
      "i25",
      "i27",
      "i28",
      "i29",
      "i32",
      "i34",
      "i36",
      "i38",
      "i39",
      "i40",
      "i41",
      "i42",
      "i45"
    ],
    [
      "i1",
      "i2",
      "i5",
      "i9",
      "i10",
      "i11",
      "i14",
      "i16",
      "i17",
      "i18",
      "i19",
      "i22",
      "i23",
      "i24",
      "i25",
      "i27",
      "i28",
      "i29",
      "i32",
      "i34",
      "i36",
      "i38",
      "i39",
      "i40",
      "i41",
      "i42",
      "i47"
    ],
    [
      "i1",
      "i2",
      "i5",
      "i9",
      "i10",
      "i11",
      "i14",
      "i16",
      "i17",
      "i18",
      "i19",
      "i22",
      "i23",
      "i24",
      "i25",
      "i27",
      "i28",
      "i29",
      "i32",
      "i34",
      "i36",
      "i38",
      "i39",
      "i40",
      "i43"
    ],
    [
      "i1",
      "i2",
      "i5",
      "i9",
      "i10",
      "i11",
      "i14",
      "i16",
      "i17",
      "i18",
      "i19",
      "i22",
      "i23",
      "i24",
      "i25",
      "i27",
      "i28",
      "i29",
      "i32",
      "i34",
      "i37",
      "i38",
      "i39",
      "i40",
      "i41",
      "i42",
      "i45"
    ],
    [
      "i1",
      "i2",
      "i5",
      "i9",
      "i10",
      "i11",
      "i14",
      "i16",
      "i17",
      "i18",
      "i19",
      "i22",
      "i23",
      "i24",
      "i25",
      "i27",
      "i28",
      "i29",
      "i32",
      "i34",
      "i37",
      "i38",
      "i39",
      "i40",
      "i41",
      "i42",
      "i47"
    ],
    [
      "i1",
      "i2",
      "i5",
      "i9",
      "i10",
      "i11",
      "i14",
      "i16",
      "i17",
      "i18",
      "i19",
      "i22",
      "i23",
      "i24",
      "i25",
      "i27",
      "i28",
      "i29",
      "i32",
      "i34",
      "i37",
      "i38",
      "i39",
      "i40",
      "i43"
    ],
    [
      "i1",
      "i2",
      "i5",
      "i9",
      "i10",
      "i11",
      "i14",
      "i16",
      "i17",
      "i18",
      "i19",
      "i22",
      "i23",
      "i26",
      "i28",
      "i29",
      "i30",
      "i31"
    ],
    [
      "i1",
      "i2",
      "i5",
      "i9",
      "i10",
      "i11",
      "i14",
      "i16",
      "i17",
      "i18",
      "i19",
      "i22",
      "i23",
      "i26",
      "i28",
      "i29",
      "i32",
      "i34",
      "i36",
      "i38",
      "i39",
      "i40",
      "i41",
      "i42",
      "i45"
    ],
    [
      "i1",
      "i2",
      "i5",
      "i9",
      "i10",
      "i11",
      "i14",
      "i16",
      "i17",
      "i18",
      "i19",
      "i22",
      "i23",
      "i26",
      "i28",
      "i29",
      "i32",
      "i34",
      "i36",
      "i38",
      "i39",
      "i40",
      "i41",
      "i42",
      "i47"
    ],
    [
      "i1",
      "i2",
      "i5",
      "i9",
      "i10",
      "i11",
      "i14",
      "i16",
      "i17",
      "i18",
      "i19",
      "i22",
      "i23",
      "i26",
      "i28",
      "i29",
      "i32",
      "i34",
      "i36",
      "i38",
      "i39",
      "i40",
      "i43"
    ],
    [
      "i1",
      "i2",
      "i5",
      "i9",
      "i10",
      "i11",
      "i14",
      "i16",
      "i17",
      "i18",
      "i19",
      "i22",
      "i23",
      "i26",
      "i28",
      "i29",
      "i32",
      "i34",
      "i37",
      "i38",
      "i39",
      "i40",
      "i41",
      "i42",
      "i45"
    ],
    [
      "i1",
      "i2",
      "i5",
      "i9",
      "i10",
      "i11",
      "i14",
      "i16",
      "i17",
      "i18",
      "i19",
      "i22",
      "i23",
      "i26",
      "i28",
      "i29",
      "i32",
      "i34",
      "i37",
      "i38",
      "i39",
      "i40",
      "i41",
      "i42",
      "i47"
    ],
    [
      "i1",
      "i2",
      "i5",
      "i9",
      "i10",
      "i11",
      "i14",
      "i16",
      "i17",
      "i18",
      "i19",
      "i22",
      "i23",
      "i26",
      "i28",
      "i29",
      "i32",
      "i34",
      "i37",
      "i38",
      "i39",
      "i40",
      "i43"
    ],
    [
      "i1",
      "i2",
      "i5",
      "i7",
      "i10",
      "i11",
      "i14",
      "i16",
      "i17",
      "i18",
      "i19",
      "i20",
      "i21",
      "i23",
      "i24",
      "i25",
      "i27",
      "i28",
      "i29",
      "i30",
      "i31"
    ],
    [
      "i1",
      "i2",
      "i5",
      "i7",
      "i10",
      "i11",
      "i14",
      "i16",
      "i17",
      "i18",
      "i19",
      "i20",
      "i21",
      "i23",
      "i24",
      "i25",
      "i27",
      "i28",
      "i29",
      "i32",
      "i34",
      "i36",
      "i38",
      "i39",
      "i40",
      "i41",
      "i42",
      "i45"
    ],
    [
      "i1",
      "i2",
      "i5",
      "i7",
      "i10",
      "i11",
      "i14",
      "i16",
      "i17",
      "i18",
      "i19",
      "i20",
      "i21",
      "i23",
      "i24",
      "i25",
      "i27",
      "i28",
      "i29",
      "i32",
      "i34",
      "i36",
      "i38",
      "i39",
      "i40",
      "i41",
      "i42",
      "i47"
    ],
    [
      "i1",
      "i2",
      "i5",
      "i7",
      "i10",
      "i11",
      "i14",
      "i16",
      "i17",
      "i18",
      "i19",
      "i20",
      "i21",
      "i23",
      "i24",
      "i25",
      "i27",
      "i28",
      "i29",
      "i32",
      "i34",
      "i36",
      "i38",
      "i39",
      "i40",
      "i43"
    ],
    [
      "i1",
      "i2",
      "i5",
      "i7",
      "i10",
      "i11",
      "i14",
      "i16",
      "i17",
      "i18",
      "i19",
      "i20",
      "i21",
      "i23",
      "i24",
      "i25",
      "i27",
      "i28",
      "i29",
      "i32",
      "i34",
      "i37",
      "i38",
      "i39",
      "i40",
      "i41",
      "i42",
      "i45"
    ],
    [
      "i1",
      "i2",
      "i5",
      "i7",
      "i10",
      "i11",
      "i14",
      "i16",
      "i17",
      "i18",
      "i19",
      "i20",
      "i21",
      "i23",
      "i24",
      "i25",
      "i27",
      "i28",
      "i29",
      "i32",
      "i34",
      "i37",
      "i38",
      "i39",
      "i40",
      "i41",
      "i42",
      "i47"
    ],
    [
      "i1",
      "i2",
      "i5",
      "i7",
      "i10",
      "i11",
      "i14",
      "i16",
      "i17",
      "i18",
      "i19",
      "i20",
      "i21",
      "i23",
      "i24",
      "i25",
      "i27",
      "i28",
      "i29",
      "i32",
      "i34",
      "i37",
      "i38",
      "i39",
      "i40",
      "i43"
    ],
    [
      "i1",
      "i2",
      "i5",
      "i7",
      "i10",
      "i11",
      "i14",
      "i16",
      "i17",
      "i18",
      "i19",
      "i20",
      "i21",
      "i23",
      "i26",
      "i28",
      "i29",
      "i30",
      "i31"
    ],
    [
      "i1",
      "i2",
      "i5",
      "i7",
      "i10",
      "i11",
      "i14",
      "i16",
      "i17",
      "i18",
      "i19",
      "i20",
      "i21",
      "i23",
      "i26",
      "i28",
      "i29",
      "i32",
      "i34",
      "i36",
      "i38",
      "i39",
      "i40",
      "i41",
      "i42",
      "i45"
    ],
    [
      "i1",
      "i2",
      "i5",
      "i7",
      "i10",
      "i11",
      "i14",
      "i16",
      "i17",
      "i18",
      "i19",
      "i20",
      "i21",
      "i23",
      "i26",
      "i28",
      "i29",
      "i32",
      "i34",
      "i36",
      "i38",
      "i39",
      "i40",
      "i41",
      "i42",
      "i47"
    ],
    [
      "i1",
      "i2",
      "i5",
      "i7",
      "i10",
      "i11",
      "i14",
      "i16",
      "i17",
      "i18",
      "i19",
      "i20",
      "i21",
      "i23",
      "i26",
      "i28",
      "i29",
      "i32",
      "i34",
      "i36",
      "i38",
      "i39",
      "i40",
      "i43"
    ],
    [
      "i1",
      "i2",
      "i5",
      "i7",
      "i10",
      "i11",
      "i14",
      "i16",
      "i17",
      "i18",
      "i19",
      "i20",
      "i21",
      "i23",
      "i26",
      "i28",
      "i29",
      "i32",
      "i34",
      "i37",
      "i38",
      "i39",
      "i40",
      "i41",
      "i42",
      "i45"
    ],
    [
      "i1",
      "i2",
      "i5",
      "i7",
      "i10",
      "i11",
      "i14",
      "i16",
      "i17",
      "i18",
      "i19",
      "i20",
      "i21",
      "i23",
      "i26",
      "i28",
      "i29",
      "i32",
      "i34",
      "i37",
      "i38",
      "i39",
      "i40",
      "i41",
      "i42",
      "i47"
    ],
    [
      "i1",
      "i2",
      "i5",
      "i7",
      "i10",
      "i11",
      "i14",
      "i16",
      "i17",
      "i18",
      "i19",
      "i20",
      "i21",
      "i23",
      "i26",
      "i28",
      "i29",
      "i32",
      "i34",
      "i37",
      "i38",
      "i39",
      "i40",
      "i43"
    ],
    [
      "i1",
      "i2",
      "i5",
      "i7",
      "i10",
      "i11",
      "i14",
      "i16",
      "i17",
      "i18",
      "i19",
      "i22",
      "i23",
      "i24",
      "i25",
      "i27",
      "i28",
      "i29",
      "i30",
      "i31"
    ],
    [
      "i1",
      "i2",
      "i5",
      "i7",
      "i10",
      "i11",
      "i14",
      "i16",
      "i17",
      "i18",
      "i19",
      "i22",
      "i23",
      "i24",
      "i25",
      "i27",
      "i28",
      "i29",
      "i32",
      "i34",
      "i36",
      "i38",
      "i39",
      "i40",
      "i41",
      "i42",
      "i45"
    ],
    [
      "i1",
      "i2",
      "i5",
      "i7",
      "i10",
      "i11",
      "i14",
      "i16",
      "i17",
      "i18",
      "i19",
      "i22",
      "i23",
      "i24",
      "i25",
      "i27",
      "i28",
      "i29",
      "i32",
      "i34",
      "i36",
      "i38",
      "i39",
      "i40",
      "i41",
      "i42",
      "i47"
    ],
    [
      "i1",
      "i2",
      "i5",
      "i7",
      "i10",
      "i11",
      "i14",
      "i16",
      "i17",
      "i18",
      "i19",
      "i22",
      "i23",
      "i24",
      "i25",
      "i27",
      "i28",
      "i29",
      "i32",
      "i34",
      "i36",
      "i38",
      "i39",
      "i40",
      "i43"
    ],
    [
      "i1",
      "i2",
      "i5",
      "i7",
      "i10",
      "i11",
      "i14",
      "i16",
      "i17",
      "i18",
      "i19",
      "i22",
      "i23",
      "i24",
      "i25",
      "i27",
      "i28",
      "i29",
      "i32",
      "i34",
      "i37",
      "i38",
      "i39",
      "i40",
      "i41",
      "i42",
      "i45"
    ],
    [
      "i1",
      "i2",
      "i5",
      "i7",
      "i10",
      "i11",
      "i14",
      "i16",
      "i17",
      "i18",
      "i19",
      "i22",
      "i23",
      "i24",
      "i25",
      "i27",
      "i28",
      "i29",
      "i32",
      "i34",
      "i37",
      "i38",
      "i39",
      "i40",
      "i41",
      "i42",
      "i47"
    ],
    [
      "i1",
      "i2",
      "i5",
      "i7",
      "i10",
      "i11",
      "i14",
      "i16",
      "i17",
      "i18",
      "i19",
      "i22",
      "i23",
      "i24",
      "i25",
      "i27",
      "i28",
      "i29",
      "i32",
      "i34",
      "i37",
      "i38",
      "i39",
      "i40",
      "i43"
    ],
    [
      "i1",
      "i2",
      "i5",
      "i7",
      "i10",
      "i11",
      "i14",
      "i16",
      "i17",
      "i18",
      "i19",
      "i22",
      "i23",
      "i26",
      "i28",
      "i29",
      "i30",
      "i31"
    ],
    [
      "i1",
      "i2",
      "i5",
      "i7",
      "i10",
      "i11",
      "i14",
      "i16",
      "i17",
      "i18",
      "i19",
      "i22",
      "i23",
      "i26",
      "i28",
      "i29",
      "i32",
      "i34",
      "i36",
      "i38",
      "i39",
      "i40",
      "i41",
      "i42",
      "i45"
    ],
    [
      "i1",
      "i2",
      "i5",
      "i7",
      "i10",
      "i11",
      "i14",
      "i16",
      "i17",
      "i18",
      "i19",
      "i22",
      "i23",
      "i26",
      "i28",
      "i29",
      "i32",
      "i34",
      "i36",
      "i38",
      "i39",
      "i40",
      "i41",
      "i42",
      "i47"
    ],
    [
      "i1",
      "i2",
      "i5",
      "i7",
      "i10",
      "i11",
      "i14",
      "i16",
      "i17",
      "i18",
      "i19",
      "i22",
      "i23",
      "i26",
      "i28",
      "i29",
      "i32",
      "i34",
      "i36",
      "i38",
      "i39",
      "i40",
      "i43"
    ],
    [
      "i1",
      "i2",
      "i5",
      "i7",
      "i10",
      "i11",
      "i14",
      "i16",
      "i17",
      "i18",
      "i19",
      "i22",
      "i23",
      "i26",
      "i28",
      "i29",
      "i32",
      "i34",
      "i37",
      "i38",
      "i39",
      "i40",
      "i41",
      "i42",
      "i45"
    ],
    [
      "i1",
      "i2",
      "i5",
      "i7",
      "i10",
      "i11",
      "i14",
      "i16",
      "i17",
      "i18",
      "i19",
      "i22",
      "i23",
      "i26",
      "i28",
      "i29",
      "i32",
      "i34",
      "i37",
      "i38",
      "i39",
      "i40",
      "i41",
      "i42",
      "i47"
    ],
    [
      "i1",
      "i2",
      "i5",
      "i7",
      "i10",
      "i11",
      "i14",
      "i16",
      "i17",
      "i18",
      "i19",
      "i22",
      "i23",
      "i26",
      "i28",
      "i29",
      "i32",
      "i34",
      "i37",
      "i38",
      "i39",
      "i40",
      "i43"
    ]
  ]
}