{
  "model_traces": [
    [
      "i1",
      "n2",
      "n3",
      "n4",
      "b1",
      "n5",
      "c1",
      "b2",
      "n7",
      "c5",
      "n20",
      "e2"
    ],
    [
      "i1",
      "n2",
      "n3",
      "n4",
      "b1",
      "n5",
      "c1",
      "b2",
      "n8",
      "b3",
      "n9",
      "n10",
      "n11",
      "b4",
      "c3",
      "n12",
      "b5",
      "n13",
      "n14",
      "b6",
      "n15",
      "n16",
      "b7",
      "c4",
      "n19",
      "e1"
    ],
    [
      "i1",
      "n2",
      "n3",
      "n4",
      "b1",
      "n5",
      "c1",
      "b2",
      "n8",
      "b3",
      "n9",
      "n10",
      "n11",
      "b4",
      "c3",
      "n12",
      "b5",
      "n13",
      "n14",
      "b6",
      "n15",
      "n16",
      "b7",
      "n17",
      "n18",
      "b8",
      "c4",
      "n19",
      "e1"
    ],
    [
      "i1",
      "n2",
      "n3",
      "n4",
      "b1",
      "n5",
      "c1",
      "b2",
      "n8",
      "b3",
      "n9",
      "n10",
      "n11",
      "b4",
      "c3",
      "n12",
      "b5",
      "n13",
      "n14",
      "b6",
      "n15",
      "n16",
      "b7",
      "n17",
      "n18",
      "b8",
      "c5",
      "n20",
      "e2"
    ],
    [
      "i1",
      "n2",
      "n3",
      "n4",
      "b1",
      "n5",
      "c1",
      "b2",
      "n8",
      "b3",
      "n9",
      "n10",
      "n11",
      "b4",
      "c3",
      "n12",
      "b5",
      "n13",
      "n14",
      "b6",
      "c4",
      "n19",
      "e1"
    ],
    [
      "i1",
      "n2",
      "n3",
      "n4",
      "b1",
      "n5",
      "c1",
      "b2",
      "n8",
      "b3",
      "n9",
      "n10",
      "n11",
      "b4",
      "c3",
      "n12",
      "b5",
      "c5",
      "n20",
      "e2"
    ],
    [
      "i1",
      "n2",
      "n3",
      "n4",
      "b1",
      "n5",
      "c1",
      "b2",
      "n8",
      "b3",
      "n9",
      "n10",
      "n11",
      "b4",
      "c4",
      "n19",
      "e1"
    ],
    [
      "i1",
      "n2",
      "n3",
      "n4",
      "b1",
      "n5",
      "c1",
      "b2",
      "n8",
      "b3",
      "c3",
      "n12",
      "b5",
      "n13",
      "n14",
      "b6",
      "n15",
      "n16",
      "b7",
      "c4",
      "n19",
      "e1"
    ],
    [
      "i1",
      "n2",
      "n3",
      "n4",
      "b1",
      "n5",
      "c1",
      "b2",
      "n8",
      "b3",
      "c3",
      "n12",
      "b5",
      "n13",
      "n14",
      "b6",
      "n15",
      "n16",
      "b7",
      "n17",
      "n18",
      "b8",
      "c4",
      "n19",
      "e1"
    ],
    [
      "i1",
      "n2",
      "n3",
      "n4",
      "b1",
      "n5",
      "c1",
      "b2",
      "n8",
      "b3",
      "c3",
      "n12",
      "b5",
      "n13",
      "n14",
      "b6",
      "n15",
      "n16",
      "b7",
      "n17",
      "n18",
      "b8",
      "c5",
      "n20",
      "e2"
    ],
    [
      "i1",
      "n2",
      "n3",
      "n4",
      "b1",
      "n5",
      "c1",
      "b2",
      "n8",
      "b3",
      "c3",
      "n12",
      "b5",
      "n13",
      "n14",
      "b6",
      "c4",
      "n19",
      "e1"
    ],
    [
      "i1",
      "n2",
      "n3",
      "n4",
      "b1",
      "n5",
      "c1",
      "b2",
      "n8",
      "b3",
      "c3",
      "n12",
      "b5",
      "c5",
      "n20",
      "e2"
    ],
    [
      "i1",
      "n2",
      "n3",
      "n4",
      "b1",
      "n5b",
      "n6a",
      "c1",
      "b2",
      "n7",
      "c5",
      "n20",
      "e2"
    ],
    [
      "i1",
      "n2",
      "n3",
      "n4",
      "b1",
      "n5b",
      "n6a",
      "c1",
      "b2",
      "n8",
      "b3",
      "n9",
      "n10",
      "n11",
      "b4",
      "c3",
      "n12",
      "b5",
      "n13",
      "n14",
      "b6",
      "n15",
      "n16",
      "b7",
      "c4",
      "n19",
      "e1"
    ],
    [
      "i1",
      "n2",
      "n3",
      "n4",
      "b1",
      "n5b",
      "n6a",
      "c1",
      "b2",
      "n8",
      "b3",
      "n9",
      "n10",
      "n11",
      "b4",
      "c3",
      "n12",
      "b5",
      "n13",
      "n14",
      "b6",
      "n15",
      "n16",
      "b7",
      "n17",
      "n18",
      "b8",
      "c4",
      "n19",
      "e1"
    ],
    [
      "i1",
      "n2",
      "n3",
      "n4",
      "b1",
      "n5b",
      "n6a",
      "c1",
      "b2",
      "n8",
      "b3",
      "n9",
      "n10",
      "n11",
      "b4",
      "c3",
      "n12",
      "b5",
      "n13",
      "n14",
      "b6",
      "n15",
      "n16",
      "b7",
      "n17",
      "n18",
      "b8",
      "c5",
      "n20",
      "e2"
    ],
    [
      "i1",
      "n2",
      "n3",
      "n4",
      "b1",
      "n5b",
      "n6a",
      "c1",
      "b2",
      "n8",
      "b3",
      "n9",
      "n10",
      "n11",
      "b4",
      "c3",
      "n12",
      "b5",
      "n13",
      "n14",
      "b6",
      "c4",
      "n19",
      "e1"
    ],
    [
      "i1",
      "n2",
      "n3",
      "n4",
      "b1",
      "n5b",
      "n6a",
      "c1",
      "b2",
      "n8",
      "b3",
      "n9",
      "n10",
      "n11",
      "b4",
      "c3",
      "n12",
      "b5",
      "c5",
      "n20",
      "e2"
    ],
    [
      "i1",
      "n2",
      "n3",
      "n4",
      "b1",
      "n5b",
      "n6a",
      "c1",
      "b2",
      "n8",
      "b3",
      "n9",
      "n10",
      "n11",
      "b4",
      "c4",
      "n19",
      "e1"
    ],
    [
      "i1",
      "n2",
      "n3",
      "n4",
      "b1",
      "n5b",
      "n6a",
      "c1",
      "b2",
      "n8",
      "b3",
      "c3",
      "n12",
      "b5",
      "n13",
      "n14",
      "b6",
      "n15",
      "n16",
      "b7",
      "c4",
      "n19",
      "e1"
    ],
    [
      "i1",
      "n2",
      "n3",
      "n4",
      "b1",
      "n5b",
      "n6a",
      "c1",
      "b2",
      "n8",
      "b3",
      "c3",
      "n12",
      "b5",
      "n13",
      "n14",
      "b6",
      "n15",
      "n16",
      "b7",
      "n17",
      "n18",
      "b8",
      "c4",
      "n19",
      "e1"
    ],
    [
      "i1",
      "n2",
      "n3",
      "n4",
      "b1",
      "n5b",
      "n6a",
      "c1",
      "b2",
      "n8",
      "b3",
      "c3",
      "n12",
      "b5",
      "n13",
      "n14",
      "b6",
      "n15",
      "n16",
      "b7",
      "n17",
      "n18",
      "b8",
      "c5",
      "n20",
      "e2"
    ],
    [
      "i1",
      "n2",
      "n3",
      "n4",
      "b1",
      "n5b",
      "n6a",
      "c1",
      "b2",
      "n8",
      "b3",
      "c3",
      "n12",
      "b5",
      "n13",
      "n14",
      "b6",
      "c4",
      "n19",
      "e1"
    ],
    [
      "i1",
      "n2",
      "n3",
      "n4",
      "b1",
      "n5b",
      "n6a",
      "c1",
      "b2",
      "n8",
      "b3",
      "c3",
      "n12",
      "b5",
      "c5",
      "n20",
      "e2"
    ]
  ],
  "source_text_traces": [
    [
      "i1",
      "i2",
      "i3",
      "i4",
      "i31",
      "i7",
      "i19",
      "i30"
    ],
    [
      "i1",
      "i2",
      "i3",
      "i5",
      "i6",
      "i7",
      "i19",
      "i30"
    ],
    [
      "i1",
      "i2",
      "i3",
      "i4",
      "i31",
      "i9",
      "i10",
      "i11",
      "i12",
      "i14",
      "i16",
      "i15",
      "i17"
    ],
    [
      "i1",
      "i2",
      "i3",
      "i5",
      "i6",
      "i9",
      "i10",
      "i11",
      "i12",
      "i14",
      "i16",
      "i15",
      "i17"
    ],
    [
      "i1",
      "i2",
      "i3",
      "i4",
      "i31",
      "i9",
      "i10",
      "i11",
      "i12",
      "i14",
      "i16",
      "i18",
      "i20",
      "i21",
      "i23",
      "i24",
      "i16"
    ],
    [
      "i1",
      "i2",
      "i3",
      "i5",
      "i6",
      "i9",
      "i10",
      "i11",
      "i12",
      "i14",
      "i16",
      "i18",
      "i20",
      "i21",
      "i23",
      "i24",
      "i16"
    ],
    [
      "i1",
      "i2",
      "i3",
      "i4",
      "i31",
      "i9",
      "i10",
      "i11",
      "i12",
      "i14",
      "i16",
      "i18",
      "i20",
      "i22",
      "i30"
    ],
    [
      "i1",
      "i2",
      "i3",
      "i5",
      "i6",
      "i9",
      "i10",
      "i11",
      "i12",
      "i14",
      "i16",
      "i18",
      "i20",
      "i22",
      "i30"
    ],
    [
      "i1",
      "i2",
      "i3",
      "i4",
      "i31",
      "i9",
      "i13",
      "i20",
      "i22",
      "i30"
    ],
    [
      "i1",
      "i2",
      "i3",
      "i5",
      "i6",
      "i9",
      "i13",
      "i20",
      "i22",
      "i30"
    ],
    [
      "i1",
      "i2",
      "i3",
      "i4",
      "i31",
      "i9",
      "i13",
      "i20",
      "i21",
      "i23",
      "i24",
      "i16",
      "i15",
      "i17"
    ],
    [
      "i1",
      "i2",
      "i3",
      "i5",
      "i6",
      "i9",
      "i13",
      "i20",
      "i21",
      "i23",
      "i24",
      "i16",
      "i15",
      "i17"
    ],
    [
      "i1",
      "i2",
      "i3",
      "i4",
      "i31",
      "i9",
      "i13",
      "i20",
      "i21",
      "i23",
      "i24",
      "i16",
      "i18",
      "i25",
      "i26",
      "i27",
      "i28",
      "i29",
      "i16"
    ],
    [
      "i1",
      "i2",
      "i3",
      "i5",
      "i6",
      "i9",
      "i13",
      "i20",
      "i21",
      "i23",
      "i24",
      "i16",
      "i18",
      "i25",
      "i26",
      "i27",
      "i28",
      "i29",
      "i16"
    ]
  ]
}