{
  "model_traces": [
    [
      "i1",
      "n2",
      "i2",
      "n3",
      "b1",
      "n4",
      "n5",
      "n7",
      "n8",
      "n10",
      "n11",
      "n12",
      "n13",
      "n14",
      "n16",
      "n17",
      "e_install"
    ],
    [
      "i1",
      "n2",
      "i2",
      "n3",
      "b1",
      "n18",
      "b5",
      "n19",
      "c3",
      "n21",
      "n22",
      "e_remove"
    ],
    [
      "i1",
      "n2",
      "i2",
      "n3",
      "b1",
      "n18",
      "b5",
      "n20",
      "c3",
      "n21",
      "n22",
      "e_remove"
    ]
  ],
  "source_text_traces": [
    [
      "i1",
      "i2",
      "i3",
      "i6",
      "i7",
      "i10",
      "i11",
      "i12",
      "i13",
      "i14",
      "i15",
      "i16",
      "i17",
      "i28",
      "i19"
    ],
    [
      "i1",
      "i2",
      "i3",
      "i29",
      "i22",
      "i30",
      "i26"
    ],
    [
      "i1",
      "i2",
      "i3",
      "i29",
      "i25",
      "i30",
      "i26"
    ]
  ]
}