{
  "model_traces": [
    [
      "i1",
      "n1",
      "n2",
      "n3",
      "b1",
      "n7",
      "n9",
      "n10",
      "c1",
      "n15",
      "n18",
      "n19",
      "n20",
      "e1"
    ],
    [
      "i1",
      "n1",
      "n2",
      "n3",
      "b1",
      "n11",
      "n13",
      "n14",
      "c1",
      "n15",
      "n18",
      "n19",
      "n20",
      "e1"
    ]
  ],
  "source_text_traces": [
    [
      "i1",
      "i2",
      "i3",
      "i5",
      "i6",
      "i7",
      "i8",
      "i12",
      "i13",
      "i14",
      "i15"
    ],
    [
      "i1",
      "i2",
      "i4",
      "i9",
      "i10",
      "i11",
      "i12",
      "i13",
      "i14",
      "i15"
    ]
  ]
}