{
  "model_traces": [
    [
      "i1",
      "n2",
      "b1",
      "n4",
      "c1",
      "n6",
      "n8",
      "n10",
      "n11",
      "n12",
      "n13",
      "n14",
      "n15",
      "n16",
      "n17",
      "n19",
      "n20",
      "e1"
    ],
    [
      "i1",
      "n2",
      "b1",
      "n5",
      "c1",
      "n6",
      "n8",
      "n10",
      "n11",
      "n12",
      "n13",
      "n14",
      "n15",
      "n16",
      "n17",
      "n19",
      "n20",
      "e1"
    ]
  ],
  "source_text_traces": [
    [
      "i1",
      "i3",
      "i7",
      "i8",
      "i10",
      "i11",
      "i12",
      "i13",
      "i16",
      "i17",
      "i18",
      "i19",
      "i20",
      "i21",
      "i22",
      "i23",
      "i25"
    ],
    [
      "i1",
      "i5",
      "i9",
      "i10",
      "i11",
      "i12",
      "i13",
      "i16",
      "i17",
      "i18",
      "i19",
      "i20",
      "i21",
      "i22",
      "i23",
      "i25"
    ]
  ]
}