{
  "model_traces": [
    [
      "i1",
      "n2",
      "n3",
      "c1",
      "n4",
      "b1",
      "n6",
      "n7",
      "b2",
      "e1"
    ],
    [
      "i1",
      "n2",
      "n3",
      "c1",
      "n4",
      "b1",
      "c2",
      "n10",
      "b3",
      "n12",
      "c3",
      "n16",
      "n13",
      "b4",
      "e2"
    ],
    [
      "i1",
      "n2",
      "n3",
      "c1",
      "n4",
      "b1",
      "c2",
      "n10",
      "b3",
      "c3",
      "n16",
      "n13",
      "b4",
      "e2"
    ]
  ],
  "source_text_traces": [
    [
      "i1",
      "i2",
      "i3",
      "i4",
      "i8",
      "i9",
      "i10"
    ],
    [
      "i1",
      "i2",
      "i3",
      "i6",
      "i12",
      "i13",
      "i15"
    ],
    [
      "i1",
      "i2",
      "i3",
      "i6",
      "i12",
      "i14",
      "i16",
      "i17",
      "i18"
    ]
  ]
}