{
  "model_traces": [
    [
      "i1",
      "n1",
      "n2",
      "c1",
      "b1",
      "c2",
      "n4",
      "e1"
    ],
    [
      "i1",
      "n1",
      "n2",
      "c1",
      "b1",
      "n5",
      "b2",
      "n6",
      "b3",
      "c2",
      "n4",
      "e1"
    ],
    [
      "i1",
      "n1",
      "n2",
      "c1",
      "b1",
      "n5",
      "b2",
      "n6",
      "b3",
      "b4",
      "n12",
      "e4"
    ],
    [
      "i1",
      "n1",
      "n2",
      "c1",
      "b1",
      "n5",
      "b2",
      "n7",
      "e2"
    ]
  ],
  "source_text_traces": [
    [
      "i1",
      "i3",
      "i4"
    ],
    [
      "i1",
      "i5",
      "i7",
      "i4"
    ],
    [
      "i1",
      "i5",
      "i6",
      "i2",
      "i3",
      "i4"
    ],
    [
      "i1",
      "i5",
      "i6",
      "i2",
      "i5",
      "i9",
      "i4"
    ],
    [
      "i1",
      "i5",
      "i6",
      "i2",
      "i5",
      "i8",
      "i2"
    ]
  ]
}