{
  "model_traces": [
    [
      "i1",
      "n1",
      "n2",
      "b1",
      "n3",
      "b2",
      "n5",
      "n6",
      "e1"
    ],
    [
      "i1",
      "n1",
      "n2",
      "b1",
      "n3",
      "b2",
      "n7",
      "n8",
      "n9",
      "e2"
    ],
    [
      "i1",
      "n1",
      "n2",
      "b1",
      "n10",
      "n11",
      "b3",
      "n12",
      "n13",
      "n14",
      "n15",
      "e3"
    ],
    [
      "i1",
      "n1",
      "n2",
      "b1",
      "n10",
      "n11",
      "b3",
      "n17",
      "n18",
      "n19",
      "n20",
      "n21",
      "n22",
      "e4"
    ],
    [
      "i1",
      "n1",
      "n2",
      "b1",
      "n10",
      "n11",
      "b3",
      "n24",
      "n27",
      "n28",
      "e5"
    ]
  ],
  "source_text_traces": [
    [
      "i3",
      "i7",
      "i9",
      "i10"
    ],
    [
      "i3",
      "i8",
      "i11",
      "i12",
      "i10"
    ],
    [
      "i5",
      "i15",
      "i18",
      "i19",
      "i20",
      "i30"
    ],
    [
      "i5",
      "i16",
      "i21",
      "i22",
      "i23",
      "i24",
      "i25",
      "i26",
      "i30"
    ],
    [
      "i5",
      "i17",
      "i27",
      "i28",
      "i29",
      "i30"
    ]
  ]
}