{
  "model_traces": [
    [
      "i1",
      "n2",
      "n3",
      "n4",
      "b1",
      "n6",
      "c1",
      "n8",
      "n9",
      "n10",
      "b2",
      "n12",
      "e1"
    ],
    [
      "i1",
      "n2",
      "n3",
      "n4",
      "b1",
      "n7",
      "c2",
      "n13",
      "b3",
      "n16",
      "c3",
      "n18",
      "n19",
      "n20",
      "b4",
      "n22",
      "e2"
    ]
  ],
  "source_text_traces": [
    [
      "i1",
      "i2",
      "i3",
      "i4",
      "i7",
      "i8",
      "i9"
    ],
    [
      "i1",
      "i2",
      "i3",
      "i4",
      "i10",
      "i11",
      "i14"
    ],
    [
      "i1",
      "i2",
      "i3",
      "i4",
      "i10",
      "i11",
      "i15",
      "i16",
      "i17"
    ]
  ]
}