{
  "model_traces": [
    [
      "start",
      "i1",
      "i2",
      "i3",
      "b_sat",
      "i5",
      "c_merge",
      "i9",
      "i10",
      "b_appr",
      "i11",
      "e_no"
    ],
    [
      "start",
      "i1",
      "i2",
      "i3",
      "b_sat",
      "i5",
      "c_merge",
      "i9",
      "i10",
      "b_appr",
      "i12",
      "i13",
      "i14",
      "i15",
      "e_yes"
    ],
    [
      "start",
      "i1",
      "i2",
      "i3",
      "b_sat",
      "i4",
      "i6",
      "i7",
      "i8",
      "c_merge",
      "i9",
      "i10",
      "b_appr",
      "i11",
      "e_no"
    ],
    [
      "start",
      "i1",
      "i2",
      "i3",
      "b_sat",
      "i4",
      "i6",
      "i7",
      "i8",
      "c_merge",
      "i9",
      "i10",
      "b_appr",
      "i12",
      "i13",
      "i14",
      "i15",
      "e_yes"
    ]
  ],
  "source_text_traces": [
    [
      "i1",
      "i3",
      "i5",
      "i9",
      "i10",
      "i11"
    ],
    [
      "i1",
      "i3",
      "i5",
      "i9",
      "i10",
      "i12",
      "i13"
    ],
    [
      "i1",
      "i3",
      "i5",
      "i9",
      "i10",
      "i12",
      "i13",
      "i14",
      "i15"
    ],
    [
      "i1",
      "i3",
      "i5",
      "i9",
      "i10",
      "i12",
      "i13",
      "i14"
    ],
    [
      "i1",
      "i2",
      "i3",
      "i5",
      "i9",
      "i10",
      "i11"
    ],
    [
      "i1",
      "i2",
      "i3",
      "i5",
      "i9",
      "i10",
      "i12",
      "i13"
    ],
    [
      "i1",
      "i2",
      "i3",
      "i5",
      "i9",
      "i10",
      "i12",
      "i13",
      "i14",
      "i15"
    ],
    [
      "i1",
      "i2",
      "i3",
      "i5",
      "i9",
      "i10",
      "i12",
      "i13",
      "i14"
    ],
    [
      "i1",
      "i3",
      "i4",
      "i6",
      "i8",
      "i9",
      "i10",
      "i11"
    ],
    [
      "i1",
      "i3",
      "i4",
      "i6",
      "i8",
      "i9",
      "i10",
      "i12",
      "i13"
    ],
    [
      "i1",
      "i3",
      "i4",
      "i6",
      "i8",
      "i9",
      "i10",
      "i12",
      "i13",
      "i14",
      "i15"
    ],
    [
      "i1",
      "i3",
      "i4",
      "i6",
      "i8",
      "i9",
      "i10",
      "i12",
      "i13",
      "i14"
    ],
    [
      "i1",
      "i2",
      "i3",
      "i4",
      "i6",
      "i8",
      "i9",
      "i10",
      "i11"
    ],
    [
      "i1",
      "i2",
      "i3",
      "i4",
      "i6",
      "i8",
      "i9",
      "i10",
      "i12",
      "i13"
    ],
    [
      "i1",
      "i2",
      "i3",
      "i4",
      "i6",
      "i8",
      "i9",
      "i10",
      "i12",
      "i13",
      "i14",
      "i15"
    ],
    [
      "i1",
      "i2",
      "i3",
      "i4",
      "i6",
      "i8",
      "i9",
      "i10",
      "i12",
      "i13",
      "i14"
    ],
    [
      "i1",
      "i3",
      "i4",
      "i6",
      "i7"
    ],
    [
      "i1",
      "i2",
      "i3",
      "i4",
      "i6",
      "i7"
    ]
  ]
}