{
  "model_traces": [
    [
      "start",
      "i1",
      "n2",
      "n4",
      "b2",
      "n5",
      "i6",
      "c1",
      "i7",
      "n8",
      "n10",
      "n11",
      "e2"
    ],
    [
      "start",
      "i1",
      "n2",
      "n4",
      "b2",
      "n9",
      "c1",
      "i7",
      "n8",
      "n10",
      "n11",
      "e2"
    ]
  ],
  "source_text_traces": [
    [
      "i1",
      "i2",
      "i3",
      "i6",
      "i7",
      "i8",
      "i9",
      "i10"
    ],
    [
      "i1",
      "i2",
      "i5",
      "i7",
      "i8",
      "i9",
      "i10"
    ]
  ]
}