{
  "model_traces": [
    [
      "start_node",
      "c2",
      "n1",
      "n2",
      "b1",
      "n_i3",
      "n3",
      "c3",
      "n10",
      "n11",
      "n_i14",
      "b2",
      "n_i15",
      "n13",
      "e1"
    ],
    [
      "start_node",
      "c2",
      "n1",
      "n2",
      "b1",
      "n_i3",
      "n3",
      "c3",
      "n10",
      "n11",
      "n_i14",
      "b2",
      "n_i20",
      "n16",
      "e1"
    ],
    [
      "start_node",
      "c2",
      "n1",
      "n2",
      "b1",
      "n_i3",
      "n3",
      "c3",
      "n10",
      "n11",
      "n_i14",
      "b2",
      "n17",
      "n18",
      "n20",
      "e1"
    ],
    [
      "start_node",
      "c2",
      "n1",
      "n2",
      "b1",
      "n_i5",
      "n4",
      "n5",
      "n6",
      "n7",
      "n8",
      "n9",
      "b3",
      "c3",
      "n10",
      "n11",
      "n_i14",
      "b2",
      "n_i15",
      "n13",
      "e1"
    ],
    [
      "start_node",
      "c2",
      "n1",
      "n2",
      "b1",
      "n_i5",
      "n4",
      "n5",
      "n6",
      "n7",
      "n8",
      "n9",
      "b3",
      "c3",
      "n10",
      "n11",
      "n_i14",
      "b2",
      "n_i20",
      "n16",
      "e1"
    ],
    [
      "start_node",
      "c2",
      "n1",
      "n2",
      "b1",
      "n_i5",
      "n4",
      "n5",
      "n6",
      "n7",
      "n8",
      "n9",
      "b3",
      "c3",
      "n10",
      "n11",
      "n_i14",
      "b2",
      "n17",
      "n18",
      "n20",
      "e1"
    ]
  ],
  "source_text_traces": [
    [
      "i1",
      "i2",
      "i3",
      "i4",
      "i12",
      "i13",
      "i14",
      "i21",
      "i22",
      "i23"
    ],
    [
      "i1",
      "i2",
      "i3",
      "i4",
      "i12",
      "i13",
      "i14",
      "i15",
      "i16"
    ],
    [
      "i1",
      "i2",
      "i3",
      "i4",
      "i12",
      "i13",
      "i14",
      "i17",
      "i18",
      "i1"
    ],
    [
      "i1",
      "i2",
      "i3",
      "i4",
      "i12",
      "i13",
      "i14",
      "i20",
      "i19"
    ],
    [
      "i1",
      "i2",
      "i5",
      "i6",
      "i7",
      "i8",
      "i9",
      "i10",
      "i11",
      "i1"
    ],
    [
      "i1",
      "i2",
      "i5",
      "i6",
      "i7",
      "i8",
      "i9",
      "i10",
      "i11",
      "i12",
      "i13",
      "i14",
      "i21",
      "i22",
      "i23"
    ],
    [
      "i1",
      "i2",
      "i5",
      "i6",
      "i7",
      "i8",
      "i9",
      "i10",
      "i11",
      "i12",
      "i13",
      "i14",
      "i15",
      "i16"
    ],
    [
      "i1",
      "i2",
      "i5",
      "i6",
      "i7",
      "i8",
      "i9",
      "i10",
      "i11",
      "i12",
      "i13",
      "i14",
      "i17",
      "i18",
      "i1"
    ],
    [
      "i1",
      "i2",
      "i5",
      "i6",
      "i7",
      "i8",
      "i9",
      "i10",
      "i11",
      "i12",
      "i13",
      "i14",
      "i20",
      "i19"
    ]
  ]
}