{
  "model_traces": [
    [
      "i1",
      "n2",
      "n3",
      "n4",
      "b1",
      "n5",
      "c1",
      "n7",
      "b2",
      "n8",
      "n9",
      "c2",
      "n34",
      "e4"
    ],
    [
      "i1",
      "n2",
      "n3",
      "n4",
      "b1",
      "n5",
      "c1",
      "n7",
      "b2",
      "n12",
      "b4",
      "n13",
      "n14",
      "n15",
      "b5",
      "n16",
      "e1"
    ],
    [
      "i1",
      "n2",
      "n3",
      "n4",
      "b1",
      "n5",
      "c1",
      "n7",
      "b2",
      "n12",
      "b4",
      "n13",
      "n14",
      "n15",
      "b5",
      "n17",
      "c3",
      "n21",
      "b7",
      "n22",
      "n24",
      "n25",
      "n26",
      "b8",
      "n27",
      "e2"
    ],
    [
      "i1",
      "n2",
      "n3",
      "n4",
      "b1",
      "n5",
      "c1",
      "n7",
      "b2",
      "n12",
      "b4",
      "n13",
      "n14",
      "n15",
      "b5",
      "n17",
      "c3",
      "n21",
      "b7",
      "n22",
      "n24",
      "n25",
      "n26",
      "b8",
      "n28",
      "n29",
      "n30",
      "n31",
      "b9",
      "n32",
      "e3"
    ],
    [
      "i1",
      "n2",
      "n3",
      "n4",
      "b1",
      "n5",
      "c1",
      "n7",
      "b2",
      "n12",
      "b4",
      "n13",
      "n14",
      "n15",
      "b5",
      "n17",
      "c3",
      "n21",
      "b7",
      "n22",
      "n24",
      "n25",
      "n26",
      "b8",
      "n28",
      "n29",
      "n30",
      "n31",
      "b9",
      "c2",
      "n34",
      "e4"
    ],
    [
      "i1",
      "n2",
      "n3",
      "n4",
      "b1",
      "n5",
      "c1",
      "n7",
      "b2",
      "n12",
      "b4",
      "n13",
      "n14",
      "n15",
      "b5",
      "n17",
      "c3",
      "n21",
      "b7",
      "n23",
      "c2",
      "n34",
      "e4"
    ],
    [
      "i1",
      "n2",
      "n3",
      "n4",
      "b1",
      "n5",
      "c1",
      "n7",
      "b2",
      "n12",
      "b4",
      "n20",
      "c3",
      "n21",
      "b7",
      "n22",
      "n24",
      "n25",
      "n26",
      "b8",
      "n27",
      "e2"
    ],
    [
      "i1",
      "n2",
      "n3",
      "n4",
      "b1",
      "n5",
      "c1",
      "n7",
      "b2",
      "n12",
      "b4",
      "n20",
      "c3",
      "n21",
      "b7",
      "n22",
      "n24",
      "n25",
      "n26",
      "b8",
      "n28",
      "n29",
      "n30",
      "n31",
      "b9",
      "n32",
      "e3"
    ],
    [
      "i1",
      "n2",
      "n3",
      "n4",
      "b1",
      "n5",
      "c1",
      "n7",
      "b2",
      "n12",
      "b4",
      "n20",
      "c3",
      "n21",
      "b7",
      "n22",
      "n24",
      "n25",
      "n26",
      "b8",
      "n28",
      "n29",
      "n30",
      "n31",
      "b9",
      "c2",
      "n34",
      "e4"
    ],
    [
      "i1",
      "n2",
      "n3",
      "n4",
      "b1",
      "n5",
      "c1",
      "n7",
      "b2",
      "n12",
      "b4",
      "n20",
      "c3",
      "n21",
      "b7",
      "n23",
      "c2",
      "n34",
      "e4"
    ],
    [
      "i1",
      "n2",
      "n3",
      "n4",
      "b1",
      "n6",
      "c1",
      "n7",
      "b2",
      "n8",
      "n9",
      "c2",
      "n34",
      "e4"
    ],
    [
      "i1",
      "n2",
      "n3",
      "n4",
      "b1",
      "n6",
      "c1",
      "n7",
      "b2",
      "n12",
      "b4",
      "n13",
      "n14",
      "n15",
      "b5",
      "n16",
      "e1"
    ],
    [
      "i1",
      "n2",
      "n3",
      "n4",
      "b1",
      "n6",
      "c1",
      "n7",
      "b2",
      "n12",
      "b4",
      "n13",
      "n14",
      "n15",
      "b5",
      "n17",
      "c3",
      "n21",
      "b7",
      "n22",
      "n24",
      "n25",
      "n26",
      "b8",
      "n27",
      "e2"
    ],
    [
      "i1",
      "n2",
      "n3",
      "n4",
      "b1",
      "n6",
      "c1",
      "n7",
      "b2",
      "n12",
      "b4",
      "n13",
      "n14",
      "n15",
      "b5",
      "n17",
      "c3",
      "n21",
      "b7",
      "n22",
      "n24",
      "n25",
      "n26",
      "b8",
      "n28",
      "n29",
      "n30",
      "n31",
      "b9",
      "n32",
      "e3"
    ],
    [
      "i1",
      "n2",
      "n3",
      "n4",
      "b1",
      "n6",
      "c1",
      "n7",
      "b2",
      "n12",
      "b4",
      "n13",
      "n14",
      "n15",
      "b5",
      "n17",
      "c3",
      "n21",
      "b7",
      "n22",
      "n24",
      "n25",
      "n26",
      "b8",
      "n28",
      "n29",
      "n30",
      "n31",
      "b9",
      "c2",
      "n34",
      "e4"
    ],
    [
      "i1",
      "n2",
      "n3",
      "n4",
      "b1",
      "n6",
      "c1",
      "n7",
      "b2",
      "n12",
      "b4",
      "n13",
      "n14",
      "n15",
      "b5",
      "n17",
      "c3",
      "n21",
      "b7",
      "n23",
      "c2",
      "n34",
      "e4"
    ],
    [
      "i1",
      "n2",
      "n3",
      "n4",
      "b1",
      "n6",
      "c1",
      "n7",
      "b2",
      "n12",
      "b4",
      "n20",
      "c3",
      "n21",
      "b7",
      "n22",
      "n24",
      "n25",
      "n26",
      "b8",
      "n27",
      "e2"
    ],
    [
      "i1",
      "n2",
      "n3",
      "n4",
      "b1",
      "n6",
      "c1",
      "n7",
      "b2",
      "n12",
      "b4",
      "n20",
      "c3",
      "n21",
      "b7",
      "n22",
      "n24",
      "n25",
      "n26",
      "b8",
      "n28",
      "n29",
      "n30",
      "n31",
      "b9",
      "n32",
      "e3"
    ],
    [
      "i1",
      "n2",
      "n3",
      "n4",
      "b1",
      "n6",
      "c1",
      "n7",
      "b2",
      "n12",
      "b4",
      "n20",
      "c3",
      "n21",
      "b7",
      "n22",
      "n24",
      "n25",
      "n26",
      "b8",
      "n28",
      "n29",
      "n30",
      "n31",
      "b9",
      "c2",
      "n34",
      "e4"
    ],
    [
      "i1",
      "n2",
      "n3",
      "n4",
      "b1",
      "n6",
      "c1",
      "n7",
      "b2",
      "n12",
      "b4",
      "n20",
      "c3",
      "n21",
      "b7",
      "n23",
      "c2",
      "n34",
      "e4"
    ]
  ],
  "source_text_traces": [
    [
      "i1",
      "i2",
      "i3",
      "i4",
      "i7",
      "i8",
      "i25",
      "i26",
      "i39"
    ],
    [
      "i1",
      "i2",
      "i3",
      "i4",
      "i7",
      "i10",
      "i12",
      "i14",
      "i19",
      "i21",
      "i22"
    ],
    [
      "i1",
      "i2",
      "i3",
      "i4",
      "i7",
      "i10",
      "i12",
      "i14",
      "i19",
      "i23",
      "i18",
      "i30",
      "i32",
      "i39"
    ],
    [
      "i1",
      "i2",
      "i3",
      "i4",
      "i7",
      "i10",
      "i12",
      "i14",
      "i19",
      "i23",
      "i18",
      "i27",
      "i29",
      "i33",
      "i34",
      "i21",
      "i22"
    ],
    [
      "i1",
      "i2",
      "i3",
      "i4",
      "i7",
      "i10",
      "i12",
      "i14",
      "i19",
      "i23",
      "i18",
      "i27",
      "i29",
      "i33",
      "i34",
      "i23"
    ],
    [
      "i1",
      "i2",
      "i3",
      "i4",
      "i7",
      "i10",
      "i15",
      "i17",
      "i30",
      "i32",
      "i39"
    ],
    [
      "i1",
      "i2",
      "i3",
      "i4",
      "i7",
      "i10",
      "i15",
      "i17",
      "i27",
      "i29",
      "i33",
      "i34",
      "i21",
      "i22"
    ],
    [
      "i1",
      "i2",
      "i3",
      "i4",
      "i7",
      "i10",
      "i15",
      "i17",
      "i27",
      "i29",
      "i33",
      "i34",
      "i23",
      "i35",
      "i36",
      "i37",
      "i21",
      "i22"
    ],
    [
      "i1",
      "i2",
      "i3",
      "i4",
      "i7",
      "i10",
      "i15",
      "i17",
      "i27",
      "i29",
      "i33",
      "i34",
      "i23",
      "i35",
      "i36",
      "i37",
      "i23"
    ],
    [
      "i1",
      "i2",
      "i3",
      "i5",
      "i6",
      "i8",
      "i25",
      "i26",
      "i39"
    ],
    [
      "i1",
      "i2",
      "i3",
      "i5",
      "i6",
      "i10",
      "i12",
      "i14",
      "i19",
      "i21",
      "i22"
    ],
    [
      "i1",
      "i2",
      "i3",
      "i5",
      "i6",
      "i10",
      "i12",
      "i14",
      "i19",
      "i23",
      "i18",
      "i30",
      "i32",
      "i39"
    ],
    [
      "i1",
      "i2",
      "i3",
      "i5",
      "i6",
      "i10",
      "i12",
      "i14",
      "i19",
      "i23",
      "i18",
      "i27",
      "i29",
      "i33",
      "i34",
      "i21",
      "i22"
    ],
    [
      "i1",
      "i2",
      "i3",
      "i5",
      "i6",
      "i10",
      "i12",
      "i14",
      "i19",
      "i23",
      "i18",
      "i27",
      "i29",
      "i33",
      "i34",
      "i23"
    ],
    [
      "i1",
      "i2",
      "i3",
      "i5",
      "i6",
      "i10",
      "i15",
      "i17",
      "i30",
      "i32",
      "i39"
    ],
    [
      "i1",
      "i2",
      "i3",
      "i5",
      "i6",
      "i10",
      "i15",
      "i17",
      "i27",
      "i29",
      "i33",
      "i34",
      "i21",
      "i22"
    ],
    [
      "i1",
      "i2",
      "i3",
      "i5",
      "i6",
      "i10",
      "i15",
      "i17",
      "i27",
      "i29",
      "i33",
      "i34",
      "i23",
      "i35",
      "i36",
      "i37",
      "i21",
      "i22"
    ],
    [
      "i1",
      "i2",
      "i3",
      "i5",
      "i6",
      "i10",
      "i15",
      "i17",
      "i27",
      "i29",
      "i33",
      "i34",
      "i23",
      "i35",
      "i36",
      "i37",
      "i23"
    ]
  ]
}